
Welcome to .NET 10.0!
---------------------
SDK Version: 10.0.103

----------------
Installed an ASP.NET Core HTTPS development certificate.
To trust the certificate, run 'dotnet dev-certs https --trust'
Learn about HTTPS: https://aka.ms/dotnet-https

----------------
Write your first app: https://aka.ms/dotnet-hello-world
Find out what's new: https://aka.ms/dotnet-whats-new
Explore documentation: https://aka.ms/dotnet-docs
Report issues and find source on GitHub: https://github.com/dotnet/core
Use 'dotnet --help' to see available commands or visit: https://aka.ms/dotnet-cli
--------------------------------------------------------------------------------------
  Determining projects to restore...
  Restored /app/TWL.Shared/TWL.Shared.csproj (in 5.74 sec).
  Restored /app/TWL.Client/TWL.Client.csproj (in 5.74 sec).
  Restored /app/TWL.Tests/TWL.Tests.csproj (in 6 sec).
  Restored /app/TWL.Server/TWL.Server.csproj (in 6.96 sec).
/app/TWL.Shared/Domain/Characters/PlayerCharacter.cs(205,17): warning CS0108: 'PlayerCharacter.Heal(int)' hides inherited member 'Character.Heal(int)'. Use the new keyword if hiding was intended. [/app/TWL.Shared/TWL.Shared.csproj]
/app/TWL.Shared/Domain/Characters/PlayerCharacter.cs(206,17): warning CS0108: 'PlayerCharacter.TakeDamage(int)' hides inherited member 'Character.TakeDamage(int)'. Use the new keyword if hiding was intended. [/app/TWL.Shared/TWL.Shared.csproj]
/app/TWL.Shared/Domain/Characters/PlayerCharacter.cs(207,17): warning CS0108: 'PlayerCharacter.RestoreMana(int)' hides inherited member 'Character.RestoreMana(int)'. Use the new keyword if hiding was intended. [/app/TWL.Shared/TWL.Shared.csproj]
/app/TWL.Shared/Net/Payloads/SystemMessageDto.cs(5,19): warning CS8618: Non-nullable property 'Text' must contain a non-null value when exiting constructor. Consider adding the 'required' modifier or declaring the property as nullable. [/app/TWL.Shared/TWL.Shared.csproj]
/app/TWL.Shared/Net/Payloads/LoginResponseDto.cs(14,19): warning CS8618: Non-nullable property 'ErrorMessage' must contain a non-null value when exiting constructor. Consider adding the 'required' modifier or declaring the property as nullable. [/app/TWL.Shared/TWL.Shared.csproj]
/app/TWL.Shared/Net/Payloads/LoginRequestDto.cs(5,19): warning CS8618: Non-nullable property 'Username' must contain a non-null value when exiting constructor. Consider adding the 'required' modifier or declaring the property as nullable. [/app/TWL.Shared/TWL.Shared.csproj]
/app/TWL.Shared/Net/Payloads/LoginRequestDto.cs(6,19): warning CS8618: Non-nullable property 'Password' must contain a non-null value when exiting constructor. Consider adding the 'required' modifier or declaring the property as nullable. [/app/TWL.Shared/TWL.Shared.csproj]
/app/TWL.Shared/Net/Payloads/LoginFailedResponseDto.cs(5,19): warning CS8618: Non-nullable property 'ErrorMessage' must contain a non-null value when exiting constructor. Consider adding the 'required' modifier or declaring the property as nullable. [/app/TWL.Shared/TWL.Shared.csproj]
/app/TWL.Shared/Net/Network/NetMessage.cs(22,19): warning CS8618: Non-nullable property 'JsonPayload' must contain a non-null value when exiting constructor. Consider adding the 'required' modifier or declaring the property as nullable. [/app/TWL.Shared/TWL.Shared.csproj]
/app/TWL.Shared/Domain/Battle/BattleInstance.cs(23,12): warning CS8618: Non-nullable property 'CurrentTurnCombatant' must contain a non-null value when exiting constructor. Consider adding the 'required' modifier or declaring the property as nullable. [/app/TWL.Shared/TWL.Shared.csproj]
/app/TWL.Shared/Domain/Battle/BattleInstance.cs(23,12): warning CS8618: Non-nullable event 'OnSkillUsed' must contain a non-null value when exiting constructor. Consider adding the 'required' modifier or declaring the event as nullable. [/app/TWL.Shared/TWL.Shared.csproj]
/app/TWL.Shared/Net/Messages/ServerMessage.cs(6,19): warning CS8618: Non-nullable property 'Payload' must contain a non-null value when exiting constructor. Consider adding the 'required' modifier or declaring the property as nullable. [/app/TWL.Shared/TWL.Shared.csproj]
/app/TWL.Shared/Net/Messages/ClientMessage.cs(6,19): warning CS8618: Non-nullable property 'Payload' must contain a non-null value when exiting constructor. Consider adding the 'required' modifier or declaring the property as nullable. [/app/TWL.Shared/TWL.Shared.csproj]
/app/TWL.Shared/Domain/Skills/SkillRegistry.cs(180,23): warning CS8618: Non-nullable property 'Name' must contain a non-null value when exiting constructor. Consider adding the 'required' modifier or declaring the property as nullable. [/app/TWL.Shared/TWL.Shared.csproj]
/app/TWL.Shared/Domain/Skills/SkillRegistry.cs(181,23): warning CS8618: Non-nullable property 'DisplayNameKey' must contain a non-null value when exiting constructor. Consider adding the 'required' modifier or declaring the property as nullable. [/app/TWL.Shared/TWL.Shared.csproj]
/app/TWL.Shared/Domain/Skills/SkillRegistry.cs(182,23): warning CS8618: Non-nullable property 'Description' must contain a non-null value when exiting constructor. Consider adding the 'required' modifier or declaring the property as nullable. [/app/TWL.Shared/TWL.Shared.csproj]
/app/TWL.Shared/Domain/DTO/CompoundDTOs.cs(21,19): warning CS8618: Non-nullable property 'Message' must contain a non-null value when exiting constructor. Consider adding the 'required' modifier or declaring the property as nullable. [/app/TWL.Shared/TWL.Shared.csproj]
/app/TWL.Shared/Domain/DTO/CompoundDTOs.cs(23,38): warning CS8618: Non-nullable property 'NewBonusStats' must contain a non-null value when exiting constructor. Consider adding the 'required' modifier or declaring the property as nullable. [/app/TWL.Shared/TWL.Shared.csproj]
/app/TWL.Shared/Domain/DTO/EconomyDTOs.cs(5,19): warning CS8618: Non-nullable property 'ProductId' must contain a non-null value when exiting constructor. Consider adding the 'required' modifier or declaring the property as nullable. [/app/TWL.Shared/TWL.Shared.csproj]
/app/TWL.Shared/Domain/DTO/EconomyDTOs.cs(16,19): warning CS8618: Non-nullable property 'OrderId' must contain a non-null value when exiting constructor. Consider adding the 'required' modifier or declaring the property as nullable. [/app/TWL.Shared/TWL.Shared.csproj]
/app/TWL.Shared/Domain/DTO/EconomyDTOs.cs(17,19): warning CS8618: Non-nullable property 'ReceiptToken' must contain a non-null value when exiting constructor. Consider adding the 'required' modifier or declaring the property as nullable. [/app/TWL.Shared/TWL.Shared.csproj]
/app/TWL.Shared/Domain/Events/PetEvents.cs(35,19): warning CS8618: Non-nullable property 'PetInstanceId' must contain a non-null value when exiting constructor. Consider adding the 'required' modifier or declaring the property as nullable. [/app/TWL.Shared/TWL.Shared.csproj]
/app/TWL.Shared/Domain/DTO/EconomyDTOs.cs(24,19): warning CS8618: Non-nullable property 'OperationId' must contain a non-null value when exiting constructor. Consider adding the 'required' modifier or declaring the property as nullable. [/app/TWL.Shared/TWL.Shared.csproj]
/app/TWL.Shared/Domain/Events/PetEvents.cs(28,19): warning CS8618: Non-nullable property 'PetInstanceId' must contain a non-null value when exiting constructor. Consider adding the 'required' modifier or declaring the property as nullable. [/app/TWL.Shared/TWL.Shared.csproj]
/app/TWL.Shared/Domain/Events/PetEvents.cs(21,19): warning CS8618: Non-nullable property 'PetInstanceId' must contain a non-null value when exiting constructor. Consider adding the 'required' modifier or declaring the property as nullable. [/app/TWL.Shared/TWL.Shared.csproj]
/app/TWL.Shared/Domain/Events/PetEvents.cs(14,19): warning CS8618: Non-nullable property 'PetInstanceId' must contain a non-null value when exiting constructor. Consider adding the 'required' modifier or declaring the property as nullable. [/app/TWL.Shared/TWL.Shared.csproj]
/app/TWL.Shared/Domain/Events/PetEvents.cs(6,19): warning CS8618: Non-nullable property 'PetInstanceId' must contain a non-null value when exiting constructor. Consider adding the 'required' modifier or declaring the property as nullable. [/app/TWL.Shared/TWL.Shared.csproj]
/app/TWL.Shared/Domain/Events/PetEvents.cs(8,19): warning CS8618: Non-nullable property 'Name' must contain a non-null value when exiting constructor. Consider adding the 'required' modifier or declaring the property as nullable. [/app/TWL.Shared/TWL.Shared.csproj]
/app/TWL.Shared/Domain/DTO/EconomyDTOs.cs(10,19): warning CS8618: Non-nullable property 'OrderId' must contain a non-null value when exiting constructor. Consider adding the 'required' modifier or declaring the property as nullable. [/app/TWL.Shared/TWL.Shared.csproj]
/app/TWL.Shared/Domain/DTO/EconomyDTOs.cs(11,19): warning CS8618: Non-nullable property 'ProviderUrl' must contain a non-null value when exiting constructor. Consider adding the 'required' modifier or declaring the property as nullable. [/app/TWL.Shared/TWL.Shared.csproj]
/app/TWL.Shared/Domain/DTO/EconomyDTOs.cs(30,19): warning CS8618: Non-nullable property 'Message' must contain a non-null value when exiting constructor. Consider adding the 'required' modifier or declaring the property as nullable. [/app/TWL.Shared/TWL.Shared.csproj]
/app/TWL.Shared/Domain/DTO/EconomyDTOs.cs(32,19): warning CS8618: Non-nullable property 'OrderId' must contain a non-null value when exiting constructor. Consider adding the 'required' modifier or declaring the property as nullable. [/app/TWL.Shared/TWL.Shared.csproj]
/app/TWL.Shared/Domain/Characters/PlayerCharacter.cs(15,12): warning CS8618: Non-nullable field '_collisionGrid' must contain a non-null value when exiting constructor. Consider adding the 'required' modifier or declaring the field as nullable. [/app/TWL.Shared/TWL.Shared.csproj]
/app/TWL.Shared/Domain/Characters/PlayerCharacter.cs(15,12): warning CS8618: Non-nullable field '_currentPath' must contain a non-null value when exiting constructor. Consider adding the 'required' modifier or declaring the field as nullable. [/app/TWL.Shared/TWL.Shared.csproj]
/app/TWL.Shared/Domain/DTO/PlayerDataDTO.cs(8,19): warning CS8618: Non-nullable property 'UserName' must contain a non-null value when exiting constructor. Consider adding the 'required' modifier or declaring the property as nullable. [/app/TWL.Shared/TWL.Shared.csproj]
/app/TWL.Shared/Domain/Requests/PetActionRequest.cs(15,19): warning CS8618: Non-nullable property 'PetInstanceId' must contain a non-null value when exiting constructor. Consider adding the 'required' modifier or declaring the property as nullable. [/app/TWL.Shared/TWL.Shared.csproj]
/app/TWL.Shared/Domain/Requests/PetActionRequest.cs(16,19): warning CS8618: Non-nullable property 'AdditionalData' must contain a non-null value when exiting constructor. Consider adding the 'required' modifier or declaring the property as nullable. [/app/TWL.Shared/TWL.Shared.csproj]
/app/TWL.Shared/Domain/Characters/NpcDefinition.cs(6,19): warning CS8618: Non-nullable property 'Name' must contain a non-null value when exiting constructor. Consider adding the 'required' modifier or declaring the property as nullable. [/app/TWL.Shared/TWL.Shared.csproj]
/app/TWL.Shared/Domain/Characters/NpcDefinition.cs(7,19): warning CS8618: Non-nullable property 'Title' must contain a non-null value when exiting constructor. Consider adding the 'required' modifier or declaring the property as nullable. [/app/TWL.Shared/TWL.Shared.csproj]
/app/TWL.Shared/Domain/Characters/NpcDefinition.cs(10,19): warning CS8618: Non-nullable property 'SpritePath' must contain a non-null value when exiting constructor. Consider adding the 'required' modifier or declaring the property as nullable. [/app/TWL.Shared/TWL.Shared.csproj]
/app/TWL.Shared/Domain/Characters/NpcDefinition.cs(11,19): warning CS8618: Non-nullable property 'PortraitPath' must contain a non-null value when exiting constructor. Consider adding the 'required' modifier or declaring the property as nullable. [/app/TWL.Shared/TWL.Shared.csproj]
/app/TWL.Shared/Domain/Characters/NpcDefinition.cs(14,19): warning CS8618: Non-nullable property 'DefaultDialogueKey' must contain a non-null value when exiting constructor. Consider adding the 'required' modifier or declaring the property as nullable. [/app/TWL.Shared/TWL.Shared.csproj]
/app/TWL.Shared/Domain/Characters/NpcDefinition.cs(15,19): warning CS8618: Non-nullable property 'Region' must contain a non-null value when exiting constructor. Consider adding the 'required' modifier or declaring the property as nullable. [/app/TWL.Shared/TWL.Shared.csproj]
/app/TWL.Shared/Domain/Characters/PetDefinition.cs(45,12): warning CS8618: Non-nullable field 'Name' must contain a non-null value when exiting constructor. Consider adding the 'required' modifier or declaring the field as nullable. [/app/TWL.Shared/TWL.Shared.csproj]
/app/TWL.Shared/Domain/Characters/PetDefinition.cs(45,12): warning CS8618: Non-nullable field 'PortraitPath' must contain a non-null value when exiting constructor. Consider adding the 'required' modifier or declaring the field as nullable. [/app/TWL.Shared/TWL.Shared.csproj]
/app/TWL.Shared/Domain/Characters/PetDefinition.cs(45,12): warning CS8618: Non-nullable field 'RebirthSprite' must contain a non-null value when exiting constructor. Consider adding the 'required' modifier or declaring the field as nullable. [/app/TWL.Shared/TWL.Shared.csproj]
/app/TWL.Shared/Domain/Characters/PetDefinition.cs(45,12): warning CS8618: Non-nullable field 'SpritePath' must contain a non-null value when exiting constructor. Consider adding the 'required' modifier or declaring the field as nullable. [/app/TWL.Shared/TWL.Shared.csproj]
/app/TWL.Shared/Domain/DTO/LoginDTO.cs(5,19): warning CS8618: Non-nullable property 'Username' must contain a non-null value when exiting constructor. Consider adding the 'required' modifier or declaring the property as nullable. [/app/TWL.Shared/TWL.Shared.csproj]
/app/TWL.Shared/Domain/DTO/LoginDTO.cs(6,19): warning CS8618: Non-nullable property 'PassHash' must contain a non-null value when exiting constructor. Consider adding the 'required' modifier or declaring the property as nullable. [/app/TWL.Shared/TWL.Shared.csproj]
/app/TWL.Shared/Domain/Characters/MonsterDefinition.cs(6,19): warning CS8618: Non-nullable property 'Name' must contain a non-null value when exiting constructor. Consider adding the 'required' modifier or declaring the property as nullable. [/app/TWL.Shared/TWL.Shared.csproj]
/app/TWL.Shared/Domain/Characters/MonsterDefinition.cs(7,19): warning CS8618: Non-nullable property 'Code' must contain a non-null value when exiting constructor. Consider adding the 'required' modifier or declaring the property as nullable. [/app/TWL.Shared/TWL.Shared.csproj]
/app/TWL.Shared/Domain/Characters/MonsterDefinition.cs(25,19): warning CS8618: Non-nullable property 'SpritePath' must contain a non-null value when exiting constructor. Consider adding the 'required' modifier or declaring the property as nullable. [/app/TWL.Shared/TWL.Shared.csproj]
/app/TWL.Shared/Domain/Characters/MonsterDefinition.cs(26,19): warning CS8618: Non-nullable property 'PortraitPath' must contain a non-null value when exiting constructor. Consider adding the 'required' modifier or declaring the property as nullable. [/app/TWL.Shared/TWL.Shared.csproj]
/app/TWL.Shared/Domain/Battle/BattleInstance.cs(107,36): warning CS8625: Cannot convert null literal to non-nullable reference type. [/app/TWL.Shared/TWL.Shared.csproj]
/app/TWL.Shared/Domain/Battle/BattleInstance.cs(153,49): warning CS8604: Possible null reference argument for parameter 'target' in 'string BattleInstance.UseSkill(Combatant actor, Combatant target, int skillId)'. [/app/TWL.Shared/TWL.Shared.csproj]
/app/TWL.Shared/Domain/Battle/BattleInstance.cs(180,32): warning CS8625: Cannot convert null literal to non-nullable reference type. [/app/TWL.Shared/TWL.Shared.csproj]
/app/TWL.Shared/Domain/Battle/BattleInstance.cs(208,44): warning CS8604: Possible null reference argument for parameter 'target' in 'string BattleInstance.ApplyDataDrivenSkill(Combatant actor, Combatant target, Skill skill)'. [/app/TWL.Shared/TWL.Shared.csproj]
/app/TWL.Shared/Domain/Battle/AutoBattleService.cs(71,95): warning CS8604: Possible null reference argument for parameter 'item' in 'bool List<string>.Contains(string item)'. [/app/TWL.Shared/TWL.Shared.csproj]
/app/TWL.Shared/Domain/Battle/AutoBattleService.cs(100,94): warning CS8604: Possible null reference argument for parameter 'item' in 'bool List<string>.Contains(string item)'. [/app/TWL.Shared/TWL.Shared.csproj]
/app/TWL.Shared/Domain/Battle/BattleInstance.cs(233,32): warning CS8600: Converting null literal or possible null value to non-nullable type. [/app/TWL.Shared/TWL.Shared.csproj]
/app/TWL.Shared/Domain/Battle/BattleInstance.cs(511,50): warning CS8602: Dereference of a possibly null reference. [/app/TWL.Shared/TWL.Shared.csproj]
/app/TWL.Shared/Domain/Battle/BattleInstance.cs(523,68): warning CS8602: Dereference of a possibly null reference. [/app/TWL.Shared/TWL.Shared.csproj]
/app/TWL.Shared/Domain/Battle/BattleInstance.cs(538,17): warning CS8602: Dereference of a possibly null reference. [/app/TWL.Shared/TWL.Shared.csproj]
/app/TWL.Shared/Domain/Battle/AutoBattlePolicy.cs(1,29): warning CA1716: Rename namespace TWL.Shared.Domain.Battle so that it no longer conflicts with the reserved language keyword 'Shared'. Using a reserved keyword as the name of a namespace makes it harder for consumers in other languages to use the namespace. (https://learn.microsoft.com/dotnet/fundamentals/code-analysis/quality-rules/ca1716) [/app/TWL.Shared/TWL.Shared.csproj]
/app/TWL.Shared/Constants/ProtocolConstants.cs(1,22): warning CA1716: Rename namespace TWL.Shared.Constants so that it no longer conflicts with the reserved language keyword 'Shared'. Using a reserved keyword as the name of a namespace makes it harder for consumers in other languages to use the namespace. (https://learn.microsoft.com/dotnet/fundamentals/code-analysis/quality-rules/ca1716) [/app/TWL.Shared/TWL.Shared.csproj]
/app/TWL.Shared/Constants/SkillIds.cs(5,22): warning CA1707: Remove the underscores from member name TWL.Shared.Constants.SkillIds.GS_WATER_SHRINK (https://learn.microsoft.com/dotnet/fundamentals/code-analysis/quality-rules/ca1707) [/app/TWL.Shared/TWL.Shared.csproj]
/app/TWL.Shared/Constants/SkillIds.cs(6,22): warning CA1707: Remove the underscores from member name TWL.Shared.Constants.SkillIds.GS_EARTH_BLOCKAGE (https://learn.microsoft.com/dotnet/fundamentals/code-analysis/quality-rules/ca1707) [/app/TWL.Shared/TWL.Shared.csproj]
/app/TWL.Shared/Constants/SkillIds.cs(7,22): warning CA1707: Remove the underscores from member name TWL.Shared.Constants.SkillIds.GS_FIRE_HOTFIRE (https://learn.microsoft.com/dotnet/fundamentals/code-analysis/quality-rules/ca1707) [/app/TWL.Shared/TWL.Shared.csproj]
/app/TWL.Shared/Constants/SkillIds.cs(8,22): warning CA1707: Remove the underscores from member name TWL.Shared.Constants.SkillIds.GS_WIND_VANISH (https://learn.microsoft.com/dotnet/fundamentals/code-analysis/quality-rules/ca1707) [/app/TWL.Shared/TWL.Shared.csproj]
/app/TWL.Shared/Domain/DTO/CompoundDTOs.cs(1,29): warning CA1716: Rename namespace TWL.Shared.Domain.DTO so that it no longer conflicts with the reserved language keyword 'Shared'. Using a reserved keyword as the name of a namespace makes it harder for consumers in other languages to use the namespace. (https://learn.microsoft.com/dotnet/fundamentals/code-analysis/quality-rules/ca1716) [/app/TWL.Shared/TWL.Shared.csproj]
/app/TWL.Shared/Services/DefaultRandomService.cs(3,22): warning CA1716: Rename namespace TWL.Shared.Services so that it no longer conflicts with the reserved language keyword 'Shared'. Using a reserved keyword as the name of a namespace makes it harder for consumers in other languages to use the namespace. (https://learn.microsoft.com/dotnet/fundamentals/code-analysis/quality-rules/ca1716) [/app/TWL.Shared/TWL.Shared.csproj]
/app/TWL.Shared/Net/Abstractions/IAssetLoader.cs(1,26): warning CA1716: Rename namespace TWL.Shared.Net.Abstractions so that it no longer conflicts with the reserved language keyword 'Shared'. Using a reserved keyword as the name of a namespace makes it harder for consumers in other languages to use the namespace. (https://learn.microsoft.com/dotnet/fundamentals/code-analysis/quality-rules/ca1716) [/app/TWL.Shared/TWL.Shared.csproj]
/app/TWL.Shared/Net/Abstractions/IAssetLoader.cs(1,22): warning CA1716: Rename namespace TWL.Shared.Net so that it no longer conflicts with the reserved language keyword 'Shared'. Using a reserved keyword as the name of a namespace makes it harder for consumers in other languages to use the namespace. (https://learn.microsoft.com/dotnet/fundamentals/code-analysis/quality-rules/ca1716) [/app/TWL.Shared/TWL.Shared.csproj]
/app/TWL.Shared/Net/Messages/ClientMessage.cs(1,26): warning CA1716: Rename namespace TWL.Shared.Net.Messages so that it no longer conflicts with the reserved language keyword 'Shared'. Using a reserved keyword as the name of a namespace makes it harder for consumers in other languages to use the namespace. (https://learn.microsoft.com/dotnet/fundamentals/code-analysis/quality-rules/ca1716) [/app/TWL.Shared/TWL.Shared.csproj]
/app/TWL.Shared/Domain/Guilds/Guild.cs(1,29): warning CA1716: Rename namespace TWL.Shared.Domain.Guilds so that it no longer conflicts with the reserved language keyword 'Shared'. Using a reserved keyword as the name of a namespace makes it harder for consumers in other languages to use the namespace. (https://learn.microsoft.com/dotnet/fundamentals/code-analysis/quality-rules/ca1716) [/app/TWL.Shared/TWL.Shared.csproj]
/app/TWL.Shared/Domain/Characters/AmityItemDefinition.cs(1,29): warning CA1716: Rename namespace TWL.Shared.Domain.Characters so that it no longer conflicts with the reserved language keyword 'Shared'. Using a reserved keyword as the name of a namespace makes it harder for consumers in other languages to use the namespace. (https://learn.microsoft.com/dotnet/fundamentals/code-analysis/quality-rules/ca1716) [/app/TWL.Shared/TWL.Shared.csproj]
/app/TWL.Shared/Domain/Characters/Character.cs(21,22): warning CA1051: Do not declare visible instance fields (https://learn.microsoft.com/dotnet/fundamentals/code-analysis/quality-rules/ca1051) [/app/TWL.Shared/TWL.Shared.csproj]
/app/TWL.Shared/Domain/Characters/Character.cs(57,16): warning CA1720: Identifier 'Int' contains type name (https://learn.microsoft.com/dotnet/fundamentals/code-analysis/quality-rules/ca1720) [/app/TWL.Shared/TWL.Shared.csproj]
/app/TWL.Shared/Domain/Characters/ItemSlot.cs(10,17): warning CA1051: Do not declare visible instance fields (https://learn.microsoft.com/dotnet/fundamentals/code-analysis/quality-rules/ca1051) [/app/TWL.Shared/TWL.Shared.csproj]
/app/TWL.Shared/Domain/Characters/ItemSlot.cs(11,16): warning CA1051: Do not declare visible instance fields (https://learn.microsoft.com/dotnet/fundamentals/code-analysis/quality-rules/ca1051) [/app/TWL.Shared/TWL.Shared.csproj]
/app/TWL.Shared/Domain/Characters/ItemSlot.cs(12,23): warning CA1051: Do not declare visible instance fields (https://learn.microsoft.com/dotnet/fundamentals/code-analysis/quality-rules/ca1051) [/app/TWL.Shared/TWL.Shared.csproj]
/app/TWL.Shared/Domain/Characters/ItemSlot.cs(13,16): warning CA1051: Do not declare visible instance fields (https://learn.microsoft.com/dotnet/fundamentals/code-analysis/quality-rules/ca1051) [/app/TWL.Shared/TWL.Shared.csproj]
/app/TWL.Shared/Domain/Characters/PetCharacter.cs(7,18): warning CA1051: Do not declare visible instance fields (https://learn.microsoft.com/dotnet/fundamentals/code-analysis/quality-rules/ca1051) [/app/TWL.Shared/TWL.Shared.csproj]
/app/TWL.Shared/Domain/Characters/PetCharacter.cs(8,21): warning CA1051: Do not declare visible instance fields (https://learn.microsoft.com/dotnet/fundamentals/code-analysis/quality-rules/ca1051) [/app/TWL.Shared/TWL.Shared.csproj]
/app/TWL.Shared/Domain/Characters/PetCharacter.cs(9,18): warning CA1051: Do not declare visible instance fields (https://learn.microsoft.com/dotnet/fundamentals/code-analysis/quality-rules/ca1051) [/app/TWL.Shared/TWL.Shared.csproj]
/app/TWL.Shared/Domain/Characters/PetCharacter.cs(10,17): warning CA1051: Do not declare visible instance fields (https://learn.microsoft.com/dotnet/fundamentals/code-analysis/quality-rules/ca1051) [/app/TWL.Shared/TWL.Shared.csproj]
/app/TWL.Shared/Domain/Characters/PetCharacter.cs(11,17): warning CA1051: Do not declare visible instance fields (https://learn.microsoft.com/dotnet/fundamentals/code-analysis/quality-rules/ca1051) [/app/TWL.Shared/TWL.Shared.csproj]
/app/TWL.Shared/Domain/Characters/PetCharacter.cs(12,16): warning CA1051: Do not declare visible instance fields (https://learn.microsoft.com/dotnet/fundamentals/code-analysis/quality-rules/ca1051) [/app/TWL.Shared/TWL.Shared.csproj]
/app/TWL.Shared/Domain/Characters/PetDefinition.cs(6,16): warning CA1051: Do not declare visible instance fields (https://learn.microsoft.com/dotnet/fundamentals/code-analysis/quality-rules/ca1051) [/app/TWL.Shared/TWL.Shared.csproj]
/app/TWL.Shared/Domain/Characters/PetDefinition.cs(5,16): warning CA1051: Do not declare visible instance fields (https://learn.microsoft.com/dotnet/fundamentals/code-analysis/quality-rules/ca1051) [/app/TWL.Shared/TWL.Shared.csproj]
/app/TWL.Shared/Domain/Characters/PetDefinition.cs(6,25): warning CA1051: Do not declare visible instance fields (https://learn.microsoft.com/dotnet/fundamentals/code-analysis/quality-rules/ca1051) [/app/TWL.Shared/TWL.Shared.csproj]
/app/TWL.Shared/Domain/Characters/PetDefinition.cs(6,34): warning CA1051: Do not declare visible instance fields (https://learn.microsoft.com/dotnet/fundamentals/code-analysis/quality-rules/ca1051) [/app/TWL.Shared/TWL.Shared.csproj]
/app/TWL.Shared/Domain/Characters/PetDefinition.cs(6,43): warning CA1051: Do not declare visible instance fields (https://learn.microsoft.com/dotnet/fundamentals/code-analysis/quality-rules/ca1051) [/app/TWL.Shared/TWL.Shared.csproj]
/app/TWL.Shared/Domain/Characters/PetDefinition.cs(6,52): warning CA1051: Do not declare visible instance fields (https://learn.microsoft.com/dotnet/fundamentals/code-analysis/quality-rules/ca1051) [/app/TWL.Shared/TWL.Shared.csproj]
/app/TWL.Shared/Domain/Characters/PetDefinition.cs(8,25): warning CA1051: Do not declare visible instance fields (https://learn.microsoft.com/dotnet/fundamentals/code-analysis/quality-rules/ca1051) [/app/TWL.Shared/TWL.Shared.csproj]
/app/TWL.Shared/Domain/Characters/PetDefinition.cs(9,17): warning CA1051: Do not declare visible instance fields (https://learn.microsoft.com/dotnet/fundamentals/code-analysis/quality-rules/ca1051) [/app/TWL.Shared/TWL.Shared.csproj]
/app/TWL.Shared/Domain/Characters/PetDefinition.cs(10,17): warning CA1051: Do not declare visible instance fields (https://learn.microsoft.com/dotnet/fundamentals/code-analysis/quality-rules/ca1051) [/app/TWL.Shared/TWL.Shared.csproj]
/app/TWL.Shared/Domain/Characters/PetDefinition.cs(11,20): warning CA1051: Do not declare visible instance fields (https://learn.microsoft.com/dotnet/fundamentals/code-analysis/quality-rules/ca1051) [/app/TWL.Shared/TWL.Shared.csproj]
/app/TWL.Shared/Domain/Characters/PetDefinition.cs(13,27): warning CA1051: Do not declare visible instance fields (https://learn.microsoft.com/dotnet/fundamentals/code-analysis/quality-rules/ca1051) [/app/TWL.Shared/TWL.Shared.csproj]
/app/TWL.Shared/Domain/Characters/PetDefinition.cs(16,17): warning CA1051: Do not declare visible instance fields (https://learn.microsoft.com/dotnet/fundamentals/code-analysis/quality-rules/ca1051) [/app/TWL.Shared/TWL.Shared.csproj]
/app/TWL.Shared/Domain/Characters/PetDefinition.cs(17,17): warning CA1051: Do not declare visible instance fields (https://learn.microsoft.com/dotnet/fundamentals/code-analysis/quality-rules/ca1051) [/app/TWL.Shared/TWL.Shared.csproj]
/app/TWL.Shared/Domain/Characters/PetDefinition.cs(18,20): warning CA1051: Do not declare visible instance fields (https://learn.microsoft.com/dotnet/fundamentals/code-analysis/quality-rules/ca1051) [/app/TWL.Shared/TWL.Shared.csproj]
/app/TWL.Shared/Domain/Characters/PetDefinition.cs(20,17): warning CA1051: Do not declare visible instance fields (https://learn.microsoft.com/dotnet/fundamentals/code-analysis/quality-rules/ca1051) [/app/TWL.Shared/TWL.Shared.csproj]
/app/TWL.Shared/Domain/Characters/PetDefinition.cs(21,17): warning CA1051: Do not declare visible instance fields (https://learn.microsoft.com/dotnet/fundamentals/code-analysis/quality-rules/ca1051) [/app/TWL.Shared/TWL.Shared.csproj]
/app/TWL.Shared/Domain/Characters/PetDefinition.cs(22,17): warning CA1051: Do not declare visible instance fields (https://learn.microsoft.com/dotnet/fundamentals/code-analysis/quality-rules/ca1051) [/app/TWL.Shared/TWL.Shared.csproj]
/app/TWL.Shared/Domain/Characters/PetDefinition.cs(23,19): warning CA1051: Do not declare visible instance fields (https://learn.microsoft.com/dotnet/fundamentals/code-analysis/quality-rules/ca1051) [/app/TWL.Shared/TWL.Shared.csproj]
/app/TWL.Shared/Domain/Characters/PetDefinition.cs(24,16): warning CA1051: Do not declare visible instance fields (https://learn.microsoft.com/dotnet/fundamentals/code-analysis/quality-rules/ca1051) [/app/TWL.Shared/TWL.Shared.csproj]
/app/TWL.Shared/Domain/Characters/PetDefinition.cs(25,19): warning CA1051: Do not declare visible instance fields (https://learn.microsoft.com/dotnet/fundamentals/code-analysis/quality-rules/ca1051) [/app/TWL.Shared/TWL.Shared.csproj]
/app/TWL.Shared/Domain/Characters/PetDefinition.cs(26,22): warning CA1051: Do not declare visible instance fields (https://learn.microsoft.com/dotnet/fundamentals/code-analysis/quality-rules/ca1051) [/app/TWL.Shared/TWL.Shared.csproj]
/app/TWL.Shared/Domain/Characters/PetDefinition.cs(27,17): warning CA1051: Do not declare visible instance fields (https://learn.microsoft.com/dotnet/fundamentals/code-analysis/quality-rules/ca1051) [/app/TWL.Shared/TWL.Shared.csproj]
/app/TWL.Shared/Domain/Characters/PetDefinition.cs(28,16): warning CA1051: Do not declare visible instance fields (https://learn.microsoft.com/dotnet/fundamentals/code-analysis/quality-rules/ca1051) [/app/TWL.Shared/TWL.Shared.csproj]
/app/TWL.Shared/Domain/Characters/PetDefinition.cs(29,19): warning CA1051: Do not declare visible instance fields (https://learn.microsoft.com/dotnet/fundamentals/code-analysis/quality-rules/ca1051) [/app/TWL.Shared/TWL.Shared.csproj]
/app/TWL.Shared/Domain/Characters/PetDefinition.cs(30,17): warning CA1051: Do not declare visible instance fields (https://learn.microsoft.com/dotnet/fundamentals/code-analysis/quality-rules/ca1051) [/app/TWL.Shared/TWL.Shared.csproj]
/app/TWL.Shared/Domain/Characters/PetDefinition.cs(33,22): warning CA1051: Do not declare visible instance fields (https://learn.microsoft.com/dotnet/fundamentals/code-analysis/quality-rules/ca1051) [/app/TWL.Shared/TWL.Shared.csproj]
/app/TWL.Shared/Domain/Characters/PetDefinition.cs(35,30): warning CA1051: Do not declare visible instance fields (https://learn.microsoft.com/dotnet/fundamentals/code-analysis/quality-rules/ca1051) [/app/TWL.Shared/TWL.Shared.csproj]
/app/TWL.Shared/Domain/Characters/PetDefinition.cs(36,30): warning CA1051: Do not declare visible instance fields (https://learn.microsoft.com/dotnet/fundamentals/code-analysis/quality-rules/ca1051) [/app/TWL.Shared/TWL.Shared.csproj]
/app/TWL.Shared/Domain/Characters/PetDefinition.cs(39,19): warning CA1051: Do not declare visible instance fields (https://learn.microsoft.com/dotnet/fundamentals/code-analysis/quality-rules/ca1051) [/app/TWL.Shared/TWL.Shared.csproj]
/app/TWL.Shared/Domain/Characters/PetDefinition.cs(40,20): warning CA1051: Do not declare visible instance fields (https://learn.microsoft.com/dotnet/fundamentals/code-analysis/quality-rules/ca1051) [/app/TWL.Shared/TWL.Shared.csproj]
/app/TWL.Shared/Domain/Characters/PetDefinition.cs(41,29): warning CA1051: Do not declare visible instance fields (https://learn.microsoft.com/dotnet/fundamentals/code-analysis/quality-rules/ca1051) [/app/TWL.Shared/TWL.Shared.csproj]
/app/TWL.Shared/Net/Network/AppJsonContext.cs(4,26): warning CA1716: Rename namespace TWL.Shared.Net.Network so that it no longer conflicts with the reserved language keyword 'Shared'. Using a reserved keyword as the name of a namespace makes it harder for consumers in other languages to use the namespace. (https://learn.microsoft.com/dotnet/fundamentals/code-analysis/quality-rules/ca1716) [/app/TWL.Shared/TWL.Shared.csproj]
/app/TWL.Shared/Domain/Interactions/InteractionDefinition.cs(5,29): warning CA1716: Rename namespace TWL.Shared.Domain.Interactions so that it no longer conflicts with the reserved language keyword 'Shared'. Using a reserved keyword as the name of a namespace makes it harder for consumers in other languages to use the namespace. (https://learn.microsoft.com/dotnet/fundamentals/code-analysis/quality-rules/ca1716) [/app/TWL.Shared/TWL.Shared.csproj]
/app/TWL.Shared/Domain/Models/BindPolicy.cs(1,29): warning CA1716: Rename namespace TWL.Shared.Domain.Models so that it no longer conflicts with the reserved language keyword 'Shared'. Using a reserved keyword as the name of a namespace makes it harder for consumers in other languages to use the namespace. (https://learn.microsoft.com/dotnet/fundamentals/code-analysis/quality-rules/ca1716) [/app/TWL.Shared/TWL.Shared.csproj]
/app/TWL.Shared/Domain/Battle/AutoBattlePolicy.cs(1,22): warning CA1716: Rename namespace TWL.Shared.Domain so that it no longer conflicts with the reserved language keyword 'Shared'. Using a reserved keyword as the name of a namespace makes it harder for consumers in other languages to use the namespace. (https://learn.microsoft.com/dotnet/fundamentals/code-analysis/quality-rules/ca1716) [/app/TWL.Shared/TWL.Shared.csproj]
/app/TWL.Shared/Domain/Events/BattleEvents.cs(8,29): warning CA1716: Rename namespace TWL.Shared.Domain.Events so that it no longer conflicts with the reserved language keyword 'Shared'. Using a reserved keyword as the name of a namespace makes it harder for consumers in other languages to use the namespace. (https://learn.microsoft.com/dotnet/fundamentals/code-analysis/quality-rules/ca1716) [/app/TWL.Shared/TWL.Shared.csproj]
/app/TWL.Shared/Domain/Graphics/AvatarPart.cs(3,29): warning CA1716: Rename namespace TWL.Shared.Domain.Graphics so that it no longer conflicts with the reserved language keyword 'Shared'. Using a reserved keyword as the name of a namespace makes it harder for consumers in other languages to use the namespace. (https://learn.microsoft.com/dotnet/fundamentals/code-analysis/quality-rules/ca1716) [/app/TWL.Shared/TWL.Shared.csproj]
/app/TWL.Shared/Domain/Requests/CombatResult.cs(3,29): warning CA1716: Rename namespace TWL.Shared.Domain.Requests so that it no longer conflicts with the reserved language keyword 'Shared'. Using a reserved keyword as the name of a namespace makes it harder for consumers in other languages to use the namespace. (https://learn.microsoft.com/dotnet/fundamentals/code-analysis/quality-rules/ca1716) [/app/TWL.Shared/TWL.Shared.csproj]
/app/TWL.Shared/Domain/Party/Formation.cs(3,29): warning CA1716: Rename namespace TWL.Shared.Domain.Party so that it no longer conflicts with the reserved language keyword 'Shared'. Using a reserved keyword as the name of a namespace makes it harder for consumers in other languages to use the namespace. (https://learn.microsoft.com/dotnet/fundamentals/code-analysis/quality-rules/ca1716) [/app/TWL.Shared/TWL.Shared.csproj]
/app/TWL.Shared/Domain/Skills/Skill.cs(3,29): warning CA1716: Rename namespace TWL.Shared.Domain.Skills so that it no longer conflicts with the reserved language keyword 'Shared'. Using a reserved keyword as the name of a namespace makes it harder for consumers in other languages to use the namespace. (https://learn.microsoft.com/dotnet/fundamentals/code-analysis/quality-rules/ca1716) [/app/TWL.Shared/TWL.Shared.csproj]
/app/TWL.Shared/Domain/Skills/Skill.cs(8,16): warning CA1051: Do not declare visible instance fields (https://learn.microsoft.com/dotnet/fundamentals/code-analysis/quality-rules/ca1051) [/app/TWL.Shared/TWL.Shared.csproj]
/app/TWL.Shared/Domain/Skills/Skill.cs(9,19): warning CA1051: Do not declare visible instance fields (https://learn.microsoft.com/dotnet/fundamentals/code-analysis/quality-rules/ca1051) [/app/TWL.Shared/TWL.Shared.csproj]
/app/TWL.Shared/Domain/Skills/Skill.cs(10,19): warning CA1051: Do not declare visible instance fields (https://learn.microsoft.com/dotnet/fundamentals/code-analysis/quality-rules/ca1051) [/app/TWL.Shared/TWL.Shared.csproj]
/app/TWL.Shared/Domain/Skills/Skill.cs(11,19): warning CA1051: Do not declare visible instance fields (https://learn.microsoft.com/dotnet/fundamentals/code-analysis/quality-rules/ca1051) [/app/TWL.Shared/TWL.Shared.csproj]
/app/TWL.Shared/Domain/Skills/Skill.cs(14,20): warning CA1051: Do not declare visible instance fields (https://learn.microsoft.com/dotnet/fundamentals/code-analysis/quality-rules/ca1051) [/app/TWL.Shared/TWL.Shared.csproj]
/app/TWL.Shared/Domain/Skills/Skill.cs(7,24): warning CA1051: Do not declare visible instance fields (https://learn.microsoft.com/dotnet/fundamentals/code-analysis/quality-rules/ca1051) [/app/TWL.Shared/TWL.Shared.csproj]
/app/TWL.Shared/Domain/Skills/Skill.cs(17,16): warning CA1051: Do not declare visible instance fields (https://learn.microsoft.com/dotnet/fundamentals/code-analysis/quality-rules/ca1051) [/app/TWL.Shared/TWL.Shared.csproj]
/app/TWL.Shared/Domain/Skills/Skill.cs(18,16): warning CA1051: Do not declare visible instance fields (https://learn.microsoft.com/dotnet/fundamentals/code-analysis/quality-rules/ca1051) [/app/TWL.Shared/TWL.Shared.csproj]
/app/TWL.Shared/Domain/Skills/Skill.cs(19,16): warning CA1051: Do not declare visible instance fields (https://learn.microsoft.com/dotnet/fundamentals/code-analysis/quality-rules/ca1051) [/app/TWL.Shared/TWL.Shared.csproj]
/app/TWL.Shared/Domain/Skills/Skill.cs(20,19): warning CA1051: Do not declare visible instance fields (https://learn.microsoft.com/dotnet/fundamentals/code-analysis/quality-rules/ca1051) [/app/TWL.Shared/TWL.Shared.csproj]
/app/TWL.Shared/Domain/Skills/Skill.cs(21,18): warning CA1051: Do not declare visible instance fields (https://learn.microsoft.com/dotnet/fundamentals/code-analysis/quality-rules/ca1051) [/app/TWL.Shared/TWL.Shared.csproj]
/app/TWL.Shared/Domain/Skills/Skill.cs(23,18): warning CA1051: Do not declare visible instance fields (https://learn.microsoft.com/dotnet/fundamentals/code-analysis/quality-rules/ca1051) [/app/TWL.Shared/TWL.Shared.csproj]
/app/TWL.Shared/Domain/Skills/Skill.cs(26,16): warning CA1051: Do not declare visible instance fields (https://learn.microsoft.com/dotnet/fundamentals/code-analysis/quality-rules/ca1051) [/app/TWL.Shared/TWL.Shared.csproj]
/app/TWL.Shared/Domain/Skills/Skill.cs(29,16): warning CA1051: Do not declare visible instance fields (https://learn.microsoft.com/dotnet/fundamentals/code-analysis/quality-rules/ca1051) [/app/TWL.Shared/TWL.Shared.csproj]
/app/TWL.Shared/Domain/Skills/Skill.cs(31,16): warning CA1051: Do not declare visible instance fields (https://learn.microsoft.com/dotnet/fundamentals/code-analysis/quality-rules/ca1051) [/app/TWL.Shared/TWL.Shared.csproj]
/app/TWL.Shared/Domain/Skills/Skill.cs(30,28): warning CA1051: Do not declare visible instance fields (https://learn.microsoft.com/dotnet/fundamentals/code-analysis/quality-rules/ca1051) [/app/TWL.Shared/TWL.Shared.csproj]
/app/TWL.Shared/Domain/Skills/Skill.cs(32,22): warning CA1051: Do not declare visible instance fields (https://learn.microsoft.com/dotnet/fundamentals/code-analysis/quality-rules/ca1051) [/app/TWL.Shared/TWL.Shared.csproj]
/app/TWL.Shared/Domain/Skills/Skill.cs(33,18): warning CA1051: Do not declare visible instance fields (https://learn.microsoft.com/dotnet/fundamentals/code-analysis/quality-rules/ca1051) [/app/TWL.Shared/TWL.Shared.csproj]
/app/TWL.Shared/Domain/Skills/Skill.cs(64,16): warning CA1720: Identifier 'Int' contains type name (https://learn.microsoft.com/dotnet/fundamentals/code-analysis/quality-rules/ca1720) [/app/TWL.Shared/TWL.Shared.csproj]
/app/TWL.Shared/Domain/Quests/QuestDefinition.cs(1,29): warning CA1716: Rename namespace TWL.Shared.Domain.Quests so that it no longer conflicts with the reserved language keyword 'Shared'. Using a reserved keyword as the name of a namespace makes it harder for consumers in other languages to use the namespace. (https://learn.microsoft.com/dotnet/fundamentals/code-analysis/quality-rules/ca1716) [/app/TWL.Shared/TWL.Shared.csproj]
/app/TWL.Shared/Domain/Skills/SkillEffect.cs(14,39): warning CA1805: Member 'Priority' is explicitly initialized to its default value (https://learn.microsoft.com/dotnet/fundamentals/code-analysis/quality-rules/ca1805) [/app/TWL.Shared/TWL.Shared.csproj]
/app/TWL.Shared/Domain/Skills/SkillHitRules.cs(7,42): warning CA1805: Member 'MinChance' is explicitly initialized to its default value (https://learn.microsoft.com/dotnet/fundamentals/code-analysis/quality-rules/ca1805) [/app/TWL.Shared/TWL.Shared.csproj]
/app/TWL.Shared/Domain/Skills/SkillScaling.cs(7,5): warning CA1720: Identifier 'Int' contains type name (https://learn.microsoft.com/dotnet/fundamentals/code-analysis/quality-rules/ca1720) [/app/TWL.Shared/TWL.Shared.csproj]
/app/TWL.Shared/Net/Payloads/LoginFailedResponseDto.cs(1,26): warning CA1716: Rename namespace TWL.Shared.Net.Payloads so that it no longer conflicts with the reserved language keyword 'Shared'. Using a reserved keyword as the name of a namespace makes it harder for consumers in other languages to use the namespace. (https://learn.microsoft.com/dotnet/fundamentals/code-analysis/quality-rules/ca1716) [/app/TWL.Shared/TWL.Shared.csproj]
/app/TWL.Shared/Domain/State/PartyState.cs(4,29): warning CA1716: Rename namespace TWL.Shared.Domain.State so that it no longer conflicts with the reserved language keyword 'Shared'. Using a reserved keyword as the name of a namespace makes it harder for consumers in other languages to use the namespace. (https://learn.microsoft.com/dotnet/fundamentals/code-analysis/quality-rules/ca1716) [/app/TWL.Shared/TWL.Shared.csproj]
/app/TWL.Shared/Domain/World/WorldConstants.cs(1,29): warning CA1716: Rename namespace TWL.Shared.Domain.World so that it no longer conflicts with the reserved language keyword 'Shared'. Using a reserved keyword as the name of a namespace makes it harder for consumers in other languages to use the namespace. (https://learn.microsoft.com/dotnet/fundamentals/code-analysis/quality-rules/ca1716) [/app/TWL.Shared/TWL.Shared.csproj]
/app/TWL.Shared/Net/Network/Opcode.cs(48,5): warning CA1707: Remove the underscores from member name TWL.Shared.Net.Network.Opcode.CMSG_COMPOUND_REQUEST_START (https://learn.microsoft.com/dotnet/fundamentals/code-analysis/quality-rules/ca1707) [/app/TWL.Shared/TWL.Shared.csproj]
/app/TWL.Shared/Net/Network/Opcode.cs(49,5): warning CA1707: Remove the underscores from member name TWL.Shared.Net.Network.Opcode.SMSG_COMPOUND_REQUEST_START_ACK (https://learn.microsoft.com/dotnet/fundamentals/code-analysis/quality-rules/ca1707) [/app/TWL.Shared/TWL.Shared.csproj]
/app/TWL.Shared/Services/IRandomService.cs(32,9): warning CA1716: Rename virtual/interface member IRandomService.Next(string) so that it no longer conflicts with the reserved language keyword 'Next'. Using a reserved keyword as the name of a virtual/interface member makes it harder for consumers in other languages to override/implement the member. (https://learn.microsoft.com/dotnet/fundamentals/code-analysis/quality-rules/ca1716) [/app/TWL.Shared/TWL.Shared.csproj]
/app/TWL.Shared/Services/IRandomService.cs(40,9): warning CA1716: Rename virtual/interface member IRandomService.Next(int, int, string) so that it no longer conflicts with the reserved language keyword 'Next'. Using a reserved keyword as the name of a virtual/interface member makes it harder for consumers in other languages to override/implement the member. (https://learn.microsoft.com/dotnet/fundamentals/code-analysis/quality-rules/ca1716) [/app/TWL.Shared/TWL.Shared.csproj]
/app/TWL.Shared/Domain/Skills/SkillRegistry.cs(40,27): warning CA1869: Avoid creating a new 'JsonSerializerOptions' instance for every serialization operation. Cache and reuse instances instead. (https://learn.microsoft.com/dotnet/fundamentals/code-analysis/quality-rules/ca1869) [/app/TWL.Shared/TWL.Shared.csproj]
/app/TWL.Shared/Net/EventBus.cs(10,14): warning CA1854: Prefer a 'TryGetValue' call over a Dictionary indexer access guarded by a 'ContainsKey' check to avoid double lookup (https://learn.microsoft.com/dotnet/fundamentals/code-analysis/quality-rules/ca1854) [/app/TWL.Shared/TWL.Shared.csproj]
/app/TWL.Shared/Domain/Skills/SkillRegistry.cs(155,23): warning CA1822: Member 'MapBranchToType' does not access instance data and can be marked as static (https://learn.microsoft.com/dotnet/fundamentals/code-analysis/quality-rules/ca1822) [/app/TWL.Shared/TWL.Shared.csproj]
/app/TWL.Shared/Domain/Skills/Skill.cs(55,17): warning CA1822: Member 'Apply' does not access instance data and can be marked as static (https://learn.microsoft.com/dotnet/fundamentals/code-analysis/quality-rules/ca1822) [/app/TWL.Shared/TWL.Shared.csproj]
/app/TWL.Shared/Domain/Battle/BattleInstance.cs(402,19): warning CA1822: Member 'ProcessStatusEffects' does not access instance data and can be marked as static (https://learn.microsoft.com/dotnet/fundamentals/code-analysis/quality-rules/ca1822) [/app/TWL.Shared/TWL.Shared.csproj]
/app/TWL.Shared/Domain/Battle/BattleInstance.cs(428,19): warning CA1822: Member 'GetStatValue' does not access instance data and can be marked as static (https://learn.microsoft.com/dotnet/fundamentals/code-analysis/quality-rules/ca1822) [/app/TWL.Shared/TWL.Shared.csproj]
/app/TWL.Shared/Domain/Battle/BattleInstance.cs(583,19): warning CA1822: Member 'GetElementalMultiplier' does not access instance data and can be marked as static (https://learn.microsoft.com/dotnet/fundamentals/code-analysis/quality-rules/ca1822) [/app/TWL.Shared/TWL.Shared.csproj]
/app/TWL.Shared/Domain/Battle/BattleInstance.cs(560,17): warning CA1822: Member 'ApplyDamage' does not access instance data and can be marked as static (https://learn.microsoft.com/dotnet/fundamentals/code-analysis/quality-rules/ca1822) [/app/TWL.Shared/TWL.Shared.csproj]
/app/TWL.Shared/Domain/Battle/BattleInstance.cs(628,19): warning CA1822: Member 'GetControlHitChance' does not access instance data and can be marked as static (https://learn.microsoft.com/dotnet/fundamentals/code-analysis/quality-rules/ca1822) [/app/TWL.Shared/TWL.Shared.csproj]
/app/TWL.Shared/Domain/Battle/AutoBattleService.cs(171,25): warning CA1860: Prefer comparing 'Count' to 0 rather than using 'Any()', both for clarity and for performance (https://learn.microsoft.com/dotnet/fundamentals/code-analysis/quality-rules/ca1860) [/app/TWL.Shared/TWL.Shared.csproj]
/app/TWL.Shared/Domain/Battle/AutoBattleService.cs(251,19): warning CA1822: Member 'GetElementAdvantage' does not access instance data and can be marked as static (https://learn.microsoft.com/dotnet/fundamentals/code-analysis/quality-rules/ca1822) [/app/TWL.Shared/TWL.Shared.csproj]
/app/TWL.Shared/Domain/Battle/AutoBattleService.cs(340,18): warning CA1822: Member 'HasConflictingBuff' does not access instance data and can be marked as static (https://learn.microsoft.com/dotnet/fundamentals/code-analysis/quality-rules/ca1822) [/app/TWL.Shared/TWL.Shared.csproj]
/app/TWL.Shared/Domain/Skills/SkillRegistry.cs(210,19): warning CA1852: Type 'RequirementDto' can be sealed because it has no subtypes in its containing assembly and is not externally visible (https://learn.microsoft.com/dotnet/fundamentals/code-analysis/quality-rules/ca1852) [/app/TWL.Shared/TWL.Shared.csproj]
/app/TWL.Shared/Domain/Skills/SkillRegistry.cs(201,19): warning CA1852: Type 'UnlockRulesDto' can be sealed because it has no subtypes in its containing assembly and is not externally visible (https://learn.microsoft.com/dotnet/fundamentals/code-analysis/quality-rules/ca1852) [/app/TWL.Shared/TWL.Shared.csproj]
/app/TWL.Shared/Domain/Skills/SkillRegistry.cs(177,19): warning CA1852: Type 'SkillDataDto' can be sealed because it has no subtypes in its containing assembly and is not externally visible (https://learn.microsoft.com/dotnet/fundamentals/code-analysis/quality-rules/ca1852) [/app/TWL.Shared/TWL.Shared.csproj]
  TWL.Shared -> /app/TWL.Shared/bin/Release/net10.0/TWL.Shared.dll
/app/TWL.Server/Services/HealthCheckService.cs(46,15): warning CS8618: Non-nullable field '_db' must contain a non-null value when exiting constructor. Consider adding the 'required' modifier or declaring the field as nullable. [/app/TWL.Server/TWL.Server.csproj]
/app/TWL.Server/Services/HealthCheckService.cs(46,15): warning CS8618: Non-nullable field '_playerService' must contain a non-null value when exiting constructor. Consider adding the 'required' modifier or declaring the field as nullable. [/app/TWL.Server/TWL.Server.csproj]
/app/TWL.Server/Services/HealthCheckService.cs(46,15): warning CS8618: Non-nullable field '_serverMetrics' must contain a non-null value when exiting constructor. Consider adding the 'required' modifier or declaring the field as nullable. [/app/TWL.Server/TWL.Server.csproj]
/app/TWL.Server/Services/HealthCheckService.cs(46,15): warning CS8618: Non-nullable field '_logger' must contain a non-null value when exiting constructor. Consider adding the 'required' modifier or declaring the field as nullable. [/app/TWL.Server/TWL.Server.csproj]
/app/TWL.Server/Services/HealthCheckService.cs(21,19): warning CS8618: Non-nullable property 'AppVersion' must contain a non-null value when exiting constructor. Consider adding the 'required' modifier or declaring the property as nullable. [/app/TWL.Server/TWL.Server.csproj]
/app/TWL.Server/Persistence/PlayerSaveData.cs(19,19): warning CS8618: Non-nullable property 'Name' must contain a non-null value when exiting constructor. Consider adding the 'required' modifier or declaring the property as nullable. [/app/TWL.Server/TWL.Server.csproj]
/app/TWL.Server/Persistence/PlayerSaveData.cs(46,19): warning CS8618: Non-nullable property 'ActivePetInstanceId' must contain a non-null value when exiting constructor. Consider adding the 'required' modifier or declaring the property as nullable. [/app/TWL.Server/TWL.Server.csproj]
/app/TWL.Server/Services/PetService.cs(37,20): warning CS8603: Possible null reference return. [/app/TWL.Server/TWL.Server.csproj]
/app/TWL.Server/Services/PetService.cs(43,20): warning CS8603: Possible null reference return. [/app/TWL.Server/TWL.Server.csproj]
/app/TWL.Server/Services/PetService.cs(48,20): warning CS8603: Possible null reference return. [/app/TWL.Server/TWL.Server.csproj]
/app/TWL.Server/Persistence/PlayerSaveData.cs(72,19): warning CS8618: Non-nullable property 'InstanceId' must contain a non-null value when exiting constructor. Consider adding the 'required' modifier or declaring the property as nullable. [/app/TWL.Server/TWL.Server.csproj]
/app/TWL.Server/Persistence/PlayerSaveData.cs(74,19): warning CS8618: Non-nullable property 'Name' must contain a non-null value when exiting constructor. Consider adding the 'required' modifier or declaring the property as nullable. [/app/TWL.Server/TWL.Server.csproj]
/app/TWL.Server/Simulation/Program.cs(64,34): warning CS8604: Possible null reference argument for parameter 'connString' in 'DbService.DbService(string connString, IServiceProvider serviceProvider)'. [/app/TWL.Server/TWL.Server.csproj]
/app/TWL.Server/Services/PetService.cs(61,20): warning CS8603: Possible null reference return. [/app/TWL.Server/TWL.Server.csproj]
/app/TWL.Server/Services/PetService.cs(68,20): warning CS8603: Possible null reference return. [/app/TWL.Server/TWL.Server.csproj]
/app/TWL.Server/Services/PetService.cs(75,20): warning CS8603: Possible null reference return. [/app/TWL.Server/TWL.Server.csproj]
/app/TWL.Server/Services/PetService.cs(81,20): warning CS8603: Possible null reference return. [/app/TWL.Server/TWL.Server.csproj]
/app/TWL.Server/Services/PetService.cs(88,20): warning CS8603: Possible null reference return. [/app/TWL.Server/TWL.Server.csproj]
/app/TWL.Server/Services/PetService.cs(93,20): warning CS8603: Possible null reference return. [/app/TWL.Server/TWL.Server.csproj]
/app/TWL.Server/Services/PetService.cs(100,20): warning CS8603: Possible null reference return. [/app/TWL.Server/TWL.Server.csproj]
/app/TWL.Server/Services/PetService.cs(107,20): warning CS8603: Possible null reference return. [/app/TWL.Server/TWL.Server.csproj]
/app/TWL.Server/Services/PetService.cs(113,20): warning CS8603: Possible null reference return. [/app/TWL.Server/TWL.Server.csproj]
/app/TWL.Server/Services/PetService.cs(121,24): warning CS8603: Possible null reference return. [/app/TWL.Server/TWL.Server.csproj]
/app/TWL.Server/Services/PetService.cs(130,24): warning CS8603: Possible null reference return. [/app/TWL.Server/TWL.Server.csproj]
/app/TWL.Server/Services/PetService.cs(142,20): warning CS8603: Possible null reference return. [/app/TWL.Server/TWL.Server.csproj]
/app/TWL.Server/Services/PetService.cs(233,44): warning CS8625: Cannot convert null literal to non-nullable reference type. [/app/TWL.Server/TWL.Server.csproj]
/app/TWL.Server/Simulation/Networking/ServerPet.cs(15,12): warning CS8618: Non-nullable field '_definition' must contain a non-null value when exiting constructor. Consider adding the 'required' modifier or declaring the field as nullable. [/app/TWL.Server/TWL.Server.csproj]
/app/TWL.Server/Simulation/Networking/ClientSession.cs(69,15): warning CS8618: Non-nullable field '_client' must contain a non-null value when exiting constructor. Consider adding the 'required' modifier or declaring the field as nullable. [/app/TWL.Server/TWL.Server.csproj]
/app/TWL.Server/Simulation/Networking/ClientSession.cs(69,15): warning CS8618: Non-nullable field '_combatManager' must contain a non-null value when exiting constructor. Consider adding the 'required' modifier or declaring the field as nullable. [/app/TWL.Server/TWL.Server.csproj]
/app/TWL.Server/Simulation/Networking/ClientSession.cs(69,15): warning CS8618: Non-nullable field '_dbService' must contain a non-null value when exiting constructor. Consider adding the 'required' modifier or declaring the field as nullable. [/app/TWL.Server/TWL.Server.csproj]
/app/TWL.Server/Simulation/Networking/ClientSession.cs(69,15): warning CS8618: Non-nullable field '_economyManager' must contain a non-null value when exiting constructor. Consider adding the 'required' modifier or declaring the field as nullable. [/app/TWL.Server/TWL.Server.csproj]
/app/TWL.Server/Simulation/Networking/ClientSession.cs(69,15): warning CS8618: Non-nullable field '_interactionManager' must contain a non-null value when exiting constructor. Consider adding the 'required' modifier or declaring the field as nullable. [/app/TWL.Server/TWL.Server.csproj]
/app/TWL.Server/Simulation/Networking/ClientSession.cs(69,15): warning CS8618: Non-nullable field '_mediator' must contain a non-null value when exiting constructor. Consider adding the 'required' modifier or declaring the field as nullable. [/app/TWL.Server/TWL.Server.csproj]
/app/TWL.Server/Simulation/Networking/ClientSession.cs(69,15): warning CS8618: Non-nullable field '_metrics' must contain a non-null value when exiting constructor. Consider adding the 'required' modifier or declaring the field as nullable. [/app/TWL.Server/TWL.Server.csproj]
/app/TWL.Server/Simulation/Networking/ClientSession.cs(69,15): warning CS8618: Non-nullable field '_petManager' must contain a non-null value when exiting constructor. Consider adding the 'required' modifier or declaring the field as nullable. [/app/TWL.Server/TWL.Server.csproj]
/app/TWL.Server/Simulation/Networking/ClientSession.cs(69,15): warning CS8618: Non-nullable field '_petService' must contain a non-null value when exiting constructor. Consider adding the 'required' modifier or declaring the field as nullable. [/app/TWL.Server/TWL.Server.csproj]
/app/TWL.Server/Simulation/Networking/ClientSession.cs(69,15): warning CS8618: Non-nullable field '_playerService' must contain a non-null value when exiting constructor. Consider adding the 'required' modifier or declaring the field as nullable. [/app/TWL.Server/TWL.Server.csproj]
/app/TWL.Server/Simulation/Networking/ClientSession.cs(69,15): warning CS8618: Non-nullable field '_questManager' must contain a non-null value when exiting constructor. Consider adding the 'required' modifier or declaring the field as nullable. [/app/TWL.Server/TWL.Server.csproj]
/app/TWL.Server/Simulation/Networking/ClientSession.cs(69,15): warning CS8618: Non-nullable field '_rateLimiter' must contain a non-null value when exiting constructor. Consider adding the 'required' modifier or declaring the field as nullable. [/app/TWL.Server/TWL.Server.csproj]
/app/TWL.Server/Simulation/Networking/ClientSession.cs(69,15): warning CS8618: Non-nullable field '_replayGuard' must contain a non-null value when exiting constructor. Consider adding the 'required' modifier or declaring the field as nullable. [/app/TWL.Server/TWL.Server.csproj]
/app/TWL.Server/Simulation/Networking/ClientSession.cs(69,15): warning CS8618: Non-nullable field '_movementValidator' must contain a non-null value when exiting constructor. Consider adding the 'required' modifier or declaring the field as nullable. [/app/TWL.Server/TWL.Server.csproj]
/app/TWL.Server/Simulation/Networking/ClientSession.cs(69,15): warning CS8618: Non-nullable field '_partyService' must contain a non-null value when exiting constructor. Consider adding the 'required' modifier or declaring the field as nullable. [/app/TWL.Server/TWL.Server.csproj]
/app/TWL.Server/Simulation/Networking/ClientSession.cs(69,15): warning CS8618: Non-nullable field '_partyChatService' must contain a non-null value when exiting constructor. Consider adding the 'required' modifier or declaring the field as nullable. [/app/TWL.Server/TWL.Server.csproj]
/app/TWL.Server/Simulation/Networking/ClientSession.cs(69,15): warning CS8618: Non-nullable field '_guildService' must contain a non-null value when exiting constructor. Consider adding the 'required' modifier or declaring the field as nullable. [/app/TWL.Server/TWL.Server.csproj]
/app/TWL.Server/Simulation/Networking/ClientSession.cs(69,15): warning CS8618: Non-nullable field '_guildChatService' must contain a non-null value when exiting constructor. Consider adding the 'required' modifier or declaring the field as nullable. [/app/TWL.Server/TWL.Server.csproj]
/app/TWL.Server/Simulation/Networking/ClientSession.cs(69,15): warning CS8618: Non-nullable field '_guildRosterService' must contain a non-null value when exiting constructor. Consider adding the 'required' modifier or declaring the field as nullable. [/app/TWL.Server/TWL.Server.csproj]
/app/TWL.Server/Simulation/Networking/ClientSession.cs(69,15): warning CS8618: Non-nullable field '_guildStorageService' must contain a non-null value when exiting constructor. Consider adding the 'required' modifier or declaring the field as nullable. [/app/TWL.Server/TWL.Server.csproj]
/app/TWL.Server/Simulation/Networking/ClientSession.cs(69,15): warning CS8618: Non-nullable field '_rebirthService' must contain a non-null value when exiting constructor. Consider adding the 'required' modifier or declaring the field as nullable. [/app/TWL.Server/TWL.Server.csproj]
/app/TWL.Server/Simulation/Networking/ClientSession.cs(69,15): warning CS8618: Non-nullable field '_marketService' must contain a non-null value when exiting constructor. Consider adding the 'required' modifier or declaring the field as nullable. [/app/TWL.Server/TWL.Server.csproj]
/app/TWL.Server/Simulation/Networking/ClientSession.cs(69,15): warning CS8618: Non-nullable field '_marketQueryService' must contain a non-null value when exiting constructor. Consider adding the 'required' modifier or declaring the field as nullable. [/app/TWL.Server/TWL.Server.csproj]
/app/TWL.Server/Simulation/Networking/ClientSession.cs(69,15): warning CS8618: Non-nullable field '_compoundService' must contain a non-null value when exiting constructor. Consider adding the 'required' modifier or declaring the field as nullable. [/app/TWL.Server/TWL.Server.csproj]
/app/TWL.Server/Simulation/Networking/ClientSession.cs(69,15): warning CS8618: Non-nullable field '_tradeSessionManager' must contain a non-null value when exiting constructor. Consider adding the 'required' modifier or declaring the field as nullable. [/app/TWL.Server/TWL.Server.csproj]
/app/TWL.Server/Simulation/Networking/ClientSession.cs(69,15): warning CS8618: Non-nullable field '_spawnManager' must contain a non-null value when exiting constructor. Consider adding the 'required' modifier or declaring the field as nullable. [/app/TWL.Server/TWL.Server.csproj]
/app/TWL.Server/Simulation/Networking/ClientSession.cs(69,15): warning CS8618: Non-nullable field '_stream' must contain a non-null value when exiting constructor. Consider adding the 'required' modifier or declaring the field as nullable. [/app/TWL.Server/TWL.Server.csproj]
/app/TWL.Server/Simulation/Networking/ClientSession.cs(69,15): warning CS8618: Non-nullable field '_worldTriggerService' must contain a non-null value when exiting constructor. Consider adding the 'required' modifier or declaring the field as nullable. [/app/TWL.Server/TWL.Server.csproj]
/app/TWL.Server/Simulation/Networking/ClientSession.cs(69,15): warning CS8618: Non-nullable property 'QuestComponent' must contain a non-null value when exiting constructor. Consider adding the 'required' modifier or declaring the property as nullable. [/app/TWL.Server/TWL.Server.csproj]
/app/TWL.Server/Simulation/Networking/ServerPet.cs(19,12): warning CS8618: Non-nullable field '_definition' must contain a non-null value when exiting constructor. Consider adding the 'required' modifier or declaring the field as nullable. [/app/TWL.Server/TWL.Server.csproj]
/app/TWL.Server/Simulation/Networking/ClientSession.cs(73,12): warning CS8618: Non-nullable field '_combatManager' must contain a non-null value when exiting constructor. Consider adding the 'required' modifier or declaring the field as nullable. [/app/TWL.Server/TWL.Server.csproj]
/app/TWL.Server/Services/PetService.cs(380,38): warning CS8602: Dereference of a possibly null reference. [/app/TWL.Server/TWL.Server.csproj]
/app/TWL.Server/Persistence/Repositories/DbPlayerRepository.cs(198,35): warning CS8601: Possible null reference assignment. [/app/TWL.Server/TWL.Server.csproj]
/app/TWL.Server/Simulation/Managers/AutoBattleManager.cs(73,95): warning CS8604: Possible null reference argument for parameter 'item' in 'bool List<string>.Contains(string item)'. [/app/TWL.Server/TWL.Server.csproj]
/app/TWL.Server/Simulation/Managers/AutoBattleManager.cs(102,94): warning CS8604: Possible null reference argument for parameter 'item' in 'bool List<string>.Contains(string item)'. [/app/TWL.Server/TWL.Server.csproj]
/app/TWL.Server/Simulation/Managers/SpawnManager.cs(327,43): warning CS8604: Possible null reference argument for parameter 'player' in 'List<MonsterDefinition> SpawnManager.SelectMonsters(ZoneSpawnConfig config, ServerCharacter player)'. [/app/TWL.Server/TWL.Server.csproj]
/app/TWL.Server/Simulation/Managers/ServerMetrics.cs(313,30): warning CS8618: Non-nullable property 'ValidateHistogram' must contain a non-null value when exiting constructor. Consider adding the 'required' modifier or declaring the property as nullable. [/app/TWL.Server/TWL.Server.csproj]
/app/TWL.Server/Simulation/Managers/ServerMetrics.cs(314,30): warning CS8618: Non-nullable property 'ResolveHistogram' must contain a non-null value when exiting constructor. Consider adding the 'required' modifier or declaring the property as nullable. [/app/TWL.Server/TWL.Server.csproj]
/app/TWL.Server/Simulation/Managers/ServerMetrics.cs(315,30): warning CS8618: Non-nullable property 'PersistHistogram' must contain a non-null value when exiting constructor. Consider adding the 'required' modifier or declaring the property as nullable. [/app/TWL.Server/TWL.Server.csproj]
/app/TWL.Server/Simulation/Managers/SpawnManager.cs(501,42): warning CS8602: Dereference of a possibly null reference. [/app/TWL.Server/TWL.Server.csproj]
/app/TWL.Server/Simulation/Managers/SpawnManager.cs(505,29): warning CS8602: Dereference of a possibly null reference. [/app/TWL.Server/TWL.Server.csproj]
/app/TWL.Server/Simulation/Networking/Components/PlayerQuestComponent.cs(23,23): warning CS8601: Possible null reference assignment. [/app/TWL.Server/TWL.Server.csproj]
/app/TWL.Server/Simulation/Networking/Components/PlayerQuestComponent.cs(20,12): warning CS8618: Non-nullable field '_petManager' must contain a non-null value when exiting constructor. Consider adding the 'required' modifier or declaring the field as nullable. [/app/TWL.Server/TWL.Server.csproj]
/app/TWL.Server/Simulation/Networking/NetworkServer.cs(48,12): warning CS8618: Non-nullable field '_cts' must contain a non-null value when exiting constructor. Consider adding the 'required' modifier or declaring the field as nullable. [/app/TWL.Server/TWL.Server.csproj]
/app/TWL.Server/Simulation/Networking/ServerCharacter.cs(43,12): warning CS8618: Non-nullable property 'ActivePetInstanceId' must contain a non-null value when exiting constructor. Consider adding the 'required' modifier or declaring the property as nullable. [/app/TWL.Server/TWL.Server.csproj]
/app/TWL.Server/Simulation/Managers/EconomyManager.cs(136,20): warning CS8603: Possible null reference return. [/app/TWL.Server/TWL.Server.csproj]
/app/TWL.Server/Simulation/Managers/EconomyManager.cs(141,20): warning CS8603: Possible null reference return. [/app/TWL.Server/TWL.Server.csproj]
/app/TWL.Server/Simulation/Networking/ServerCharacter.cs(494,39): warning CS8625: Cannot convert null literal to non-nullable reference type. [/app/TWL.Server/TWL.Server.csproj]
/app/TWL.Server/Simulation/Networking/ServerCharacter.cs(583,39): warning CS8625: Cannot convert null literal to non-nullable reference type. [/app/TWL.Server/TWL.Server.csproj]
/app/TWL.Server/Simulation/Managers/EconomyManager.cs(271,39): warning CS8601: Possible null reference assignment. [/app/TWL.Server/TWL.Server.csproj]
/app/TWL.Server/Simulation/Managers/EconomyManager.cs(362,23): warning CS8601: Possible null reference assignment. [/app/TWL.Server/TWL.Server.csproj]
/app/TWL.Server/Simulation/Managers/EconomyManager.cs(861,23): warning CS8618: Non-nullable property 'OrderId' must contain a non-null value when exiting constructor. Consider adding the 'required' modifier or declaring the property as nullable. [/app/TWL.Server/TWL.Server.csproj]
/app/TWL.Server/Simulation/Managers/EconomyManager.cs(863,23): warning CS8618: Non-nullable property 'ProductId' must contain a non-null value when exiting constructor. Consider adding the 'required' modifier or declaring the property as nullable. [/app/TWL.Server/TWL.Server.csproj]
/app/TWL.Server/Security/MovementValidationOptions.cs(21,50): warning CA1805: Member 'AllowDiagonalBoost' is explicitly initialized to its default value (https://learn.microsoft.com/dotnet/fundamentals/code-analysis/quality-rules/ca1805) [/app/TWL.Server/TWL.Server.csproj]
/app/TWL.Server/Security/ReplayGuardOptions.cs(34,42): warning CA1805: Member 'StrictMode' is explicitly initialized to its default value (https://learn.microsoft.com/dotnet/fundamentals/code-analysis/quality-rules/ca1805) [/app/TWL.Server/TWL.Server.csproj]
/app/TWL.Server/Persistence/Database/Entities/PlayerEntity.cs(30,16): warning CA1720: Identifier 'Int' contains type name (https://learn.microsoft.com/dotnet/fundamentals/code-analysis/quality-rules/ca1720) [/app/TWL.Server/TWL.Server.csproj]
/app/TWL.Server/Persistence/PlayerSaveData.cs(29,16): warning CA1720: Identifier 'Int' contains type name (https://learn.microsoft.com/dotnet/fundamentals/code-analysis/quality-rules/ca1720) [/app/TWL.Server/TWL.Server.csproj]
/app/TWL.Server/Persistence/Repositories/Queries/PlayerQueries.cs(103,16): warning CA1720: Identifier 'Int' contains type name (https://learn.microsoft.com/dotnet/fundamentals/code-analysis/quality-rules/ca1720) [/app/TWL.Server/TWL.Server.csproj]
/app/TWL.Server/Simulation/Networking/ServerCombatant.cs(22,31): warning CA1051: Do not declare visible instance fields (https://learn.microsoft.com/dotnet/fundamentals/code-analysis/quality-rules/ca1051) [/app/TWL.Server/TWL.Server.csproj]
/app/TWL.Server/Simulation/Networking/ServerCombatant.cs(25,19): warning CA1051: Do not declare visible instance fields (https://learn.microsoft.com/dotnet/fundamentals/code-analysis/quality-rules/ca1051) [/app/TWL.Server/TWL.Server.csproj]
/app/TWL.Server/Simulation/Networking/ServerCombatant.cs(26,19): warning CA1051: Do not declare visible instance fields (https://learn.microsoft.com/dotnet/fundamentals/code-analysis/quality-rules/ca1051) [/app/TWL.Server/TWL.Server.csproj]
/app/TWL.Server/Simulation/Networking/ServerCombatant.cs(21,51): warning CA1051: Do not declare visible instance fields (https://learn.microsoft.com/dotnet/fundamentals/code-analysis/quality-rules/ca1051) [/app/TWL.Server/TWL.Server.csproj]
/app/TWL.Server/Simulation/Networking/ServerCombatant.cs(48,16): warning CA1720: Identifier 'Int' contains type name (https://learn.microsoft.com/dotnet/fundamentals/code-analysis/quality-rules/ca1720) [/app/TWL.Server/TWL.Server.csproj]
/app/TWL.Server/Architecture/Pipeline/Mediator.cs(11,9): warning CA1510: Use 'ArgumentNullException.ThrowIfNull' instead of explicitly throwing a new exception instance (https://learn.microsoft.com/dotnet/fundamentals/code-analysis/quality-rules/ca1510) [/app/TWL.Server/TWL.Server.csproj]
/app/TWL.Server/Simulation/ServerWorker.cs(74,52): warning CA1725: In member Task ServerWorker.StartAsync(CancellationToken ct), change parameter name ct to cancellationToken in order to match the identifier as it has been declared in Task IHostedService.StartAsync(CancellationToken cancellationToken) (https://learn.microsoft.com/dotnet/fundamentals/code-analysis/quality-rules/ca1725) [/app/TWL.Server/TWL.Server.csproj]
/app/TWL.Server/Simulation/ServerWorker.cs(90,37): warning CA1873: Evaluation of this argument may be expensive and unnecessary if logging is disabled (https://learn.microsoft.com/dotnet/fundamentals/code-analysis/quality-rules/ca1873) [/app/TWL.Server/TWL.Server.csproj]
/app/TWL.Server/Services/WorldScheduler.cs(31,17): warning CA1816: Change WorldScheduler.Dispose() to call GC.SuppressFinalize(object). This will prevent derived types that introduce a finalizer from needing to re-implement 'IDisposable' to call it. (https://learn.microsoft.com/dotnet/fundamentals/code-analysis/quality-rules/ca1816) [/app/TWL.Server/TWL.Server.csproj]
/app/TWL.Server/Simulation/ServerWorker.cs(77,9): warning CA1848: For improved performance, use the LoggerMessage delegates instead of calling 'LoggerExtensions.LogInformation(ILogger, string?, params object?[])' (https://learn.microsoft.com/dotnet/fundamentals/code-analysis/quality-rules/ca1848) [/app/TWL.Server/TWL.Server.csproj]
/app/TWL.Server/Simulation/ServerWorker.cs(81,9): warning CA1848: For improved performance, use the LoggerMessage delegates instead of calling 'LoggerExtensions.LogInformation(ILogger, string?, params object?[])' (https://learn.microsoft.com/dotnet/fundamentals/code-analysis/quality-rules/ca1848) [/app/TWL.Server/TWL.Server.csproj]
/app/TWL.Server/Simulation/ServerWorker.cs(90,17): warning CA1848: For improved performance, use the LoggerMessage delegates instead of calling 'LoggerExtensions.LogInformation(ILogger, string?, params object?[])' (https://learn.microsoft.com/dotnet/fundamentals/code-analysis/quality-rules/ca1848) [/app/TWL.Server/TWL.Server.csproj]
/app/TWL.Server/Simulation/ServerWorker.cs(90,37): warning CA2254: The logging message template should not vary between calls to 'LoggerExtensions.LogInformation(ILogger, string?, params object?[])' (https://learn.microsoft.com/dotnet/fundamentals/code-analysis/quality-rules/ca2254) [/app/TWL.Server/TWL.Server.csproj]
/app/TWL.Server/Simulation/ServerWorker.cs(94,9): warning CA1848: For improved performance, use the LoggerMessage delegates instead of calling 'LoggerExtensions.LogInformation(ILogger, string?, params object?[])' (https://learn.microsoft.com/dotnet/fundamentals/code-analysis/quality-rules/ca1848) [/app/TWL.Server/TWL.Server.csproj]
/app/TWL.Server/Simulation/ServerWorker.cs(99,9): warning CA1848: For improved performance, use the LoggerMessage delegates instead of calling 'LoggerExtensions.LogInformation(ILogger, string?, params object?[])' (https://learn.microsoft.com/dotnet/fundamentals/code-analysis/quality-rules/ca1848) [/app/TWL.Server/TWL.Server.csproj]
/app/TWL.Server/Simulation/ServerWorker.cs(157,9): warning CA1848: For improved performance, use the LoggerMessage delegates instead of calling 'LoggerExtensions.LogInformation(ILogger, string?, params object?[])' (https://learn.microsoft.com/dotnet/fundamentals/code-analysis/quality-rules/ca1848) [/app/TWL.Server/TWL.Server.csproj]
/app/TWL.Server/Simulation/ServerWorker.cs(183,13): warning CA1848: For improved performance, use the LoggerMessage delegates instead of calling 'LoggerExtensions.LogWarning(ILogger, string?, params object?[])' (https://learn.microsoft.com/dotnet/fundamentals/code-analysis/quality-rules/ca1848) [/app/TWL.Server/TWL.Server.csproj]
/app/TWL.Server/Simulation/ServerWorker.cs(188,9): warning CA1848: For improved performance, use the LoggerMessage delegates instead of calling 'LoggerExtensions.LogInformation(ILogger, string?, params object?[])' (https://learn.microsoft.com/dotnet/fundamentals/code-analysis/quality-rules/ca1848) [/app/TWL.Server/TWL.Server.csproj]
/app/TWL.Server/Services/WorldScheduler.cs(58,9): warning CA1848: For improved performance, use the LoggerMessage delegates instead of calling 'LoggerExtensions.LogInformation(ILogger, string?, params object?[])' (https://learn.microsoft.com/dotnet/fundamentals/code-analysis/quality-rules/ca1848) [/app/TWL.Server/TWL.Server.csproj]
/app/TWL.Server/Services/SeedableRandomService.cs(22,13): warning CA1873: Evaluation of this argument may be expensive and unnecessary if logging is disabled (https://learn.microsoft.com/dotnet/fundamentals/code-analysis/quality-rules/ca1873) [/app/TWL.Server/TWL.Server.csproj]
/app/TWL.Server/Services/SeedableRandomService.cs(22,13): warning CA1848: For improved performance, use the LoggerMessage delegates instead of calling 'LoggerExtensions.LogInformation(ILogger, string?, params object?[])' (https://learn.microsoft.com/dotnet/fundamentals/code-analysis/quality-rules/ca1848) [/app/TWL.Server/TWL.Server.csproj]
/app/TWL.Server/Services/SeedableRandomService.cs(27,13): warning CA1848: For improved performance, use the LoggerMessage delegates instead of calling 'LoggerExtensions.LogInformation(ILogger, string?, params object?[])' (https://learn.microsoft.com/dotnet/fundamentals/code-analysis/quality-rules/ca1848) [/app/TWL.Server/TWL.Server.csproj]
/app/TWL.Server/Services/HealthCheckService.cs(61,9): warning CA1873: Evaluation of this argument may be expensive and unnecessary if logging is disabled (https://learn.microsoft.com/dotnet/fundamentals/code-analysis/quality-rules/ca1873) [/app/TWL.Server/TWL.Server.csproj]
/app/TWL.Server/Services/HealthCheckService.cs(61,9): warning CA1848: For improved performance, use the LoggerMessage delegates instead of calling 'LoggerExtensions.LogInformation(ILogger, string?, params object?[])' (https://learn.microsoft.com/dotnet/fundamentals/code-analysis/quality-rules/ca1848) [/app/TWL.Server/TWL.Server.csproj]
/app/TWL.Server/Services/InstanceService.cs(33,14): warning CA1854: Prefer a 'TryGetValue' call over a Dictionary indexer access guarded by a 'ContainsKey' check to avoid double lookup (https://learn.microsoft.com/dotnet/fundamentals/code-analysis/quality-rules/ca1854) [/app/TWL.Server/TWL.Server.csproj]
/app/TWL.Server/Services/WorldScheduler.cs(76,13): warning CA1848: For improved performance, use the LoggerMessage delegates instead of calling 'LoggerExtensions.LogWarning(ILogger, Exception?, string?, params object?[])' (https://learn.microsoft.com/dotnet/fundamentals/code-analysis/quality-rules/ca1848) [/app/TWL.Server/TWL.Server.csproj]
/app/TWL.Server/Services/WorldScheduler.cs(80,9): warning CA1848: For improved performance, use the LoggerMessage delegates instead of calling 'LoggerExtensions.LogInformation(ILogger, string?, params object?[])' (https://learn.microsoft.com/dotnet/fundamentals/code-analysis/quality-rules/ca1848) [/app/TWL.Server/TWL.Server.csproj]
/app/TWL.Server/Services/SeedableRandomService.cs(85,13): warning CA1873: Evaluation of this argument may be expensive and unnecessary if logging is disabled (https://learn.microsoft.com/dotnet/fundamentals/code-analysis/quality-rules/ca1873) [/app/TWL.Server/TWL.Server.csproj]
/app/TWL.Server/Services/HealthCheckService.cs(110,61): warning CA1869: Avoid creating a new 'JsonSerializerOptions' instance for every serialization operation. Cache and reuse instances instead. (https://learn.microsoft.com/dotnet/fundamentals/code-analysis/quality-rules/ca1869) [/app/TWL.Server/TWL.Server.csproj]
/app/TWL.Server/Services/HealthCheckService.cs(72,9): warning CA1848: For improved performance, use the LoggerMessage delegates instead of calling 'LoggerExtensions.LogInformation(ILogger, string?, params object?[])' (https://learn.microsoft.com/dotnet/fundamentals/code-analysis/quality-rules/ca1848) [/app/TWL.Server/TWL.Server.csproj]
/app/TWL.Server/Services/HealthCheckService.cs(107,21): warning CA1848: For improved performance, use the LoggerMessage delegates instead of calling 'LoggerExtensions.LogWarning(ILogger, string?, params object?[])' (https://learn.microsoft.com/dotnet/fundamentals/code-analysis/quality-rules/ca1848) [/app/TWL.Server/TWL.Server.csproj]
/app/TWL.Server/Services/HealthCheckService.cs(115,17): warning CA1848: For improved performance, use the LoggerMessage delegates instead of calling 'LoggerExtensions.LogError(ILogger, Exception?, string?, params object?[])' (https://learn.microsoft.com/dotnet/fundamentals/code-analysis/quality-rules/ca1848) [/app/TWL.Server/TWL.Server.csproj]
/app/TWL.Server/Services/SeedableRandomService.cs(85,13): warning CA1848: For improved performance, use the LoggerMessage delegates instead of calling 'LoggerExtensions.LogInformation(ILogger, string?, params object?[])' (https://learn.microsoft.com/dotnet/fundamentals/code-analysis/quality-rules/ca1848) [/app/TWL.Server/TWL.Server.csproj]
/app/TWL.Server/Services/SeedableRandomService.cs(89,13): warning CA1848: For improved performance, use the LoggerMessage delegates instead of calling 'LoggerExtensions.LogTrace(ILogger, string?, params object?[])' (https://learn.microsoft.com/dotnet/fundamentals/code-analysis/quality-rules/ca1848) [/app/TWL.Server/TWL.Server.csproj]
/app/TWL.Server/Services/InstanceService.cs(53,17): warning CA1822: Member 'StartInstance' does not access instance data and can be marked as static (https://learn.microsoft.com/dotnet/fundamentals/code-analysis/quality-rules/ca1822) [/app/TWL.Server/TWL.Server.csproj]
/app/TWL.Server/Persistence/Repositories/DbGuildRepository.cs(46,13): warning CA1848: For improved performance, use the LoggerMessage delegates instead of calling 'LoggerExtensions.LogError(ILogger, Exception?, string?, params object?[])' (https://learn.microsoft.com/dotnet/fundamentals/code-analysis/quality-rules/ca1848) [/app/TWL.Server/TWL.Server.csproj]
/app/TWL.Server/Services/InstanceService.cs(61,17): warning CA1822: Member 'CompleteInstance' does not access instance data and can be marked as static (https://learn.microsoft.com/dotnet/fundamentals/code-analysis/quality-rules/ca1822) [/app/TWL.Server/TWL.Server.csproj]
/app/TWL.Server/Services/InstanceService.cs(42,18): warning CA1822: Member 'CheckAndResetDailyLimits' does not access instance data and can be marked as static (https://learn.microsoft.com/dotnet/fundamentals/code-analysis/quality-rules/ca1822) [/app/TWL.Server/TWL.Server.csproj]
/app/TWL.Server/Services/World/WorldTriggerService.cs(38,9): warning CA1848: For improved performance, use the LoggerMessage delegates instead of calling 'LoggerExtensions.LogInformation(ILogger, string?, params object?[])' (https://learn.microsoft.com/dotnet/fundamentals/code-analysis/quality-rules/ca1848) [/app/TWL.Server/TWL.Server.csproj]
/app/TWL.Server/Services/World/WorldTriggerService.cs(73,33): warning CA1848: For improved performance, use the LoggerMessage delegates instead of calling 'LoggerExtensions.LogError(ILogger, Exception?, string?, params object?[])' (https://learn.microsoft.com/dotnet/fundamentals/code-analysis/quality-rules/ca1848) [/app/TWL.Server/TWL.Server.csproj]
/app/TWL.Server/Services/PetService.cs(150,9): warning CA1873: Evaluation of this argument may be expensive and unnecessary if logging is disabled (https://learn.microsoft.com/dotnet/fundamentals/code-analysis/quality-rules/ca1873) [/app/TWL.Server/TWL.Server.csproj]
/app/TWL.Server/Services/PetService.cs(67,13): warning CA1848: For improved performance, use the LoggerMessage delegates instead of calling 'LoggerExtensions.LogWarning(ILogger, string?, params object?[])' (https://learn.microsoft.com/dotnet/fundamentals/code-analysis/quality-rules/ca1848) [/app/TWL.Server/TWL.Server.csproj]
/app/TWL.Server/Services/PetService.cs(150,9): warning CA1848: For improved performance, use the LoggerMessage delegates instead of calling 'LoggerExtensions.LogInformation(ILogger, string?, params object?[])' (https://learn.microsoft.com/dotnet/fundamentals/code-analysis/quality-rules/ca1848) [/app/TWL.Server/TWL.Server.csproj]
/app/TWL.Server/Services/PetService.cs(199,13): warning CA1873: Evaluation of this argument may be expensive and unnecessary if logging is disabled (https://learn.microsoft.com/dotnet/fundamentals/code-analysis/quality-rules/ca1873) [/app/TWL.Server/TWL.Server.csproj]
/app/TWL.Server/Services/PetService.cs(206,13): warning CA1873: Evaluation of this argument may be expensive and unnecessary if logging is disabled (https://learn.microsoft.com/dotnet/fundamentals/code-analysis/quality-rules/ca1873) [/app/TWL.Server/TWL.Server.csproj]
/app/TWL.Server/Services/PetService.cs(213,13): warning CA1873: Evaluation of this argument may be expensive and unnecessary if logging is disabled (https://learn.microsoft.com/dotnet/fundamentals/code-analysis/quality-rules/ca1873) [/app/TWL.Server/TWL.Server.csproj]
/app/TWL.Server/Services/PetService.cs(199,13): warning CA1848: For improved performance, use the LoggerMessage delegates instead of calling 'LoggerExtensions.LogInformation(ILogger, string?, params object?[])' (https://learn.microsoft.com/dotnet/fundamentals/code-analysis/quality-rules/ca1848) [/app/TWL.Server/TWL.Server.csproj]
/app/TWL.Server/Services/PetService.cs(206,13): warning CA1848: For improved performance, use the LoggerMessage delegates instead of calling 'LoggerExtensions.LogInformation(ILogger, string?, params object?[])' (https://learn.microsoft.com/dotnet/fundamentals/code-analysis/quality-rules/ca1848) [/app/TWL.Server/TWL.Server.csproj]
/app/TWL.Server/Services/PetService.cs(213,13): warning CA1848: For improved performance, use the LoggerMessage delegates instead of calling 'LoggerExtensions.LogInformation(ILogger, string?, params object?[])' (https://learn.microsoft.com/dotnet/fundamentals/code-analysis/quality-rules/ca1848) [/app/TWL.Server/TWL.Server.csproj]
/app/TWL.Server/Services/PetService.cs(236,9): warning CA1873: Evaluation of this argument may be expensive and unnecessary if logging is disabled (https://learn.microsoft.com/dotnet/fundamentals/code-analysis/quality-rules/ca1873) [/app/TWL.Server/TWL.Server.csproj]
/app/TWL.Server/Services/PetService.cs(236,9): warning CA1848: For improved performance, use the LoggerMessage delegates instead of calling 'LoggerExtensions.LogInformation(ILogger, string?, params object?[])' (https://learn.microsoft.com/dotnet/fundamentals/code-analysis/quality-rules/ca1848) [/app/TWL.Server/TWL.Server.csproj]
/app/TWL.Server/Services/World/WorldTriggerService.cs(122,21): warning CA1873: Evaluation of this argument may be expensive and unnecessary if logging is disabled (https://learn.microsoft.com/dotnet/fundamentals/code-analysis/quality-rules/ca1873) [/app/TWL.Server/TWL.Server.csproj]
/app/TWL.Server/Services/World/WorldTriggerService.cs(122,21): warning CA1848: For improved performance, use the LoggerMessage delegates instead of calling 'LoggerExtensions.LogDebug(ILogger, string?, params object?[])' (https://learn.microsoft.com/dotnet/fundamentals/code-analysis/quality-rules/ca1848) [/app/TWL.Server/TWL.Server.csproj]
/app/TWL.Server/Services/World/Handlers/DamageTriggerHandler.cs(51,17): warning CA1873: Evaluation of this argument may be expensive and unnecessary if logging is disabled (https://learn.microsoft.com/dotnet/fundamentals/code-analysis/quality-rules/ca1873) [/app/TWL.Server/TWL.Server.csproj]
/app/TWL.Server/Services/World/Handlers/DamageTriggerHandler.cs(51,17): warning CA1848: For improved performance, use the LoggerMessage delegates instead of calling 'LoggerExtensions.LogDebug(ILogger, string?, params object?[])' (https://learn.microsoft.com/dotnet/fundamentals/code-analysis/quality-rules/ca1848) [/app/TWL.Server/TWL.Server.csproj]
/app/TWL.Server/Services/PetService.cs(266,9): warning CA1873: Evaluation of this argument may be expensive and unnecessary if logging is disabled (https://learn.microsoft.com/dotnet/fundamentals/code-analysis/quality-rules/ca1873) [/app/TWL.Server/TWL.Server.csproj]
/app/TWL.Server/Services/PetService.cs(266,9): warning CA1848: For improved performance, use the LoggerMessage delegates instead of calling 'LoggerExtensions.LogInformation(ILogger, string?, params object?[])' (https://learn.microsoft.com/dotnet/fundamentals/code-analysis/quality-rules/ca1848) [/app/TWL.Server/TWL.Server.csproj]
/app/TWL.Server/Services/PetService.cs(293,14): warning CA1873: Evaluation of this argument may be expensive and unnecessary if logging is disabled (https://learn.microsoft.com/dotnet/fundamentals/code-analysis/quality-rules/ca1873) [/app/TWL.Server/TWL.Server.csproj]
/app/TWL.Server/Services/PetService.cs(287,13): warning CA1848: For improved performance, use the LoggerMessage delegates instead of calling 'LoggerExtensions.LogWarning(ILogger, string?, params object?[])' (https://learn.microsoft.com/dotnet/fundamentals/code-analysis/quality-rules/ca1848) [/app/TWL.Server/TWL.Server.csproj]
/app/TWL.Server/Services/PetService.cs(293,14): warning CA1848: For improved performance, use the LoggerMessage delegates instead of calling 'LoggerExtensions.LogInformation(ILogger, string?, params object?[])' (https://learn.microsoft.com/dotnet/fundamentals/code-analysis/quality-rules/ca1848) [/app/TWL.Server/TWL.Server.csproj]
/app/TWL.Server/Services/World/Actions/Handlers/EnterInstanceActionHandler.cs(40,115): warning CA1869: Avoid creating a new 'JsonSerializerOptions' instance for every serialization operation. Cache and reuse instances instead. (https://learn.microsoft.com/dotnet/fundamentals/code-analysis/quality-rules/ca1869) [/app/TWL.Server/TWL.Server.csproj]
/app/TWL.Server/Services/World/WorldTriggerService.cs(159,13): warning CA1873: Evaluation of this argument may be expensive and unnecessary if logging is disabled (https://learn.microsoft.com/dotnet/fundamentals/code-analysis/quality-rules/ca1873) [/app/TWL.Server/TWL.Server.csproj]
/app/TWL.Server/Services/World/WorldTriggerService.cs(159,13): warning CA1848: For improved performance, use the LoggerMessage delegates instead of calling 'LoggerExtensions.LogDebug(ILogger, string?, params object?[])' (https://learn.microsoft.com/dotnet/fundamentals/code-analysis/quality-rules/ca1848) [/app/TWL.Server/TWL.Server.csproj]
/app/TWL.Server/Simulation/ServerWorker.cs(194,51): warning CA1725: In member Task ServerWorker.StopAsync(CancellationToken ct), change parameter name ct to cancellationToken in order to match the identifier as it has been declared in Task IHostedService.StopAsync(CancellationToken cancellationToken) (https://learn.microsoft.com/dotnet/fundamentals/code-analysis/quality-rules/ca1725) [/app/TWL.Server/TWL.Server.csproj]
/app/TWL.Server/Simulation/ServerWorker.cs(222,9): warning CA1873: Evaluation of this argument may be expensive and unnecessary if logging is disabled (https://learn.microsoft.com/dotnet/fundamentals/code-analysis/quality-rules/ca1873) [/app/TWL.Server/TWL.Server.csproj]
/app/TWL.Server/Simulation/ServerWorker.cs(197,9): warning CA1848: For improved performance, use the LoggerMessage delegates instead of calling 'LoggerExtensions.LogInformation(ILogger, string?, params object?[])' (https://learn.microsoft.com/dotnet/fundamentals/code-analysis/quality-rules/ca1848) [/app/TWL.Server/TWL.Server.csproj]
/app/TWL.Server/Simulation/ServerWorker.cs(201,9): warning CA1848: For improved performance, use the LoggerMessage delegates instead of calling 'LoggerExtensions.LogInformation(ILogger, string?, params object?[])' (https://learn.microsoft.com/dotnet/fundamentals/code-analysis/quality-rules/ca1848) [/app/TWL.Server/TWL.Server.csproj]
/app/TWL.Server/Simulation/ServerWorker.cs(210,9): warning CA1848: For improved performance, use the LoggerMessage delegates instead of calling 'LoggerExtensions.LogInformation(ILogger, string?, params object?[])' (https://learn.microsoft.com/dotnet/fundamentals/code-analysis/quality-rules/ca1848) [/app/TWL.Server/TWL.Server.csproj]
/app/TWL.Server/Simulation/ServerWorker.cs(222,9): warning CA1848: For improved performance, use the LoggerMessage delegates instead of calling 'LoggerExtensions.LogInformation(ILogger, string?, params object?[])' (https://learn.microsoft.com/dotnet/fundamentals/code-analysis/quality-rules/ca1848) [/app/TWL.Server/TWL.Server.csproj]
/app/TWL.Server/Persistence/Repositories/DbPlayerRepository.cs(112,13): warning CA1848: For improved performance, use the LoggerMessage delegates instead of calling 'LoggerExtensions.LogError(ILogger, Exception?, string?, params object?[])' (https://learn.microsoft.com/dotnet/fundamentals/code-analysis/quality-rules/ca1848) [/app/TWL.Server/TWL.Server.csproj]
/app/TWL.Server/Services/PetService.cs(327,13): warning CA1873: Evaluation of this argument may be expensive and unnecessary if logging is disabled (https://learn.microsoft.com/dotnet/fundamentals/code-analysis/quality-rules/ca1873) [/app/TWL.Server/TWL.Server.csproj]
/app/TWL.Server/Services/PetService.cs(310,13): warning CA1848: For improved performance, use the LoggerMessage delegates instead of calling 'LoggerExtensions.LogWarning(ILogger, string?, params object?[])' (https://learn.microsoft.com/dotnet/fundamentals/code-analysis/quality-rules/ca1848) [/app/TWL.Server/TWL.Server.csproj]
/app/TWL.Server/Services/PetService.cs(327,13): warning CA1848: For improved performance, use the LoggerMessage delegates instead of calling 'LoggerExtensions.LogInformation(ILogger, string?, params object?[])' (https://learn.microsoft.com/dotnet/fundamentals/code-analysis/quality-rules/ca1848) [/app/TWL.Server/TWL.Server.csproj]
/app/TWL.Server/Services/World/WorldTriggerService.cs(195,13): warning CA1873: Evaluation of this argument may be expensive and unnecessary if logging is disabled (https://learn.microsoft.com/dotnet/fundamentals/code-analysis/quality-rules/ca1873) [/app/TWL.Server/TWL.Server.csproj]
/app/TWL.Server/Services/World/WorldTriggerService.cs(195,13): warning CA1848: For improved performance, use the LoggerMessage delegates instead of calling 'LoggerExtensions.LogDebug(ILogger, string?, params object?[])' (https://learn.microsoft.com/dotnet/fundamentals/code-analysis/quality-rules/ca1848) [/app/TWL.Server/TWL.Server.csproj]
/app/TWL.Server/Persistence/Repositories/DbGuildRepository.cs(62,13): warning CA1848: For improved performance, use the LoggerMessage delegates instead of calling 'LoggerExtensions.LogError(ILogger, Exception?, string?, params object?[])' (https://learn.microsoft.com/dotnet/fundamentals/code-analysis/quality-rules/ca1848) [/app/TWL.Server/TWL.Server.csproj]
/app/TWL.Server/Persistence/Repositories/DbGuildRepository.cs(78,13): warning CA1848: For improved performance, use the LoggerMessage delegates instead of calling 'LoggerExtensions.LogError(ILogger, Exception?, string?, params object?[])' (https://learn.microsoft.com/dotnet/fundamentals/code-analysis/quality-rules/ca1848) [/app/TWL.Server/TWL.Server.csproj]
/app/TWL.Server/Simulation/Networking/ClientSession.cs(201,34): warning CA1835: Change the 'ReadAsync' method call to use the 'Stream.ReadAsync(Memory<byte>, CancellationToken)' overload (https://learn.microsoft.com/dotnet/fundamentals/code-analysis/quality-rules/ca1835) [/app/TWL.Server/TWL.Server.csproj]
/app/TWL.Server/Services/PetService.cs(401,14): warning CA1873: Evaluation of this argument may be expensive and unnecessary if logging is disabled (https://learn.microsoft.com/dotnet/fundamentals/code-analysis/quality-rules/ca1873) [/app/TWL.Server/TWL.Server.csproj]
/app/TWL.Server/Services/PetService.cs(401,14): warning CA1848: For improved performance, use the LoggerMessage delegates instead of calling 'LoggerExtensions.LogInformation(ILogger, string?, params object?[])' (https://learn.microsoft.com/dotnet/fundamentals/code-analysis/quality-rules/ca1848) [/app/TWL.Server/TWL.Server.csproj]
/app/TWL.Server/Persistence/Repositories/DbPlayerRepository.cs(135,13): warning CA1848: For improved performance, use the LoggerMessage delegates instead of calling 'LoggerExtensions.LogError(ILogger, Exception?, string?, params object?[])' (https://learn.microsoft.com/dotnet/fundamentals/code-analysis/quality-rules/ca1848) [/app/TWL.Server/TWL.Server.csproj]
/app/TWL.Server/Services/WorldScheduler.cs(162,21): warning CA1848: For improved performance, use the LoggerMessage delegates instead of calling 'LoggerExtensions.LogError(ILogger, Exception?, string?, params object?[])' (https://learn.microsoft.com/dotnet/fundamentals/code-analysis/quality-rules/ca1848) [/app/TWL.Server/TWL.Server.csproj]
/app/TWL.Server/Services/WorldScheduler.cs(172,17): warning CA1848: For improved performance, use the LoggerMessage delegates instead of calling 'LoggerExtensions.LogWarning(ILogger, string?, params object?[])' (https://learn.microsoft.com/dotnet/fundamentals/code-analysis/quality-rules/ca1848) [/app/TWL.Server/TWL.Server.csproj]
/app/TWL.Server/Services/PetService.cs(512,21): warning CA1873: Evaluation of this argument may be expensive and unnecessary if logging is disabled (https://learn.microsoft.com/dotnet/fundamentals/code-analysis/quality-rules/ca1873) [/app/TWL.Server/TWL.Server.csproj]
/app/TWL.Server/Services/PetService.cs(526,9): warning CA1873: Evaluation of this argument may be expensive and unnecessary if logging is disabled (https://learn.microsoft.com/dotnet/fundamentals/code-analysis/quality-rules/ca1873) [/app/TWL.Server/TWL.Server.csproj]
/app/TWL.Server/Services/PetService.cs(512,21): warning CA1848: For improved performance, use the LoggerMessage delegates instead of calling 'LoggerExtensions.LogInformation(ILogger, string?, params object?[])' (https://learn.microsoft.com/dotnet/fundamentals/code-analysis/quality-rules/ca1848) [/app/TWL.Server/TWL.Server.csproj]
/app/TWL.Server/Services/PetService.cs(526,9): warning CA1848: For improved performance, use the LoggerMessage delegates instead of calling 'LoggerExtensions.LogInformation(ILogger, string?, params object?[])' (https://learn.microsoft.com/dotnet/fundamentals/code-analysis/quality-rules/ca1848) [/app/TWL.Server/TWL.Server.csproj]
/app/TWL.Server/Services/WorldScheduler.cs(218,13): warning CA1848: For improved performance, use the LoggerMessage delegates instead of calling 'LoggerExtensions.LogError(ILogger, Exception?, string?, params object?[])' (https://learn.microsoft.com/dotnet/fundamentals/code-analysis/quality-rules/ca1848) [/app/TWL.Server/TWL.Server.csproj]
/app/TWL.Server/Services/WorldScheduler.cs(231,13): warning CA1848: For improved performance, use the LoggerMessage delegates instead of calling 'LoggerExtensions.LogWarning(ILogger, string?, params object?[])' (https://learn.microsoft.com/dotnet/fundamentals/code-analysis/quality-rules/ca1848) [/app/TWL.Server/TWL.Server.csproj]
/app/TWL.Server/Persistence/Repositories/DbPlayerRepository.cs(146,14): warning CA1860: Prefer comparing 'Count' to 0 rather than using 'Any()', both for clarity and for performance (https://learn.microsoft.com/dotnet/fundamentals/code-analysis/quality-rules/ca1860) [/app/TWL.Server/TWL.Server.csproj]
/app/TWL.Server/Persistence/Repositories/DbPlayerRepository.cs(158,13): warning CA1848: For improved performance, use the LoggerMessage delegates instead of calling 'LoggerExtensions.LogError(ILogger, Exception?, string?, params object?[])' (https://learn.microsoft.com/dotnet/fundamentals/code-analysis/quality-rules/ca1848) [/app/TWL.Server/TWL.Server.csproj]
/app/TWL.Server/Persistence/Repositories/DbGuildRepository.cs(110,13): warning CA1848: For improved performance, use the LoggerMessage delegates instead of calling 'LoggerExtensions.LogWarning(ILogger, Exception?, string?, params object?[])' (https://learn.microsoft.com/dotnet/fundamentals/code-analysis/quality-rules/ca1848) [/app/TWL.Server/TWL.Server.csproj]
/app/TWL.Server/Persistence/Repositories/DbGuildRepository.cs(115,13): warning CA1848: For improved performance, use the LoggerMessage delegates instead of calling 'LoggerExtensions.LogError(ILogger, Exception?, string?, params object?[])' (https://learn.microsoft.com/dotnet/fundamentals/code-analysis/quality-rules/ca1848) [/app/TWL.Server/TWL.Server.csproj]
/app/TWL.Server/Services/PetService.cs(582,13): warning CA1873: Evaluation of this argument may be expensive and unnecessary if logging is disabled (https://learn.microsoft.com/dotnet/fundamentals/code-analysis/quality-rules/ca1873) [/app/TWL.Server/TWL.Server.csproj]
/app/TWL.Server/Services/PetService.cs(582,13): warning CA1848: For improved performance, use the LoggerMessage delegates instead of calling 'LoggerExtensions.LogInformation(ILogger, string?, params object?[])' (https://learn.microsoft.com/dotnet/fundamentals/code-analysis/quality-rules/ca1848) [/app/TWL.Server/TWL.Server.csproj]
/app/TWL.Server/Persistence/Repositories/DbGuildRepository.cs(134,13): warning CA1848: For improved performance, use the LoggerMessage delegates instead of calling 'LoggerExtensions.LogError(ILogger, Exception?, string?, params object?[])' (https://learn.microsoft.com/dotnet/fundamentals/code-analysis/quality-rules/ca1848) [/app/TWL.Server/TWL.Server.csproj]
/app/TWL.Server/Services/WorldScheduler.cs(281,17): warning CA1848: For improved performance, use the LoggerMessage delegates instead of calling 'LoggerExtensions.LogError(ILogger, Exception?, string?, params object?[])' (https://learn.microsoft.com/dotnet/fundamentals/code-analysis/quality-rules/ca1848) [/app/TWL.Server/TWL.Server.csproj]
/app/TWL.Server/Services/WorldScheduler.cs(288,17): warning CA1848: For improved performance, use the LoggerMessage delegates instead of calling 'LoggerExtensions.LogWarning(ILogger, string?, params object?[])' (https://learn.microsoft.com/dotnet/fundamentals/code-analysis/quality-rules/ca1848) [/app/TWL.Server/TWL.Server.csproj]
/app/TWL.Server/Simulation/Networking/ServerPet.cs(413,13): warning CA1868: Do not guard 'List.Remove(int)' with 'List.Contains(int)' (https://learn.microsoft.com/dotnet/fundamentals/code-analysis/quality-rules/ca1868) [/app/TWL.Server/TWL.Server.csproj]
/app/TWL.Server/Simulation/Managers/TradeSessionManager.cs(63,20): warning CA1822: Member 'GetSessionKey' does not access instance data and can be marked as static (https://learn.microsoft.com/dotnet/fundamentals/code-analysis/quality-rules/ca1822) [/app/TWL.Server/TWL.Server.csproj]
/app/TWL.Server/Persistence/Services/PlayerService.cs(18,14): warning CA1001: Type 'PlayerService' owns disposable field(s) '_cts' but is not disposable (https://learn.microsoft.com/dotnet/fundamentals/code-analysis/quality-rules/ca1001) [/app/TWL.Server/TWL.Server.csproj]
/app/TWL.Server/Simulation/Networking/ClientSession.cs(569,47): warning CA1310: The behavior of 'string.StartsWith(string)' could vary based on the current user's locale settings. Replace this call in 'TWL.Server.Simulation.Networking.ClientSession.HandlePurchaseGemsIntentAsync(string, string)' with a call to 'string.StartsWith(string, System.StringComparison)'. (https://learn.microsoft.com/dotnet/fundamentals/code-analysis/quality-rules/ca1310) [/app/TWL.Server/TWL.Server.csproj]
/app/TWL.Server/Simulation/Managers/AutoBattleManager.cs(173,25): warning CA1860: Prefer comparing 'Count' to 0 rather than using 'Any()', both for clarity and for performance (https://learn.microsoft.com/dotnet/fundamentals/code-analysis/quality-rules/ca1860) [/app/TWL.Server/TWL.Server.csproj]
/app/TWL.Server/Simulation/Managers/AutoBattleManager.cs(252,19): warning CA1822: Member 'GetElementAdvantage' does not access instance data and can be marked as static (https://learn.microsoft.com/dotnet/fundamentals/code-analysis/quality-rules/ca1822) [/app/TWL.Server/TWL.Server.csproj]
/app/TWL.Server/Simulation/Managers/AutoBattleManager.cs(341,18): warning CA1822: Member 'HasConflictingBuff' does not access instance data and can be marked as static (https://learn.microsoft.com/dotnet/fundamentals/code-analysis/quality-rules/ca1822) [/app/TWL.Server/TWL.Server.csproj]
/app/TWL.Server/Persistence/Database/DbService.cs(150,16): warning CA1305: The behavior of 'Convert.ToInt32(object)' could vary based on the current user's locale settings. Replace this call in 'DbService.CheckLoginAsync(string, string)' with a call to 'Convert.ToInt32(object, IFormatProvider)'. (https://learn.microsoft.com/dotnet/fundamentals/code-analysis/quality-rules/ca1305) [/app/TWL.Server/TWL.Server.csproj]
/app/TWL.Server/Simulation/Networking/ClientSession.cs(1154,15): warning CA1835: Change the 'WriteAsync' method call to use the 'Stream.WriteAsync(ReadOnlyMemory<byte>, CancellationToken)' overload (https://learn.microsoft.com/dotnet/fundamentals/code-analysis/quality-rules/ca1835) [/app/TWL.Server/TWL.Server.csproj]
/app/TWL.Server/Services/World/MapRegistry.cs(92,9): warning CA1873: Evaluation of this argument may be expensive and unnecessary if logging is disabled (https://learn.microsoft.com/dotnet/fundamentals/code-analysis/quality-rules/ca1873) [/app/TWL.Server/TWL.Server.csproj]
/app/TWL.Server/Services/World/MapRegistry.cs(67,13): warning CA1848: For improved performance, use the LoggerMessage delegates instead of calling 'LoggerExtensions.LogWarning(ILogger, string?, params object?[])' (https://learn.microsoft.com/dotnet/fundamentals/code-analysis/quality-rules/ca1848) [/app/TWL.Server/TWL.Server.csproj]
/app/TWL.Server/Services/World/MapRegistry.cs(81,21): warning CA1848: For improved performance, use the LoggerMessage delegates instead of calling 'LoggerExtensions.LogWarning(ILogger, string?, params object?[])' (https://learn.microsoft.com/dotnet/fundamentals/code-analysis/quality-rules/ca1848) [/app/TWL.Server/TWL.Server.csproj]
/app/TWL.Server/Services/World/MapRegistry.cs(88,17): warning CA1848: For improved performance, use the LoggerMessage delegates instead of calling 'LoggerExtensions.LogError(ILogger, Exception?, string?, params object?[])' (https://learn.microsoft.com/dotnet/fundamentals/code-analysis/quality-rules/ca1848) [/app/TWL.Server/TWL.Server.csproj]
/app/TWL.Server/Services/World/MapRegistry.cs(92,9): warning CA1848: For improved performance, use the LoggerMessage delegates instead of calling 'LoggerExtensions.LogInformation(ILogger, string?, params object?[])' (https://learn.microsoft.com/dotnet/fundamentals/code-analysis/quality-rules/ca1848) [/app/TWL.Server/TWL.Server.csproj]
/app/TWL.Server/Services/World/MapLoader.cs(32,19): warning CA2201: Exception type System.Exception is not sufficiently specific (https://learn.microsoft.com/dotnet/fundamentals/code-analysis/quality-rules/ca2201) [/app/TWL.Server/TWL.Server.csproj]
/app/TWL.Server/Services/World/MapLoader.cs(38,19): warning CA2201: Exception type System.Exception is not sufficiently specific (https://learn.microsoft.com/dotnet/fundamentals/code-analysis/quality-rules/ca2201) [/app/TWL.Server/TWL.Server.csproj]
/app/TWL.Server/Services/World/MapLoader.cs(84,17): warning CA1848: For improved performance, use the LoggerMessage delegates instead of calling 'LoggerExtensions.LogWarning(ILogger, Exception?, string?, params object?[])' (https://learn.microsoft.com/dotnet/fundamentals/code-analysis/quality-rules/ca1848) [/app/TWL.Server/TWL.Server.csproj]
/app/TWL.Server/Services/World/MapLoader.cs(89,13): warning CA1848: For improved performance, use the LoggerMessage delegates instead of calling 'LoggerExtensions.LogWarning(ILogger, string?, params object?[])' (https://learn.microsoft.com/dotnet/fundamentals/code-analysis/quality-rules/ca1848) [/app/TWL.Server/TWL.Server.csproj]
/app/TWL.Server/Services/World/MapLoader.cs(204,35): warning CA1866: Use 'string.StartsWith(char)' instead of 'string.StartsWith(string)' when you have a string with a single char (https://learn.microsoft.com/dotnet/fundamentals/code-analysis/quality-rules/ca1866) [/app/TWL.Server/TWL.Server.csproj]
/app/TWL.Server/Simulation/Managers/TradeManager.cs(11,17): warning CA1822: Member 'ValidateTransfer' does not access instance data and can be marked as static (https://learn.microsoft.com/dotnet/fundamentals/code-analysis/quality-rules/ca1822) [/app/TWL.Server/TWL.Server.csproj]
/app/TWL.Server/Services/World/MapLoader.cs(204,17): warning CA1310: The behavior of 'string.StartsWith(string)' could vary based on the current user's locale settings. Replace this call in 'TWL.Server.Services.World.MapLoader.ParseTrigger(System.Xml.Linq.XElement)' with a call to 'string.StartsWith(string, System.StringComparison)'. (https://learn.microsoft.com/dotnet/fundamentals/code-analysis/quality-rules/ca1310) [/app/TWL.Server/TWL.Server.csproj]
/app/TWL.Server/Simulation/Managers/StandardCombatResolver.cs(87,19): warning CA1822: Member 'GetStatValue' does not access instance data and can be marked as static (https://learn.microsoft.com/dotnet/fundamentals/code-analysis/quality-rules/ca1822) [/app/TWL.Server/TWL.Server.csproj]
/app/TWL.Server/Simulation/Managers/StandardCombatResolver.cs(105,19): warning CA1822: Member 'GetElementalMultiplier' does not access instance data and can be marked as static (https://learn.microsoft.com/dotnet/fundamentals/code-analysis/quality-rules/ca1822) [/app/TWL.Server/TWL.Server.csproj]
/app/TWL.Server/Services/World/MapLoader.cs(294,40): warning CA1822: Member 'ParseProperties' does not access instance data and can be marked as static (https://learn.microsoft.com/dotnet/fundamentals/code-analysis/quality-rules/ca1822) [/app/TWL.Server/TWL.Server.csproj]
/app/TWL.Server/Simulation/Managers/ServerMetrics.cs(197,23): warning CA1311: Specify a culture or use an invariant version to avoid implicit dependency on current culture (https://learn.microsoft.com/dotnet/fundamentals/code-analysis/quality-rules/ca1311) [/app/TWL.Server/TWL.Server.csproj]
/app/TWL.Server/Simulation/Managers/ServerMetrics.cs(197,17): warning CA1304: The behavior of 'string.ToLower()' could vary based on the current user's locale settings. Replace this call in 'ServerMetrics.RecordPipelineStageLatency(string, long)' with a call to 'string.ToLower(CultureInfo)'. (https://learn.microsoft.com/dotnet/fundamentals/code-analysis/quality-rules/ca1304) [/app/TWL.Server/TWL.Server.csproj]
/app/TWL.Server/Simulation/Managers/RebirthManager.cs(38,17): warning CA1873: Evaluation of this argument may be expensive and unnecessary if logging is disabled (https://learn.microsoft.com/dotnet/fundamentals/code-analysis/quality-rules/ca1873) [/app/TWL.Server/TWL.Server.csproj]
/app/TWL.Server/Simulation/Managers/RebirthManager.cs(34,87): warning CA1869: Avoid creating a new 'JsonSerializerOptions' instance for every serialization operation. Cache and reuse instances instead. (https://learn.microsoft.com/dotnet/fundamentals/code-analysis/quality-rules/ca1869) [/app/TWL.Server/TWL.Server.csproj]
/app/TWL.Server/Simulation/Managers/RebirthManager.cs(38,17): warning CA1848: For improved performance, use the LoggerMessage delegates instead of calling 'LoggerExtensions.LogInformation(ILogger, string?, params object?[])' (https://learn.microsoft.com/dotnet/fundamentals/code-analysis/quality-rules/ca1848) [/app/TWL.Server/TWL.Server.csproj]
/app/TWL.Server/Simulation/Managers/RebirthManager.cs(43,13): warning CA1848: For improved performance, use the LoggerMessage delegates instead of calling 'LoggerExtensions.LogError(ILogger, Exception?, string?, params object?[])' (https://learn.microsoft.com/dotnet/fundamentals/code-analysis/quality-rules/ca1848) [/app/TWL.Server/TWL.Server.csproj]
/app/TWL.Server/Simulation/Managers/SpawnManager.cs(609,18): warning CA1822: Member 'MoveTowards' does not access instance data and can be marked as static (https://learn.microsoft.com/dotnet/fundamentals/code-analysis/quality-rules/ca1822) [/app/TWL.Server/TWL.Server.csproj]
/app/TWL.Server/Simulation/Managers/RebirthManager.cs(194,17): warning CA1873: Evaluation of this argument may be expensive and unnecessary if logging is disabled (https://learn.microsoft.com/dotnet/fundamentals/code-analysis/quality-rules/ca1873) [/app/TWL.Server/TWL.Server.csproj]
/app/TWL.Server/Simulation/Managers/RebirthManager.cs(222,9): warning CA1848: For improved performance, use the LoggerMessage delegates instead of calling 'LoggerExtensions.LogWarning(ILogger, string?, params object?[])' (https://learn.microsoft.com/dotnet/fundamentals/code-analysis/quality-rules/ca1848) [/app/TWL.Server/TWL.Server.csproj]
/app/TWL.Server/Simulation/Managers/RebirthManager.cs(194,17): warning CA1848: For improved performance, use the LoggerMessage delegates instead of calling 'LoggerExtensions.LogInformation(ILogger, string?, params object?[])' (https://learn.microsoft.com/dotnet/fundamentals/code-analysis/quality-rules/ca1848) [/app/TWL.Server/TWL.Server.csproj]
/app/TWL.Server/Simulation/Managers/RebirthManager.cs(212,17): warning CA1848: For improved performance, use the LoggerMessage delegates instead of calling 'LoggerExtensions.LogError(ILogger, Exception?, string?, params object?[])' (https://learn.microsoft.com/dotnet/fundamentals/code-analysis/quality-rules/ca1848) [/app/TWL.Server/TWL.Server.csproj]
/app/TWL.Server/Simulation/Managers/PetBattlePolicy.cs(32,13): warning CA1873: Evaluation of this argument may be expensive and unnecessary if logging is disabled (https://learn.microsoft.com/dotnet/fundamentals/code-analysis/quality-rules/ca1873) [/app/TWL.Server/TWL.Server.csproj]
/app/TWL.Server/Simulation/Managers/PetBattlePolicy.cs(32,13): warning CA1848: For improved performance, use the LoggerMessage delegates instead of calling 'LoggerExtensions.LogDebug(ILogger, string?, params object?[])' (https://learn.microsoft.com/dotnet/fundamentals/code-analysis/quality-rules/ca1848) [/app/TWL.Server/TWL.Server.csproj]
/app/TWL.Server/Simulation/Managers/PetBattlePolicy.cs(37,13): warning CA1848: For improved performance, use the LoggerMessage delegates instead of calling 'LoggerExtensions.LogWarning(ILogger, string?, params object?[])' (https://learn.microsoft.com/dotnet/fundamentals/code-analysis/quality-rules/ca1848) [/app/TWL.Server/TWL.Server.csproj]
/app/TWL.Server/Simulation/Managers/PetGrowthCalculator.cs(10,30): warning CA1707: In member TWL.Server.Simulation.Managers.PetGrowthCalculator.CalculateStats(TWL.Shared.Domain.Characters.PetDefinition, int, out int, out int, out int, out int, out int, out int, out int), remove the underscores from parameter name int_ (https://learn.microsoft.com/dotnet/fundamentals/code-analysis/quality-rules/ca1707) [/app/TWL.Server/TWL.Server.csproj]
/app/TWL.Server/Simulation/Managers/PetGrowthCalculator.cs(12,9): warning CA1510: Use 'ArgumentNullException.ThrowIfNull' instead of explicitly throwing a new exception instance (https://learn.microsoft.com/dotnet/fundamentals/code-analysis/quality-rules/ca1510) [/app/TWL.Server/TWL.Server.csproj]
/app/TWL.Server/Simulation/Managers/PartyRewardDistributor.cs(172,18): warning CA1822: Member 'IsWithinRange' does not access instance data and can be marked as static (https://learn.microsoft.com/dotnet/fundamentals/code-analysis/quality-rules/ca1822) [/app/TWL.Server/TWL.Server.csproj]
/app/TWL.Server/Simulation/Managers/PartyRewardDistributor.cs(141,29): warning CA1822: Member 'GetNextLootRecipient' does not access instance data and can be marked as static (https://learn.microsoft.com/dotnet/fundamentals/code-analysis/quality-rules/ca1822) [/app/TWL.Server/TWL.Server.csproj]
/app/TWL.Server/Simulation/Managers/MarketListingScheduler.cs(26,9): warning CA1848: For improved performance, use the LoggerMessage delegates instead of calling 'LoggerExtensions.LogInformation(ILogger, string?, params object?[])' (https://learn.microsoft.com/dotnet/fundamentals/code-analysis/quality-rules/ca1848) [/app/TWL.Server/TWL.Server.csproj]
/app/TWL.Server/Simulation/Managers/MarketListingScheduler.cs(37,21): warning CA1848: For improved performance, use the LoggerMessage delegates instead of calling 'LoggerExtensions.LogDebug(ILogger, string?, params object?[])' (https://learn.microsoft.com/dotnet/fundamentals/code-analysis/quality-rules/ca1848) [/app/TWL.Server/TWL.Server.csproj]
/app/TWL.Server/Simulation/Managers/MarketListingScheduler.cs(43,17): warning CA1848: For improved performance, use the LoggerMessage delegates instead of calling 'LoggerExtensions.LogError(ILogger, Exception?, string?, params object?[])' (https://learn.microsoft.com/dotnet/fundamentals/code-analysis/quality-rules/ca1848) [/app/TWL.Server/TWL.Server.csproj]
/app/TWL.Server/Simulation/Managers/MarketListingScheduler.cs(50,9): warning CA1848: For improved performance, use the LoggerMessage delegates instead of calling 'LoggerExtensions.LogInformation(ILogger, string?, params object?[])' (https://learn.microsoft.com/dotnet/fundamentals/code-analysis/quality-rules/ca1848) [/app/TWL.Server/TWL.Server.csproj]
/app/TWL.Server/Simulation/Managers/PartyChatService.cs(41,13): warning CA1848: For improved performance, use the LoggerMessage delegates instead of calling 'LoggerExtensions.LogWarning(ILogger, string?, params object?[])' (https://learn.microsoft.com/dotnet/fundamentals/code-analysis/quality-rules/ca1848) [/app/TWL.Server/TWL.Server.csproj]
/app/TWL.Server/Simulation/Managers/PartyChatService.cs(41,32): warning CA2254: The logging message template should not vary between calls to 'LoggerExtensions.LogWarning(ILogger, string?, params object?[])' (https://learn.microsoft.com/dotnet/fundamentals/code-analysis/quality-rules/ca2254) [/app/TWL.Server/TWL.Server.csproj]
/app/TWL.Server/Simulation/Managers/GuildChatService.cs(65,91): warning CA1869: Avoid creating a new 'JsonSerializerOptions' instance for every serialization operation. Cache and reuse instances instead. (https://learn.microsoft.com/dotnet/fundamentals/code-analysis/quality-rules/ca1869) [/app/TWL.Server/TWL.Server.csproj]
/app/TWL.Server/Simulation/Managers/InteractionManager.cs(29,22): warning CA1854: Prefer a 'TryGetValue' call over a Dictionary indexer access guarded by a 'ContainsKey' check to avoid double lookup (https://learn.microsoft.com/dotnet/fundamentals/code-analysis/quality-rules/ca1854) [/app/TWL.Server/TWL.Server.csproj]
/app/TWL.Server/Simulation/Managers/MarketQueryService.cs(27,9): warning CA1510: Use 'ArgumentNullException.ThrowIfNull' instead of explicitly throwing a new exception instance (https://learn.microsoft.com/dotnet/fundamentals/code-analysis/quality-rules/ca1510) [/app/TWL.Server/TWL.Server.csproj]
/app/TWL.Server/Simulation/Networking/INetworkServer.cs(7,10): warning CA1716: Rename virtual/interface member INetworkServer.Stop() so that it no longer conflicts with the reserved language keyword 'Stop'. Using a reserved keyword as the name of a virtual/interface member makes it harder for consumers in other languages to override/implement the member. (https://learn.microsoft.com/dotnet/fundamentals/code-analysis/quality-rules/ca1716) [/app/TWL.Server/TWL.Server.csproj]
/app/TWL.Server/Simulation/Managers/GuildChatService.cs(94,86): warning CA1869: Avoid creating a new 'JsonSerializerOptions' instance for every serialization operation. Cache and reuse instances instead. (https://learn.microsoft.com/dotnet/fundamentals/code-analysis/quality-rules/ca1869) [/app/TWL.Server/TWL.Server.csproj]
/app/TWL.Server/Simulation/Networking/NetworkServer.cs(14,14): warning CA1001: Type 'NetworkServer' owns disposable field(s) '_cts', '_listener' but is not disposable (https://learn.microsoft.com/dotnet/fundamentals/code-analysis/quality-rules/ca1001) [/app/TWL.Server/TWL.Server.csproj]
/app/TWL.Server/Simulation/Managers/GuildRosterService.cs(99,80): warning CA1869: Avoid creating a new 'JsonSerializerOptions' instance for every serialization operation. Cache and reuse instances instead. (https://learn.microsoft.com/dotnet/fundamentals/code-analysis/quality-rules/ca1869) [/app/TWL.Server/TWL.Server.csproj]
/app/TWL.Server/Simulation/Managers/CompoundManager.cs(32,9): warning CA1873: Evaluation of this argument may be expensive and unnecessary if logging is disabled (https://learn.microsoft.com/dotnet/fundamentals/code-analysis/quality-rules/ca1873) [/app/TWL.Server/TWL.Server.csproj]
/app/TWL.Server/Simulation/Managers/CompoundManager.cs(47,9): warning CA1873: Evaluation of this argument may be expensive and unnecessary if logging is disabled (https://learn.microsoft.com/dotnet/fundamentals/code-analysis/quality-rules/ca1873) [/app/TWL.Server/TWL.Server.csproj]
/app/TWL.Server/Simulation/Networking/Components/PlayerQuestComponent.cs(178,47): warning CA1305: The behavior of 'int.ToString()' could vary based on the current user's locale settings. Replace this call in 'PlayerQuestComponent.HandleMapChanged(int)' with a call to 'int.ToString(IFormatProvider)'. (https://learn.microsoft.com/dotnet/fundamentals/code-analysis/quality-rules/ca1305) [/app/TWL.Server/TWL.Server.csproj]
/app/TWL.Server/Simulation/Networking/Components/PlayerQuestComponent.cs(193,32): warning CA1305: The behavior of 'int.ToString()' could vary based on the current user's locale settings. Replace this call in 'PlayerQuestComponent.HandleMapChanged(int)' with a call to 'int.ToString(IFormatProvider)'. (https://learn.microsoft.com/dotnet/fundamentals/code-analysis/quality-rules/ca1305) [/app/TWL.Server/TWL.Server.csproj]
/app/TWL.Server/Simulation/Networking/Components/PlayerQuestComponent.cs(194,30): warning CA1305: The behavior of 'int.ToString()' could vary based on the current user's locale settings. Replace this call in 'PlayerQuestComponent.HandleMapChanged(int)' with a call to 'int.ToString(IFormatProvider)'. (https://learn.microsoft.com/dotnet/fundamentals/code-analysis/quality-rules/ca1305) [/app/TWL.Server/TWL.Server.csproj]
/app/TWL.Server/Simulation/Managers/CompoundManager.cs(73,13): warning CA1873: Evaluation of this argument may be expensive and unnecessary if logging is disabled (https://learn.microsoft.com/dotnet/fundamentals/code-analysis/quality-rules/ca1873) [/app/TWL.Server/TWL.Server.csproj]
/app/TWL.Server/Simulation/Managers/CompoundManager.cs(32,9): warning CA1848: For improved performance, use the LoggerMessage delegates instead of calling 'LoggerExtensions.LogInformation(ILogger, string?, params object?[])' (https://learn.microsoft.com/dotnet/fundamentals/code-analysis/quality-rules/ca1848) [/app/TWL.Server/TWL.Server.csproj]
/app/TWL.Server/Simulation/Managers/CompoundManager.cs(41,13): warning CA1848: For improved performance, use the LoggerMessage delegates instead of calling 'LoggerExtensions.LogWarning(ILogger, string?, params object?[])' (https://learn.microsoft.com/dotnet/fundamentals/code-analysis/quality-rules/ca1848) [/app/TWL.Server/TWL.Server.csproj]
/app/TWL.Server/Simulation/Managers/CompoundManager.cs(47,9): warning CA1848: For improved performance, use the LoggerMessage delegates instead of calling 'LoggerExtensions.LogInformation(ILogger, string?, params object?[])' (https://learn.microsoft.com/dotnet/fundamentals/code-analysis/quality-rules/ca1848) [/app/TWL.Server/TWL.Server.csproj]
/app/TWL.Server/Simulation/Managers/CompoundManager.cs(54,13): warning CA1848: For improved performance, use the LoggerMessage delegates instead of calling 'LoggerExtensions.LogError(ILogger, string?, params object?[])' (https://learn.microsoft.com/dotnet/fundamentals/code-analysis/quality-rules/ca1848) [/app/TWL.Server/TWL.Server.csproj]
/app/TWL.Server/Simulation/Managers/CompoundManager.cs(63,17): warning CA1848: For improved performance, use the LoggerMessage delegates instead of calling 'LoggerExtensions.LogError(ILogger, string?, params object?[])' (https://learn.microsoft.com/dotnet/fundamentals/code-analysis/quality-rules/ca1848) [/app/TWL.Server/TWL.Server.csproj]
/app/TWL.Server/Simulation/Managers/CompoundManager.cs(73,13): warning CA1848: For improved performance, use the LoggerMessage delegates instead of calling 'LoggerExtensions.LogInformation(ILogger, string?, params object?[])' (https://learn.microsoft.com/dotnet/fundamentals/code-analysis/quality-rules/ca1848) [/app/TWL.Server/TWL.Server.csproj]
/app/TWL.Server/Simulation/Managers/CompoundManager.cs(89,13): warning CA1848: For improved performance, use the LoggerMessage delegates instead of calling 'LoggerExtensions.LogWarning(ILogger, string?, params object?[])' (https://learn.microsoft.com/dotnet/fundamentals/code-analysis/quality-rules/ca1848) [/app/TWL.Server/TWL.Server.csproj]
/app/TWL.Server/Simulation/Managers/EconomyManager.cs(107,17): warning CA1816: Change EconomyManager.Dispose() to call GC.SuppressFinalize(object). This will prevent derived types that introduce a finalizer from needing to re-implement 'IDisposable' to call it. (https://learn.microsoft.com/dotnet/fundamentals/code-analysis/quality-rules/ca1816) [/app/TWL.Server/TWL.Server.csproj]
/app/TWL.Server/Simulation/Networking/ServerCombatant.cs(133,39): warning CA1725: In member float ServerCombatant.GetResistance(string resistanceTag), change parameter name resistanceTag to tag in order to match the identifier as it has been declared in float ICombatant.GetResistance(string tag) (https://learn.microsoft.com/dotnet/fundamentals/code-analysis/quality-rules/ca1725) [/app/TWL.Server/TWL.Server.csproj]
/app/TWL.Server/Simulation/Managers/GuildRosterService.cs(153,82): warning CA1869: Avoid creating a new 'JsonSerializerOptions' instance for every serialization operation. Cache and reuse instances instead. (https://learn.microsoft.com/dotnet/fundamentals/code-analysis/quality-rules/ca1869) [/app/TWL.Server/TWL.Server.csproj]
/app/TWL.Server/Simulation/Managers/GuildManager.cs(171,86): warning CA1725: In member Task<(bool Success, string Message)> GuildManager.AcceptInvite(int targetId, int guildId), change parameter name guildId to inviterId in order to match the identifier as it has been declared in Task<(bool Success, string Message)> IGuildService.AcceptInvite(int targetId, int inviterId) (https://learn.microsoft.com/dotnet/fundamentals/code-analysis/quality-rules/ca1725) [/app/TWL.Server/TWL.Server.csproj]
/app/TWL.Server/Simulation/Managers/GuildManager.cs(219,49): warning CA1725: In member bool GuildManager.DeclineInvite(int targetId, int guildId), change parameter name guildId to inviterId in order to match the identifier as it has been declared in bool IGuildService.DeclineInvite(int targetId, int inviterId) (https://learn.microsoft.com/dotnet/fundamentals/code-analysis/quality-rules/ca1725) [/app/TWL.Server/TWL.Server.csproj]
/app/TWL.Server/Simulation/Networking/Components/PlayerQuestComponent.cs(393,34): warning CA1311: Specify a culture or use an invariant version to avoid implicit dependency on current culture (https://learn.microsoft.com/dotnet/fundamentals/code-analysis/quality-rules/ca1311) [/app/TWL.Server/TWL.Server.csproj]
/app/TWL.Server/Simulation/Networking/Components/PlayerQuestComponent.cs(393,25): warning CA1304: The behavior of 'string.ToLower()' could vary based on the current user's locale settings. Replace this call in 'PlayerQuestComponent.CheckGating(QuestDefinition)' with a call to 'string.ToLower(CultureInfo)'. (https://learn.microsoft.com/dotnet/fundamentals/code-analysis/quality-rules/ca1304) [/app/TWL.Server/TWL.Server.csproj]
/app/TWL.Server/Simulation/Networking/Components/PlayerQuestComponent.cs(488,17): warning CA1854: Prefer a 'TryGetValue' call over a Dictionary indexer access guarded by a 'ContainsKey' check to avoid double lookup (https://learn.microsoft.com/dotnet/fundamentals/code-analysis/quality-rules/ca1854) [/app/TWL.Server/TWL.Server.csproj]
/app/TWL.Server/Simulation/Networking/Components/PlayerQuestComponent.cs(544,22): warning CA1854: Prefer a 'TryGetValue' call over a Dictionary indexer access guarded by a 'ContainsKey' check to avoid double lookup (https://learn.microsoft.com/dotnet/fundamentals/code-analysis/quality-rules/ca1854) [/app/TWL.Server/TWL.Server.csproj]
/app/TWL.Server/Simulation/Managers/EconomyManager.cs(545,55): warning CA1869: Avoid creating a new 'JsonSerializerOptions' instance for every serialization operation. Cache and reuse instances instead. (https://learn.microsoft.com/dotnet/fundamentals/code-analysis/quality-rules/ca1869) [/app/TWL.Server/TWL.Server.csproj]
/app/TWL.Server/Simulation/Managers/EconomyManager.cs(579,56): warning CA1310: The behavior of 'string.StartsWith(string)' could vary based on the current user's locale settings. Replace this call in 'TWL.Server.Simulation.Managers.EconomyManager.ReplayLedger(System.DateTime?)' with a call to 'string.StartsWith(string, System.StringComparison)'. (https://learn.microsoft.com/dotnet/fundamentals/code-analysis/quality-rules/ca1310) [/app/TWL.Server/TWL.Server.csproj]
/app/TWL.Server/Simulation/Managers/EconomyManager.cs(624,29): warning CA1310: The behavior of 'string.StartsWith(string)' could vary based on the current user's locale settings. Replace this call in 'TWL.Server.Simulation.Managers.EconomyManager.ReplayLedger(System.DateTime?)' with a call to 'string.StartsWith(string, System.StringComparison)'. (https://learn.microsoft.com/dotnet/fundamentals/code-analysis/quality-rules/ca1310) [/app/TWL.Server/TWL.Server.csproj]
/app/TWL.Server/Simulation/Networking/Components/PlayerQuestComponent.cs(699,17): warning CA1854: Prefer a 'TryGetValue' call over a Dictionary indexer access guarded by a 'ContainsKey' check to avoid double lookup (https://learn.microsoft.com/dotnet/fundamentals/code-analysis/quality-rules/ca1854) [/app/TWL.Server/TWL.Server.csproj]
/app/TWL.Server/Simulation/Networking/Components/PlayerQuestComponent.cs(754,22): warning CA1854: Prefer a 'TryGetValue' call over a Dictionary indexer access guarded by a 'ContainsKey' check to avoid double lookup (https://learn.microsoft.com/dotnet/fundamentals/code-analysis/quality-rules/ca1854) [/app/TWL.Server/TWL.Server.csproj]
/app/TWL.Server/Simulation/Managers/EconomyManager.cs(710,56): warning CA1310: The behavior of 'string.StartsWith(string)' could vary based on the current user's locale settings. Replace this call in 'TWL.Server.Simulation.Managers.EconomyManager.VerifyLedgerIntegrity(out string)' with a call to 'string.StartsWith(string, System.StringComparison)'. (https://learn.microsoft.com/dotnet/fundamentals/code-analysis/quality-rules/ca1310) [/app/TWL.Server/TWL.Server.csproj]
/app/TWL.Server/Simulation/Networking/Components/PlayerQuestComponent.cs(824,14): warning CA1854: Prefer a 'TryGetValue' call over a Dictionary indexer access guarded by a 'ContainsKey' check to avoid double lookup (https://learn.microsoft.com/dotnet/fundamentals/code-analysis/quality-rules/ca1854) [/app/TWL.Server/TWL.Server.csproj]
/app/TWL.Server/Simulation/Networking/Components/PlayerQuestComponent.cs(884,18): warning CA1854: Prefer a 'TryGetValue' call over a Dictionary indexer access guarded by a 'ContainsKey' check to avoid double lookup (https://learn.microsoft.com/dotnet/fundamentals/code-analysis/quality-rules/ca1854) [/app/TWL.Server/TWL.Server.csproj]
/app/TWL.Server/Simulation/Managers/MarketManager.cs(367,28): warning CA1311: Specify a culture or use an invariant version to avoid implicit dependency on current culture (https://learn.microsoft.com/dotnet/fundamentals/code-analysis/quality-rules/ca1311) [/app/TWL.Server/TWL.Server.csproj]
/app/TWL.Server/Simulation/Managers/MarketManager.cs(367,21): warning CA1304: The behavior of 'string.ToLower()' could vary based on the current user's locale settings. Replace this call in 'MarketManager.GetPriceHistory(int, [string])' with a call to 'string.ToLower(CultureInfo)'. (https://learn.microsoft.com/dotnet/fundamentals/code-analysis/quality-rules/ca1304) [/app/TWL.Server/TWL.Server.csproj]
/app/TWL.Server/Simulation/Networking/Components/PlayerQuestComponent.cs(952,18): warning CA1854: Prefer a 'TryGetValue' call over a Dictionary indexer access guarded by a 'ContainsKey' check to avoid double lookup (https://learn.microsoft.com/dotnet/fundamentals/code-analysis/quality-rules/ca1854) [/app/TWL.Server/TWL.Server.csproj]
/app/TWL.Server/Simulation/Managers/CombatManager.cs(423,18): warning CA1822: Member 'CheckSkillEvolution' does not access instance data and can be marked as static (https://learn.microsoft.com/dotnet/fundamentals/code-analysis/quality-rules/ca1822) [/app/TWL.Server/TWL.Server.csproj]
/app/TWL.Server/Simulation/Managers/CombatManager.cs(471,17): warning CA1822: Member 'GetStatValue' does not access instance data and can be marked as static (https://learn.microsoft.com/dotnet/fundamentals/code-analysis/quality-rules/ca1822) [/app/TWL.Server/TWL.Server.csproj]
/app/TWL.Server/Services/WorldScheduler.cs(296,19): warning CA1852: Type 'ScheduledTask' can be sealed because it has no subtypes in its containing assembly and is not externally visible (https://learn.microsoft.com/dotnet/fundamentals/code-analysis/quality-rules/ca1852) [/app/TWL.Server/TWL.Server.csproj]
/app/TWL.Server/Simulation/Managers/SpawnManager.cs(715,19): warning CA1852: Type 'MobState' can be sealed because it has no subtypes in its containing assembly and is not externally visible (https://learn.microsoft.com/dotnet/fundamentals/code-analysis/quality-rules/ca1852) [/app/TWL.Server/TWL.Server.csproj]
/app/TWL.Server/Security/RateLimiter.cs(49,19): warning CA1852: Type 'Bucket' can be sealed because it has no subtypes in its containing assembly and is not externally visible (https://learn.microsoft.com/dotnet/fundamentals/code-analysis/quality-rules/ca1852) [/app/TWL.Server/TWL.Server.csproj]
/app/TWL.Server/Simulation/Managers/PartyManager.cs(240,19): warning CA1852: Type 'PartyInvite' can be sealed because it has no subtypes in its containing assembly and is not externally visible (https://learn.microsoft.com/dotnet/fundamentals/code-analysis/quality-rules/ca1852) [/app/TWL.Server/TWL.Server.csproj]
/app/TWL.Server/Security/ReplayGuard.cs(92,19): warning CA1852: Type 'SessionNonceCache' can be sealed because it has no subtypes in its containing assembly and is not externally visible (https://learn.microsoft.com/dotnet/fundamentals/code-analysis/quality-rules/ca1852) [/app/TWL.Server/TWL.Server.csproj]
/app/TWL.Server/Simulation/Managers/MarketManager.cs(31,19): warning CA1852: Type 'SaleRecord' can be sealed because it has no subtypes in its containing assembly and is not externally visible (https://learn.microsoft.com/dotnet/fundamentals/code-analysis/quality-rules/ca1852) [/app/TWL.Server/TWL.Server.csproj]
/app/TWL.Server/Simulation/Managers/EconomyManager.cs(874,19): warning CA1852: Type 'SnapshotData' can be sealed because it has no subtypes in its containing assembly and is not externally visible (https://learn.microsoft.com/dotnet/fundamentals/code-analysis/quality-rules/ca1852) [/app/TWL.Server/TWL.Server.csproj]
/app/TWL.Server/Simulation/Managers/GuildManager.cs(346,19): warning CA1852: Type 'GuildInvite' can be sealed because it has no subtypes in its containing assembly and is not externally visible (https://learn.microsoft.com/dotnet/fundamentals/code-analysis/quality-rules/ca1852) [/app/TWL.Server/TWL.Server.csproj]
/app/TWL.Server/Simulation/Managers/EconomyManager.cs(868,19): warning CA1852: Type 'RateLimitTracker' can be sealed because it has no subtypes in its containing assembly and is not externally visible (https://learn.microsoft.com/dotnet/fundamentals/code-analysis/quality-rules/ca1852) [/app/TWL.Server/TWL.Server.csproj]
/app/TWL.Server/Simulation/Managers/EconomyManager.cs(859,19): warning CA1852: Type 'Transaction' can be sealed because it has no subtypes in its containing assembly and is not externally visible (https://learn.microsoft.com/dotnet/fundamentals/code-analysis/quality-rules/ca1852) [/app/TWL.Server/TWL.Server.csproj]
  TWL.Server -> /app/TWL.Server/bin/Release/net10.0/TWL.Server.dll
/usr/lib/dotnet/sdk/10.0.103/Microsoft.Common.CurrentVersion.targets(2437,5): warning MSB3277: Found conflicts between different versions of "Microsoft.EntityFrameworkCore" that could not be resolved. [/app/TWL.Client/TWL.Client.csproj]
/usr/lib/dotnet/sdk/10.0.103/Microsoft.Common.CurrentVersion.targets(2437,5): warning MSB3277: There was a conflict between "Microsoft.EntityFrameworkCore, Version=9.0.1.0, Culture=neutral, PublicKeyToken=adb9793829ddae60" and "Microsoft.EntityFrameworkCore, Version=9.0.3.0, Culture=neutral, PublicKeyToken=adb9793829ddae60". [/app/TWL.Client/TWL.Client.csproj]
/usr/lib/dotnet/sdk/10.0.103/Microsoft.Common.CurrentVersion.targets(2437,5): warning MSB3277:     "Microsoft.EntityFrameworkCore, Version=9.0.1.0, Culture=neutral, PublicKeyToken=adb9793829ddae60" was chosen because it was primary and "Microsoft.EntityFrameworkCore, Version=9.0.3.0, Culture=neutral, PublicKeyToken=adb9793829ddae60" was not. [/app/TWL.Client/TWL.Client.csproj]
/usr/lib/dotnet/sdk/10.0.103/Microsoft.Common.CurrentVersion.targets(2437,5): warning MSB3277:     References which depend on "Microsoft.EntityFrameworkCore, Version=9.0.1.0, Culture=neutral, PublicKeyToken=adb9793829ddae60" [/home/jules/.nuget/packages/microsoft.entityframeworkcore/9.0.1/lib/net8.0/Microsoft.EntityFrameworkCore.dll]. [/app/TWL.Client/TWL.Client.csproj]
/usr/lib/dotnet/sdk/10.0.103/Microsoft.Common.CurrentVersion.targets(2437,5): warning MSB3277:         /home/jules/.nuget/packages/microsoft.entityframeworkcore/9.0.1/lib/net8.0/Microsoft.EntityFrameworkCore.dll [/app/TWL.Client/TWL.Client.csproj]
/usr/lib/dotnet/sdk/10.0.103/Microsoft.Common.CurrentVersion.targets(2437,5): warning MSB3277:           Project file item includes which caused reference "/home/jules/.nuget/packages/microsoft.entityframeworkcore/9.0.1/lib/net8.0/Microsoft.EntityFrameworkCore.dll". [/app/TWL.Client/TWL.Client.csproj]
/usr/lib/dotnet/sdk/10.0.103/Microsoft.Common.CurrentVersion.targets(2437,5): warning MSB3277:             /home/jules/.nuget/packages/microsoft.entityframeworkcore/9.0.1/lib/net8.0/Microsoft.EntityFrameworkCore.dll [/app/TWL.Client/TWL.Client.csproj]
/usr/lib/dotnet/sdk/10.0.103/Microsoft.Common.CurrentVersion.targets(2437,5): warning MSB3277:     References which depend on or have been unified to "Microsoft.EntityFrameworkCore, Version=9.0.3.0, Culture=neutral, PublicKeyToken=adb9793829ddae60" []. [/app/TWL.Client/TWL.Client.csproj]
/usr/lib/dotnet/sdk/10.0.103/Microsoft.Common.CurrentVersion.targets(2437,5): warning MSB3277:         /app/TWL.Server/bin/Release/net10.0/TWL.Server.dll [/app/TWL.Client/TWL.Client.csproj]
/usr/lib/dotnet/sdk/10.0.103/Microsoft.Common.CurrentVersion.targets(2437,5): warning MSB3277:           Project file item includes which caused reference "/app/TWL.Server/bin/Release/net10.0/TWL.Server.dll". [/app/TWL.Client/TWL.Client.csproj]
/usr/lib/dotnet/sdk/10.0.103/Microsoft.Common.CurrentVersion.targets(2437,5): warning MSB3277:             /app/TWL.Server/bin/Release/net10.0/TWL.Server.dll [/app/TWL.Client/TWL.Client.csproj]
/usr/lib/dotnet/sdk/10.0.103/Microsoft.Common.CurrentVersion.targets(2437,5): warning MSB3277: Found conflicts between different versions of "Microsoft.EntityFrameworkCore.Relational" that could not be resolved. [/app/TWL.Client/TWL.Client.csproj]
/usr/lib/dotnet/sdk/10.0.103/Microsoft.Common.CurrentVersion.targets(2437,5): warning MSB3277: There was a conflict between "Microsoft.EntityFrameworkCore.Relational, Version=9.0.1.0, Culture=neutral, PublicKeyToken=adb9793829ddae60" and "Microsoft.EntityFrameworkCore.Relational, Version=9.0.3.0, Culture=neutral, PublicKeyToken=adb9793829ddae60". [/app/TWL.Client/TWL.Client.csproj]
/usr/lib/dotnet/sdk/10.0.103/Microsoft.Common.CurrentVersion.targets(2437,5): warning MSB3277:     "Microsoft.EntityFrameworkCore.Relational, Version=9.0.1.0, Culture=neutral, PublicKeyToken=adb9793829ddae60" was chosen because it was primary and "Microsoft.EntityFrameworkCore.Relational, Version=9.0.3.0, Culture=neutral, PublicKeyToken=adb9793829ddae60" was not. [/app/TWL.Client/TWL.Client.csproj]
/usr/lib/dotnet/sdk/10.0.103/Microsoft.Common.CurrentVersion.targets(2437,5): warning MSB3277:     References which depend on "Microsoft.EntityFrameworkCore.Relational, Version=9.0.1.0, Culture=neutral, PublicKeyToken=adb9793829ddae60" [/home/jules/.nuget/packages/microsoft.entityframeworkcore.relational/9.0.1/lib/net8.0/Microsoft.EntityFrameworkCore.Relational.dll]. [/app/TWL.Client/TWL.Client.csproj]
/usr/lib/dotnet/sdk/10.0.103/Microsoft.Common.CurrentVersion.targets(2437,5): warning MSB3277:         /home/jules/.nuget/packages/microsoft.entityframeworkcore.relational/9.0.1/lib/net8.0/Microsoft.EntityFrameworkCore.Relational.dll [/app/TWL.Client/TWL.Client.csproj]
/usr/lib/dotnet/sdk/10.0.103/Microsoft.Common.CurrentVersion.targets(2437,5): warning MSB3277:           Project file item includes which caused reference "/home/jules/.nuget/packages/microsoft.entityframeworkcore.relational/9.0.1/lib/net8.0/Microsoft.EntityFrameworkCore.Relational.dll". [/app/TWL.Client/TWL.Client.csproj]
/usr/lib/dotnet/sdk/10.0.103/Microsoft.Common.CurrentVersion.targets(2437,5): warning MSB3277:             /home/jules/.nuget/packages/microsoft.entityframeworkcore.relational/9.0.1/lib/net8.0/Microsoft.EntityFrameworkCore.Relational.dll [/app/TWL.Client/TWL.Client.csproj]
/usr/lib/dotnet/sdk/10.0.103/Microsoft.Common.CurrentVersion.targets(2437,5): warning MSB3277:     References which depend on or have been unified to "Microsoft.EntityFrameworkCore.Relational, Version=9.0.3.0, Culture=neutral, PublicKeyToken=adb9793829ddae60" []. [/app/TWL.Client/TWL.Client.csproj]
/usr/lib/dotnet/sdk/10.0.103/Microsoft.Common.CurrentVersion.targets(2437,5): warning MSB3277:         /app/TWL.Server/bin/Release/net10.0/TWL.Server.dll [/app/TWL.Client/TWL.Client.csproj]
/usr/lib/dotnet/sdk/10.0.103/Microsoft.Common.CurrentVersion.targets(2437,5): warning MSB3277:           Project file item includes which caused reference "/app/TWL.Server/bin/Release/net10.0/TWL.Server.dll". [/app/TWL.Client/TWL.Client.csproj]
/usr/lib/dotnet/sdk/10.0.103/Microsoft.Common.CurrentVersion.targets(2437,5): warning MSB3277:             /app/TWL.Server/bin/Release/net10.0/TWL.Server.dll [/app/TWL.Client/TWL.Client.csproj]
/usr/lib/dotnet/sdk/10.0.103/Microsoft.Common.CurrentVersion.targets(2437,5): warning MSB3277: Found conflicts between different versions of "Microsoft.EntityFrameworkCore.Abstractions" that could not be resolved. [/app/TWL.Client/TWL.Client.csproj]
/usr/lib/dotnet/sdk/10.0.103/Microsoft.Common.CurrentVersion.targets(2437,5): warning MSB3277: There was a conflict between "Microsoft.EntityFrameworkCore.Abstractions, Version=9.0.1.0, Culture=neutral, PublicKeyToken=adb9793829ddae60" and "Microsoft.EntityFrameworkCore.Abstractions, Version=9.0.3.0, Culture=neutral, PublicKeyToken=adb9793829ddae60". [/app/TWL.Client/TWL.Client.csproj]
/usr/lib/dotnet/sdk/10.0.103/Microsoft.Common.CurrentVersion.targets(2437,5): warning MSB3277:     "Microsoft.EntityFrameworkCore.Abstractions, Version=9.0.1.0, Culture=neutral, PublicKeyToken=adb9793829ddae60" was chosen because it was primary and "Microsoft.EntityFrameworkCore.Abstractions, Version=9.0.3.0, Culture=neutral, PublicKeyToken=adb9793829ddae60" was not. [/app/TWL.Client/TWL.Client.csproj]
/usr/lib/dotnet/sdk/10.0.103/Microsoft.Common.CurrentVersion.targets(2437,5): warning MSB3277:     References which depend on "Microsoft.EntityFrameworkCore.Abstractions, Version=9.0.1.0, Culture=neutral, PublicKeyToken=adb9793829ddae60" [/home/jules/.nuget/packages/microsoft.entityframeworkcore.abstractions/9.0.1/lib/net8.0/Microsoft.EntityFrameworkCore.Abstractions.dll]. [/app/TWL.Client/TWL.Client.csproj]
/usr/lib/dotnet/sdk/10.0.103/Microsoft.Common.CurrentVersion.targets(2437,5): warning MSB3277:         /home/jules/.nuget/packages/microsoft.entityframeworkcore.abstractions/9.0.1/lib/net8.0/Microsoft.EntityFrameworkCore.Abstractions.dll [/app/TWL.Client/TWL.Client.csproj]
/usr/lib/dotnet/sdk/10.0.103/Microsoft.Common.CurrentVersion.targets(2437,5): warning MSB3277:           Project file item includes which caused reference "/home/jules/.nuget/packages/microsoft.entityframeworkcore.abstractions/9.0.1/lib/net8.0/Microsoft.EntityFrameworkCore.Abstractions.dll". [/app/TWL.Client/TWL.Client.csproj]
/usr/lib/dotnet/sdk/10.0.103/Microsoft.Common.CurrentVersion.targets(2437,5): warning MSB3277:             /home/jules/.nuget/packages/microsoft.entityframeworkcore.abstractions/9.0.1/lib/net8.0/Microsoft.EntityFrameworkCore.Abstractions.dll [/app/TWL.Client/TWL.Client.csproj]
/usr/lib/dotnet/sdk/10.0.103/Microsoft.Common.CurrentVersion.targets(2437,5): warning MSB3277:     References which depend on or have been unified to "Microsoft.EntityFrameworkCore.Abstractions, Version=9.0.3.0, Culture=neutral, PublicKeyToken=adb9793829ddae60" []. [/app/TWL.Client/TWL.Client.csproj]
/usr/lib/dotnet/sdk/10.0.103/Microsoft.Common.CurrentVersion.targets(2437,5): warning MSB3277:         /app/TWL.Server/bin/Release/net10.0/TWL.Server.dll [/app/TWL.Client/TWL.Client.csproj]
/usr/lib/dotnet/sdk/10.0.103/Microsoft.Common.CurrentVersion.targets(2437,5): warning MSB3277:           Project file item includes which caused reference "/app/TWL.Server/bin/Release/net10.0/TWL.Server.dll". [/app/TWL.Client/TWL.Client.csproj]
/usr/lib/dotnet/sdk/10.0.103/Microsoft.Common.CurrentVersion.targets(2437,5): warning MSB3277:             /app/TWL.Server/bin/Release/net10.0/TWL.Server.dll [/app/TWL.Client/TWL.Client.csproj]
/app/TWL.Client/Presentation/Networking/NetworkClient.cs(8,7): warning CS0105: The using directive for 'TWL.Shared.Constants' appeared previously in this namespace [/app/TWL.Client/TWL.Client.csproj]
/app/TWL.Client/Presentation/UI/UiGameplay.cs(90,17): warning CS0108: 'UiGameplay.Update(GameTime, MouseState, KeyboardState)' hides inherited member 'UiManager.Update(GameTime, MouseState, KeyboardState)'. Use the new keyword if hiding was intended. [/app/TWL.Client/TWL.Client.csproj]
/app/TWL.Client/Presentation/UI/UiGameplay.cs(98,17): warning CS0108: 'UiGameplay.Draw(SpriteBatch)' hides inherited member 'UiManager.Draw(SpriteBatch)'. Use the new keyword if hiding was intended. [/app/TWL.Client/TWL.Client.csproj]
/app/TWL.Client/Presentation/Views/PlayerView.cs(46,12): warning CS8618: Non-nullable field '_bodyBaseDown' must contain a non-null value when exiting constructor. Consider adding the 'required' modifier or declaring the field as nullable. [/app/TWL.Client/TWL.Client.csproj]
/app/TWL.Client/Presentation/Views/PlayerView.cs(46,12): warning CS8618: Non-nullable field '_bodyMapDown' must contain a non-null value when exiting constructor. Consider adding the 'required' modifier or declaring the field as nullable. [/app/TWL.Client/TWL.Client.csproj]
/app/TWL.Client/Presentation/Views/PlayerView.cs(46,12): warning CS8618: Non-nullable field '_bodyBaseUp' must contain a non-null value when exiting constructor. Consider adding the 'required' modifier or declaring the field as nullable. [/app/TWL.Client/TWL.Client.csproj]
/app/TWL.Client/Presentation/Views/PlayerView.cs(46,12): warning CS8618: Non-nullable field '_bodyMapUp' must contain a non-null value when exiting constructor. Consider adding the 'required' modifier or declaring the field as nullable. [/app/TWL.Client/TWL.Client.csproj]
/app/TWL.Client/Presentation/Views/PlayerView.cs(46,12): warning CS8618: Non-nullable field '_bodyBaseSide' must contain a non-null value when exiting constructor. Consider adding the 'required' modifier or declaring the field as nullable. [/app/TWL.Client/TWL.Client.csproj]
/app/TWL.Client/Presentation/Views/PlayerView.cs(46,12): warning CS8618: Non-nullable field '_bodyMapSide' must contain a non-null value when exiting constructor. Consider adding the 'required' modifier or declaring the field as nullable. [/app/TWL.Client/TWL.Client.csproj]
/app/TWL.Client/Presentation/Views/PlayerView.cs(46,12): warning CS8618: Non-nullable field '_hairBaseDown' must contain a non-null value when exiting constructor. Consider adding the 'required' modifier or declaring the field as nullable. [/app/TWL.Client/TWL.Client.csproj]
/app/TWL.Client/Presentation/Views/PlayerView.cs(46,12): warning CS8618: Non-nullable field '_hairMapDown' must contain a non-null value when exiting constructor. Consider adding the 'required' modifier or declaring the field as nullable. [/app/TWL.Client/TWL.Client.csproj]
/app/TWL.Client/Presentation/Views/PlayerView.cs(46,12): warning CS8618: Non-nullable field '_hairBaseUp' must contain a non-null value when exiting constructor. Consider adding the 'required' modifier or declaring the field as nullable. [/app/TWL.Client/TWL.Client.csproj]
/app/TWL.Client/Presentation/Views/PlayerView.cs(46,12): warning CS8618: Non-nullable field '_hairMapUp' must contain a non-null value when exiting constructor. Consider adding the 'required' modifier or declaring the field as nullable. [/app/TWL.Client/TWL.Client.csproj]
/app/TWL.Client/Presentation/Views/PlayerView.cs(46,12): warning CS8618: Non-nullable field '_hairBaseSide' must contain a non-null value when exiting constructor. Consider adding the 'required' modifier or declaring the field as nullable. [/app/TWL.Client/TWL.Client.csproj]
/app/TWL.Client/Presentation/Views/PlayerView.cs(46,12): warning CS8618: Non-nullable field '_hairMapSide' must contain a non-null value when exiting constructor. Consider adding the 'required' modifier or declaring the field as nullable. [/app/TWL.Client/TWL.Client.csproj]
/app/TWL.Client/Presentation/Views/PlayerView.cs(46,12): warning CS8618: Non-nullable field '_down' must contain a non-null value when exiting constructor. Consider adding the 'required' modifier or declaring the field as nullable. [/app/TWL.Client/TWL.Client.csproj]
/app/TWL.Client/Presentation/Views/PlayerView.cs(46,12): warning CS8618: Non-nullable field '_up' must contain a non-null value when exiting constructor. Consider adding the 'required' modifier or declaring the field as nullable. [/app/TWL.Client/TWL.Client.csproj]
/app/TWL.Client/Presentation/Views/PlayerView.cs(46,12): warning CS8618: Non-nullable field '_left' must contain a non-null value when exiting constructor. Consider adding the 'required' modifier or declaring the field as nullable. [/app/TWL.Client/TWL.Client.csproj]
/app/TWL.Client/Presentation/Views/PlayerView.cs(46,12): warning CS8618: Non-nullable field '_right' must contain a non-null value when exiting constructor. Consider adding the 'required' modifier or declaring the field as nullable. [/app/TWL.Client/TWL.Client.csproj]
/app/TWL.Client/Presentation/Views/PlayerView.cs(46,12): warning CS8618: Non-nullable field '_paletteEffect' must contain a non-null value when exiting constructor. Consider adding the 'required' modifier or declaring the field as nullable. [/app/TWL.Client/TWL.Client.csproj]
/app/TWL.Client/Presentation/Views/PlayerView.cs(55,40): warning CS8625: Cannot convert null literal to non-nullable reference type. [/app/TWL.Client/TWL.Client.csproj]
/app/TWL.Client/Presentation/Views/PlayerView.cs(55,31): warning CS8601: Possible null reference assignment. [/app/TWL.Client/TWL.Client.csproj]
/app/TWL.Client/Presentation/Views/PlayerView.cs(55,23): warning CS8601: Possible null reference assignment. [/app/TWL.Client/TWL.Client.csproj]
/app/TWL.Client/Presentation/Views/PlayerView.cs(55,17): warning CS8601: Possible null reference assignment. [/app/TWL.Client/TWL.Client.csproj]
/app/TWL.Client/Presentation/Views/PlayerView.cs(56,98): warning CS8625: Cannot convert null literal to non-nullable reference type. [/app/TWL.Client/TWL.Client.csproj]
/app/TWL.Client/Presentation/Views/PlayerView.cs(56,83): warning CS8601: Possible null reference assignment. [/app/TWL.Client/TWL.Client.csproj]
/app/TWL.Client/Presentation/Views/PlayerView.cs(56,67): warning CS8601: Possible null reference assignment. [/app/TWL.Client/TWL.Client.csproj]
/app/TWL.Client/Presentation/Views/PlayerView.cs(56,54): warning CS8601: Possible null reference assignment. [/app/TWL.Client/TWL.Client.csproj]
/app/TWL.Client/Presentation/Views/PlayerView.cs(56,40): warning CS8601: Possible null reference assignment. [/app/TWL.Client/TWL.Client.csproj]
/app/TWL.Client/Presentation/Views/PlayerView.cs(56,25): warning CS8601: Possible null reference assignment. [/app/TWL.Client/TWL.Client.csproj]
/app/TWL.Client/Presentation/Views/PlayerView.cs(57,98): warning CS8625: Cannot convert null literal to non-nullable reference type. [/app/TWL.Client/TWL.Client.csproj]
/app/TWL.Client/Presentation/Views/PlayerView.cs(57,83): warning CS8601: Possible null reference assignment. [/app/TWL.Client/TWL.Client.csproj]
/app/TWL.Client/Presentation/Views/PlayerView.cs(57,67): warning CS8601: Possible null reference assignment. [/app/TWL.Client/TWL.Client.csproj]
/app/TWL.Client/Presentation/Views/PlayerView.cs(57,54): warning CS8601: Possible null reference assignment. [/app/TWL.Client/TWL.Client.csproj]
/app/TWL.Client/Presentation/Views/PlayerView.cs(57,40): warning CS8601: Possible null reference assignment. [/app/TWL.Client/TWL.Client.csproj]
/app/TWL.Client/Presentation/Views/PlayerView.cs(57,25): warning CS8601: Possible null reference assignment. [/app/TWL.Client/TWL.Client.csproj]
/app/TWL.Client/Presentation/Views/PlayerView.cs(60,26): warning CS8625: Cannot convert null literal to non-nullable reference type. [/app/TWL.Client/TWL.Client.csproj]
/app/TWL.Client/Presentation/Views/PlayerView.cs(84,40): warning CS8625: Cannot convert null literal to non-nullable reference type. [/app/TWL.Client/TWL.Client.csproj]
/app/TWL.Client/Presentation/Views/PlayerView.cs(84,31): warning CS8601: Possible null reference assignment. [/app/TWL.Client/TWL.Client.csproj]
/app/TWL.Client/Presentation/Views/PlayerView.cs(84,23): warning CS8601: Possible null reference assignment. [/app/TWL.Client/TWL.Client.csproj]
/app/TWL.Client/Presentation/Views/PlayerView.cs(84,17): warning CS8601: Possible null reference assignment. [/app/TWL.Client/TWL.Client.csproj]
/app/TWL.Client/Presentation/Views/PlayerView.cs(115,102): warning CS8625: Cannot convert null literal to non-nullable reference type. [/app/TWL.Client/TWL.Client.csproj]
/app/TWL.Client/Presentation/Views/PlayerView.cs(115,87): warning CS8601: Possible null reference assignment. [/app/TWL.Client/TWL.Client.csproj]
/app/TWL.Client/Presentation/Views/PlayerView.cs(115,71): warning CS8601: Possible null reference assignment. [/app/TWL.Client/TWL.Client.csproj]
/app/TWL.Client/Presentation/Views/PlayerView.cs(115,58): warning CS8601: Possible null reference assignment. [/app/TWL.Client/TWL.Client.csproj]
/app/TWL.Client/Presentation/Views/PlayerView.cs(115,44): warning CS8601: Possible null reference assignment. [/app/TWL.Client/TWL.Client.csproj]
/app/TWL.Client/Presentation/Views/PlayerView.cs(115,29): warning CS8601: Possible null reference assignment. [/app/TWL.Client/TWL.Client.csproj]
/app/TWL.Client/Presentation/Views/PlayerView.cs(116,102): warning CS8625: Cannot convert null literal to non-nullable reference type. [/app/TWL.Client/TWL.Client.csproj]
/app/TWL.Client/Presentation/Views/PlayerView.cs(116,87): warning CS8601: Possible null reference assignment. [/app/TWL.Client/TWL.Client.csproj]
/app/TWL.Client/Presentation/Views/PlayerView.cs(116,71): warning CS8601: Possible null reference assignment. [/app/TWL.Client/TWL.Client.csproj]
/app/TWL.Client/Presentation/Views/PlayerView.cs(116,58): warning CS8601: Possible null reference assignment. [/app/TWL.Client/TWL.Client.csproj]
/app/TWL.Client/Presentation/Views/PlayerView.cs(116,44): warning CS8601: Possible null reference assignment. [/app/TWL.Client/TWL.Client.csproj]
/app/TWL.Client/Presentation/Views/PlayerView.cs(116,29): warning CS8601: Possible null reference assignment. [/app/TWL.Client/TWL.Client.csproj]
/app/TWL.Client/Presentation/Views/PlayerView.cs(119,30): warning CS8625: Cannot convert null literal to non-nullable reference type. [/app/TWL.Client/TWL.Client.csproj]
/app/TWL.Client/Presentation/Managers/CraftManager.cs(96,51): warning CS8603: Possible null reference return. [/app/TWL.Client/TWL.Client.csproj]
/app/TWL.Client/Presentation/Crafting/EquipmentData.cs(7,19): warning CS8618: Non-nullable field 'Name' must contain a non-null value when exiting constructor. Consider adding the 'required' modifier or declaring the field as nullable. [/app/TWL.Client/TWL.Client.csproj]
/app/TWL.Client/Presentation/Managers/QuestDataManager.cs(36,16): warning CS8603: Possible null reference return. [/app/TWL.Client/TWL.Client.csproj]
/app/TWL.Client/Presentation/Managers/PortalManager.cs(91,16): warning CS8603: Possible null reference return. [/app/TWL.Client/TWL.Client.csproj]
/app/TWL.Client/Presentation/Managers/PortalManager.cs(10,19): warning CS8618: Non-nullable field 'TargetMap' must contain a non-null value when exiting constructor. Consider adding the 'required' modifier or declaring the field as nullable. [/app/TWL.Client/TWL.Client.csproj]
/app/TWL.Client/Presentation/Managers/PetDefinitionManager.cs(28,29): warning CS8602: Dereference of a possibly null reference. [/app/TWL.Client/TWL.Client.csproj]
/app/TWL.Client/Presentation/Managers/AssetLoader.cs(33,45): warning CS8603: Possible null reference return. [/app/TWL.Client/TWL.Client.csproj]
/app/TWL.Client/Presentation/Managers/PetDefinitionManager.cs(41,16): warning CS8603: Possible null reference return. [/app/TWL.Client/TWL.Client.csproj]
/app/TWL.Client/Presentation/UI/UiPartyWindow.cs(26,12): warning CS8618: Non-nullable field '_font' must contain a non-null value when exiting constructor. Consider adding the 'required' modifier or declaring the field as nullable. [/app/TWL.Client/TWL.Client.csproj]
/app/TWL.Client/Presentation/UI/UiPartyWindow.cs(26,12): warning CS8618: Non-nullable field '_pixel' must contain a non-null value when exiting constructor. Consider adding the 'required' modifier or declaring the field as nullable. [/app/TWL.Client/TWL.Client.csproj]
/app/TWL.Client/Presentation/Managers/GameClientManager.cs(24,12): warning CS8618: Non-nullable field '_allies' must contain a non-null value when exiting constructor. Consider adding the 'required' modifier or declaring the field as nullable. [/app/TWL.Client/TWL.Client.csproj]
/app/TWL.Client/Presentation/Managers/GameClientManager.cs(24,12): warning CS8618: Non-nullable field '_enemies' must contain a non-null value when exiting constructor. Consider adding the 'required' modifier or declaring the field as nullable. [/app/TWL.Client/TWL.Client.csproj]
/app/TWL.Client/Presentation/Networking/NetworkClient.cs(269,20): warning CS8625: Cannot convert null literal to non-nullable reference type. [/app/TWL.Client/TWL.Client.csproj]
/app/TWL.Client/Presentation/Scenes/SceneBattle.cs(52,12): warning CS8618: Non-nullable field '_assets' must contain a non-null value when exiting constructor. Consider adding the 'required' modifier or declaring the field as nullable. [/app/TWL.Client/TWL.Client.csproj]
/app/TWL.Client/Presentation/Networking/ClientBootstrap.cs(11,35): warning CS8618: Non-nullable property 'Services' must contain a non-null value when exiting constructor. Consider adding the 'required' modifier or declaring the property as nullable. [/app/TWL.Client/TWL.Client.csproj]
/app/TWL.Client/Presentation/Scenes/SceneGameplay.cs(51,12): warning CS8618: Non-nullable field '_map' must contain a non-null value when exiting constructor. Consider adding the 'required' modifier or declaring the field as nullable. [/app/TWL.Client/TWL.Client.csproj]
/app/TWL.Client/Presentation/Scenes/SceneGameplay.cs(51,12): warning CS8618: Non-nullable field '_mapRenderer' must contain a non-null value when exiting constructor. Consider adding the 'required' modifier or declaring the field as nullable. [/app/TWL.Client/TWL.Client.csproj]
/app/TWL.Client/Presentation/Managers/ClientQuestManager.cs(26,22): warning CS8618: Non-nullable field 'CurrentCounts' must contain a non-null value when exiting constructor. Consider adding the 'required' modifier or declaring the field as nullable. [/app/TWL.Client/TWL.Client.csproj]
/app/TWL.Client/Presentation/UI/UiGuildWindow.cs(26,12): warning CS8618: Non-nullable field '_font' must contain a non-null value when exiting constructor. Consider adding the 'required' modifier or declaring the field as nullable. [/app/TWL.Client/TWL.Client.csproj]
/app/TWL.Client/Presentation/UI/UiGuildWindow.cs(26,12): warning CS8618: Non-nullable field '_pixel' must contain a non-null value when exiting constructor. Consider adding the 'required' modifier or declaring the field as nullable. [/app/TWL.Client/TWL.Client.csproj]
/app/TWL.Client/Presentation/UI/UiInventoryWindow.cs(48,23): warning CS8600: Converting null literal or possible null value to non-nullable type. [/app/TWL.Client/TWL.Client.csproj]
/app/TWL.Client/Presentation/UI/UiInventoryWindow.cs(48,23): warning CS8602: Dereference of a possibly null reference. [/app/TWL.Client/TWL.Client.csproj]
/app/TWL.Client/Presentation/Scenes/SceneGameplay.cs(28,21): warning CS0169: The field 'SceneGameplay._clickTarget' is never used [/app/TWL.Client/TWL.Client.csproj]
/app/TWL.Client/Presentation/Managers/GameClientManager.cs(22,29): warning CS0649: Field 'GameClientManager._enemies' is never assigned to, and will always have its default value null [/app/TWL.Client/TWL.Client.csproj]
/app/TWL.Client/Presentation/Managers/GameClientManager.cs(21,29): warning CS0649: Field 'GameClientManager._allies' is never assigned to, and will always have its default value null [/app/TWL.Client/TWL.Client.csproj]
/app/TWL.Client/Presentation/Scenes/SceneBattle.cs(25,35): warning CS0169: The field 'SceneBattle._assets' is never used [/app/TWL.Client/TWL.Client.csproj]
/app/TWL.Client/Presentation/Scenes/SceneGameplay.cs(29,26): warning CS0414: The field 'SceneGameplay._colors' is assigned but its value is never used [/app/TWL.Client/TWL.Client.csproj]
/app/TWL.Client/Presentation/Core/Singleton.cs(6,21): warning CA1000: Do not declare static members on generic types (https://learn.microsoft.com/dotnet/fundamentals/code-analysis/quality-rules/ca1000) [/app/TWL.Client/TWL.Client.csproj]
/app/TWL.Client/Presentation/Managers/ClientQuestManager.cs(12,22): warning CA1051: Do not declare visible instance fields (https://learn.microsoft.com/dotnet/fundamentals/code-analysis/quality-rules/ca1051) [/app/TWL.Client/TWL.Client.csproj]
/app/TWL.Client/Presentation/Managers/ClientQuestManager.cs(13,16): warning CA1051: Do not declare visible instance fields (https://learn.microsoft.com/dotnet/fundamentals/code-analysis/quality-rules/ca1051) [/app/TWL.Client/TWL.Client.csproj]
/app/TWL.Client/Presentation/Managers/ClientQuestManager.cs(14,23): warning CA1051: Do not declare visible instance fields (https://learn.microsoft.com/dotnet/fundamentals/code-analysis/quality-rules/ca1051) [/app/TWL.Client/TWL.Client.csproj]
/app/TWL.Client/Presentation/Managers/ClientQuestManager.cs(26,22): warning CA1051: Do not declare visible instance fields (https://learn.microsoft.com/dotnet/fundamentals/code-analysis/quality-rules/ca1051) [/app/TWL.Client/TWL.Client.csproj]
/app/TWL.Client/Presentation/Managers/ClientQuestManager.cs(27,16): warning CA1051: Do not declare visible instance fields (https://learn.microsoft.com/dotnet/fundamentals/code-analysis/quality-rules/ca1051) [/app/TWL.Client/TWL.Client.csproj]
/app/TWL.Client/Presentation/Managers/ClientQuestManager.cs(28,23): warning CA1051: Do not declare visible instance fields (https://learn.microsoft.com/dotnet/fundamentals/code-analysis/quality-rules/ca1051) [/app/TWL.Client/TWL.Client.csproj]
/app/TWL.Client/Presentation/Managers/MarketplaceManager.cs(8,16): warning CA1051: Do not declare visible instance fields (https://learn.microsoft.com/dotnet/fundamentals/code-analysis/quality-rules/ca1051) [/app/TWL.Client/TWL.Client.csproj]
/app/TWL.Client/Presentation/Managers/MarketplaceManager.cs(9,16): warning CA1051: Do not declare visible instance fields (https://learn.microsoft.com/dotnet/fundamentals/code-analysis/quality-rules/ca1051) [/app/TWL.Client/TWL.Client.csproj]
/app/TWL.Client/Presentation/Managers/MarketplaceManager.cs(10,16): warning CA1051: Do not declare visible instance fields (https://learn.microsoft.com/dotnet/fundamentals/code-analysis/quality-rules/ca1051) [/app/TWL.Client/TWL.Client.csproj]
/app/TWL.Client/Presentation/Managers/MarketplaceManager.cs(11,16): warning CA1051: Do not declare visible instance fields (https://learn.microsoft.com/dotnet/fundamentals/code-analysis/quality-rules/ca1051) [/app/TWL.Client/TWL.Client.csproj]
/app/TWL.Client/Presentation/Managers/MarketplaceManager.cs(12,16): warning CA1051: Do not declare visible instance fields (https://learn.microsoft.com/dotnet/fundamentals/code-analysis/quality-rules/ca1051) [/app/TWL.Client/TWL.Client.csproj]
/app/TWL.Client/Presentation/Models/GameSaveData.cs(17,16): warning CA1720: Identifier 'Int' contains type name (https://learn.microsoft.com/dotnet/fundamentals/code-analysis/quality-rules/ca1720) [/app/TWL.Client/TWL.Client.csproj]
/app/TWL.Client/Presentation/Crafting/EquipmentData.cs(6,16): warning CA1051: Do not declare visible instance fields (https://learn.microsoft.com/dotnet/fundamentals/code-analysis/quality-rules/ca1051) [/app/TWL.Client/TWL.Client.csproj]
/app/TWL.Client/Presentation/Crafting/EquipmentData.cs(7,19): warning CA1051: Do not declare visible instance fields (https://learn.microsoft.com/dotnet/fundamentals/code-analysis/quality-rules/ca1051) [/app/TWL.Client/TWL.Client.csproj]
/app/TWL.Client/Presentation/Crafting/EquipmentData.cs(8,16): warning CA1051: Do not declare visible instance fields (https://learn.microsoft.com/dotnet/fundamentals/code-analysis/quality-rules/ca1051) [/app/TWL.Client/TWL.Client.csproj]
/app/TWL.Client/Presentation/Crafting/EquipmentItem.cs(9,16): warning CA1051: Do not declare visible instance fields (https://learn.microsoft.com/dotnet/fundamentals/code-analysis/quality-rules/ca1051) [/app/TWL.Client/TWL.Client.csproj]
/app/TWL.Client/Presentation/Crafting/EquipmentItem.cs(10,16): warning CA1051: Do not declare visible instance fields (https://learn.microsoft.com/dotnet/fundamentals/code-analysis/quality-rules/ca1051) [/app/TWL.Client/TWL.Client.csproj]
/app/TWL.Client/Presentation/Crafting/EquipmentItem.cs(11,16): warning CA1051: Do not declare visible instance fields (https://learn.microsoft.com/dotnet/fundamentals/code-analysis/quality-rules/ca1051) [/app/TWL.Client/TWL.Client.csproj]
/app/TWL.Client/Presentation/Crafting/EquipmentItem.cs(12,16): warning CA1051: Do not declare visible instance fields (https://learn.microsoft.com/dotnet/fundamentals/code-analysis/quality-rules/ca1051) [/app/TWL.Client/TWL.Client.csproj]
/app/TWL.Client/Presentation/Crafting/EquipmentItem.cs(13,19): warning CA1051: Do not declare visible instance fields (https://learn.microsoft.com/dotnet/fundamentals/code-analysis/quality-rules/ca1051) [/app/TWL.Client/TWL.Client.csproj]
/app/TWL.Client/Presentation/Crafting/EquipmentData.cs(5,16): warning CA1051: Do not declare visible instance fields (https://learn.microsoft.com/dotnet/fundamentals/code-analysis/quality-rules/ca1051) [/app/TWL.Client/TWL.Client.csproj]
/app/TWL.Client/Presentation/Quests/Quest.cs(7,19): warning CA1051: Do not declare visible instance fields (https://learn.microsoft.com/dotnet/fundamentals/code-analysis/quality-rules/ca1051) [/app/TWL.Client/TWL.Client.csproj]
/app/TWL.Client/Presentation/Quests/Quest.cs(8,33): warning CA1051: Do not declare visible instance fields (https://learn.microsoft.com/dotnet/fundamentals/code-analysis/quality-rules/ca1051) [/app/TWL.Client/TWL.Client.csproj]
/app/TWL.Client/Presentation/Quests/Quest.cs(9,16): warning CA1051: Do not declare visible instance fields (https://learn.microsoft.com/dotnet/fundamentals/code-analysis/quality-rules/ca1051) [/app/TWL.Client/TWL.Client.csproj]
/app/TWL.Client/Presentation/Quests/Quest.cs(10,16): warning CA1051: Do not declare visible instance fields (https://learn.microsoft.com/dotnet/fundamentals/code-analysis/quality-rules/ca1051) [/app/TWL.Client/TWL.Client.csproj]
/app/TWL.Client/Presentation/Quests/Quest.cs(11,16): warning CA1051: Do not declare visible instance fields (https://learn.microsoft.com/dotnet/fundamentals/code-analysis/quality-rules/ca1051) [/app/TWL.Client/TWL.Client.csproj]
/app/TWL.Client/Presentation/Quests/Quest.cs(12,23): warning CA1051: Do not declare visible instance fields (https://learn.microsoft.com/dotnet/fundamentals/code-analysis/quality-rules/ca1051) [/app/TWL.Client/TWL.Client.csproj]
/app/TWL.Client/Presentation/Quests/Quest.cs(13,19): warning CA1051: Do not declare visible instance fields (https://learn.microsoft.com/dotnet/fundamentals/code-analysis/quality-rules/ca1051) [/app/TWL.Client/TWL.Client.csproj]
/app/TWL.Client/Presentation/Quests/QuestObjective.cs(8,26): warning CA1051: Do not declare visible instance fields (https://learn.microsoft.com/dotnet/fundamentals/code-analysis/quality-rules/ca1051) [/app/TWL.Client/TWL.Client.csproj]
/app/TWL.Client/Presentation/Quests/QuestObjective.cs(9,16): warning CA1051: Do not declare visible instance fields (https://learn.microsoft.com/dotnet/fundamentals/code-analysis/quality-rules/ca1051) [/app/TWL.Client/TWL.Client.csproj]
/app/TWL.Client/Presentation/Quests/QuestObjective.cs(10,19): warning CA1051: Do not declare visible instance fields (https://learn.microsoft.com/dotnet/fundamentals/code-analysis/quality-rules/ca1051) [/app/TWL.Client/TWL.Client.csproj]
/app/TWL.Client/Presentation/Quests/QuestObjective.cs(5,16): warning CA1051: Do not declare visible instance fields (https://learn.microsoft.com/dotnet/fundamentals/code-analysis/quality-rules/ca1051) [/app/TWL.Client/TWL.Client.csproj]
/app/TWL.Client/Presentation/Scenes/SceneBase.cs(18,37): warning CA1051: Do not declare visible instance fields (https://learn.microsoft.com/dotnet/fundamentals/code-analysis/quality-rules/ca1051) [/app/TWL.Client/TWL.Client.csproj]
/app/TWL.Client/Presentation/Scenes/SceneBase.cs(19,33): warning CA1051: Do not declare visible instance fields (https://learn.microsoft.com/dotnet/fundamentals/code-analysis/quality-rules/ca1051) [/app/TWL.Client/TWL.Client.csproj]
/app/TWL.Client/Presentation/Scenes/SceneBase.cs(20,39): warning CA1051: Do not declare visible instance fields (https://learn.microsoft.com/dotnet/fundamentals/code-analysis/quality-rules/ca1051) [/app/TWL.Client/TWL.Client.csproj]
/app/TWL.Client/Presentation/Quests/QuestObjective.cs(6,17): warning CA1051: Do not declare visible instance fields (https://learn.microsoft.com/dotnet/fundamentals/code-analysis/quality-rules/ca1051) [/app/TWL.Client/TWL.Client.csproj]
/app/TWL.Client/Presentation/Scenes/SceneBase.cs(21,39): warning CA1051: Do not declare visible instance fields (https://learn.microsoft.com/dotnet/fundamentals/code-analysis/quality-rules/ca1051) [/app/TWL.Client/TWL.Client.csproj]
/app/TWL.Client/Presentation/Scenes/SceneBase.cs(22,38): warning CA1051: Do not declare visible instance fields (https://learn.microsoft.com/dotnet/fundamentals/code-analysis/quality-rules/ca1051) [/app/TWL.Client/TWL.Client.csproj]
/app/TWL.Client/Presentation/Quests/QuestObjective.cs(7,19): warning CA1051: Do not declare visible instance fields (https://learn.microsoft.com/dotnet/fundamentals/code-analysis/quality-rules/ca1051) [/app/TWL.Client/TWL.Client.csproj]
/app/TWL.Client/Presentation/UI/UiMainMenu.cs(23,46): warning CA1805: Member '_loginSelectedIndex' is explicitly initialized to its default value (https://learn.microsoft.com/dotnet/fundamentals/code-analysis/quality-rules/ca1805) [/app/TWL.Client/TWL.Client.csproj]
/app/TWL.Client/Presentation/UI/UiPartyWindow.cs(20,28): warning CA1805: Member '_isTyping' is explicitly initialized to its default value (https://learn.microsoft.com/dotnet/fundamentals/code-analysis/quality-rules/ca1805) [/app/TWL.Client/TWL.Client.csproj]
/app/TWL.Client/Presentation/UI/UiWindow.cs(10,25): warning CA1051: Do not declare visible instance fields (https://learn.microsoft.com/dotnet/fundamentals/code-analysis/quality-rules/ca1051) [/app/TWL.Client/TWL.Client.csproj]
/app/TWL.Client/Presentation/UI/UiGuildWindow.cs(19,28): warning CA1805: Member '_isTyping' is explicitly initialized to its default value (https://learn.microsoft.com/dotnet/fundamentals/code-analysis/quality-rules/ca1805) [/app/TWL.Client/TWL.Client.csproj]
/app/TWL.Client/Presentation/UI/UiGuildWindow.cs(24,30): warning CA1805: Member '_showWindow' is explicitly initialized to its default value (https://learn.microsoft.com/dotnet/fundamentals/code-analysis/quality-rules/ca1805) [/app/TWL.Client/TWL.Client.csproj]
/app/TWL.Client/Presentation/Managers/PortalManager.cs(8,22): warning CA1051: Do not declare visible instance fields (https://learn.microsoft.com/dotnet/fundamentals/code-analysis/quality-rules/ca1051) [/app/TWL.Client/TWL.Client.csproj]
/app/TWL.Client/Presentation/Managers/PortalManager.cs(9,20): warning CA1051: Do not declare visible instance fields (https://learn.microsoft.com/dotnet/fundamentals/code-analysis/quality-rules/ca1051) [/app/TWL.Client/TWL.Client.csproj]
/app/TWL.Client/Presentation/Managers/PortalManager.cs(10,19): warning CA1051: Do not declare visible instance fields (https://learn.microsoft.com/dotnet/fundamentals/code-analysis/quality-rules/ca1051) [/app/TWL.Client/TWL.Client.csproj]
/app/TWL.Client/Presentation/Map/Camera2D.cs(23,41): warning CA1805: Member 'Rotation' is explicitly initialized to its default value (https://learn.microsoft.com/dotnet/fundamentals/code-analysis/quality-rules/ca1805) [/app/TWL.Client/TWL.Client.csproj]
/app/TWL.Client/Presentation/Views/PlayerView.cs(51,17): warning CA1816: Change PlayerView.Dispose() to call GC.SuppressFinalize(object). This will prevent derived types that introduce a finalizer from needing to re-implement 'IDisposable' to call it. (https://learn.microsoft.com/dotnet/fundamentals/code-analysis/quality-rules/ca1816) [/app/TWL.Client/TWL.Client.csproj]
/app/TWL.Client/Presentation/Managers/EncounterManager.cs(43,18): warning CA1822: Member 'StartBattle' does not access instance data and can be marked as static (https://learn.microsoft.com/dotnet/fundamentals/code-analysis/quality-rules/ca1822) [/app/TWL.Client/TWL.Client.csproj]
/app/TWL.Client/Presentation/Crafting/ForgeSystem.cs(8,18): warning CA1822: Member 'GetSuccessRate' does not access instance data and can be marked as static (https://learn.microsoft.com/dotnet/fundamentals/code-analysis/quality-rules/ca1822) [/app/TWL.Client/TWL.Client.csproj]
/app/TWL.Client/Presentation/Managers/SceneManager.cs(14,36): warning CA1860: Prefer comparing 'Count' to 0 rather than using 'Any()', both for clarity and for performance (https://learn.microsoft.com/dotnet/fundamentals/code-analysis/quality-rules/ca1860) [/app/TWL.Client/TWL.Client.csproj]
/app/TWL.Client/Presentation/Helpers/ColorHelper.cs(11,27): warning CA1866: Use 'string.StartsWith(char)' instead of 'string.StartsWith(string)' when you have a string with a single char (https://learn.microsoft.com/dotnet/fundamentals/code-analysis/quality-rules/ca1866) [/app/TWL.Client/TWL.Client.csproj]
/app/TWL.Client/Presentation/Helpers/ColorHelper.cs(11,13): warning CA1310: The behavior of 'string.StartsWith(string)' could vary based on the current user's locale settings. Replace this call in 'TWL.Client.Presentation.Helpers.ColorHelper.FromHex(string)' with a call to 'string.StartsWith(string, System.StringComparison)'. (https://learn.microsoft.com/dotnet/fundamentals/code-analysis/quality-rules/ca1310) [/app/TWL.Client/TWL.Client.csproj]
/app/TWL.Client/Presentation/Managers/ResourceManager.cs(6,21): warning CA1001: Type 'ResourceManager' owns disposable field(s) '_content' but is not disposable (https://learn.microsoft.com/dotnet/fundamentals/code-analysis/quality-rules/ca1001) [/app/TWL.Client/TWL.Client.csproj]
/app/TWL.Client/Presentation/Helpers/CryptographyHelper.cs(17,32): warning CA1305: The behavior of 'byte.ToString(string)' could vary based on the current user's locale settings. Replace this call in 'CryptographyHelper.HashPassword(string)' with a call to 'byte.ToString(string, IFormatProvider)'. (https://learn.microsoft.com/dotnet/fundamentals/code-analysis/quality-rules/ca1305) [/app/TWL.Client/TWL.Client.csproj]
/app/TWL.Client/Presentation/Helpers/CryptographyHelper.cs(12,25): warning CA1850: Prefer static 'System.Security.Cryptography.SHA256.HashData' method over 'ComputeHash' (https://learn.microsoft.com/dotnet/fundamentals/code-analysis/quality-rules/ca1850) [/app/TWL.Client/TWL.Client.csproj]
/app/TWL.Client/Presentation/Views/PlayerView.cs(149,23): warning CA1822: Member 'GetSwappedTexture' does not access instance data and can be marked as static (https://learn.microsoft.com/dotnet/fundamentals/code-analysis/quality-rules/ca1822) [/app/TWL.Client/TWL.Client.csproj]
/app/TWL.Client/Presentation/Managers/QuestDataManager.cs(31,13): warning CA1854: Prefer a 'TryGetValue' call over a Dictionary indexer access guarded by a 'ContainsKey' check to avoid double lookup (https://learn.microsoft.com/dotnet/fundamentals/code-analysis/quality-rules/ca1854) [/app/TWL.Client/TWL.Client.csproj]
/app/TWL.Client/Presentation/Managers/PortalManager.cs(51,17): warning CA1854: Prefer a 'TryGetValue' call over a Dictionary indexer access guarded by a 'ContainsKey' check to avoid double lookup (https://learn.microsoft.com/dotnet/fundamentals/code-analysis/quality-rules/ca1854) [/app/TWL.Client/TWL.Client.csproj]
/app/TWL.Client/Presentation/Managers/PortalManager.cs(56,17): warning CA1854: Prefer a 'TryGetValue' call over a Dictionary indexer access guarded by a 'ContainsKey' check to avoid double lookup (https://learn.microsoft.com/dotnet/fundamentals/code-analysis/quality-rules/ca1854) [/app/TWL.Client/TWL.Client.csproj]
/app/TWL.Client/Presentation/Managers/PortalManager.cs(61,17): warning CA1854: Prefer a 'TryGetValue' call over a Dictionary indexer access guarded by a 'ContainsKey' check to avoid double lookup (https://learn.microsoft.com/dotnet/fundamentals/code-analysis/quality-rules/ca1854) [/app/TWL.Client/TWL.Client.csproj]
/app/TWL.Client/Presentation/Managers/PortalManager.cs(58,27): warning CA1305: The behavior of 'float.Parse(string)' could vary based on the current user's locale settings. Replace this call in 'PortalManager.LoadPortalsFromMap(TiledMap, [string])' with a call to 'float.Parse(string, IFormatProvider)'. (https://learn.microsoft.com/dotnet/fundamentals/code-analysis/quality-rules/ca1305) [/app/TWL.Client/TWL.Client.csproj]
/app/TWL.Client/Presentation/Managers/PortalManager.cs(63,27): warning CA1305: The behavior of 'float.Parse(string)' could vary based on the current user's locale settings. Replace this call in 'PortalManager.LoadPortalsFromMap(TiledMap, [string])' with a call to 'float.Parse(string, IFormatProvider)'. (https://learn.microsoft.com/dotnet/fundamentals/code-analysis/quality-rules/ca1305) [/app/TWL.Client/TWL.Client.csproj]
/app/TWL.Client/Presentation/Managers/AssetLoader.cs(38,21): warning CA1848: For improved performance, use the LoggerMessage delegates instead of calling 'LoggerExtensions.LogError(ILogger, Exception?, string?, params object?[])' (https://learn.microsoft.com/dotnet/fundamentals/code-analysis/quality-rules/ca1848) [/app/TWL.Client/TWL.Client.csproj]
/app/TWL.Client/Presentation/Managers/AssetLoader.cs(45,17): warning CA1848: For improved performance, use the LoggerMessage delegates instead of calling 'LoggerExtensions.LogInformation(ILogger, string?, params object?[])' (https://learn.microsoft.com/dotnet/fundamentals/code-analysis/quality-rules/ca1848) [/app/TWL.Client/TWL.Client.csproj]
/app/TWL.Client/Presentation/Managers/AssetLoader.cs(64,21): warning CA1848: For improved performance, use the LoggerMessage delegates instead of calling 'LoggerExtensions.LogWarning(ILogger, string?, params object?[])' (https://learn.microsoft.com/dotnet/fundamentals/code-analysis/quality-rules/ca1848) [/app/TWL.Client/TWL.Client.csproj]
/app/TWL.Client/Presentation/Managers/PersistenceManager.cs(52,51): warning CA1869: Avoid creating a new 'JsonSerializerOptions' instance for every serialization operation. Cache and reuse instances instead. (https://learn.microsoft.com/dotnet/fundamentals/code-analysis/quality-rules/ca1869) [/app/TWL.Client/TWL.Client.csproj]
/app/TWL.Client/Presentation/Managers/CaptureSystem.cs(32,17): warning CA1822: Member 'CapturePet' does not access instance data and can be marked as static (https://learn.microsoft.com/dotnet/fundamentals/code-analysis/quality-rules/ca1822) [/app/TWL.Client/TWL.Client.csproj]
/app/TWL.Client/Presentation/Managers/MarketplaceManager.cs(43,14): warning CA1854: Prefer a 'TryGetValue' call over a Dictionary indexer access guarded by a 'ContainsKey' check to avoid double lookup (https://learn.microsoft.com/dotnet/fundamentals/code-analysis/quality-rules/ca1854) [/app/TWL.Client/TWL.Client.csproj]
/app/TWL.Client/Presentation/Networking/NetworkClient.cs(96,34): warning CA1835: Change the 'ReadAsync' method call to use the 'Stream.ReadAsync(Memory<byte>, CancellationToken)' overload (https://learn.microsoft.com/dotnet/fundamentals/code-analysis/quality-rules/ca1835) [/app/TWL.Client/TWL.Client.csproj]
/app/TWL.Client/Presentation/Scenes/SceneOptions.cs(35,18): warning CA1725: In member void SceneOptions.Update(GameTime gameTime, MouseState mouseState, KeyboardState keyboardState), change parameter name gameTime to time in order to match the identifier as it has been declared in void SceneBase.Update(GameTime time, MouseState mouse, KeyboardState keys) (https://learn.microsoft.com/dotnet/fundamentals/code-analysis/quality-rules/ca1725) [/app/TWL.Client/TWL.Client.csproj]
/app/TWL.Client/Presentation/Scenes/SceneOptions.cs(36,20): warning CA1725: In member void SceneOptions.Update(GameTime gameTime, MouseState mouseState, KeyboardState keyboardState), change parameter name mouseState to mouse in order to match the identifier as it has been declared in void SceneBase.Update(GameTime time, MouseState mouse, KeyboardState keys) (https://learn.microsoft.com/dotnet/fundamentals/code-analysis/quality-rules/ca1725) [/app/TWL.Client/TWL.Client.csproj]
/app/TWL.Client/Presentation/Scenes/SceneOptions.cs(37,23): warning CA1725: In member void SceneOptions.Update(GameTime gameTime, MouseState mouseState, KeyboardState keyboardState), change parameter name keyboardState to keys in order to match the identifier as it has been declared in void SceneBase.Update(GameTime time, MouseState mouse, KeyboardState keys) (https://learn.microsoft.com/dotnet/fundamentals/code-analysis/quality-rules/ca1725) [/app/TWL.Client/TWL.Client.csproj]
/app/TWL.Client/Presentation/Services/Loc.cs(11,43): warning CA1304: The behavior of 'ResourceManager.GetString(string)' could vary based on the current user's locale settings. Replace this call in 'Loc.T(string)' with a call to 'ResourceManager.GetString(string, CultureInfo)'. (https://learn.microsoft.com/dotnet/fundamentals/code-analysis/quality-rules/ca1304) [/app/TWL.Client/TWL.Client.csproj]
/app/TWL.Client/Presentation/Services/Loc.cs(18,20): warning CA1305: The behavior of 'string.Format(string, params object[])' could vary based on the current user's locale settings. Replace this call in 'Loc.TF(string, params object[])' with a call to 'string.Format(IFormatProvider, string, params object[])'. (https://learn.microsoft.com/dotnet/fundamentals/code-analysis/quality-rules/ca1305) [/app/TWL.Client/TWL.Client.csproj]
/app/TWL.Client/Presentation/Managers/CashShop.cs(7,17): warning CA1822: Member 'BuyCashPoints' does not access instance data and can be marked as static (https://learn.microsoft.com/dotnet/fundamentals/code-analysis/quality-rules/ca1822) [/app/TWL.Client/TWL.Client.csproj]
/app/TWL.Client/Presentation/Managers/CashShop.cs(14,17): warning CA1822: Member 'SpendCashPoints' does not access instance data and can be marked as static (https://learn.microsoft.com/dotnet/fundamentals/code-analysis/quality-rules/ca1822) [/app/TWL.Client/TWL.Client.csproj]
/app/TWL.Client/Presentation/Networking/NetworkClient.cs(235,31): warning CA1835: Change the 'WriteAsync' method call to use the 'Stream.WriteAsync(ReadOnlyMemory<byte>, CancellationToken)' overload (https://learn.microsoft.com/dotnet/fundamentals/code-analysis/quality-rules/ca1835) [/app/TWL.Client/TWL.Client.csproj]
/app/TWL.Client/Presentation/Scenes/SceneBase.cs(49,79): warning CA1725: In member void SceneBase.Update(GameTime time, MouseState mouse, KeyboardState keys), change parameter name keys to keyboard in order to match the identifier as it has been declared in void IScene.Update(GameTime time, MouseState mouse, KeyboardState keyboard) (https://learn.microsoft.com/dotnet/fundamentals/code-analysis/quality-rules/ca1725) [/app/TWL.Client/TWL.Client.csproj]
/app/TWL.Client/Presentation/Networking/NetworkClient.cs(15,14): warning CA1001: Type 'NetworkClient' owns disposable field(s) '_cts', '_tcp' but is not disposable (https://learn.microsoft.com/dotnet/fundamentals/code-analysis/quality-rules/ca1001) [/app/TWL.Client/TWL.Client.csproj]
/app/TWL.Client/Presentation/Managers/ClientInventoryManager.cs(9,17): warning CA1822: Member 'OnInventoryUpdate' does not access instance data and can be marked as static (https://learn.microsoft.com/dotnet/fundamentals/code-analysis/quality-rules/ca1822) [/app/TWL.Client/TWL.Client.csproj]
/app/TWL.Client/Presentation/Managers/ClientQuestManager.cs(61,18): warning CA1854: Prefer a 'TryGetValue' call over a Dictionary indexer access guarded by a 'ContainsKey' check to avoid double lookup (https://learn.microsoft.com/dotnet/fundamentals/code-analysis/quality-rules/ca1854) [/app/TWL.Client/TWL.Client.csproj]
/app/TWL.Client/Presentation/Scenes/SceneMarketplace.cs(40,42): warning CA1725: In member void SceneMarketplace.Update(GameTime t, MouseState m, KeyboardState k), change parameter name t to time in order to match the identifier as it has been declared in void SceneBase.Update(GameTime time, MouseState mouse, KeyboardState keys) (https://learn.microsoft.com/dotnet/fundamentals/code-analysis/quality-rules/ca1725) [/app/TWL.Client/TWL.Client.csproj]
/app/TWL.Client/Presentation/Scenes/SceneMarketplace.cs(41,20): warning CA1725: In member void SceneMarketplace.Update(GameTime t, MouseState m, KeyboardState k), change parameter name m to mouse in order to match the identifier as it has been declared in void SceneBase.Update(GameTime time, MouseState mouse, KeyboardState keys) (https://learn.microsoft.com/dotnet/fundamentals/code-analysis/quality-rules/ca1725) [/app/TWL.Client/TWL.Client.csproj]
/app/TWL.Client/Presentation/Scenes/SceneMarketplace.cs(42,23): warning CA1725: In member void SceneMarketplace.Update(GameTime t, MouseState m, KeyboardState k), change parameter name k to keys in order to match the identifier as it has been declared in void SceneBase.Update(GameTime time, MouseState mouse, KeyboardState keys) (https://learn.microsoft.com/dotnet/fundamentals/code-analysis/quality-rules/ca1725) [/app/TWL.Client/TWL.Client.csproj]
/app/TWL.Client/Presentation/Managers/ClientQuestManager.cs(94,13): warning CA1854: Prefer a 'TryGetValue' call over a Dictionary indexer access guarded by a 'ContainsKey' check to avoid double lookup (https://learn.microsoft.com/dotnet/fundamentals/code-analysis/quality-rules/ca1854) [/app/TWL.Client/TWL.Client.csproj]
/app/TWL.Client/Presentation/Scenes/SceneMarketplace.cs(45,43): warning CA1725: In member void SceneMarketplace.Draw(SpriteBatch sb), change parameter name sb to spriteBatch in order to match the identifier as it has been declared in void SceneBase.Draw(SpriteBatch spriteBatch) (https://learn.microsoft.com/dotnet/fundamentals/code-analysis/quality-rules/ca1725) [/app/TWL.Client/TWL.Client.csproj]
/app/TWL.Client/Presentation/Managers/ClientQuestManager.cs(105,14): warning CA1854: Prefer a 'TryGetValue' call over a Dictionary indexer access guarded by a 'ContainsKey' check to avoid double lookup (https://learn.microsoft.com/dotnet/fundamentals/code-analysis/quality-rules/ca1854) [/app/TWL.Client/TWL.Client.csproj]
/app/TWL.Client/Presentation/Managers/ClientQuestManager.cs(157,14): warning CA1854: Prefer a 'TryGetValue' call over a Dictionary indexer access guarded by a 'ContainsKey' check to avoid double lookup (https://learn.microsoft.com/dotnet/fundamentals/code-analysis/quality-rules/ca1854) [/app/TWL.Client/TWL.Client.csproj]
/app/TWL.Client/Presentation/Managers/ClientQuestManager.cs(207,13): warning CA1854: Prefer a 'TryGetValue' call over a Dictionary indexer access guarded by a 'ContainsKey' check to avoid double lookup (https://learn.microsoft.com/dotnet/fundamentals/code-analysis/quality-rules/ca1854) [/app/TWL.Client/TWL.Client.csproj]
/app/TWL.Client/Presentation/Managers/ClientCombatManager.cs(48,17): warning CA1822: Member 'RequestUseSkill' does not access instance data and can be marked as static (https://learn.microsoft.com/dotnet/fundamentals/code-analysis/quality-rules/ca1822) [/app/TWL.Client/TWL.Client.csproj]
/app/TWL.Client/Presentation/Services/IPlayerColorsService.cs(7,22): warning CA1716: Rename virtual/interface member IPlayerColorsService.Get(Guid) so that it no longer conflicts with the reserved language keyword 'Get'. Using a reserved keyword as the name of a virtual/interface member makes it harder for consumers in other languages to override/implement the member. (https://learn.microsoft.com/dotnet/fundamentals/code-analysis/quality-rules/ca1716) [/app/TWL.Client/TWL.Client.csproj]
/app/TWL.Client/Presentation/Managers/ClientQuestManager.cs(141,18): warning CA1822: Member 'AllObjectivesCompleted' does not access instance data and can be marked as static (https://learn.microsoft.com/dotnet/fundamentals/code-analysis/quality-rules/ca1822) [/app/TWL.Client/TWL.Client.csproj]
/app/TWL.Client/Presentation/Scenes/SceneMainMenu.cs(43,18): warning CA1725: In member void SceneMainMenu.Update(GameTime gameTime, MouseState mouseState, KeyboardState keyboardState), change parameter name gameTime to time in order to match the identifier as it has been declared in void SceneBase.Update(GameTime time, MouseState mouse, KeyboardState keys) (https://learn.microsoft.com/dotnet/fundamentals/code-analysis/quality-rules/ca1725) [/app/TWL.Client/TWL.Client.csproj]
/app/TWL.Client/Presentation/Scenes/SceneMainMenu.cs(44,20): warning CA1725: In member void SceneMainMenu.Update(GameTime gameTime, MouseState mouseState, KeyboardState keyboardState), change parameter name mouseState to mouse in order to match the identifier as it has been declared in void SceneBase.Update(GameTime time, MouseState mouse, KeyboardState keys) (https://learn.microsoft.com/dotnet/fundamentals/code-analysis/quality-rules/ca1725) [/app/TWL.Client/TWL.Client.csproj]
/app/TWL.Client/Presentation/Scenes/SceneMainMenu.cs(45,23): warning CA1725: In member void SceneMainMenu.Update(GameTime gameTime, MouseState mouseState, KeyboardState keyboardState), change parameter name keyboardState to keys in order to match the identifier as it has been declared in void SceneBase.Update(GameTime time, MouseState mouse, KeyboardState keys) (https://learn.microsoft.com/dotnet/fundamentals/code-analysis/quality-rules/ca1725) [/app/TWL.Client/TWL.Client.csproj]
/app/TWL.Client/Presentation/UI/UiMarketplace.cs(28,63): warning CA1725: In member void UiMarketplace.Update(GameTime gameTime, MouseState mouseState, KeyboardState keyboardState), change parameter name mouseState to mouse in order to match the identifier as it has been declared in void UiWindow.Update(GameTime gameTime, MouseState mouse, KeyboardState keyboard) (https://learn.microsoft.com/dotnet/fundamentals/code-analysis/quality-rules/ca1725) [/app/TWL.Client/TWL.Client.csproj]
/app/TWL.Client/Presentation/UI/UiMarketplace.cs(28,89): warning CA1725: In member void UiMarketplace.Update(GameTime gameTime, MouseState mouseState, KeyboardState keyboardState), change parameter name keyboardState to keyboard in order to match the identifier as it has been declared in void UiWindow.Update(GameTime gameTime, MouseState mouse, KeyboardState keyboard) (https://learn.microsoft.com/dotnet/fundamentals/code-analysis/quality-rules/ca1725) [/app/TWL.Client/TWL.Client.csproj]
/app/TWL.Client/Presentation/UI/UiInventoryWindow.cs(78,42): warning CA1725: In member void UiInventoryWindow.Update(GameTime gt, MouseState ms, KeyboardState ks), change parameter name gt to gameTime in order to match the identifier as it has been declared in void UiWindow.Update(GameTime gameTime, MouseState mouse, KeyboardState keyboard) (https://learn.microsoft.com/dotnet/fundamentals/code-analysis/quality-rules/ca1725) [/app/TWL.Client/TWL.Client.csproj]
/app/TWL.Client/Presentation/UI/UiInventoryWindow.cs(78,57): warning CA1725: In member void UiInventoryWindow.Update(GameTime gt, MouseState ms, KeyboardState ks), change parameter name ms to mouse in order to match the identifier as it has been declared in void UiWindow.Update(GameTime gameTime, MouseState mouse, KeyboardState keyboard) (https://learn.microsoft.com/dotnet/fundamentals/code-analysis/quality-rules/ca1725) [/app/TWL.Client/TWL.Client.csproj]
/app/TWL.Client/Presentation/UI/UiInventoryWindow.cs(78,75): warning CA1725: In member void UiInventoryWindow.Update(GameTime gt, MouseState ms, KeyboardState ks), change parameter name ks to keyboard in order to match the identifier as it has been declared in void UiWindow.Update(GameTime gameTime, MouseState mouse, KeyboardState keyboard) (https://learn.microsoft.com/dotnet/fundamentals/code-analysis/quality-rules/ca1725) [/app/TWL.Client/TWL.Client.csproj]
/app/TWL.Client/Presentation/UI/UiPartyWindow.cs(111,43): warning CA1725: In member void UiPartyWindow.Draw(SpriteBatch sb), change parameter name sb to spriteBatch in order to match the identifier as it has been declared in void UiWindow.Draw(SpriteBatch spriteBatch) (https://learn.microsoft.com/dotnet/fundamentals/code-analysis/quality-rules/ca1725) [/app/TWL.Client/TWL.Client.csproj]
/app/TWL.Client/Presentation/UI/UiInventoryWindow.cs(99,43): warning CA1725: In member void UiInventoryWindow.Draw(SpriteBatch sb), change parameter name sb to spriteBatch in order to match the identifier as it has been declared in void UiWindow.Draw(SpriteBatch spriteBatch) (https://learn.microsoft.com/dotnet/fundamentals/code-analysis/quality-rules/ca1725) [/app/TWL.Client/TWL.Client.csproj]
/app/TWL.Client/Presentation/UI/UiInventoryWindow.cs(120,31): warning CA1305: The behavior of 'int.ToString()' could vary based on the current user's locale settings. Replace this call in 'UiInventoryWindow.Draw(SpriteBatch)' with a call to 'int.ToString(IFormatProvider)'. (https://learn.microsoft.com/dotnet/fundamentals/code-analysis/quality-rules/ca1305) [/app/TWL.Client/TWL.Client.csproj]
/app/TWL.Client/Presentation/UI/UiPartyWindow.cs(12,14): warning CA1001: Type 'UiPartyWindow' owns disposable field(s) '_pixel' but is not disposable (https://learn.microsoft.com/dotnet/fundamentals/code-analysis/quality-rules/ca1001) [/app/TWL.Client/TWL.Client.csproj]
/app/TWL.Client/Presentation/UI/UiGuildWindow.cs(124,43): warning CA1725: In member void UiGuildWindow.Draw(SpriteBatch sb), change parameter name sb to spriteBatch in order to match the identifier as it has been declared in void UiWindow.Draw(SpriteBatch spriteBatch) (https://learn.microsoft.com/dotnet/fundamentals/code-analysis/quality-rules/ca1725) [/app/TWL.Client/TWL.Client.csproj]
/app/TWL.Client/Presentation/Scenes/SceneGameplay.cs(196,42): warning CA1725: In member void SceneGameplay.Update(GameTime gt, MouseState ms, KeyboardState ks), change parameter name gt to time in order to match the identifier as it has been declared in void SceneBase.Update(GameTime time, MouseState mouse, KeyboardState keys) (https://learn.microsoft.com/dotnet/fundamentals/code-analysis/quality-rules/ca1725) [/app/TWL.Client/TWL.Client.csproj]
/app/TWL.Client/Presentation/Scenes/SceneGameplay.cs(197,20): warning CA1725: In member void SceneGameplay.Update(GameTime gt, MouseState ms, KeyboardState ks), change parameter name ms to mouse in order to match the identifier as it has been declared in void SceneBase.Update(GameTime time, MouseState mouse, KeyboardState keys) (https://learn.microsoft.com/dotnet/fundamentals/code-analysis/quality-rules/ca1725) [/app/TWL.Client/TWL.Client.csproj]
/app/TWL.Client/Presentation/Scenes/SceneGameplay.cs(198,23): warning CA1725: In member void SceneGameplay.Update(GameTime gt, MouseState ms, KeyboardState ks), change parameter name ks to keys in order to match the identifier as it has been declared in void SceneBase.Update(GameTime time, MouseState mouse, KeyboardState keys) (https://learn.microsoft.com/dotnet/fundamentals/code-analysis/quality-rules/ca1725) [/app/TWL.Client/TWL.Client.csproj]
/app/TWL.Client/Presentation/UI/UiGuildWindow.cs(11,14): warning CA1001: Type 'UiGuildWindow' owns disposable field(s) '_pixel' but is not disposable (https://learn.microsoft.com/dotnet/fundamentals/code-analysis/quality-rules/ca1001) [/app/TWL.Client/TWL.Client.csproj]
/app/TWL.Client/Presentation/UI/UiGameplay.cs(22,14): warning CA1001: Type 'UiGameplay' owns disposable field(s) '_miniMapBg', '_panelBg' but is not disposable (https://learn.microsoft.com/dotnet/fundamentals/code-analysis/quality-rules/ca1001) [/app/TWL.Client/TWL.Client.csproj]
/app/TWL.Client/Presentation/Scenes/SceneGameplay.cs(259,43): warning CA1725: In member void SceneGameplay.Draw(SpriteBatch sb), change parameter name sb to spriteBatch in order to match the identifier as it has been declared in void SceneBase.Draw(SpriteBatch spriteBatch) (https://learn.microsoft.com/dotnet/fundamentals/code-analysis/quality-rules/ca1725) [/app/TWL.Client/TWL.Client.csproj]
/app/TWL.Client/Presentation/Scenes/SceneBattle.cs(136,42): warning CA1725: In member void SceneBattle.Update(GameTime gt, MouseState ms, KeyboardState ks), change parameter name gt to time in order to match the identifier as it has been declared in void SceneBase.Update(GameTime time, MouseState mouse, KeyboardState keys) (https://learn.microsoft.com/dotnet/fundamentals/code-analysis/quality-rules/ca1725) [/app/TWL.Client/TWL.Client.csproj]
/app/TWL.Client/Presentation/Scenes/SceneBattle.cs(137,20): warning CA1725: In member void SceneBattle.Update(GameTime gt, MouseState ms, KeyboardState ks), change parameter name ms to mouse in order to match the identifier as it has been declared in void SceneBase.Update(GameTime time, MouseState mouse, KeyboardState keys) (https://learn.microsoft.com/dotnet/fundamentals/code-analysis/quality-rules/ca1725) [/app/TWL.Client/TWL.Client.csproj]
/app/TWL.Client/Presentation/Scenes/SceneBattle.cs(138,23): warning CA1725: In member void SceneBattle.Update(GameTime gt, MouseState ms, KeyboardState ks), change parameter name ks to keys in order to match the identifier as it has been declared in void SceneBase.Update(GameTime time, MouseState mouse, KeyboardState keys) (https://learn.microsoft.com/dotnet/fundamentals/code-analysis/quality-rules/ca1725) [/app/TWL.Client/TWL.Client.csproj]
/app/TWL.Client/Presentation/Scenes/SceneGameplay.cs(22,21): warning CA1001: Type 'SceneGameplay' owns disposable field(s) '_mapRenderer', '_playerView' but is not disposable (https://learn.microsoft.com/dotnet/fundamentals/code-analysis/quality-rules/ca1001) [/app/TWL.Client/TWL.Client.csproj]
/app/TWL.Client/Presentation/UI/UiOptions.cs(221,20): warning CA1822: Member 'GetTextSpeedLabel' does not access instance data and can be marked as static (https://learn.microsoft.com/dotnet/fundamentals/code-analysis/quality-rules/ca1822) [/app/TWL.Client/TWL.Client.csproj]
/app/TWL.Client/Presentation/Scenes/SceneBattle.cs(342,43): warning CA1725: In member void SceneBattle.Draw(SpriteBatch sb), change parameter name sb to spriteBatch in order to match the identifier as it has been declared in void SceneBase.Draw(SpriteBatch spriteBatch) (https://learn.microsoft.com/dotnet/fundamentals/code-analysis/quality-rules/ca1725) [/app/TWL.Client/TWL.Client.csproj]
/app/TWL.Client/Presentation/UI/UiMainMenu.cs(266,18): warning CA1822: Member 'GetShiftedNumberChar' does not access instance data and can be marked as static (https://learn.microsoft.com/dotnet/fundamentals/code-analysis/quality-rules/ca1822) [/app/TWL.Client/TWL.Client.csproj]
/app/TWL.Client/Presentation/Scenes/SceneBattle.cs(23,21): warning CA1001: Type 'SceneBattle' owns disposable field(s) '_whiteTexture' but is not disposable (https://learn.microsoft.com/dotnet/fundamentals/code-analysis/quality-rules/ca1001) [/app/TWL.Client/TWL.Client.csproj]
/app/TWL.Client/Presentation/Scenes/SceneBattle.cs(88,20): warning CA1822: Member 'GetSkillName' does not access instance data and can be marked as static (https://learn.microsoft.com/dotnet/fundamentals/code-analysis/quality-rules/ca1822) [/app/TWL.Client/TWL.Client.csproj]
  TWL.Client -> /app/TWL.Client/bin/Release/net10.0/TWL.Client.dll
/app/TWL.Tests/Server/Combat/CombatFlowIntegrationTests.cs(186,82): error CS1513: } expected [/app/TWL.Tests/TWL.Tests.csproj]
/app/TWL.Tests/Server/Combat/CombatFlowIntegrationTests.cs(192,16): error CS1519: Invalid token '=' in a member declaration [/app/TWL.Tests/TWL.Tests.csproj]
/app/TWL.Tests/Server/Combat/CombatFlowIntegrationTests.cs(192,39): error CS1519: Invalid token '(' in a member declaration [/app/TWL.Tests/TWL.Tests.csproj]
/app/TWL.Tests/Server/Combat/CombatFlowIntegrationTests.cs(192,40): error CS1031: Type expected [/app/TWL.Tests/TWL.Tests.csproj]
/app/TWL.Tests/Server/Combat/CombatFlowIntegrationTests.cs(192,40): error CS8124: Tuple must contain at least two elements. [/app/TWL.Tests/TWL.Tests.csproj]
/app/TWL.Tests/Server/Combat/CombatFlowIntegrationTests.cs(192,40): error CS1026: ) expected [/app/TWL.Tests/TWL.Tests.csproj]
/app/TWL.Tests/Server/Combat/CombatFlowIntegrationTests.cs(192,40): error CS1519: Invalid token '1' in a member declaration [/app/TWL.Tests/TWL.Tests.csproj]
/app/TWL.Tests/Server/Combat/CombatFlowIntegrationTests.cs(192,72): error CS1519: Invalid token ',' in a member declaration [/app/TWL.Tests/TWL.Tests.csproj]
/app/TWL.Tests/Server/Combat/CombatFlowIntegrationTests.cs(193,21): error CS1519: Invalid token '(' in a member declaration [/app/TWL.Tests/TWL.Tests.csproj]
/app/TWL.Tests/Server/Combat/CombatFlowIntegrationTests.cs(193,30): error CS1031: Type expected [/app/TWL.Tests/TWL.Tests.csproj]
/app/TWL.Tests/Server/Combat/CombatFlowIntegrationTests.cs(193,30): error CS1026: ) expected [/app/TWL.Tests/TWL.Tests.csproj]
/app/TWL.Tests/Server/Combat/CombatFlowIntegrationTests.cs(193,30): error CS1519: Invalid token '"In-combat player should not be able to use PetUtility"' in a member declaration [/app/TWL.Tests/TWL.Tests.csproj]
/app/TWL.Tests/Server/Combat/CombatFlowIntegrationTests.cs(203,33): error CS1001: Identifier expected [/app/TWL.Tests/TWL.Tests.csproj]
/app/TWL.Tests/Server/Combat/CombatFlowIntegrationTests.cs(203,38): error CS1001: Identifier expected [/app/TWL.Tests/TWL.Tests.csproj]
/app/TWL.Tests/Server/Combat/CombatFlowIntegrationTests.cs(204,24): error CS1519: Invalid token '(' in a member declaration [/app/TWL.Tests/TWL.Tests.csproj]
/app/TWL.Tests/Server/Combat/CombatFlowIntegrationTests.cs(204,47): error CS1031: Type expected [/app/TWL.Tests/TWL.Tests.csproj]
/app/TWL.Tests/Server/Combat/CombatFlowIntegrationTests.cs(204,47): error CS1026: ) expected [/app/TWL.Tests/TWL.Tests.csproj]
/app/TWL.Tests/Server/Combat/CombatFlowIntegrationTests.cs(204,47): error CS1519: Invalid token '0.5f' in a member declaration [/app/TWL.Tests/TWL.Tests.csproj]
/app/TWL.Tests/Server/Combat/CombatFlowIntegrationTests.cs(207,16): error CS1519: Invalid token '=' in a member declaration [/app/TWL.Tests/TWL.Tests.csproj]
/app/TWL.Tests/Server/Combat/CombatFlowIntegrationTests.cs(207,39): error CS1519: Invalid token '(' in a member declaration [/app/TWL.Tests/TWL.Tests.csproj]
/app/TWL.Tests/Server/Combat/CombatFlowIntegrationTests.cs(207,40): error CS1031: Type expected [/app/TWL.Tests/TWL.Tests.csproj]
/app/TWL.Tests/Server/Combat/CombatFlowIntegrationTests.cs(207,40): error CS8124: Tuple must contain at least two elements. [/app/TWL.Tests/TWL.Tests.csproj]
/app/TWL.Tests/Server/Combat/CombatFlowIntegrationTests.cs(207,40): error CS1026: ) expected [/app/TWL.Tests/TWL.Tests.csproj]
/app/TWL.Tests/Server/Combat/CombatFlowIntegrationTests.cs(207,40): error CS1519: Invalid token '1' in a member declaration [/app/TWL.Tests/TWL.Tests.csproj]
/app/TWL.Tests/Server/Combat/CombatFlowIntegrationTests.cs(207,72): error CS1519: Invalid token ',' in a member declaration [/app/TWL.Tests/TWL.Tests.csproj]
/app/TWL.Tests/Server/Combat/CombatFlowIntegrationTests.cs(208,20): error CS1519: Invalid token '(' in a member declaration [/app/TWL.Tests/TWL.Tests.csproj]
/app/TWL.Tests/Server/Combat/CombatFlowIntegrationTests.cs(208,29): error CS1031: Type expected [/app/TWL.Tests/TWL.Tests.csproj]
/app/TWL.Tests/Server/Combat/CombatFlowIntegrationTests.cs(208,29): error CS1026: ) expected [/app/TWL.Tests/TWL.Tests.csproj]
/app/TWL.Tests/Server/Combat/CombatFlowIntegrationTests.cs(208,29): error CS1519: Invalid token '"Alive and out-of-combat player should be able to use PetUtility"' in a member declaration [/app/TWL.Tests/TWL.Tests.csproj]

Build FAILED.

/app/TWL.Shared/Domain/Characters/PlayerCharacter.cs(205,17): warning CS0108: 'PlayerCharacter.Heal(int)' hides inherited member 'Character.Heal(int)'. Use the new keyword if hiding was intended. [/app/TWL.Shared/TWL.Shared.csproj]
/app/TWL.Shared/Domain/Characters/PlayerCharacter.cs(206,17): warning CS0108: 'PlayerCharacter.TakeDamage(int)' hides inherited member 'Character.TakeDamage(int)'. Use the new keyword if hiding was intended. [/app/TWL.Shared/TWL.Shared.csproj]
/app/TWL.Shared/Domain/Characters/PlayerCharacter.cs(207,17): warning CS0108: 'PlayerCharacter.RestoreMana(int)' hides inherited member 'Character.RestoreMana(int)'. Use the new keyword if hiding was intended. [/app/TWL.Shared/TWL.Shared.csproj]
/app/TWL.Shared/Net/Payloads/SystemMessageDto.cs(5,19): warning CS8618: Non-nullable property 'Text' must contain a non-null value when exiting constructor. Consider adding the 'required' modifier or declaring the property as nullable. [/app/TWL.Shared/TWL.Shared.csproj]
/app/TWL.Shared/Net/Payloads/LoginResponseDto.cs(14,19): warning CS8618: Non-nullable property 'ErrorMessage' must contain a non-null value when exiting constructor. Consider adding the 'required' modifier or declaring the property as nullable. [/app/TWL.Shared/TWL.Shared.csproj]
/app/TWL.Shared/Net/Payloads/LoginRequestDto.cs(5,19): warning CS8618: Non-nullable property 'Username' must contain a non-null value when exiting constructor. Consider adding the 'required' modifier or declaring the property as nullable. [/app/TWL.Shared/TWL.Shared.csproj]
/app/TWL.Shared/Net/Payloads/LoginRequestDto.cs(6,19): warning CS8618: Non-nullable property 'Password' must contain a non-null value when exiting constructor. Consider adding the 'required' modifier or declaring the property as nullable. [/app/TWL.Shared/TWL.Shared.csproj]
/app/TWL.Shared/Net/Payloads/LoginFailedResponseDto.cs(5,19): warning CS8618: Non-nullable property 'ErrorMessage' must contain a non-null value when exiting constructor. Consider adding the 'required' modifier or declaring the property as nullable. [/app/TWL.Shared/TWL.Shared.csproj]
/app/TWL.Shared/Net/Network/NetMessage.cs(22,19): warning CS8618: Non-nullable property 'JsonPayload' must contain a non-null value when exiting constructor. Consider adding the 'required' modifier or declaring the property as nullable. [/app/TWL.Shared/TWL.Shared.csproj]
/app/TWL.Shared/Domain/Battle/BattleInstance.cs(23,12): warning CS8618: Non-nullable property 'CurrentTurnCombatant' must contain a non-null value when exiting constructor. Consider adding the 'required' modifier or declaring the property as nullable. [/app/TWL.Shared/TWL.Shared.csproj]
/app/TWL.Shared/Domain/Battle/BattleInstance.cs(23,12): warning CS8618: Non-nullable event 'OnSkillUsed' must contain a non-null value when exiting constructor. Consider adding the 'required' modifier or declaring the event as nullable. [/app/TWL.Shared/TWL.Shared.csproj]
/app/TWL.Shared/Net/Messages/ServerMessage.cs(6,19): warning CS8618: Non-nullable property 'Payload' must contain a non-null value when exiting constructor. Consider adding the 'required' modifier or declaring the property as nullable. [/app/TWL.Shared/TWL.Shared.csproj]
/app/TWL.Shared/Net/Messages/ClientMessage.cs(6,19): warning CS8618: Non-nullable property 'Payload' must contain a non-null value when exiting constructor. Consider adding the 'required' modifier or declaring the property as nullable. [/app/TWL.Shared/TWL.Shared.csproj]
/app/TWL.Shared/Domain/Skills/SkillRegistry.cs(180,23): warning CS8618: Non-nullable property 'Name' must contain a non-null value when exiting constructor. Consider adding the 'required' modifier or declaring the property as nullable. [/app/TWL.Shared/TWL.Shared.csproj]
/app/TWL.Shared/Domain/Skills/SkillRegistry.cs(181,23): warning CS8618: Non-nullable property 'DisplayNameKey' must contain a non-null value when exiting constructor. Consider adding the 'required' modifier or declaring the property as nullable. [/app/TWL.Shared/TWL.Shared.csproj]
/app/TWL.Shared/Domain/Skills/SkillRegistry.cs(182,23): warning CS8618: Non-nullable property 'Description' must contain a non-null value when exiting constructor. Consider adding the 'required' modifier or declaring the property as nullable. [/app/TWL.Shared/TWL.Shared.csproj]
/app/TWL.Shared/Domain/DTO/CompoundDTOs.cs(21,19): warning CS8618: Non-nullable property 'Message' must contain a non-null value when exiting constructor. Consider adding the 'required' modifier or declaring the property as nullable. [/app/TWL.Shared/TWL.Shared.csproj]
/app/TWL.Shared/Domain/DTO/CompoundDTOs.cs(23,38): warning CS8618: Non-nullable property 'NewBonusStats' must contain a non-null value when exiting constructor. Consider adding the 'required' modifier or declaring the property as nullable. [/app/TWL.Shared/TWL.Shared.csproj]
/app/TWL.Shared/Domain/DTO/EconomyDTOs.cs(5,19): warning CS8618: Non-nullable property 'ProductId' must contain a non-null value when exiting constructor. Consider adding the 'required' modifier or declaring the property as nullable. [/app/TWL.Shared/TWL.Shared.csproj]
/app/TWL.Shared/Domain/DTO/EconomyDTOs.cs(16,19): warning CS8618: Non-nullable property 'OrderId' must contain a non-null value when exiting constructor. Consider adding the 'required' modifier or declaring the property as nullable. [/app/TWL.Shared/TWL.Shared.csproj]
/app/TWL.Shared/Domain/DTO/EconomyDTOs.cs(17,19): warning CS8618: Non-nullable property 'ReceiptToken' must contain a non-null value when exiting constructor. Consider adding the 'required' modifier or declaring the property as nullable. [/app/TWL.Shared/TWL.Shared.csproj]
/app/TWL.Shared/Domain/Events/PetEvents.cs(35,19): warning CS8618: Non-nullable property 'PetInstanceId' must contain a non-null value when exiting constructor. Consider adding the 'required' modifier or declaring the property as nullable. [/app/TWL.Shared/TWL.Shared.csproj]
/app/TWL.Shared/Domain/DTO/EconomyDTOs.cs(24,19): warning CS8618: Non-nullable property 'OperationId' must contain a non-null value when exiting constructor. Consider adding the 'required' modifier or declaring the property as nullable. [/app/TWL.Shared/TWL.Shared.csproj]
/app/TWL.Shared/Domain/Events/PetEvents.cs(28,19): warning CS8618: Non-nullable property 'PetInstanceId' must contain a non-null value when exiting constructor. Consider adding the 'required' modifier or declaring the property as nullable. [/app/TWL.Shared/TWL.Shared.csproj]
/app/TWL.Shared/Domain/Events/PetEvents.cs(21,19): warning CS8618: Non-nullable property 'PetInstanceId' must contain a non-null value when exiting constructor. Consider adding the 'required' modifier or declaring the property as nullable. [/app/TWL.Shared/TWL.Shared.csproj]
/app/TWL.Shared/Domain/Events/PetEvents.cs(14,19): warning CS8618: Non-nullable property 'PetInstanceId' must contain a non-null value when exiting constructor. Consider adding the 'required' modifier or declaring the property as nullable. [/app/TWL.Shared/TWL.Shared.csproj]
/app/TWL.Shared/Domain/Events/PetEvents.cs(6,19): warning CS8618: Non-nullable property 'PetInstanceId' must contain a non-null value when exiting constructor. Consider adding the 'required' modifier or declaring the property as nullable. [/app/TWL.Shared/TWL.Shared.csproj]
/app/TWL.Shared/Domain/Events/PetEvents.cs(8,19): warning CS8618: Non-nullable property 'Name' must contain a non-null value when exiting constructor. Consider adding the 'required' modifier or declaring the property as nullable. [/app/TWL.Shared/TWL.Shared.csproj]
/app/TWL.Shared/Domain/DTO/EconomyDTOs.cs(10,19): warning CS8618: Non-nullable property 'OrderId' must contain a non-null value when exiting constructor. Consider adding the 'required' modifier or declaring the property as nullable. [/app/TWL.Shared/TWL.Shared.csproj]
/app/TWL.Shared/Domain/DTO/EconomyDTOs.cs(11,19): warning CS8618: Non-nullable property 'ProviderUrl' must contain a non-null value when exiting constructor. Consider adding the 'required' modifier or declaring the property as nullable. [/app/TWL.Shared/TWL.Shared.csproj]
/app/TWL.Shared/Domain/DTO/EconomyDTOs.cs(30,19): warning CS8618: Non-nullable property 'Message' must contain a non-null value when exiting constructor. Consider adding the 'required' modifier or declaring the property as nullable. [/app/TWL.Shared/TWL.Shared.csproj]
/app/TWL.Shared/Domain/DTO/EconomyDTOs.cs(32,19): warning CS8618: Non-nullable property 'OrderId' must contain a non-null value when exiting constructor. Consider adding the 'required' modifier or declaring the property as nullable. [/app/TWL.Shared/TWL.Shared.csproj]
/app/TWL.Shared/Domain/Characters/PlayerCharacter.cs(15,12): warning CS8618: Non-nullable field '_collisionGrid' must contain a non-null value when exiting constructor. Consider adding the 'required' modifier or declaring the field as nullable. [/app/TWL.Shared/TWL.Shared.csproj]
/app/TWL.Shared/Domain/Characters/PlayerCharacter.cs(15,12): warning CS8618: Non-nullable field '_currentPath' must contain a non-null value when exiting constructor. Consider adding the 'required' modifier or declaring the field as nullable. [/app/TWL.Shared/TWL.Shared.csproj]
/app/TWL.Shared/Domain/DTO/PlayerDataDTO.cs(8,19): warning CS8618: Non-nullable property 'UserName' must contain a non-null value when exiting constructor. Consider adding the 'required' modifier or declaring the property as nullable. [/app/TWL.Shared/TWL.Shared.csproj]
/app/TWL.Shared/Domain/Requests/PetActionRequest.cs(15,19): warning CS8618: Non-nullable property 'PetInstanceId' must contain a non-null value when exiting constructor. Consider adding the 'required' modifier or declaring the property as nullable. [/app/TWL.Shared/TWL.Shared.csproj]
/app/TWL.Shared/Domain/Requests/PetActionRequest.cs(16,19): warning CS8618: Non-nullable property 'AdditionalData' must contain a non-null value when exiting constructor. Consider adding the 'required' modifier or declaring the property as nullable. [/app/TWL.Shared/TWL.Shared.csproj]
/app/TWL.Shared/Domain/Characters/NpcDefinition.cs(6,19): warning CS8618: Non-nullable property 'Name' must contain a non-null value when exiting constructor. Consider adding the 'required' modifier or declaring the property as nullable. [/app/TWL.Shared/TWL.Shared.csproj]
/app/TWL.Shared/Domain/Characters/NpcDefinition.cs(7,19): warning CS8618: Non-nullable property 'Title' must contain a non-null value when exiting constructor. Consider adding the 'required' modifier or declaring the property as nullable. [/app/TWL.Shared/TWL.Shared.csproj]
/app/TWL.Shared/Domain/Characters/NpcDefinition.cs(10,19): warning CS8618: Non-nullable property 'SpritePath' must contain a non-null value when exiting constructor. Consider adding the 'required' modifier or declaring the property as nullable. [/app/TWL.Shared/TWL.Shared.csproj]
/app/TWL.Shared/Domain/Characters/NpcDefinition.cs(11,19): warning CS8618: Non-nullable property 'PortraitPath' must contain a non-null value when exiting constructor. Consider adding the 'required' modifier or declaring the property as nullable. [/app/TWL.Shared/TWL.Shared.csproj]
/app/TWL.Shared/Domain/Characters/NpcDefinition.cs(14,19): warning CS8618: Non-nullable property 'DefaultDialogueKey' must contain a non-null value when exiting constructor. Consider adding the 'required' modifier or declaring the property as nullable. [/app/TWL.Shared/TWL.Shared.csproj]
/app/TWL.Shared/Domain/Characters/NpcDefinition.cs(15,19): warning CS8618: Non-nullable property 'Region' must contain a non-null value when exiting constructor. Consider adding the 'required' modifier or declaring the property as nullable. [/app/TWL.Shared/TWL.Shared.csproj]
/app/TWL.Shared/Domain/Characters/PetDefinition.cs(45,12): warning CS8618: Non-nullable field 'Name' must contain a non-null value when exiting constructor. Consider adding the 'required' modifier or declaring the field as nullable. [/app/TWL.Shared/TWL.Shared.csproj]
/app/TWL.Shared/Domain/Characters/PetDefinition.cs(45,12): warning CS8618: Non-nullable field 'PortraitPath' must contain a non-null value when exiting constructor. Consider adding the 'required' modifier or declaring the field as nullable. [/app/TWL.Shared/TWL.Shared.csproj]
/app/TWL.Shared/Domain/Characters/PetDefinition.cs(45,12): warning CS8618: Non-nullable field 'RebirthSprite' must contain a non-null value when exiting constructor. Consider adding the 'required' modifier or declaring the field as nullable. [/app/TWL.Shared/TWL.Shared.csproj]
/app/TWL.Shared/Domain/Characters/PetDefinition.cs(45,12): warning CS8618: Non-nullable field 'SpritePath' must contain a non-null value when exiting constructor. Consider adding the 'required' modifier or declaring the field as nullable. [/app/TWL.Shared/TWL.Shared.csproj]
/app/TWL.Shared/Domain/DTO/LoginDTO.cs(5,19): warning CS8618: Non-nullable property 'Username' must contain a non-null value when exiting constructor. Consider adding the 'required' modifier or declaring the property as nullable. [/app/TWL.Shared/TWL.Shared.csproj]
/app/TWL.Shared/Domain/DTO/LoginDTO.cs(6,19): warning CS8618: Non-nullable property 'PassHash' must contain a non-null value when exiting constructor. Consider adding the 'required' modifier or declaring the property as nullable. [/app/TWL.Shared/TWL.Shared.csproj]
/app/TWL.Shared/Domain/Characters/MonsterDefinition.cs(6,19): warning CS8618: Non-nullable property 'Name' must contain a non-null value when exiting constructor. Consider adding the 'required' modifier or declaring the property as nullable. [/app/TWL.Shared/TWL.Shared.csproj]
/app/TWL.Shared/Domain/Characters/MonsterDefinition.cs(7,19): warning CS8618: Non-nullable property 'Code' must contain a non-null value when exiting constructor. Consider adding the 'required' modifier or declaring the property as nullable. [/app/TWL.Shared/TWL.Shared.csproj]
/app/TWL.Shared/Domain/Characters/MonsterDefinition.cs(25,19): warning CS8618: Non-nullable property 'SpritePath' must contain a non-null value when exiting constructor. Consider adding the 'required' modifier or declaring the property as nullable. [/app/TWL.Shared/TWL.Shared.csproj]
/app/TWL.Shared/Domain/Characters/MonsterDefinition.cs(26,19): warning CS8618: Non-nullable property 'PortraitPath' must contain a non-null value when exiting constructor. Consider adding the 'required' modifier or declaring the property as nullable. [/app/TWL.Shared/TWL.Shared.csproj]
/app/TWL.Shared/Domain/Battle/BattleInstance.cs(107,36): warning CS8625: Cannot convert null literal to non-nullable reference type. [/app/TWL.Shared/TWL.Shared.csproj]
/app/TWL.Shared/Domain/Battle/BattleInstance.cs(153,49): warning CS8604: Possible null reference argument for parameter 'target' in 'string BattleInstance.UseSkill(Combatant actor, Combatant target, int skillId)'. [/app/TWL.Shared/TWL.Shared.csproj]
/app/TWL.Shared/Domain/Battle/BattleInstance.cs(180,32): warning CS8625: Cannot convert null literal to non-nullable reference type. [/app/TWL.Shared/TWL.Shared.csproj]
/app/TWL.Shared/Domain/Battle/BattleInstance.cs(208,44): warning CS8604: Possible null reference argument for parameter 'target' in 'string BattleInstance.ApplyDataDrivenSkill(Combatant actor, Combatant target, Skill skill)'. [/app/TWL.Shared/TWL.Shared.csproj]
/app/TWL.Shared/Domain/Battle/AutoBattleService.cs(71,95): warning CS8604: Possible null reference argument for parameter 'item' in 'bool List<string>.Contains(string item)'. [/app/TWL.Shared/TWL.Shared.csproj]
/app/TWL.Shared/Domain/Battle/AutoBattleService.cs(100,94): warning CS8604: Possible null reference argument for parameter 'item' in 'bool List<string>.Contains(string item)'. [/app/TWL.Shared/TWL.Shared.csproj]
/app/TWL.Shared/Domain/Battle/BattleInstance.cs(233,32): warning CS8600: Converting null literal or possible null value to non-nullable type. [/app/TWL.Shared/TWL.Shared.csproj]
/app/TWL.Shared/Domain/Battle/BattleInstance.cs(511,50): warning CS8602: Dereference of a possibly null reference. [/app/TWL.Shared/TWL.Shared.csproj]
/app/TWL.Shared/Domain/Battle/BattleInstance.cs(523,68): warning CS8602: Dereference of a possibly null reference. [/app/TWL.Shared/TWL.Shared.csproj]
/app/TWL.Shared/Domain/Battle/BattleInstance.cs(538,17): warning CS8602: Dereference of a possibly null reference. [/app/TWL.Shared/TWL.Shared.csproj]
/app/TWL.Shared/Domain/Battle/AutoBattlePolicy.cs(1,29): warning CA1716: Rename namespace TWL.Shared.Domain.Battle so that it no longer conflicts with the reserved language keyword 'Shared'. Using a reserved keyword as the name of a namespace makes it harder for consumers in other languages to use the namespace. (https://learn.microsoft.com/dotnet/fundamentals/code-analysis/quality-rules/ca1716) [/app/TWL.Shared/TWL.Shared.csproj]
/app/TWL.Shared/Constants/ProtocolConstants.cs(1,22): warning CA1716: Rename namespace TWL.Shared.Constants so that it no longer conflicts with the reserved language keyword 'Shared'. Using a reserved keyword as the name of a namespace makes it harder for consumers in other languages to use the namespace. (https://learn.microsoft.com/dotnet/fundamentals/code-analysis/quality-rules/ca1716) [/app/TWL.Shared/TWL.Shared.csproj]
/app/TWL.Shared/Constants/SkillIds.cs(5,22): warning CA1707: Remove the underscores from member name TWL.Shared.Constants.SkillIds.GS_WATER_SHRINK (https://learn.microsoft.com/dotnet/fundamentals/code-analysis/quality-rules/ca1707) [/app/TWL.Shared/TWL.Shared.csproj]
/app/TWL.Shared/Constants/SkillIds.cs(6,22): warning CA1707: Remove the underscores from member name TWL.Shared.Constants.SkillIds.GS_EARTH_BLOCKAGE (https://learn.microsoft.com/dotnet/fundamentals/code-analysis/quality-rules/ca1707) [/app/TWL.Shared/TWL.Shared.csproj]
/app/TWL.Shared/Constants/SkillIds.cs(7,22): warning CA1707: Remove the underscores from member name TWL.Shared.Constants.SkillIds.GS_FIRE_HOTFIRE (https://learn.microsoft.com/dotnet/fundamentals/code-analysis/quality-rules/ca1707) [/app/TWL.Shared/TWL.Shared.csproj]
/app/TWL.Shared/Constants/SkillIds.cs(8,22): warning CA1707: Remove the underscores from member name TWL.Shared.Constants.SkillIds.GS_WIND_VANISH (https://learn.microsoft.com/dotnet/fundamentals/code-analysis/quality-rules/ca1707) [/app/TWL.Shared/TWL.Shared.csproj]
/app/TWL.Shared/Domain/DTO/CompoundDTOs.cs(1,29): warning CA1716: Rename namespace TWL.Shared.Domain.DTO so that it no longer conflicts with the reserved language keyword 'Shared'. Using a reserved keyword as the name of a namespace makes it harder for consumers in other languages to use the namespace. (https://learn.microsoft.com/dotnet/fundamentals/code-analysis/quality-rules/ca1716) [/app/TWL.Shared/TWL.Shared.csproj]
/app/TWL.Shared/Services/DefaultRandomService.cs(3,22): warning CA1716: Rename namespace TWL.Shared.Services so that it no longer conflicts with the reserved language keyword 'Shared'. Using a reserved keyword as the name of a namespace makes it harder for consumers in other languages to use the namespace. (https://learn.microsoft.com/dotnet/fundamentals/code-analysis/quality-rules/ca1716) [/app/TWL.Shared/TWL.Shared.csproj]
/app/TWL.Shared/Net/Abstractions/IAssetLoader.cs(1,26): warning CA1716: Rename namespace TWL.Shared.Net.Abstractions so that it no longer conflicts with the reserved language keyword 'Shared'. Using a reserved keyword as the name of a namespace makes it harder for consumers in other languages to use the namespace. (https://learn.microsoft.com/dotnet/fundamentals/code-analysis/quality-rules/ca1716) [/app/TWL.Shared/TWL.Shared.csproj]
/app/TWL.Shared/Net/Abstractions/IAssetLoader.cs(1,22): warning CA1716: Rename namespace TWL.Shared.Net so that it no longer conflicts with the reserved language keyword 'Shared'. Using a reserved keyword as the name of a namespace makes it harder for consumers in other languages to use the namespace. (https://learn.microsoft.com/dotnet/fundamentals/code-analysis/quality-rules/ca1716) [/app/TWL.Shared/TWL.Shared.csproj]
/app/TWL.Shared/Net/Messages/ClientMessage.cs(1,26): warning CA1716: Rename namespace TWL.Shared.Net.Messages so that it no longer conflicts with the reserved language keyword 'Shared'. Using a reserved keyword as the name of a namespace makes it harder for consumers in other languages to use the namespace. (https://learn.microsoft.com/dotnet/fundamentals/code-analysis/quality-rules/ca1716) [/app/TWL.Shared/TWL.Shared.csproj]
/app/TWL.Shared/Domain/Guilds/Guild.cs(1,29): warning CA1716: Rename namespace TWL.Shared.Domain.Guilds so that it no longer conflicts with the reserved language keyword 'Shared'. Using a reserved keyword as the name of a namespace makes it harder for consumers in other languages to use the namespace. (https://learn.microsoft.com/dotnet/fundamentals/code-analysis/quality-rules/ca1716) [/app/TWL.Shared/TWL.Shared.csproj]
/app/TWL.Shared/Domain/Characters/AmityItemDefinition.cs(1,29): warning CA1716: Rename namespace TWL.Shared.Domain.Characters so that it no longer conflicts with the reserved language keyword 'Shared'. Using a reserved keyword as the name of a namespace makes it harder for consumers in other languages to use the namespace. (https://learn.microsoft.com/dotnet/fundamentals/code-analysis/quality-rules/ca1716) [/app/TWL.Shared/TWL.Shared.csproj]
/app/TWL.Shared/Domain/Characters/Character.cs(21,22): warning CA1051: Do not declare visible instance fields (https://learn.microsoft.com/dotnet/fundamentals/code-analysis/quality-rules/ca1051) [/app/TWL.Shared/TWL.Shared.csproj]
/app/TWL.Shared/Domain/Characters/Character.cs(57,16): warning CA1720: Identifier 'Int' contains type name (https://learn.microsoft.com/dotnet/fundamentals/code-analysis/quality-rules/ca1720) [/app/TWL.Shared/TWL.Shared.csproj]
/app/TWL.Shared/Domain/Characters/ItemSlot.cs(10,17): warning CA1051: Do not declare visible instance fields (https://learn.microsoft.com/dotnet/fundamentals/code-analysis/quality-rules/ca1051) [/app/TWL.Shared/TWL.Shared.csproj]
/app/TWL.Shared/Domain/Characters/ItemSlot.cs(11,16): warning CA1051: Do not declare visible instance fields (https://learn.microsoft.com/dotnet/fundamentals/code-analysis/quality-rules/ca1051) [/app/TWL.Shared/TWL.Shared.csproj]
/app/TWL.Shared/Domain/Characters/ItemSlot.cs(12,23): warning CA1051: Do not declare visible instance fields (https://learn.microsoft.com/dotnet/fundamentals/code-analysis/quality-rules/ca1051) [/app/TWL.Shared/TWL.Shared.csproj]
/app/TWL.Shared/Domain/Characters/ItemSlot.cs(13,16): warning CA1051: Do not declare visible instance fields (https://learn.microsoft.com/dotnet/fundamentals/code-analysis/quality-rules/ca1051) [/app/TWL.Shared/TWL.Shared.csproj]
/app/TWL.Shared/Domain/Characters/PetCharacter.cs(7,18): warning CA1051: Do not declare visible instance fields (https://learn.microsoft.com/dotnet/fundamentals/code-analysis/quality-rules/ca1051) [/app/TWL.Shared/TWL.Shared.csproj]
/app/TWL.Shared/Domain/Characters/PetCharacter.cs(8,21): warning CA1051: Do not declare visible instance fields (https://learn.microsoft.com/dotnet/fundamentals/code-analysis/quality-rules/ca1051) [/app/TWL.Shared/TWL.Shared.csproj]
/app/TWL.Shared/Domain/Characters/PetCharacter.cs(9,18): warning CA1051: Do not declare visible instance fields (https://learn.microsoft.com/dotnet/fundamentals/code-analysis/quality-rules/ca1051) [/app/TWL.Shared/TWL.Shared.csproj]
/app/TWL.Shared/Domain/Characters/PetCharacter.cs(10,17): warning CA1051: Do not declare visible instance fields (https://learn.microsoft.com/dotnet/fundamentals/code-analysis/quality-rules/ca1051) [/app/TWL.Shared/TWL.Shared.csproj]
/app/TWL.Shared/Domain/Characters/PetCharacter.cs(11,17): warning CA1051: Do not declare visible instance fields (https://learn.microsoft.com/dotnet/fundamentals/code-analysis/quality-rules/ca1051) [/app/TWL.Shared/TWL.Shared.csproj]
/app/TWL.Shared/Domain/Characters/PetCharacter.cs(12,16): warning CA1051: Do not declare visible instance fields (https://learn.microsoft.com/dotnet/fundamentals/code-analysis/quality-rules/ca1051) [/app/TWL.Shared/TWL.Shared.csproj]
/app/TWL.Shared/Domain/Characters/PetDefinition.cs(6,16): warning CA1051: Do not declare visible instance fields (https://learn.microsoft.com/dotnet/fundamentals/code-analysis/quality-rules/ca1051) [/app/TWL.Shared/TWL.Shared.csproj]
/app/TWL.Shared/Domain/Characters/PetDefinition.cs(5,16): warning CA1051: Do not declare visible instance fields (https://learn.microsoft.com/dotnet/fundamentals/code-analysis/quality-rules/ca1051) [/app/TWL.Shared/TWL.Shared.csproj]
/app/TWL.Shared/Domain/Characters/PetDefinition.cs(6,25): warning CA1051: Do not declare visible instance fields (https://learn.microsoft.com/dotnet/fundamentals/code-analysis/quality-rules/ca1051) [/app/TWL.Shared/TWL.Shared.csproj]
/app/TWL.Shared/Domain/Characters/PetDefinition.cs(6,34): warning CA1051: Do not declare visible instance fields (https://learn.microsoft.com/dotnet/fundamentals/code-analysis/quality-rules/ca1051) [/app/TWL.Shared/TWL.Shared.csproj]
/app/TWL.Shared/Domain/Characters/PetDefinition.cs(6,43): warning CA1051: Do not declare visible instance fields (https://learn.microsoft.com/dotnet/fundamentals/code-analysis/quality-rules/ca1051) [/app/TWL.Shared/TWL.Shared.csproj]
/app/TWL.Shared/Domain/Characters/PetDefinition.cs(6,52): warning CA1051: Do not declare visible instance fields (https://learn.microsoft.com/dotnet/fundamentals/code-analysis/quality-rules/ca1051) [/app/TWL.Shared/TWL.Shared.csproj]
/app/TWL.Shared/Domain/Characters/PetDefinition.cs(8,25): warning CA1051: Do not declare visible instance fields (https://learn.microsoft.com/dotnet/fundamentals/code-analysis/quality-rules/ca1051) [/app/TWL.Shared/TWL.Shared.csproj]
/app/TWL.Shared/Domain/Characters/PetDefinition.cs(9,17): warning CA1051: Do not declare visible instance fields (https://learn.microsoft.com/dotnet/fundamentals/code-analysis/quality-rules/ca1051) [/app/TWL.Shared/TWL.Shared.csproj]
/app/TWL.Shared/Domain/Characters/PetDefinition.cs(10,17): warning CA1051: Do not declare visible instance fields (https://learn.microsoft.com/dotnet/fundamentals/code-analysis/quality-rules/ca1051) [/app/TWL.Shared/TWL.Shared.csproj]
/app/TWL.Shared/Domain/Characters/PetDefinition.cs(11,20): warning CA1051: Do not declare visible instance fields (https://learn.microsoft.com/dotnet/fundamentals/code-analysis/quality-rules/ca1051) [/app/TWL.Shared/TWL.Shared.csproj]
/app/TWL.Shared/Domain/Characters/PetDefinition.cs(13,27): warning CA1051: Do not declare visible instance fields (https://learn.microsoft.com/dotnet/fundamentals/code-analysis/quality-rules/ca1051) [/app/TWL.Shared/TWL.Shared.csproj]
/app/TWL.Shared/Domain/Characters/PetDefinition.cs(16,17): warning CA1051: Do not declare visible instance fields (https://learn.microsoft.com/dotnet/fundamentals/code-analysis/quality-rules/ca1051) [/app/TWL.Shared/TWL.Shared.csproj]
/app/TWL.Shared/Domain/Characters/PetDefinition.cs(17,17): warning CA1051: Do not declare visible instance fields (https://learn.microsoft.com/dotnet/fundamentals/code-analysis/quality-rules/ca1051) [/app/TWL.Shared/TWL.Shared.csproj]
/app/TWL.Shared/Domain/Characters/PetDefinition.cs(18,20): warning CA1051: Do not declare visible instance fields (https://learn.microsoft.com/dotnet/fundamentals/code-analysis/quality-rules/ca1051) [/app/TWL.Shared/TWL.Shared.csproj]
/app/TWL.Shared/Domain/Characters/PetDefinition.cs(20,17): warning CA1051: Do not declare visible instance fields (https://learn.microsoft.com/dotnet/fundamentals/code-analysis/quality-rules/ca1051) [/app/TWL.Shared/TWL.Shared.csproj]
/app/TWL.Shared/Domain/Characters/PetDefinition.cs(21,17): warning CA1051: Do not declare visible instance fields (https://learn.microsoft.com/dotnet/fundamentals/code-analysis/quality-rules/ca1051) [/app/TWL.Shared/TWL.Shared.csproj]
/app/TWL.Shared/Domain/Characters/PetDefinition.cs(22,17): warning CA1051: Do not declare visible instance fields (https://learn.microsoft.com/dotnet/fundamentals/code-analysis/quality-rules/ca1051) [/app/TWL.Shared/TWL.Shared.csproj]
/app/TWL.Shared/Domain/Characters/PetDefinition.cs(23,19): warning CA1051: Do not declare visible instance fields (https://learn.microsoft.com/dotnet/fundamentals/code-analysis/quality-rules/ca1051) [/app/TWL.Shared/TWL.Shared.csproj]
/app/TWL.Shared/Domain/Characters/PetDefinition.cs(24,16): warning CA1051: Do not declare visible instance fields (https://learn.microsoft.com/dotnet/fundamentals/code-analysis/quality-rules/ca1051) [/app/TWL.Shared/TWL.Shared.csproj]
/app/TWL.Shared/Domain/Characters/PetDefinition.cs(25,19): warning CA1051: Do not declare visible instance fields (https://learn.microsoft.com/dotnet/fundamentals/code-analysis/quality-rules/ca1051) [/app/TWL.Shared/TWL.Shared.csproj]
/app/TWL.Shared/Domain/Characters/PetDefinition.cs(26,22): warning CA1051: Do not declare visible instance fields (https://learn.microsoft.com/dotnet/fundamentals/code-analysis/quality-rules/ca1051) [/app/TWL.Shared/TWL.Shared.csproj]
/app/TWL.Shared/Domain/Characters/PetDefinition.cs(27,17): warning CA1051: Do not declare visible instance fields (https://learn.microsoft.com/dotnet/fundamentals/code-analysis/quality-rules/ca1051) [/app/TWL.Shared/TWL.Shared.csproj]
/app/TWL.Shared/Domain/Characters/PetDefinition.cs(28,16): warning CA1051: Do not declare visible instance fields (https://learn.microsoft.com/dotnet/fundamentals/code-analysis/quality-rules/ca1051) [/app/TWL.Shared/TWL.Shared.csproj]
/app/TWL.Shared/Domain/Characters/PetDefinition.cs(29,19): warning CA1051: Do not declare visible instance fields (https://learn.microsoft.com/dotnet/fundamentals/code-analysis/quality-rules/ca1051) [/app/TWL.Shared/TWL.Shared.csproj]
/app/TWL.Shared/Domain/Characters/PetDefinition.cs(30,17): warning CA1051: Do not declare visible instance fields (https://learn.microsoft.com/dotnet/fundamentals/code-analysis/quality-rules/ca1051) [/app/TWL.Shared/TWL.Shared.csproj]
/app/TWL.Shared/Domain/Characters/PetDefinition.cs(33,22): warning CA1051: Do not declare visible instance fields (https://learn.microsoft.com/dotnet/fundamentals/code-analysis/quality-rules/ca1051) [/app/TWL.Shared/TWL.Shared.csproj]
/app/TWL.Shared/Domain/Characters/PetDefinition.cs(35,30): warning CA1051: Do not declare visible instance fields (https://learn.microsoft.com/dotnet/fundamentals/code-analysis/quality-rules/ca1051) [/app/TWL.Shared/TWL.Shared.csproj]
/app/TWL.Shared/Domain/Characters/PetDefinition.cs(36,30): warning CA1051: Do not declare visible instance fields (https://learn.microsoft.com/dotnet/fundamentals/code-analysis/quality-rules/ca1051) [/app/TWL.Shared/TWL.Shared.csproj]
/app/TWL.Shared/Domain/Characters/PetDefinition.cs(39,19): warning CA1051: Do not declare visible instance fields (https://learn.microsoft.com/dotnet/fundamentals/code-analysis/quality-rules/ca1051) [/app/TWL.Shared/TWL.Shared.csproj]
/app/TWL.Shared/Domain/Characters/PetDefinition.cs(40,20): warning CA1051: Do not declare visible instance fields (https://learn.microsoft.com/dotnet/fundamentals/code-analysis/quality-rules/ca1051) [/app/TWL.Shared/TWL.Shared.csproj]
/app/TWL.Shared/Domain/Characters/PetDefinition.cs(41,29): warning CA1051: Do not declare visible instance fields (https://learn.microsoft.com/dotnet/fundamentals/code-analysis/quality-rules/ca1051) [/app/TWL.Shared/TWL.Shared.csproj]
/app/TWL.Shared/Net/Network/AppJsonContext.cs(4,26): warning CA1716: Rename namespace TWL.Shared.Net.Network so that it no longer conflicts with the reserved language keyword 'Shared'. Using a reserved keyword as the name of a namespace makes it harder for consumers in other languages to use the namespace. (https://learn.microsoft.com/dotnet/fundamentals/code-analysis/quality-rules/ca1716) [/app/TWL.Shared/TWL.Shared.csproj]
/app/TWL.Shared/Domain/Interactions/InteractionDefinition.cs(5,29): warning CA1716: Rename namespace TWL.Shared.Domain.Interactions so that it no longer conflicts with the reserved language keyword 'Shared'. Using a reserved keyword as the name of a namespace makes it harder for consumers in other languages to use the namespace. (https://learn.microsoft.com/dotnet/fundamentals/code-analysis/quality-rules/ca1716) [/app/TWL.Shared/TWL.Shared.csproj]
/app/TWL.Shared/Domain/Models/BindPolicy.cs(1,29): warning CA1716: Rename namespace TWL.Shared.Domain.Models so that it no longer conflicts with the reserved language keyword 'Shared'. Using a reserved keyword as the name of a namespace makes it harder for consumers in other languages to use the namespace. (https://learn.microsoft.com/dotnet/fundamentals/code-analysis/quality-rules/ca1716) [/app/TWL.Shared/TWL.Shared.csproj]
/app/TWL.Shared/Domain/Battle/AutoBattlePolicy.cs(1,22): warning CA1716: Rename namespace TWL.Shared.Domain so that it no longer conflicts with the reserved language keyword 'Shared'. Using a reserved keyword as the name of a namespace makes it harder for consumers in other languages to use the namespace. (https://learn.microsoft.com/dotnet/fundamentals/code-analysis/quality-rules/ca1716) [/app/TWL.Shared/TWL.Shared.csproj]
/app/TWL.Shared/Domain/Events/BattleEvents.cs(8,29): warning CA1716: Rename namespace TWL.Shared.Domain.Events so that it no longer conflicts with the reserved language keyword 'Shared'. Using a reserved keyword as the name of a namespace makes it harder for consumers in other languages to use the namespace. (https://learn.microsoft.com/dotnet/fundamentals/code-analysis/quality-rules/ca1716) [/app/TWL.Shared/TWL.Shared.csproj]
/app/TWL.Shared/Domain/Graphics/AvatarPart.cs(3,29): warning CA1716: Rename namespace TWL.Shared.Domain.Graphics so that it no longer conflicts with the reserved language keyword 'Shared'. Using a reserved keyword as the name of a namespace makes it harder for consumers in other languages to use the namespace. (https://learn.microsoft.com/dotnet/fundamentals/code-analysis/quality-rules/ca1716) [/app/TWL.Shared/TWL.Shared.csproj]
/app/TWL.Shared/Domain/Requests/CombatResult.cs(3,29): warning CA1716: Rename namespace TWL.Shared.Domain.Requests so that it no longer conflicts with the reserved language keyword 'Shared'. Using a reserved keyword as the name of a namespace makes it harder for consumers in other languages to use the namespace. (https://learn.microsoft.com/dotnet/fundamentals/code-analysis/quality-rules/ca1716) [/app/TWL.Shared/TWL.Shared.csproj]
/app/TWL.Shared/Domain/Party/Formation.cs(3,29): warning CA1716: Rename namespace TWL.Shared.Domain.Party so that it no longer conflicts with the reserved language keyword 'Shared'. Using a reserved keyword as the name of a namespace makes it harder for consumers in other languages to use the namespace. (https://learn.microsoft.com/dotnet/fundamentals/code-analysis/quality-rules/ca1716) [/app/TWL.Shared/TWL.Shared.csproj]
/app/TWL.Shared/Domain/Skills/Skill.cs(3,29): warning CA1716: Rename namespace TWL.Shared.Domain.Skills so that it no longer conflicts with the reserved language keyword 'Shared'. Using a reserved keyword as the name of a namespace makes it harder for consumers in other languages to use the namespace. (https://learn.microsoft.com/dotnet/fundamentals/code-analysis/quality-rules/ca1716) [/app/TWL.Shared/TWL.Shared.csproj]
/app/TWL.Shared/Domain/Skills/Skill.cs(8,16): warning CA1051: Do not declare visible instance fields (https://learn.microsoft.com/dotnet/fundamentals/code-analysis/quality-rules/ca1051) [/app/TWL.Shared/TWL.Shared.csproj]
/app/TWL.Shared/Domain/Skills/Skill.cs(9,19): warning CA1051: Do not declare visible instance fields (https://learn.microsoft.com/dotnet/fundamentals/code-analysis/quality-rules/ca1051) [/app/TWL.Shared/TWL.Shared.csproj]
/app/TWL.Shared/Domain/Skills/Skill.cs(10,19): warning CA1051: Do not declare visible instance fields (https://learn.microsoft.com/dotnet/fundamentals/code-analysis/quality-rules/ca1051) [/app/TWL.Shared/TWL.Shared.csproj]
/app/TWL.Shared/Domain/Skills/Skill.cs(11,19): warning CA1051: Do not declare visible instance fields (https://learn.microsoft.com/dotnet/fundamentals/code-analysis/quality-rules/ca1051) [/app/TWL.Shared/TWL.Shared.csproj]
/app/TWL.Shared/Domain/Skills/Skill.cs(14,20): warning CA1051: Do not declare visible instance fields (https://learn.microsoft.com/dotnet/fundamentals/code-analysis/quality-rules/ca1051) [/app/TWL.Shared/TWL.Shared.csproj]
/app/TWL.Shared/Domain/Skills/Skill.cs(7,24): warning CA1051: Do not declare visible instance fields (https://learn.microsoft.com/dotnet/fundamentals/code-analysis/quality-rules/ca1051) [/app/TWL.Shared/TWL.Shared.csproj]
/app/TWL.Shared/Domain/Skills/Skill.cs(17,16): warning CA1051: Do not declare visible instance fields (https://learn.microsoft.com/dotnet/fundamentals/code-analysis/quality-rules/ca1051) [/app/TWL.Shared/TWL.Shared.csproj]
/app/TWL.Shared/Domain/Skills/Skill.cs(18,16): warning CA1051: Do not declare visible instance fields (https://learn.microsoft.com/dotnet/fundamentals/code-analysis/quality-rules/ca1051) [/app/TWL.Shared/TWL.Shared.csproj]
/app/TWL.Shared/Domain/Skills/Skill.cs(19,16): warning CA1051: Do not declare visible instance fields (https://learn.microsoft.com/dotnet/fundamentals/code-analysis/quality-rules/ca1051) [/app/TWL.Shared/TWL.Shared.csproj]
/app/TWL.Shared/Domain/Skills/Skill.cs(20,19): warning CA1051: Do not declare visible instance fields (https://learn.microsoft.com/dotnet/fundamentals/code-analysis/quality-rules/ca1051) [/app/TWL.Shared/TWL.Shared.csproj]
/app/TWL.Shared/Domain/Skills/Skill.cs(21,18): warning CA1051: Do not declare visible instance fields (https://learn.microsoft.com/dotnet/fundamentals/code-analysis/quality-rules/ca1051) [/app/TWL.Shared/TWL.Shared.csproj]
/app/TWL.Shared/Domain/Skills/Skill.cs(23,18): warning CA1051: Do not declare visible instance fields (https://learn.microsoft.com/dotnet/fundamentals/code-analysis/quality-rules/ca1051) [/app/TWL.Shared/TWL.Shared.csproj]
/app/TWL.Shared/Domain/Skills/Skill.cs(26,16): warning CA1051: Do not declare visible instance fields (https://learn.microsoft.com/dotnet/fundamentals/code-analysis/quality-rules/ca1051) [/app/TWL.Shared/TWL.Shared.csproj]
/app/TWL.Shared/Domain/Skills/Skill.cs(29,16): warning CA1051: Do not declare visible instance fields (https://learn.microsoft.com/dotnet/fundamentals/code-analysis/quality-rules/ca1051) [/app/TWL.Shared/TWL.Shared.csproj]
/app/TWL.Shared/Domain/Skills/Skill.cs(31,16): warning CA1051: Do not declare visible instance fields (https://learn.microsoft.com/dotnet/fundamentals/code-analysis/quality-rules/ca1051) [/app/TWL.Shared/TWL.Shared.csproj]
/app/TWL.Shared/Domain/Skills/Skill.cs(30,28): warning CA1051: Do not declare visible instance fields (https://learn.microsoft.com/dotnet/fundamentals/code-analysis/quality-rules/ca1051) [/app/TWL.Shared/TWL.Shared.csproj]
/app/TWL.Shared/Domain/Skills/Skill.cs(32,22): warning CA1051: Do not declare visible instance fields (https://learn.microsoft.com/dotnet/fundamentals/code-analysis/quality-rules/ca1051) [/app/TWL.Shared/TWL.Shared.csproj]
/app/TWL.Shared/Domain/Skills/Skill.cs(33,18): warning CA1051: Do not declare visible instance fields (https://learn.microsoft.com/dotnet/fundamentals/code-analysis/quality-rules/ca1051) [/app/TWL.Shared/TWL.Shared.csproj]
/app/TWL.Shared/Domain/Skills/Skill.cs(64,16): warning CA1720: Identifier 'Int' contains type name (https://learn.microsoft.com/dotnet/fundamentals/code-analysis/quality-rules/ca1720) [/app/TWL.Shared/TWL.Shared.csproj]
/app/TWL.Shared/Domain/Quests/QuestDefinition.cs(1,29): warning CA1716: Rename namespace TWL.Shared.Domain.Quests so that it no longer conflicts with the reserved language keyword 'Shared'. Using a reserved keyword as the name of a namespace makes it harder for consumers in other languages to use the namespace. (https://learn.microsoft.com/dotnet/fundamentals/code-analysis/quality-rules/ca1716) [/app/TWL.Shared/TWL.Shared.csproj]
/app/TWL.Shared/Domain/Skills/SkillEffect.cs(14,39): warning CA1805: Member 'Priority' is explicitly initialized to its default value (https://learn.microsoft.com/dotnet/fundamentals/code-analysis/quality-rules/ca1805) [/app/TWL.Shared/TWL.Shared.csproj]
/app/TWL.Shared/Domain/Skills/SkillHitRules.cs(7,42): warning CA1805: Member 'MinChance' is explicitly initialized to its default value (https://learn.microsoft.com/dotnet/fundamentals/code-analysis/quality-rules/ca1805) [/app/TWL.Shared/TWL.Shared.csproj]
/app/TWL.Shared/Domain/Skills/SkillScaling.cs(7,5): warning CA1720: Identifier 'Int' contains type name (https://learn.microsoft.com/dotnet/fundamentals/code-analysis/quality-rules/ca1720) [/app/TWL.Shared/TWL.Shared.csproj]
/app/TWL.Shared/Net/Payloads/LoginFailedResponseDto.cs(1,26): warning CA1716: Rename namespace TWL.Shared.Net.Payloads so that it no longer conflicts with the reserved language keyword 'Shared'. Using a reserved keyword as the name of a namespace makes it harder for consumers in other languages to use the namespace. (https://learn.microsoft.com/dotnet/fundamentals/code-analysis/quality-rules/ca1716) [/app/TWL.Shared/TWL.Shared.csproj]
/app/TWL.Shared/Domain/State/PartyState.cs(4,29): warning CA1716: Rename namespace TWL.Shared.Domain.State so that it no longer conflicts with the reserved language keyword 'Shared'. Using a reserved keyword as the name of a namespace makes it harder for consumers in other languages to use the namespace. (https://learn.microsoft.com/dotnet/fundamentals/code-analysis/quality-rules/ca1716) [/app/TWL.Shared/TWL.Shared.csproj]
/app/TWL.Shared/Domain/World/WorldConstants.cs(1,29): warning CA1716: Rename namespace TWL.Shared.Domain.World so that it no longer conflicts with the reserved language keyword 'Shared'. Using a reserved keyword as the name of a namespace makes it harder for consumers in other languages to use the namespace. (https://learn.microsoft.com/dotnet/fundamentals/code-analysis/quality-rules/ca1716) [/app/TWL.Shared/TWL.Shared.csproj]
/app/TWL.Shared/Net/Network/Opcode.cs(48,5): warning CA1707: Remove the underscores from member name TWL.Shared.Net.Network.Opcode.CMSG_COMPOUND_REQUEST_START (https://learn.microsoft.com/dotnet/fundamentals/code-analysis/quality-rules/ca1707) [/app/TWL.Shared/TWL.Shared.csproj]
/app/TWL.Shared/Net/Network/Opcode.cs(49,5): warning CA1707: Remove the underscores from member name TWL.Shared.Net.Network.Opcode.SMSG_COMPOUND_REQUEST_START_ACK (https://learn.microsoft.com/dotnet/fundamentals/code-analysis/quality-rules/ca1707) [/app/TWL.Shared/TWL.Shared.csproj]
/app/TWL.Shared/Services/IRandomService.cs(32,9): warning CA1716: Rename virtual/interface member IRandomService.Next(string) so that it no longer conflicts with the reserved language keyword 'Next'. Using a reserved keyword as the name of a virtual/interface member makes it harder for consumers in other languages to override/implement the member. (https://learn.microsoft.com/dotnet/fundamentals/code-analysis/quality-rules/ca1716) [/app/TWL.Shared/TWL.Shared.csproj]
/app/TWL.Shared/Services/IRandomService.cs(40,9): warning CA1716: Rename virtual/interface member IRandomService.Next(int, int, string) so that it no longer conflicts with the reserved language keyword 'Next'. Using a reserved keyword as the name of a virtual/interface member makes it harder for consumers in other languages to override/implement the member. (https://learn.microsoft.com/dotnet/fundamentals/code-analysis/quality-rules/ca1716) [/app/TWL.Shared/TWL.Shared.csproj]
/app/TWL.Shared/Domain/Skills/SkillRegistry.cs(40,27): warning CA1869: Avoid creating a new 'JsonSerializerOptions' instance for every serialization operation. Cache and reuse instances instead. (https://learn.microsoft.com/dotnet/fundamentals/code-analysis/quality-rules/ca1869) [/app/TWL.Shared/TWL.Shared.csproj]
/app/TWL.Shared/Net/EventBus.cs(10,14): warning CA1854: Prefer a 'TryGetValue' call over a Dictionary indexer access guarded by a 'ContainsKey' check to avoid double lookup (https://learn.microsoft.com/dotnet/fundamentals/code-analysis/quality-rules/ca1854) [/app/TWL.Shared/TWL.Shared.csproj]
/app/TWL.Shared/Domain/Skills/SkillRegistry.cs(155,23): warning CA1822: Member 'MapBranchToType' does not access instance data and can be marked as static (https://learn.microsoft.com/dotnet/fundamentals/code-analysis/quality-rules/ca1822) [/app/TWL.Shared/TWL.Shared.csproj]
/app/TWL.Shared/Domain/Skills/Skill.cs(55,17): warning CA1822: Member 'Apply' does not access instance data and can be marked as static (https://learn.microsoft.com/dotnet/fundamentals/code-analysis/quality-rules/ca1822) [/app/TWL.Shared/TWL.Shared.csproj]
/app/TWL.Shared/Domain/Battle/BattleInstance.cs(402,19): warning CA1822: Member 'ProcessStatusEffects' does not access instance data and can be marked as static (https://learn.microsoft.com/dotnet/fundamentals/code-analysis/quality-rules/ca1822) [/app/TWL.Shared/TWL.Shared.csproj]
/app/TWL.Shared/Domain/Battle/BattleInstance.cs(428,19): warning CA1822: Member 'GetStatValue' does not access instance data and can be marked as static (https://learn.microsoft.com/dotnet/fundamentals/code-analysis/quality-rules/ca1822) [/app/TWL.Shared/TWL.Shared.csproj]
/app/TWL.Shared/Domain/Battle/BattleInstance.cs(583,19): warning CA1822: Member 'GetElementalMultiplier' does not access instance data and can be marked as static (https://learn.microsoft.com/dotnet/fundamentals/code-analysis/quality-rules/ca1822) [/app/TWL.Shared/TWL.Shared.csproj]
/app/TWL.Shared/Domain/Battle/BattleInstance.cs(560,17): warning CA1822: Member 'ApplyDamage' does not access instance data and can be marked as static (https://learn.microsoft.com/dotnet/fundamentals/code-analysis/quality-rules/ca1822) [/app/TWL.Shared/TWL.Shared.csproj]
/app/TWL.Shared/Domain/Battle/BattleInstance.cs(628,19): warning CA1822: Member 'GetControlHitChance' does not access instance data and can be marked as static (https://learn.microsoft.com/dotnet/fundamentals/code-analysis/quality-rules/ca1822) [/app/TWL.Shared/TWL.Shared.csproj]
/app/TWL.Shared/Domain/Battle/AutoBattleService.cs(171,25): warning CA1860: Prefer comparing 'Count' to 0 rather than using 'Any()', both for clarity and for performance (https://learn.microsoft.com/dotnet/fundamentals/code-analysis/quality-rules/ca1860) [/app/TWL.Shared/TWL.Shared.csproj]
/app/TWL.Shared/Domain/Battle/AutoBattleService.cs(251,19): warning CA1822: Member 'GetElementAdvantage' does not access instance data and can be marked as static (https://learn.microsoft.com/dotnet/fundamentals/code-analysis/quality-rules/ca1822) [/app/TWL.Shared/TWL.Shared.csproj]
/app/TWL.Shared/Domain/Battle/AutoBattleService.cs(340,18): warning CA1822: Member 'HasConflictingBuff' does not access instance data and can be marked as static (https://learn.microsoft.com/dotnet/fundamentals/code-analysis/quality-rules/ca1822) [/app/TWL.Shared/TWL.Shared.csproj]
/app/TWL.Shared/Domain/Skills/SkillRegistry.cs(210,19): warning CA1852: Type 'RequirementDto' can be sealed because it has no subtypes in its containing assembly and is not externally visible (https://learn.microsoft.com/dotnet/fundamentals/code-analysis/quality-rules/ca1852) [/app/TWL.Shared/TWL.Shared.csproj]
/app/TWL.Shared/Domain/Skills/SkillRegistry.cs(201,19): warning CA1852: Type 'UnlockRulesDto' can be sealed because it has no subtypes in its containing assembly and is not externally visible (https://learn.microsoft.com/dotnet/fundamentals/code-analysis/quality-rules/ca1852) [/app/TWL.Shared/TWL.Shared.csproj]
/app/TWL.Shared/Domain/Skills/SkillRegistry.cs(177,19): warning CA1852: Type 'SkillDataDto' can be sealed because it has no subtypes in its containing assembly and is not externally visible (https://learn.microsoft.com/dotnet/fundamentals/code-analysis/quality-rules/ca1852) [/app/TWL.Shared/TWL.Shared.csproj]
/app/TWL.Server/Services/HealthCheckService.cs(46,15): warning CS8618: Non-nullable field '_db' must contain a non-null value when exiting constructor. Consider adding the 'required' modifier or declaring the field as nullable. [/app/TWL.Server/TWL.Server.csproj]
/app/TWL.Server/Services/HealthCheckService.cs(46,15): warning CS8618: Non-nullable field '_playerService' must contain a non-null value when exiting constructor. Consider adding the 'required' modifier or declaring the field as nullable. [/app/TWL.Server/TWL.Server.csproj]
/app/TWL.Server/Services/HealthCheckService.cs(46,15): warning CS8618: Non-nullable field '_serverMetrics' must contain a non-null value when exiting constructor. Consider adding the 'required' modifier or declaring the field as nullable. [/app/TWL.Server/TWL.Server.csproj]
/app/TWL.Server/Services/HealthCheckService.cs(46,15): warning CS8618: Non-nullable field '_logger' must contain a non-null value when exiting constructor. Consider adding the 'required' modifier or declaring the field as nullable. [/app/TWL.Server/TWL.Server.csproj]
/app/TWL.Server/Services/HealthCheckService.cs(21,19): warning CS8618: Non-nullable property 'AppVersion' must contain a non-null value when exiting constructor. Consider adding the 'required' modifier or declaring the property as nullable. [/app/TWL.Server/TWL.Server.csproj]
/app/TWL.Server/Persistence/PlayerSaveData.cs(19,19): warning CS8618: Non-nullable property 'Name' must contain a non-null value when exiting constructor. Consider adding the 'required' modifier or declaring the property as nullable. [/app/TWL.Server/TWL.Server.csproj]
/app/TWL.Server/Persistence/PlayerSaveData.cs(46,19): warning CS8618: Non-nullable property 'ActivePetInstanceId' must contain a non-null value when exiting constructor. Consider adding the 'required' modifier or declaring the property as nullable. [/app/TWL.Server/TWL.Server.csproj]
/app/TWL.Server/Services/PetService.cs(37,20): warning CS8603: Possible null reference return. [/app/TWL.Server/TWL.Server.csproj]
/app/TWL.Server/Services/PetService.cs(43,20): warning CS8603: Possible null reference return. [/app/TWL.Server/TWL.Server.csproj]
/app/TWL.Server/Services/PetService.cs(48,20): warning CS8603: Possible null reference return. [/app/TWL.Server/TWL.Server.csproj]
/app/TWL.Server/Persistence/PlayerSaveData.cs(72,19): warning CS8618: Non-nullable property 'InstanceId' must contain a non-null value when exiting constructor. Consider adding the 'required' modifier or declaring the property as nullable. [/app/TWL.Server/TWL.Server.csproj]
/app/TWL.Server/Persistence/PlayerSaveData.cs(74,19): warning CS8618: Non-nullable property 'Name' must contain a non-null value when exiting constructor. Consider adding the 'required' modifier or declaring the property as nullable. [/app/TWL.Server/TWL.Server.csproj]
/app/TWL.Server/Simulation/Program.cs(64,34): warning CS8604: Possible null reference argument for parameter 'connString' in 'DbService.DbService(string connString, IServiceProvider serviceProvider)'. [/app/TWL.Server/TWL.Server.csproj]
/app/TWL.Server/Services/PetService.cs(61,20): warning CS8603: Possible null reference return. [/app/TWL.Server/TWL.Server.csproj]
/app/TWL.Server/Services/PetService.cs(68,20): warning CS8603: Possible null reference return. [/app/TWL.Server/TWL.Server.csproj]
/app/TWL.Server/Services/PetService.cs(75,20): warning CS8603: Possible null reference return. [/app/TWL.Server/TWL.Server.csproj]
/app/TWL.Server/Services/PetService.cs(81,20): warning CS8603: Possible null reference return. [/app/TWL.Server/TWL.Server.csproj]
/app/TWL.Server/Services/PetService.cs(88,20): warning CS8603: Possible null reference return. [/app/TWL.Server/TWL.Server.csproj]
/app/TWL.Server/Services/PetService.cs(93,20): warning CS8603: Possible null reference return. [/app/TWL.Server/TWL.Server.csproj]
/app/TWL.Server/Services/PetService.cs(100,20): warning CS8603: Possible null reference return. [/app/TWL.Server/TWL.Server.csproj]
/app/TWL.Server/Services/PetService.cs(107,20): warning CS8603: Possible null reference return. [/app/TWL.Server/TWL.Server.csproj]
/app/TWL.Server/Services/PetService.cs(113,20): warning CS8603: Possible null reference return. [/app/TWL.Server/TWL.Server.csproj]
/app/TWL.Server/Services/PetService.cs(121,24): warning CS8603: Possible null reference return. [/app/TWL.Server/TWL.Server.csproj]
/app/TWL.Server/Services/PetService.cs(130,24): warning CS8603: Possible null reference return. [/app/TWL.Server/TWL.Server.csproj]
/app/TWL.Server/Services/PetService.cs(142,20): warning CS8603: Possible null reference return. [/app/TWL.Server/TWL.Server.csproj]
/app/TWL.Server/Services/PetService.cs(233,44): warning CS8625: Cannot convert null literal to non-nullable reference type. [/app/TWL.Server/TWL.Server.csproj]
/app/TWL.Server/Simulation/Networking/ServerPet.cs(15,12): warning CS8618: Non-nullable field '_definition' must contain a non-null value when exiting constructor. Consider adding the 'required' modifier or declaring the field as nullable. [/app/TWL.Server/TWL.Server.csproj]
/app/TWL.Server/Simulation/Networking/ClientSession.cs(69,15): warning CS8618: Non-nullable field '_client' must contain a non-null value when exiting constructor. Consider adding the 'required' modifier or declaring the field as nullable. [/app/TWL.Server/TWL.Server.csproj]
/app/TWL.Server/Simulation/Networking/ClientSession.cs(69,15): warning CS8618: Non-nullable field '_combatManager' must contain a non-null value when exiting constructor. Consider adding the 'required' modifier or declaring the field as nullable. [/app/TWL.Server/TWL.Server.csproj]
/app/TWL.Server/Simulation/Networking/ClientSession.cs(69,15): warning CS8618: Non-nullable field '_dbService' must contain a non-null value when exiting constructor. Consider adding the 'required' modifier or declaring the field as nullable. [/app/TWL.Server/TWL.Server.csproj]
/app/TWL.Server/Simulation/Networking/ClientSession.cs(69,15): warning CS8618: Non-nullable field '_economyManager' must contain a non-null value when exiting constructor. Consider adding the 'required' modifier or declaring the field as nullable. [/app/TWL.Server/TWL.Server.csproj]
/app/TWL.Server/Simulation/Networking/ClientSession.cs(69,15): warning CS8618: Non-nullable field '_interactionManager' must contain a non-null value when exiting constructor. Consider adding the 'required' modifier or declaring the field as nullable. [/app/TWL.Server/TWL.Server.csproj]
/app/TWL.Server/Simulation/Networking/ClientSession.cs(69,15): warning CS8618: Non-nullable field '_mediator' must contain a non-null value when exiting constructor. Consider adding the 'required' modifier or declaring the field as nullable. [/app/TWL.Server/TWL.Server.csproj]
/app/TWL.Server/Simulation/Networking/ClientSession.cs(69,15): warning CS8618: Non-nullable field '_metrics' must contain a non-null value when exiting constructor. Consider adding the 'required' modifier or declaring the field as nullable. [/app/TWL.Server/TWL.Server.csproj]
/app/TWL.Server/Simulation/Networking/ClientSession.cs(69,15): warning CS8618: Non-nullable field '_petManager' must contain a non-null value when exiting constructor. Consider adding the 'required' modifier or declaring the field as nullable. [/app/TWL.Server/TWL.Server.csproj]
/app/TWL.Server/Simulation/Networking/ClientSession.cs(69,15): warning CS8618: Non-nullable field '_petService' must contain a non-null value when exiting constructor. Consider adding the 'required' modifier or declaring the field as nullable. [/app/TWL.Server/TWL.Server.csproj]
/app/TWL.Server/Simulation/Networking/ClientSession.cs(69,15): warning CS8618: Non-nullable field '_playerService' must contain a non-null value when exiting constructor. Consider adding the 'required' modifier or declaring the field as nullable. [/app/TWL.Server/TWL.Server.csproj]
/app/TWL.Server/Simulation/Networking/ClientSession.cs(69,15): warning CS8618: Non-nullable field '_questManager' must contain a non-null value when exiting constructor. Consider adding the 'required' modifier or declaring the field as nullable. [/app/TWL.Server/TWL.Server.csproj]
/app/TWL.Server/Simulation/Networking/ClientSession.cs(69,15): warning CS8618: Non-nullable field '_rateLimiter' must contain a non-null value when exiting constructor. Consider adding the 'required' modifier or declaring the field as nullable. [/app/TWL.Server/TWL.Server.csproj]
/app/TWL.Server/Simulation/Networking/ClientSession.cs(69,15): warning CS8618: Non-nullable field '_replayGuard' must contain a non-null value when exiting constructor. Consider adding the 'required' modifier or declaring the field as nullable. [/app/TWL.Server/TWL.Server.csproj]
/app/TWL.Server/Simulation/Networking/ClientSession.cs(69,15): warning CS8618: Non-nullable field '_movementValidator' must contain a non-null value when exiting constructor. Consider adding the 'required' modifier or declaring the field as nullable. [/app/TWL.Server/TWL.Server.csproj]
/app/TWL.Server/Simulation/Networking/ClientSession.cs(69,15): warning CS8618: Non-nullable field '_partyService' must contain a non-null value when exiting constructor. Consider adding the 'required' modifier or declaring the field as nullable. [/app/TWL.Server/TWL.Server.csproj]
/app/TWL.Server/Simulation/Networking/ClientSession.cs(69,15): warning CS8618: Non-nullable field '_partyChatService' must contain a non-null value when exiting constructor. Consider adding the 'required' modifier or declaring the field as nullable. [/app/TWL.Server/TWL.Server.csproj]
/app/TWL.Server/Simulation/Networking/ClientSession.cs(69,15): warning CS8618: Non-nullable field '_guildService' must contain a non-null value when exiting constructor. Consider adding the 'required' modifier or declaring the field as nullable. [/app/TWL.Server/TWL.Server.csproj]
/app/TWL.Server/Simulation/Networking/ClientSession.cs(69,15): warning CS8618: Non-nullable field '_guildChatService' must contain a non-null value when exiting constructor. Consider adding the 'required' modifier or declaring the field as nullable. [/app/TWL.Server/TWL.Server.csproj]
/app/TWL.Server/Simulation/Networking/ClientSession.cs(69,15): warning CS8618: Non-nullable field '_guildRosterService' must contain a non-null value when exiting constructor. Consider adding the 'required' modifier or declaring the field as nullable. [/app/TWL.Server/TWL.Server.csproj]
/app/TWL.Server/Simulation/Networking/ClientSession.cs(69,15): warning CS8618: Non-nullable field '_guildStorageService' must contain a non-null value when exiting constructor. Consider adding the 'required' modifier or declaring the field as nullable. [/app/TWL.Server/TWL.Server.csproj]
/app/TWL.Server/Simulation/Networking/ClientSession.cs(69,15): warning CS8618: Non-nullable field '_rebirthService' must contain a non-null value when exiting constructor. Consider adding the 'required' modifier or declaring the field as nullable. [/app/TWL.Server/TWL.Server.csproj]
/app/TWL.Server/Simulation/Networking/ClientSession.cs(69,15): warning CS8618: Non-nullable field '_marketService' must contain a non-null value when exiting constructor. Consider adding the 'required' modifier or declaring the field as nullable. [/app/TWL.Server/TWL.Server.csproj]
/app/TWL.Server/Simulation/Networking/ClientSession.cs(69,15): warning CS8618: Non-nullable field '_marketQueryService' must contain a non-null value when exiting constructor. Consider adding the 'required' modifier or declaring the field as nullable. [/app/TWL.Server/TWL.Server.csproj]
/app/TWL.Server/Simulation/Networking/ClientSession.cs(69,15): warning CS8618: Non-nullable field '_compoundService' must contain a non-null value when exiting constructor. Consider adding the 'required' modifier or declaring the field as nullable. [/app/TWL.Server/TWL.Server.csproj]
/app/TWL.Server/Simulation/Networking/ClientSession.cs(69,15): warning CS8618: Non-nullable field '_tradeSessionManager' must contain a non-null value when exiting constructor. Consider adding the 'required' modifier or declaring the field as nullable. [/app/TWL.Server/TWL.Server.csproj]
/app/TWL.Server/Simulation/Networking/ClientSession.cs(69,15): warning CS8618: Non-nullable field '_spawnManager' must contain a non-null value when exiting constructor. Consider adding the 'required' modifier or declaring the field as nullable. [/app/TWL.Server/TWL.Server.csproj]
/app/TWL.Server/Simulation/Networking/ClientSession.cs(69,15): warning CS8618: Non-nullable field '_stream' must contain a non-null value when exiting constructor. Consider adding the 'required' modifier or declaring the field as nullable. [/app/TWL.Server/TWL.Server.csproj]
/app/TWL.Server/Simulation/Networking/ClientSession.cs(69,15): warning CS8618: Non-nullable field '_worldTriggerService' must contain a non-null value when exiting constructor. Consider adding the 'required' modifier or declaring the field as nullable. [/app/TWL.Server/TWL.Server.csproj]
/app/TWL.Server/Simulation/Networking/ClientSession.cs(69,15): warning CS8618: Non-nullable property 'QuestComponent' must contain a non-null value when exiting constructor. Consider adding the 'required' modifier or declaring the property as nullable. [/app/TWL.Server/TWL.Server.csproj]
/app/TWL.Server/Simulation/Networking/ServerPet.cs(19,12): warning CS8618: Non-nullable field '_definition' must contain a non-null value when exiting constructor. Consider adding the 'required' modifier or declaring the field as nullable. [/app/TWL.Server/TWL.Server.csproj]
/app/TWL.Server/Simulation/Networking/ClientSession.cs(73,12): warning CS8618: Non-nullable field '_combatManager' must contain a non-null value when exiting constructor. Consider adding the 'required' modifier or declaring the field as nullable. [/app/TWL.Server/TWL.Server.csproj]
/app/TWL.Server/Services/PetService.cs(380,38): warning CS8602: Dereference of a possibly null reference. [/app/TWL.Server/TWL.Server.csproj]
/app/TWL.Server/Persistence/Repositories/DbPlayerRepository.cs(198,35): warning CS8601: Possible null reference assignment. [/app/TWL.Server/TWL.Server.csproj]
/app/TWL.Server/Simulation/Managers/AutoBattleManager.cs(73,95): warning CS8604: Possible null reference argument for parameter 'item' in 'bool List<string>.Contains(string item)'. [/app/TWL.Server/TWL.Server.csproj]
/app/TWL.Server/Simulation/Managers/AutoBattleManager.cs(102,94): warning CS8604: Possible null reference argument for parameter 'item' in 'bool List<string>.Contains(string item)'. [/app/TWL.Server/TWL.Server.csproj]
/app/TWL.Server/Simulation/Managers/SpawnManager.cs(327,43): warning CS8604: Possible null reference argument for parameter 'player' in 'List<MonsterDefinition> SpawnManager.SelectMonsters(ZoneSpawnConfig config, ServerCharacter player)'. [/app/TWL.Server/TWL.Server.csproj]
/app/TWL.Server/Simulation/Managers/ServerMetrics.cs(313,30): warning CS8618: Non-nullable property 'ValidateHistogram' must contain a non-null value when exiting constructor. Consider adding the 'required' modifier or declaring the property as nullable. [/app/TWL.Server/TWL.Server.csproj]
/app/TWL.Server/Simulation/Managers/ServerMetrics.cs(314,30): warning CS8618: Non-nullable property 'ResolveHistogram' must contain a non-null value when exiting constructor. Consider adding the 'required' modifier or declaring the property as nullable. [/app/TWL.Server/TWL.Server.csproj]
/app/TWL.Server/Simulation/Managers/ServerMetrics.cs(315,30): warning CS8618: Non-nullable property 'PersistHistogram' must contain a non-null value when exiting constructor. Consider adding the 'required' modifier or declaring the property as nullable. [/app/TWL.Server/TWL.Server.csproj]
/app/TWL.Server/Simulation/Managers/SpawnManager.cs(501,42): warning CS8602: Dereference of a possibly null reference. [/app/TWL.Server/TWL.Server.csproj]
/app/TWL.Server/Simulation/Managers/SpawnManager.cs(505,29): warning CS8602: Dereference of a possibly null reference. [/app/TWL.Server/TWL.Server.csproj]
/app/TWL.Server/Simulation/Networking/Components/PlayerQuestComponent.cs(23,23): warning CS8601: Possible null reference assignment. [/app/TWL.Server/TWL.Server.csproj]
/app/TWL.Server/Simulation/Networking/Components/PlayerQuestComponent.cs(20,12): warning CS8618: Non-nullable field '_petManager' must contain a non-null value when exiting constructor. Consider adding the 'required' modifier or declaring the field as nullable. [/app/TWL.Server/TWL.Server.csproj]
/app/TWL.Server/Simulation/Networking/NetworkServer.cs(48,12): warning CS8618: Non-nullable field '_cts' must contain a non-null value when exiting constructor. Consider adding the 'required' modifier or declaring the field as nullable. [/app/TWL.Server/TWL.Server.csproj]
/app/TWL.Server/Simulation/Networking/ServerCharacter.cs(43,12): warning CS8618: Non-nullable property 'ActivePetInstanceId' must contain a non-null value when exiting constructor. Consider adding the 'required' modifier or declaring the property as nullable. [/app/TWL.Server/TWL.Server.csproj]
/app/TWL.Server/Simulation/Managers/EconomyManager.cs(136,20): warning CS8603: Possible null reference return. [/app/TWL.Server/TWL.Server.csproj]
/app/TWL.Server/Simulation/Managers/EconomyManager.cs(141,20): warning CS8603: Possible null reference return. [/app/TWL.Server/TWL.Server.csproj]
/app/TWL.Server/Simulation/Networking/ServerCharacter.cs(494,39): warning CS8625: Cannot convert null literal to non-nullable reference type. [/app/TWL.Server/TWL.Server.csproj]
/app/TWL.Server/Simulation/Networking/ServerCharacter.cs(583,39): warning CS8625: Cannot convert null literal to non-nullable reference type. [/app/TWL.Server/TWL.Server.csproj]
/app/TWL.Server/Simulation/Managers/EconomyManager.cs(271,39): warning CS8601: Possible null reference assignment. [/app/TWL.Server/TWL.Server.csproj]
/app/TWL.Server/Simulation/Managers/EconomyManager.cs(362,23): warning CS8601: Possible null reference assignment. [/app/TWL.Server/TWL.Server.csproj]
/app/TWL.Server/Simulation/Managers/EconomyManager.cs(861,23): warning CS8618: Non-nullable property 'OrderId' must contain a non-null value when exiting constructor. Consider adding the 'required' modifier or declaring the property as nullable. [/app/TWL.Server/TWL.Server.csproj]
/app/TWL.Server/Simulation/Managers/EconomyManager.cs(863,23): warning CS8618: Non-nullable property 'ProductId' must contain a non-null value when exiting constructor. Consider adding the 'required' modifier or declaring the property as nullable. [/app/TWL.Server/TWL.Server.csproj]
/app/TWL.Server/Security/MovementValidationOptions.cs(21,50): warning CA1805: Member 'AllowDiagonalBoost' is explicitly initialized to its default value (https://learn.microsoft.com/dotnet/fundamentals/code-analysis/quality-rules/ca1805) [/app/TWL.Server/TWL.Server.csproj]
/app/TWL.Server/Security/ReplayGuardOptions.cs(34,42): warning CA1805: Member 'StrictMode' is explicitly initialized to its default value (https://learn.microsoft.com/dotnet/fundamentals/code-analysis/quality-rules/ca1805) [/app/TWL.Server/TWL.Server.csproj]
/app/TWL.Server/Persistence/Database/Entities/PlayerEntity.cs(30,16): warning CA1720: Identifier 'Int' contains type name (https://learn.microsoft.com/dotnet/fundamentals/code-analysis/quality-rules/ca1720) [/app/TWL.Server/TWL.Server.csproj]
/app/TWL.Server/Persistence/PlayerSaveData.cs(29,16): warning CA1720: Identifier 'Int' contains type name (https://learn.microsoft.com/dotnet/fundamentals/code-analysis/quality-rules/ca1720) [/app/TWL.Server/TWL.Server.csproj]
/app/TWL.Server/Persistence/Repositories/Queries/PlayerQueries.cs(103,16): warning CA1720: Identifier 'Int' contains type name (https://learn.microsoft.com/dotnet/fundamentals/code-analysis/quality-rules/ca1720) [/app/TWL.Server/TWL.Server.csproj]
/app/TWL.Server/Simulation/Networking/ServerCombatant.cs(22,31): warning CA1051: Do not declare visible instance fields (https://learn.microsoft.com/dotnet/fundamentals/code-analysis/quality-rules/ca1051) [/app/TWL.Server/TWL.Server.csproj]
/app/TWL.Server/Simulation/Networking/ServerCombatant.cs(25,19): warning CA1051: Do not declare visible instance fields (https://learn.microsoft.com/dotnet/fundamentals/code-analysis/quality-rules/ca1051) [/app/TWL.Server/TWL.Server.csproj]
/app/TWL.Server/Simulation/Networking/ServerCombatant.cs(26,19): warning CA1051: Do not declare visible instance fields (https://learn.microsoft.com/dotnet/fundamentals/code-analysis/quality-rules/ca1051) [/app/TWL.Server/TWL.Server.csproj]
/app/TWL.Server/Simulation/Networking/ServerCombatant.cs(21,51): warning CA1051: Do not declare visible instance fields (https://learn.microsoft.com/dotnet/fundamentals/code-analysis/quality-rules/ca1051) [/app/TWL.Server/TWL.Server.csproj]
/app/TWL.Server/Simulation/Networking/ServerCombatant.cs(48,16): warning CA1720: Identifier 'Int' contains type name (https://learn.microsoft.com/dotnet/fundamentals/code-analysis/quality-rules/ca1720) [/app/TWL.Server/TWL.Server.csproj]
/app/TWL.Server/Architecture/Pipeline/Mediator.cs(11,9): warning CA1510: Use 'ArgumentNullException.ThrowIfNull' instead of explicitly throwing a new exception instance (https://learn.microsoft.com/dotnet/fundamentals/code-analysis/quality-rules/ca1510) [/app/TWL.Server/TWL.Server.csproj]
/app/TWL.Server/Simulation/ServerWorker.cs(74,52): warning CA1725: In member Task ServerWorker.StartAsync(CancellationToken ct), change parameter name ct to cancellationToken in order to match the identifier as it has been declared in Task IHostedService.StartAsync(CancellationToken cancellationToken) (https://learn.microsoft.com/dotnet/fundamentals/code-analysis/quality-rules/ca1725) [/app/TWL.Server/TWL.Server.csproj]
/app/TWL.Server/Simulation/ServerWorker.cs(90,37): warning CA1873: Evaluation of this argument may be expensive and unnecessary if logging is disabled (https://learn.microsoft.com/dotnet/fundamentals/code-analysis/quality-rules/ca1873) [/app/TWL.Server/TWL.Server.csproj]
/app/TWL.Server/Services/WorldScheduler.cs(31,17): warning CA1816: Change WorldScheduler.Dispose() to call GC.SuppressFinalize(object). This will prevent derived types that introduce a finalizer from needing to re-implement 'IDisposable' to call it. (https://learn.microsoft.com/dotnet/fundamentals/code-analysis/quality-rules/ca1816) [/app/TWL.Server/TWL.Server.csproj]
/app/TWL.Server/Simulation/ServerWorker.cs(77,9): warning CA1848: For improved performance, use the LoggerMessage delegates instead of calling 'LoggerExtensions.LogInformation(ILogger, string?, params object?[])' (https://learn.microsoft.com/dotnet/fundamentals/code-analysis/quality-rules/ca1848) [/app/TWL.Server/TWL.Server.csproj]
/app/TWL.Server/Simulation/ServerWorker.cs(81,9): warning CA1848: For improved performance, use the LoggerMessage delegates instead of calling 'LoggerExtensions.LogInformation(ILogger, string?, params object?[])' (https://learn.microsoft.com/dotnet/fundamentals/code-analysis/quality-rules/ca1848) [/app/TWL.Server/TWL.Server.csproj]
/app/TWL.Server/Simulation/ServerWorker.cs(90,17): warning CA1848: For improved performance, use the LoggerMessage delegates instead of calling 'LoggerExtensions.LogInformation(ILogger, string?, params object?[])' (https://learn.microsoft.com/dotnet/fundamentals/code-analysis/quality-rules/ca1848) [/app/TWL.Server/TWL.Server.csproj]
/app/TWL.Server/Simulation/ServerWorker.cs(90,37): warning CA2254: The logging message template should not vary between calls to 'LoggerExtensions.LogInformation(ILogger, string?, params object?[])' (https://learn.microsoft.com/dotnet/fundamentals/code-analysis/quality-rules/ca2254) [/app/TWL.Server/TWL.Server.csproj]
/app/TWL.Server/Simulation/ServerWorker.cs(94,9): warning CA1848: For improved performance, use the LoggerMessage delegates instead of calling 'LoggerExtensions.LogInformation(ILogger, string?, params object?[])' (https://learn.microsoft.com/dotnet/fundamentals/code-analysis/quality-rules/ca1848) [/app/TWL.Server/TWL.Server.csproj]
/app/TWL.Server/Simulation/ServerWorker.cs(99,9): warning CA1848: For improved performance, use the LoggerMessage delegates instead of calling 'LoggerExtensions.LogInformation(ILogger, string?, params object?[])' (https://learn.microsoft.com/dotnet/fundamentals/code-analysis/quality-rules/ca1848) [/app/TWL.Server/TWL.Server.csproj]
/app/TWL.Server/Simulation/ServerWorker.cs(157,9): warning CA1848: For improved performance, use the LoggerMessage delegates instead of calling 'LoggerExtensions.LogInformation(ILogger, string?, params object?[])' (https://learn.microsoft.com/dotnet/fundamentals/code-analysis/quality-rules/ca1848) [/app/TWL.Server/TWL.Server.csproj]
/app/TWL.Server/Simulation/ServerWorker.cs(183,13): warning CA1848: For improved performance, use the LoggerMessage delegates instead of calling 'LoggerExtensions.LogWarning(ILogger, string?, params object?[])' (https://learn.microsoft.com/dotnet/fundamentals/code-analysis/quality-rules/ca1848) [/app/TWL.Server/TWL.Server.csproj]
/app/TWL.Server/Simulation/ServerWorker.cs(188,9): warning CA1848: For improved performance, use the LoggerMessage delegates instead of calling 'LoggerExtensions.LogInformation(ILogger, string?, params object?[])' (https://learn.microsoft.com/dotnet/fundamentals/code-analysis/quality-rules/ca1848) [/app/TWL.Server/TWL.Server.csproj]
/app/TWL.Server/Services/WorldScheduler.cs(58,9): warning CA1848: For improved performance, use the LoggerMessage delegates instead of calling 'LoggerExtensions.LogInformation(ILogger, string?, params object?[])' (https://learn.microsoft.com/dotnet/fundamentals/code-analysis/quality-rules/ca1848) [/app/TWL.Server/TWL.Server.csproj]
/app/TWL.Server/Services/SeedableRandomService.cs(22,13): warning CA1873: Evaluation of this argument may be expensive and unnecessary if logging is disabled (https://learn.microsoft.com/dotnet/fundamentals/code-analysis/quality-rules/ca1873) [/app/TWL.Server/TWL.Server.csproj]
/app/TWL.Server/Services/SeedableRandomService.cs(22,13): warning CA1848: For improved performance, use the LoggerMessage delegates instead of calling 'LoggerExtensions.LogInformation(ILogger, string?, params object?[])' (https://learn.microsoft.com/dotnet/fundamentals/code-analysis/quality-rules/ca1848) [/app/TWL.Server/TWL.Server.csproj]
/app/TWL.Server/Services/SeedableRandomService.cs(27,13): warning CA1848: For improved performance, use the LoggerMessage delegates instead of calling 'LoggerExtensions.LogInformation(ILogger, string?, params object?[])' (https://learn.microsoft.com/dotnet/fundamentals/code-analysis/quality-rules/ca1848) [/app/TWL.Server/TWL.Server.csproj]
/app/TWL.Server/Services/HealthCheckService.cs(61,9): warning CA1873: Evaluation of this argument may be expensive and unnecessary if logging is disabled (https://learn.microsoft.com/dotnet/fundamentals/code-analysis/quality-rules/ca1873) [/app/TWL.Server/TWL.Server.csproj]
/app/TWL.Server/Services/HealthCheckService.cs(61,9): warning CA1848: For improved performance, use the LoggerMessage delegates instead of calling 'LoggerExtensions.LogInformation(ILogger, string?, params object?[])' (https://learn.microsoft.com/dotnet/fundamentals/code-analysis/quality-rules/ca1848) [/app/TWL.Server/TWL.Server.csproj]
/app/TWL.Server/Services/InstanceService.cs(33,14): warning CA1854: Prefer a 'TryGetValue' call over a Dictionary indexer access guarded by a 'ContainsKey' check to avoid double lookup (https://learn.microsoft.com/dotnet/fundamentals/code-analysis/quality-rules/ca1854) [/app/TWL.Server/TWL.Server.csproj]
/app/TWL.Server/Services/WorldScheduler.cs(76,13): warning CA1848: For improved performance, use the LoggerMessage delegates instead of calling 'LoggerExtensions.LogWarning(ILogger, Exception?, string?, params object?[])' (https://learn.microsoft.com/dotnet/fundamentals/code-analysis/quality-rules/ca1848) [/app/TWL.Server/TWL.Server.csproj]
/app/TWL.Server/Services/WorldScheduler.cs(80,9): warning CA1848: For improved performance, use the LoggerMessage delegates instead of calling 'LoggerExtensions.LogInformation(ILogger, string?, params object?[])' (https://learn.microsoft.com/dotnet/fundamentals/code-analysis/quality-rules/ca1848) [/app/TWL.Server/TWL.Server.csproj]
/app/TWL.Server/Services/SeedableRandomService.cs(85,13): warning CA1873: Evaluation of this argument may be expensive and unnecessary if logging is disabled (https://learn.microsoft.com/dotnet/fundamentals/code-analysis/quality-rules/ca1873) [/app/TWL.Server/TWL.Server.csproj]
/app/TWL.Server/Services/HealthCheckService.cs(110,61): warning CA1869: Avoid creating a new 'JsonSerializerOptions' instance for every serialization operation. Cache and reuse instances instead. (https://learn.microsoft.com/dotnet/fundamentals/code-analysis/quality-rules/ca1869) [/app/TWL.Server/TWL.Server.csproj]
/app/TWL.Server/Services/HealthCheckService.cs(72,9): warning CA1848: For improved performance, use the LoggerMessage delegates instead of calling 'LoggerExtensions.LogInformation(ILogger, string?, params object?[])' (https://learn.microsoft.com/dotnet/fundamentals/code-analysis/quality-rules/ca1848) [/app/TWL.Server/TWL.Server.csproj]
/app/TWL.Server/Services/HealthCheckService.cs(107,21): warning CA1848: For improved performance, use the LoggerMessage delegates instead of calling 'LoggerExtensions.LogWarning(ILogger, string?, params object?[])' (https://learn.microsoft.com/dotnet/fundamentals/code-analysis/quality-rules/ca1848) [/app/TWL.Server/TWL.Server.csproj]
/app/TWL.Server/Services/HealthCheckService.cs(115,17): warning CA1848: For improved performance, use the LoggerMessage delegates instead of calling 'LoggerExtensions.LogError(ILogger, Exception?, string?, params object?[])' (https://learn.microsoft.com/dotnet/fundamentals/code-analysis/quality-rules/ca1848) [/app/TWL.Server/TWL.Server.csproj]
/app/TWL.Server/Services/SeedableRandomService.cs(85,13): warning CA1848: For improved performance, use the LoggerMessage delegates instead of calling 'LoggerExtensions.LogInformation(ILogger, string?, params object?[])' (https://learn.microsoft.com/dotnet/fundamentals/code-analysis/quality-rules/ca1848) [/app/TWL.Server/TWL.Server.csproj]
/app/TWL.Server/Services/SeedableRandomService.cs(89,13): warning CA1848: For improved performance, use the LoggerMessage delegates instead of calling 'LoggerExtensions.LogTrace(ILogger, string?, params object?[])' (https://learn.microsoft.com/dotnet/fundamentals/code-analysis/quality-rules/ca1848) [/app/TWL.Server/TWL.Server.csproj]
/app/TWL.Server/Services/InstanceService.cs(53,17): warning CA1822: Member 'StartInstance' does not access instance data and can be marked as static (https://learn.microsoft.com/dotnet/fundamentals/code-analysis/quality-rules/ca1822) [/app/TWL.Server/TWL.Server.csproj]
/app/TWL.Server/Persistence/Repositories/DbGuildRepository.cs(46,13): warning CA1848: For improved performance, use the LoggerMessage delegates instead of calling 'LoggerExtensions.LogError(ILogger, Exception?, string?, params object?[])' (https://learn.microsoft.com/dotnet/fundamentals/code-analysis/quality-rules/ca1848) [/app/TWL.Server/TWL.Server.csproj]
/app/TWL.Server/Services/InstanceService.cs(61,17): warning CA1822: Member 'CompleteInstance' does not access instance data and can be marked as static (https://learn.microsoft.com/dotnet/fundamentals/code-analysis/quality-rules/ca1822) [/app/TWL.Server/TWL.Server.csproj]
/app/TWL.Server/Services/InstanceService.cs(42,18): warning CA1822: Member 'CheckAndResetDailyLimits' does not access instance data and can be marked as static (https://learn.microsoft.com/dotnet/fundamentals/code-analysis/quality-rules/ca1822) [/app/TWL.Server/TWL.Server.csproj]
/app/TWL.Server/Services/World/WorldTriggerService.cs(38,9): warning CA1848: For improved performance, use the LoggerMessage delegates instead of calling 'LoggerExtensions.LogInformation(ILogger, string?, params object?[])' (https://learn.microsoft.com/dotnet/fundamentals/code-analysis/quality-rules/ca1848) [/app/TWL.Server/TWL.Server.csproj]
/app/TWL.Server/Services/World/WorldTriggerService.cs(73,33): warning CA1848: For improved performance, use the LoggerMessage delegates instead of calling 'LoggerExtensions.LogError(ILogger, Exception?, string?, params object?[])' (https://learn.microsoft.com/dotnet/fundamentals/code-analysis/quality-rules/ca1848) [/app/TWL.Server/TWL.Server.csproj]
/app/TWL.Server/Services/PetService.cs(150,9): warning CA1873: Evaluation of this argument may be expensive and unnecessary if logging is disabled (https://learn.microsoft.com/dotnet/fundamentals/code-analysis/quality-rules/ca1873) [/app/TWL.Server/TWL.Server.csproj]
/app/TWL.Server/Services/PetService.cs(67,13): warning CA1848: For improved performance, use the LoggerMessage delegates instead of calling 'LoggerExtensions.LogWarning(ILogger, string?, params object?[])' (https://learn.microsoft.com/dotnet/fundamentals/code-analysis/quality-rules/ca1848) [/app/TWL.Server/TWL.Server.csproj]
/app/TWL.Server/Services/PetService.cs(150,9): warning CA1848: For improved performance, use the LoggerMessage delegates instead of calling 'LoggerExtensions.LogInformation(ILogger, string?, params object?[])' (https://learn.microsoft.com/dotnet/fundamentals/code-analysis/quality-rules/ca1848) [/app/TWL.Server/TWL.Server.csproj]
/app/TWL.Server/Services/PetService.cs(199,13): warning CA1873: Evaluation of this argument may be expensive and unnecessary if logging is disabled (https://learn.microsoft.com/dotnet/fundamentals/code-analysis/quality-rules/ca1873) [/app/TWL.Server/TWL.Server.csproj]
/app/TWL.Server/Services/PetService.cs(206,13): warning CA1873: Evaluation of this argument may be expensive and unnecessary if logging is disabled (https://learn.microsoft.com/dotnet/fundamentals/code-analysis/quality-rules/ca1873) [/app/TWL.Server/TWL.Server.csproj]
/app/TWL.Server/Services/PetService.cs(213,13): warning CA1873: Evaluation of this argument may be expensive and unnecessary if logging is disabled (https://learn.microsoft.com/dotnet/fundamentals/code-analysis/quality-rules/ca1873) [/app/TWL.Server/TWL.Server.csproj]
/app/TWL.Server/Services/PetService.cs(199,13): warning CA1848: For improved performance, use the LoggerMessage delegates instead of calling 'LoggerExtensions.LogInformation(ILogger, string?, params object?[])' (https://learn.microsoft.com/dotnet/fundamentals/code-analysis/quality-rules/ca1848) [/app/TWL.Server/TWL.Server.csproj]
/app/TWL.Server/Services/PetService.cs(206,13): warning CA1848: For improved performance, use the LoggerMessage delegates instead of calling 'LoggerExtensions.LogInformation(ILogger, string?, params object?[])' (https://learn.microsoft.com/dotnet/fundamentals/code-analysis/quality-rules/ca1848) [/app/TWL.Server/TWL.Server.csproj]
/app/TWL.Server/Services/PetService.cs(213,13): warning CA1848: For improved performance, use the LoggerMessage delegates instead of calling 'LoggerExtensions.LogInformation(ILogger, string?, params object?[])' (https://learn.microsoft.com/dotnet/fundamentals/code-analysis/quality-rules/ca1848) [/app/TWL.Server/TWL.Server.csproj]
/app/TWL.Server/Services/PetService.cs(236,9): warning CA1873: Evaluation of this argument may be expensive and unnecessary if logging is disabled (https://learn.microsoft.com/dotnet/fundamentals/code-analysis/quality-rules/ca1873) [/app/TWL.Server/TWL.Server.csproj]
/app/TWL.Server/Services/PetService.cs(236,9): warning CA1848: For improved performance, use the LoggerMessage delegates instead of calling 'LoggerExtensions.LogInformation(ILogger, string?, params object?[])' (https://learn.microsoft.com/dotnet/fundamentals/code-analysis/quality-rules/ca1848) [/app/TWL.Server/TWL.Server.csproj]
/app/TWL.Server/Services/World/WorldTriggerService.cs(122,21): warning CA1873: Evaluation of this argument may be expensive and unnecessary if logging is disabled (https://learn.microsoft.com/dotnet/fundamentals/code-analysis/quality-rules/ca1873) [/app/TWL.Server/TWL.Server.csproj]
/app/TWL.Server/Services/World/WorldTriggerService.cs(122,21): warning CA1848: For improved performance, use the LoggerMessage delegates instead of calling 'LoggerExtensions.LogDebug(ILogger, string?, params object?[])' (https://learn.microsoft.com/dotnet/fundamentals/code-analysis/quality-rules/ca1848) [/app/TWL.Server/TWL.Server.csproj]
/app/TWL.Server/Services/World/Handlers/DamageTriggerHandler.cs(51,17): warning CA1873: Evaluation of this argument may be expensive and unnecessary if logging is disabled (https://learn.microsoft.com/dotnet/fundamentals/code-analysis/quality-rules/ca1873) [/app/TWL.Server/TWL.Server.csproj]
/app/TWL.Server/Services/World/Handlers/DamageTriggerHandler.cs(51,17): warning CA1848: For improved performance, use the LoggerMessage delegates instead of calling 'LoggerExtensions.LogDebug(ILogger, string?, params object?[])' (https://learn.microsoft.com/dotnet/fundamentals/code-analysis/quality-rules/ca1848) [/app/TWL.Server/TWL.Server.csproj]
/app/TWL.Server/Services/PetService.cs(266,9): warning CA1873: Evaluation of this argument may be expensive and unnecessary if logging is disabled (https://learn.microsoft.com/dotnet/fundamentals/code-analysis/quality-rules/ca1873) [/app/TWL.Server/TWL.Server.csproj]
/app/TWL.Server/Services/PetService.cs(266,9): warning CA1848: For improved performance, use the LoggerMessage delegates instead of calling 'LoggerExtensions.LogInformation(ILogger, string?, params object?[])' (https://learn.microsoft.com/dotnet/fundamentals/code-analysis/quality-rules/ca1848) [/app/TWL.Server/TWL.Server.csproj]
/app/TWL.Server/Services/PetService.cs(293,14): warning CA1873: Evaluation of this argument may be expensive and unnecessary if logging is disabled (https://learn.microsoft.com/dotnet/fundamentals/code-analysis/quality-rules/ca1873) [/app/TWL.Server/TWL.Server.csproj]
/app/TWL.Server/Services/PetService.cs(287,13): warning CA1848: For improved performance, use the LoggerMessage delegates instead of calling 'LoggerExtensions.LogWarning(ILogger, string?, params object?[])' (https://learn.microsoft.com/dotnet/fundamentals/code-analysis/quality-rules/ca1848) [/app/TWL.Server/TWL.Server.csproj]
/app/TWL.Server/Services/PetService.cs(293,14): warning CA1848: For improved performance, use the LoggerMessage delegates instead of calling 'LoggerExtensions.LogInformation(ILogger, string?, params object?[])' (https://learn.microsoft.com/dotnet/fundamentals/code-analysis/quality-rules/ca1848) [/app/TWL.Server/TWL.Server.csproj]
/app/TWL.Server/Services/World/Actions/Handlers/EnterInstanceActionHandler.cs(40,115): warning CA1869: Avoid creating a new 'JsonSerializerOptions' instance for every serialization operation. Cache and reuse instances instead. (https://learn.microsoft.com/dotnet/fundamentals/code-analysis/quality-rules/ca1869) [/app/TWL.Server/TWL.Server.csproj]
/app/TWL.Server/Services/World/WorldTriggerService.cs(159,13): warning CA1873: Evaluation of this argument may be expensive and unnecessary if logging is disabled (https://learn.microsoft.com/dotnet/fundamentals/code-analysis/quality-rules/ca1873) [/app/TWL.Server/TWL.Server.csproj]
/app/TWL.Server/Services/World/WorldTriggerService.cs(159,13): warning CA1848: For improved performance, use the LoggerMessage delegates instead of calling 'LoggerExtensions.LogDebug(ILogger, string?, params object?[])' (https://learn.microsoft.com/dotnet/fundamentals/code-analysis/quality-rules/ca1848) [/app/TWL.Server/TWL.Server.csproj]
/app/TWL.Server/Simulation/ServerWorker.cs(194,51): warning CA1725: In member Task ServerWorker.StopAsync(CancellationToken ct), change parameter name ct to cancellationToken in order to match the identifier as it has been declared in Task IHostedService.StopAsync(CancellationToken cancellationToken) (https://learn.microsoft.com/dotnet/fundamentals/code-analysis/quality-rules/ca1725) [/app/TWL.Server/TWL.Server.csproj]
/app/TWL.Server/Simulation/ServerWorker.cs(222,9): warning CA1873: Evaluation of this argument may be expensive and unnecessary if logging is disabled (https://learn.microsoft.com/dotnet/fundamentals/code-analysis/quality-rules/ca1873) [/app/TWL.Server/TWL.Server.csproj]
/app/TWL.Server/Simulation/ServerWorker.cs(197,9): warning CA1848: For improved performance, use the LoggerMessage delegates instead of calling 'LoggerExtensions.LogInformation(ILogger, string?, params object?[])' (https://learn.microsoft.com/dotnet/fundamentals/code-analysis/quality-rules/ca1848) [/app/TWL.Server/TWL.Server.csproj]
/app/TWL.Server/Simulation/ServerWorker.cs(201,9): warning CA1848: For improved performance, use the LoggerMessage delegates instead of calling 'LoggerExtensions.LogInformation(ILogger, string?, params object?[])' (https://learn.microsoft.com/dotnet/fundamentals/code-analysis/quality-rules/ca1848) [/app/TWL.Server/TWL.Server.csproj]
/app/TWL.Server/Simulation/ServerWorker.cs(210,9): warning CA1848: For improved performance, use the LoggerMessage delegates instead of calling 'LoggerExtensions.LogInformation(ILogger, string?, params object?[])' (https://learn.microsoft.com/dotnet/fundamentals/code-analysis/quality-rules/ca1848) [/app/TWL.Server/TWL.Server.csproj]
/app/TWL.Server/Simulation/ServerWorker.cs(222,9): warning CA1848: For improved performance, use the LoggerMessage delegates instead of calling 'LoggerExtensions.LogInformation(ILogger, string?, params object?[])' (https://learn.microsoft.com/dotnet/fundamentals/code-analysis/quality-rules/ca1848) [/app/TWL.Server/TWL.Server.csproj]
/app/TWL.Server/Persistence/Repositories/DbPlayerRepository.cs(112,13): warning CA1848: For improved performance, use the LoggerMessage delegates instead of calling 'LoggerExtensions.LogError(ILogger, Exception?, string?, params object?[])' (https://learn.microsoft.com/dotnet/fundamentals/code-analysis/quality-rules/ca1848) [/app/TWL.Server/TWL.Server.csproj]
/app/TWL.Server/Services/PetService.cs(327,13): warning CA1873: Evaluation of this argument may be expensive and unnecessary if logging is disabled (https://learn.microsoft.com/dotnet/fundamentals/code-analysis/quality-rules/ca1873) [/app/TWL.Server/TWL.Server.csproj]
/app/TWL.Server/Services/PetService.cs(310,13): warning CA1848: For improved performance, use the LoggerMessage delegates instead of calling 'LoggerExtensions.LogWarning(ILogger, string?, params object?[])' (https://learn.microsoft.com/dotnet/fundamentals/code-analysis/quality-rules/ca1848) [/app/TWL.Server/TWL.Server.csproj]
/app/TWL.Server/Services/PetService.cs(327,13): warning CA1848: For improved performance, use the LoggerMessage delegates instead of calling 'LoggerExtensions.LogInformation(ILogger, string?, params object?[])' (https://learn.microsoft.com/dotnet/fundamentals/code-analysis/quality-rules/ca1848) [/app/TWL.Server/TWL.Server.csproj]
/app/TWL.Server/Services/World/WorldTriggerService.cs(195,13): warning CA1873: Evaluation of this argument may be expensive and unnecessary if logging is disabled (https://learn.microsoft.com/dotnet/fundamentals/code-analysis/quality-rules/ca1873) [/app/TWL.Server/TWL.Server.csproj]
/app/TWL.Server/Services/World/WorldTriggerService.cs(195,13): warning CA1848: For improved performance, use the LoggerMessage delegates instead of calling 'LoggerExtensions.LogDebug(ILogger, string?, params object?[])' (https://learn.microsoft.com/dotnet/fundamentals/code-analysis/quality-rules/ca1848) [/app/TWL.Server/TWL.Server.csproj]
/app/TWL.Server/Persistence/Repositories/DbGuildRepository.cs(62,13): warning CA1848: For improved performance, use the LoggerMessage delegates instead of calling 'LoggerExtensions.LogError(ILogger, Exception?, string?, params object?[])' (https://learn.microsoft.com/dotnet/fundamentals/code-analysis/quality-rules/ca1848) [/app/TWL.Server/TWL.Server.csproj]
/app/TWL.Server/Persistence/Repositories/DbGuildRepository.cs(78,13): warning CA1848: For improved performance, use the LoggerMessage delegates instead of calling 'LoggerExtensions.LogError(ILogger, Exception?, string?, params object?[])' (https://learn.microsoft.com/dotnet/fundamentals/code-analysis/quality-rules/ca1848) [/app/TWL.Server/TWL.Server.csproj]
/app/TWL.Server/Simulation/Networking/ClientSession.cs(201,34): warning CA1835: Change the 'ReadAsync' method call to use the 'Stream.ReadAsync(Memory<byte>, CancellationToken)' overload (https://learn.microsoft.com/dotnet/fundamentals/code-analysis/quality-rules/ca1835) [/app/TWL.Server/TWL.Server.csproj]
/app/TWL.Server/Services/PetService.cs(401,14): warning CA1873: Evaluation of this argument may be expensive and unnecessary if logging is disabled (https://learn.microsoft.com/dotnet/fundamentals/code-analysis/quality-rules/ca1873) [/app/TWL.Server/TWL.Server.csproj]
/app/TWL.Server/Services/PetService.cs(401,14): warning CA1848: For improved performance, use the LoggerMessage delegates instead of calling 'LoggerExtensions.LogInformation(ILogger, string?, params object?[])' (https://learn.microsoft.com/dotnet/fundamentals/code-analysis/quality-rules/ca1848) [/app/TWL.Server/TWL.Server.csproj]
/app/TWL.Server/Persistence/Repositories/DbPlayerRepository.cs(135,13): warning CA1848: For improved performance, use the LoggerMessage delegates instead of calling 'LoggerExtensions.LogError(ILogger, Exception?, string?, params object?[])' (https://learn.microsoft.com/dotnet/fundamentals/code-analysis/quality-rules/ca1848) [/app/TWL.Server/TWL.Server.csproj]
/app/TWL.Server/Services/WorldScheduler.cs(162,21): warning CA1848: For improved performance, use the LoggerMessage delegates instead of calling 'LoggerExtensions.LogError(ILogger, Exception?, string?, params object?[])' (https://learn.microsoft.com/dotnet/fundamentals/code-analysis/quality-rules/ca1848) [/app/TWL.Server/TWL.Server.csproj]
/app/TWL.Server/Services/WorldScheduler.cs(172,17): warning CA1848: For improved performance, use the LoggerMessage delegates instead of calling 'LoggerExtensions.LogWarning(ILogger, string?, params object?[])' (https://learn.microsoft.com/dotnet/fundamentals/code-analysis/quality-rules/ca1848) [/app/TWL.Server/TWL.Server.csproj]
/app/TWL.Server/Services/PetService.cs(512,21): warning CA1873: Evaluation of this argument may be expensive and unnecessary if logging is disabled (https://learn.microsoft.com/dotnet/fundamentals/code-analysis/quality-rules/ca1873) [/app/TWL.Server/TWL.Server.csproj]
/app/TWL.Server/Services/PetService.cs(526,9): warning CA1873: Evaluation of this argument may be expensive and unnecessary if logging is disabled (https://learn.microsoft.com/dotnet/fundamentals/code-analysis/quality-rules/ca1873) [/app/TWL.Server/TWL.Server.csproj]
/app/TWL.Server/Services/PetService.cs(512,21): warning CA1848: For improved performance, use the LoggerMessage delegates instead of calling 'LoggerExtensions.LogInformation(ILogger, string?, params object?[])' (https://learn.microsoft.com/dotnet/fundamentals/code-analysis/quality-rules/ca1848) [/app/TWL.Server/TWL.Server.csproj]
/app/TWL.Server/Services/PetService.cs(526,9): warning CA1848: For improved performance, use the LoggerMessage delegates instead of calling 'LoggerExtensions.LogInformation(ILogger, string?, params object?[])' (https://learn.microsoft.com/dotnet/fundamentals/code-analysis/quality-rules/ca1848) [/app/TWL.Server/TWL.Server.csproj]
/app/TWL.Server/Services/WorldScheduler.cs(218,13): warning CA1848: For improved performance, use the LoggerMessage delegates instead of calling 'LoggerExtensions.LogError(ILogger, Exception?, string?, params object?[])' (https://learn.microsoft.com/dotnet/fundamentals/code-analysis/quality-rules/ca1848) [/app/TWL.Server/TWL.Server.csproj]
/app/TWL.Server/Services/WorldScheduler.cs(231,13): warning CA1848: For improved performance, use the LoggerMessage delegates instead of calling 'LoggerExtensions.LogWarning(ILogger, string?, params object?[])' (https://learn.microsoft.com/dotnet/fundamentals/code-analysis/quality-rules/ca1848) [/app/TWL.Server/TWL.Server.csproj]
/app/TWL.Server/Persistence/Repositories/DbPlayerRepository.cs(146,14): warning CA1860: Prefer comparing 'Count' to 0 rather than using 'Any()', both for clarity and for performance (https://learn.microsoft.com/dotnet/fundamentals/code-analysis/quality-rules/ca1860) [/app/TWL.Server/TWL.Server.csproj]
/app/TWL.Server/Persistence/Repositories/DbPlayerRepository.cs(158,13): warning CA1848: For improved performance, use the LoggerMessage delegates instead of calling 'LoggerExtensions.LogError(ILogger, Exception?, string?, params object?[])' (https://learn.microsoft.com/dotnet/fundamentals/code-analysis/quality-rules/ca1848) [/app/TWL.Server/TWL.Server.csproj]
/app/TWL.Server/Persistence/Repositories/DbGuildRepository.cs(110,13): warning CA1848: For improved performance, use the LoggerMessage delegates instead of calling 'LoggerExtensions.LogWarning(ILogger, Exception?, string?, params object?[])' (https://learn.microsoft.com/dotnet/fundamentals/code-analysis/quality-rules/ca1848) [/app/TWL.Server/TWL.Server.csproj]
/app/TWL.Server/Persistence/Repositories/DbGuildRepository.cs(115,13): warning CA1848: For improved performance, use the LoggerMessage delegates instead of calling 'LoggerExtensions.LogError(ILogger, Exception?, string?, params object?[])' (https://learn.microsoft.com/dotnet/fundamentals/code-analysis/quality-rules/ca1848) [/app/TWL.Server/TWL.Server.csproj]
/app/TWL.Server/Services/PetService.cs(582,13): warning CA1873: Evaluation of this argument may be expensive and unnecessary if logging is disabled (https://learn.microsoft.com/dotnet/fundamentals/code-analysis/quality-rules/ca1873) [/app/TWL.Server/TWL.Server.csproj]
/app/TWL.Server/Services/PetService.cs(582,13): warning CA1848: For improved performance, use the LoggerMessage delegates instead of calling 'LoggerExtensions.LogInformation(ILogger, string?, params object?[])' (https://learn.microsoft.com/dotnet/fundamentals/code-analysis/quality-rules/ca1848) [/app/TWL.Server/TWL.Server.csproj]
/app/TWL.Server/Persistence/Repositories/DbGuildRepository.cs(134,13): warning CA1848: For improved performance, use the LoggerMessage delegates instead of calling 'LoggerExtensions.LogError(ILogger, Exception?, string?, params object?[])' (https://learn.microsoft.com/dotnet/fundamentals/code-analysis/quality-rules/ca1848) [/app/TWL.Server/TWL.Server.csproj]
/app/TWL.Server/Services/WorldScheduler.cs(281,17): warning CA1848: For improved performance, use the LoggerMessage delegates instead of calling 'LoggerExtensions.LogError(ILogger, Exception?, string?, params object?[])' (https://learn.microsoft.com/dotnet/fundamentals/code-analysis/quality-rules/ca1848) [/app/TWL.Server/TWL.Server.csproj]
/app/TWL.Server/Services/WorldScheduler.cs(288,17): warning CA1848: For improved performance, use the LoggerMessage delegates instead of calling 'LoggerExtensions.LogWarning(ILogger, string?, params object?[])' (https://learn.microsoft.com/dotnet/fundamentals/code-analysis/quality-rules/ca1848) [/app/TWL.Server/TWL.Server.csproj]
/app/TWL.Server/Simulation/Networking/ServerPet.cs(413,13): warning CA1868: Do not guard 'List.Remove(int)' with 'List.Contains(int)' (https://learn.microsoft.com/dotnet/fundamentals/code-analysis/quality-rules/ca1868) [/app/TWL.Server/TWL.Server.csproj]
/app/TWL.Server/Simulation/Managers/TradeSessionManager.cs(63,20): warning CA1822: Member 'GetSessionKey' does not access instance data and can be marked as static (https://learn.microsoft.com/dotnet/fundamentals/code-analysis/quality-rules/ca1822) [/app/TWL.Server/TWL.Server.csproj]
/app/TWL.Server/Persistence/Services/PlayerService.cs(18,14): warning CA1001: Type 'PlayerService' owns disposable field(s) '_cts' but is not disposable (https://learn.microsoft.com/dotnet/fundamentals/code-analysis/quality-rules/ca1001) [/app/TWL.Server/TWL.Server.csproj]
/app/TWL.Server/Simulation/Networking/ClientSession.cs(569,47): warning CA1310: The behavior of 'string.StartsWith(string)' could vary based on the current user's locale settings. Replace this call in 'TWL.Server.Simulation.Networking.ClientSession.HandlePurchaseGemsIntentAsync(string, string)' with a call to 'string.StartsWith(string, System.StringComparison)'. (https://learn.microsoft.com/dotnet/fundamentals/code-analysis/quality-rules/ca1310) [/app/TWL.Server/TWL.Server.csproj]
/app/TWL.Server/Simulation/Managers/AutoBattleManager.cs(173,25): warning CA1860: Prefer comparing 'Count' to 0 rather than using 'Any()', both for clarity and for performance (https://learn.microsoft.com/dotnet/fundamentals/code-analysis/quality-rules/ca1860) [/app/TWL.Server/TWL.Server.csproj]
/app/TWL.Server/Simulation/Managers/AutoBattleManager.cs(252,19): warning CA1822: Member 'GetElementAdvantage' does not access instance data and can be marked as static (https://learn.microsoft.com/dotnet/fundamentals/code-analysis/quality-rules/ca1822) [/app/TWL.Server/TWL.Server.csproj]
/app/TWL.Server/Simulation/Managers/AutoBattleManager.cs(341,18): warning CA1822: Member 'HasConflictingBuff' does not access instance data and can be marked as static (https://learn.microsoft.com/dotnet/fundamentals/code-analysis/quality-rules/ca1822) [/app/TWL.Server/TWL.Server.csproj]
/app/TWL.Server/Persistence/Database/DbService.cs(150,16): warning CA1305: The behavior of 'Convert.ToInt32(object)' could vary based on the current user's locale settings. Replace this call in 'DbService.CheckLoginAsync(string, string)' with a call to 'Convert.ToInt32(object, IFormatProvider)'. (https://learn.microsoft.com/dotnet/fundamentals/code-analysis/quality-rules/ca1305) [/app/TWL.Server/TWL.Server.csproj]
/app/TWL.Server/Simulation/Networking/ClientSession.cs(1154,15): warning CA1835: Change the 'WriteAsync' method call to use the 'Stream.WriteAsync(ReadOnlyMemory<byte>, CancellationToken)' overload (https://learn.microsoft.com/dotnet/fundamentals/code-analysis/quality-rules/ca1835) [/app/TWL.Server/TWL.Server.csproj]
/app/TWL.Server/Services/World/MapRegistry.cs(92,9): warning CA1873: Evaluation of this argument may be expensive and unnecessary if logging is disabled (https://learn.microsoft.com/dotnet/fundamentals/code-analysis/quality-rules/ca1873) [/app/TWL.Server/TWL.Server.csproj]
/app/TWL.Server/Services/World/MapRegistry.cs(67,13): warning CA1848: For improved performance, use the LoggerMessage delegates instead of calling 'LoggerExtensions.LogWarning(ILogger, string?, params object?[])' (https://learn.microsoft.com/dotnet/fundamentals/code-analysis/quality-rules/ca1848) [/app/TWL.Server/TWL.Server.csproj]
/app/TWL.Server/Services/World/MapRegistry.cs(81,21): warning CA1848: For improved performance, use the LoggerMessage delegates instead of calling 'LoggerExtensions.LogWarning(ILogger, string?, params object?[])' (https://learn.microsoft.com/dotnet/fundamentals/code-analysis/quality-rules/ca1848) [/app/TWL.Server/TWL.Server.csproj]
/app/TWL.Server/Services/World/MapRegistry.cs(88,17): warning CA1848: For improved performance, use the LoggerMessage delegates instead of calling 'LoggerExtensions.LogError(ILogger, Exception?, string?, params object?[])' (https://learn.microsoft.com/dotnet/fundamentals/code-analysis/quality-rules/ca1848) [/app/TWL.Server/TWL.Server.csproj]
/app/TWL.Server/Services/World/MapRegistry.cs(92,9): warning CA1848: For improved performance, use the LoggerMessage delegates instead of calling 'LoggerExtensions.LogInformation(ILogger, string?, params object?[])' (https://learn.microsoft.com/dotnet/fundamentals/code-analysis/quality-rules/ca1848) [/app/TWL.Server/TWL.Server.csproj]
/app/TWL.Server/Services/World/MapLoader.cs(32,19): warning CA2201: Exception type System.Exception is not sufficiently specific (https://learn.microsoft.com/dotnet/fundamentals/code-analysis/quality-rules/ca2201) [/app/TWL.Server/TWL.Server.csproj]
/app/TWL.Server/Services/World/MapLoader.cs(38,19): warning CA2201: Exception type System.Exception is not sufficiently specific (https://learn.microsoft.com/dotnet/fundamentals/code-analysis/quality-rules/ca2201) [/app/TWL.Server/TWL.Server.csproj]
/app/TWL.Server/Services/World/MapLoader.cs(84,17): warning CA1848: For improved performance, use the LoggerMessage delegates instead of calling 'LoggerExtensions.LogWarning(ILogger, Exception?, string?, params object?[])' (https://learn.microsoft.com/dotnet/fundamentals/code-analysis/quality-rules/ca1848) [/app/TWL.Server/TWL.Server.csproj]
/app/TWL.Server/Services/World/MapLoader.cs(89,13): warning CA1848: For improved performance, use the LoggerMessage delegates instead of calling 'LoggerExtensions.LogWarning(ILogger, string?, params object?[])' (https://learn.microsoft.com/dotnet/fundamentals/code-analysis/quality-rules/ca1848) [/app/TWL.Server/TWL.Server.csproj]
/app/TWL.Server/Services/World/MapLoader.cs(204,35): warning CA1866: Use 'string.StartsWith(char)' instead of 'string.StartsWith(string)' when you have a string with a single char (https://learn.microsoft.com/dotnet/fundamentals/code-analysis/quality-rules/ca1866) [/app/TWL.Server/TWL.Server.csproj]
/app/TWL.Server/Simulation/Managers/TradeManager.cs(11,17): warning CA1822: Member 'ValidateTransfer' does not access instance data and can be marked as static (https://learn.microsoft.com/dotnet/fundamentals/code-analysis/quality-rules/ca1822) [/app/TWL.Server/TWL.Server.csproj]
/app/TWL.Server/Services/World/MapLoader.cs(204,17): warning CA1310: The behavior of 'string.StartsWith(string)' could vary based on the current user's locale settings. Replace this call in 'TWL.Server.Services.World.MapLoader.ParseTrigger(System.Xml.Linq.XElement)' with a call to 'string.StartsWith(string, System.StringComparison)'. (https://learn.microsoft.com/dotnet/fundamentals/code-analysis/quality-rules/ca1310) [/app/TWL.Server/TWL.Server.csproj]
/app/TWL.Server/Simulation/Managers/StandardCombatResolver.cs(87,19): warning CA1822: Member 'GetStatValue' does not access instance data and can be marked as static (https://learn.microsoft.com/dotnet/fundamentals/code-analysis/quality-rules/ca1822) [/app/TWL.Server/TWL.Server.csproj]
/app/TWL.Server/Simulation/Managers/StandardCombatResolver.cs(105,19): warning CA1822: Member 'GetElementalMultiplier' does not access instance data and can be marked as static (https://learn.microsoft.com/dotnet/fundamentals/code-analysis/quality-rules/ca1822) [/app/TWL.Server/TWL.Server.csproj]
/app/TWL.Server/Services/World/MapLoader.cs(294,40): warning CA1822: Member 'ParseProperties' does not access instance data and can be marked as static (https://learn.microsoft.com/dotnet/fundamentals/code-analysis/quality-rules/ca1822) [/app/TWL.Server/TWL.Server.csproj]
/app/TWL.Server/Simulation/Managers/ServerMetrics.cs(197,23): warning CA1311: Specify a culture or use an invariant version to avoid implicit dependency on current culture (https://learn.microsoft.com/dotnet/fundamentals/code-analysis/quality-rules/ca1311) [/app/TWL.Server/TWL.Server.csproj]
/app/TWL.Server/Simulation/Managers/ServerMetrics.cs(197,17): warning CA1304: The behavior of 'string.ToLower()' could vary based on the current user's locale settings. Replace this call in 'ServerMetrics.RecordPipelineStageLatency(string, long)' with a call to 'string.ToLower(CultureInfo)'. (https://learn.microsoft.com/dotnet/fundamentals/code-analysis/quality-rules/ca1304) [/app/TWL.Server/TWL.Server.csproj]
/app/TWL.Server/Simulation/Managers/RebirthManager.cs(38,17): warning CA1873: Evaluation of this argument may be expensive and unnecessary if logging is disabled (https://learn.microsoft.com/dotnet/fundamentals/code-analysis/quality-rules/ca1873) [/app/TWL.Server/TWL.Server.csproj]
/app/TWL.Server/Simulation/Managers/RebirthManager.cs(34,87): warning CA1869: Avoid creating a new 'JsonSerializerOptions' instance for every serialization operation. Cache and reuse instances instead. (https://learn.microsoft.com/dotnet/fundamentals/code-analysis/quality-rules/ca1869) [/app/TWL.Server/TWL.Server.csproj]
/app/TWL.Server/Simulation/Managers/RebirthManager.cs(38,17): warning CA1848: For improved performance, use the LoggerMessage delegates instead of calling 'LoggerExtensions.LogInformation(ILogger, string?, params object?[])' (https://learn.microsoft.com/dotnet/fundamentals/code-analysis/quality-rules/ca1848) [/app/TWL.Server/TWL.Server.csproj]
/app/TWL.Server/Simulation/Managers/RebirthManager.cs(43,13): warning CA1848: For improved performance, use the LoggerMessage delegates instead of calling 'LoggerExtensions.LogError(ILogger, Exception?, string?, params object?[])' (https://learn.microsoft.com/dotnet/fundamentals/code-analysis/quality-rules/ca1848) [/app/TWL.Server/TWL.Server.csproj]
/app/TWL.Server/Simulation/Managers/SpawnManager.cs(609,18): warning CA1822: Member 'MoveTowards' does not access instance data and can be marked as static (https://learn.microsoft.com/dotnet/fundamentals/code-analysis/quality-rules/ca1822) [/app/TWL.Server/TWL.Server.csproj]
/app/TWL.Server/Simulation/Managers/RebirthManager.cs(194,17): warning CA1873: Evaluation of this argument may be expensive and unnecessary if logging is disabled (https://learn.microsoft.com/dotnet/fundamentals/code-analysis/quality-rules/ca1873) [/app/TWL.Server/TWL.Server.csproj]
/app/TWL.Server/Simulation/Managers/RebirthManager.cs(222,9): warning CA1848: For improved performance, use the LoggerMessage delegates instead of calling 'LoggerExtensions.LogWarning(ILogger, string?, params object?[])' (https://learn.microsoft.com/dotnet/fundamentals/code-analysis/quality-rules/ca1848) [/app/TWL.Server/TWL.Server.csproj]
/app/TWL.Server/Simulation/Managers/RebirthManager.cs(194,17): warning CA1848: For improved performance, use the LoggerMessage delegates instead of calling 'LoggerExtensions.LogInformation(ILogger, string?, params object?[])' (https://learn.microsoft.com/dotnet/fundamentals/code-analysis/quality-rules/ca1848) [/app/TWL.Server/TWL.Server.csproj]
/app/TWL.Server/Simulation/Managers/RebirthManager.cs(212,17): warning CA1848: For improved performance, use the LoggerMessage delegates instead of calling 'LoggerExtensions.LogError(ILogger, Exception?, string?, params object?[])' (https://learn.microsoft.com/dotnet/fundamentals/code-analysis/quality-rules/ca1848) [/app/TWL.Server/TWL.Server.csproj]
/app/TWL.Server/Simulation/Managers/PetBattlePolicy.cs(32,13): warning CA1873: Evaluation of this argument may be expensive and unnecessary if logging is disabled (https://learn.microsoft.com/dotnet/fundamentals/code-analysis/quality-rules/ca1873) [/app/TWL.Server/TWL.Server.csproj]
/app/TWL.Server/Simulation/Managers/PetBattlePolicy.cs(32,13): warning CA1848: For improved performance, use the LoggerMessage delegates instead of calling 'LoggerExtensions.LogDebug(ILogger, string?, params object?[])' (https://learn.microsoft.com/dotnet/fundamentals/code-analysis/quality-rules/ca1848) [/app/TWL.Server/TWL.Server.csproj]
/app/TWL.Server/Simulation/Managers/PetBattlePolicy.cs(37,13): warning CA1848: For improved performance, use the LoggerMessage delegates instead of calling 'LoggerExtensions.LogWarning(ILogger, string?, params object?[])' (https://learn.microsoft.com/dotnet/fundamentals/code-analysis/quality-rules/ca1848) [/app/TWL.Server/TWL.Server.csproj]
/app/TWL.Server/Simulation/Managers/PetGrowthCalculator.cs(10,30): warning CA1707: In member TWL.Server.Simulation.Managers.PetGrowthCalculator.CalculateStats(TWL.Shared.Domain.Characters.PetDefinition, int, out int, out int, out int, out int, out int, out int, out int), remove the underscores from parameter name int_ (https://learn.microsoft.com/dotnet/fundamentals/code-analysis/quality-rules/ca1707) [/app/TWL.Server/TWL.Server.csproj]
/app/TWL.Server/Simulation/Managers/PetGrowthCalculator.cs(12,9): warning CA1510: Use 'ArgumentNullException.ThrowIfNull' instead of explicitly throwing a new exception instance (https://learn.microsoft.com/dotnet/fundamentals/code-analysis/quality-rules/ca1510) [/app/TWL.Server/TWL.Server.csproj]
/app/TWL.Server/Simulation/Managers/PartyRewardDistributor.cs(172,18): warning CA1822: Member 'IsWithinRange' does not access instance data and can be marked as static (https://learn.microsoft.com/dotnet/fundamentals/code-analysis/quality-rules/ca1822) [/app/TWL.Server/TWL.Server.csproj]
/app/TWL.Server/Simulation/Managers/PartyRewardDistributor.cs(141,29): warning CA1822: Member 'GetNextLootRecipient' does not access instance data and can be marked as static (https://learn.microsoft.com/dotnet/fundamentals/code-analysis/quality-rules/ca1822) [/app/TWL.Server/TWL.Server.csproj]
/app/TWL.Server/Simulation/Managers/MarketListingScheduler.cs(26,9): warning CA1848: For improved performance, use the LoggerMessage delegates instead of calling 'LoggerExtensions.LogInformation(ILogger, string?, params object?[])' (https://learn.microsoft.com/dotnet/fundamentals/code-analysis/quality-rules/ca1848) [/app/TWL.Server/TWL.Server.csproj]
/app/TWL.Server/Simulation/Managers/MarketListingScheduler.cs(37,21): warning CA1848: For improved performance, use the LoggerMessage delegates instead of calling 'LoggerExtensions.LogDebug(ILogger, string?, params object?[])' (https://learn.microsoft.com/dotnet/fundamentals/code-analysis/quality-rules/ca1848) [/app/TWL.Server/TWL.Server.csproj]
/app/TWL.Server/Simulation/Managers/MarketListingScheduler.cs(43,17): warning CA1848: For improved performance, use the LoggerMessage delegates instead of calling 'LoggerExtensions.LogError(ILogger, Exception?, string?, params object?[])' (https://learn.microsoft.com/dotnet/fundamentals/code-analysis/quality-rules/ca1848) [/app/TWL.Server/TWL.Server.csproj]
/app/TWL.Server/Simulation/Managers/MarketListingScheduler.cs(50,9): warning CA1848: For improved performance, use the LoggerMessage delegates instead of calling 'LoggerExtensions.LogInformation(ILogger, string?, params object?[])' (https://learn.microsoft.com/dotnet/fundamentals/code-analysis/quality-rules/ca1848) [/app/TWL.Server/TWL.Server.csproj]
/app/TWL.Server/Simulation/Managers/PartyChatService.cs(41,13): warning CA1848: For improved performance, use the LoggerMessage delegates instead of calling 'LoggerExtensions.LogWarning(ILogger, string?, params object?[])' (https://learn.microsoft.com/dotnet/fundamentals/code-analysis/quality-rules/ca1848) [/app/TWL.Server/TWL.Server.csproj]
/app/TWL.Server/Simulation/Managers/PartyChatService.cs(41,32): warning CA2254: The logging message template should not vary between calls to 'LoggerExtensions.LogWarning(ILogger, string?, params object?[])' (https://learn.microsoft.com/dotnet/fundamentals/code-analysis/quality-rules/ca2254) [/app/TWL.Server/TWL.Server.csproj]
/app/TWL.Server/Simulation/Managers/GuildChatService.cs(65,91): warning CA1869: Avoid creating a new 'JsonSerializerOptions' instance for every serialization operation. Cache and reuse instances instead. (https://learn.microsoft.com/dotnet/fundamentals/code-analysis/quality-rules/ca1869) [/app/TWL.Server/TWL.Server.csproj]
/app/TWL.Server/Simulation/Managers/InteractionManager.cs(29,22): warning CA1854: Prefer a 'TryGetValue' call over a Dictionary indexer access guarded by a 'ContainsKey' check to avoid double lookup (https://learn.microsoft.com/dotnet/fundamentals/code-analysis/quality-rules/ca1854) [/app/TWL.Server/TWL.Server.csproj]
/app/TWL.Server/Simulation/Managers/MarketQueryService.cs(27,9): warning CA1510: Use 'ArgumentNullException.ThrowIfNull' instead of explicitly throwing a new exception instance (https://learn.microsoft.com/dotnet/fundamentals/code-analysis/quality-rules/ca1510) [/app/TWL.Server/TWL.Server.csproj]
/app/TWL.Server/Simulation/Networking/INetworkServer.cs(7,10): warning CA1716: Rename virtual/interface member INetworkServer.Stop() so that it no longer conflicts with the reserved language keyword 'Stop'. Using a reserved keyword as the name of a virtual/interface member makes it harder for consumers in other languages to override/implement the member. (https://learn.microsoft.com/dotnet/fundamentals/code-analysis/quality-rules/ca1716) [/app/TWL.Server/TWL.Server.csproj]
/app/TWL.Server/Simulation/Managers/GuildChatService.cs(94,86): warning CA1869: Avoid creating a new 'JsonSerializerOptions' instance for every serialization operation. Cache and reuse instances instead. (https://learn.microsoft.com/dotnet/fundamentals/code-analysis/quality-rules/ca1869) [/app/TWL.Server/TWL.Server.csproj]
/app/TWL.Server/Simulation/Networking/NetworkServer.cs(14,14): warning CA1001: Type 'NetworkServer' owns disposable field(s) '_cts', '_listener' but is not disposable (https://learn.microsoft.com/dotnet/fundamentals/code-analysis/quality-rules/ca1001) [/app/TWL.Server/TWL.Server.csproj]
/app/TWL.Server/Simulation/Managers/GuildRosterService.cs(99,80): warning CA1869: Avoid creating a new 'JsonSerializerOptions' instance for every serialization operation. Cache and reuse instances instead. (https://learn.microsoft.com/dotnet/fundamentals/code-analysis/quality-rules/ca1869) [/app/TWL.Server/TWL.Server.csproj]
/app/TWL.Server/Simulation/Managers/CompoundManager.cs(32,9): warning CA1873: Evaluation of this argument may be expensive and unnecessary if logging is disabled (https://learn.microsoft.com/dotnet/fundamentals/code-analysis/quality-rules/ca1873) [/app/TWL.Server/TWL.Server.csproj]
/app/TWL.Server/Simulation/Managers/CompoundManager.cs(47,9): warning CA1873: Evaluation of this argument may be expensive and unnecessary if logging is disabled (https://learn.microsoft.com/dotnet/fundamentals/code-analysis/quality-rules/ca1873) [/app/TWL.Server/TWL.Server.csproj]
/app/TWL.Server/Simulation/Networking/Components/PlayerQuestComponent.cs(178,47): warning CA1305: The behavior of 'int.ToString()' could vary based on the current user's locale settings. Replace this call in 'PlayerQuestComponent.HandleMapChanged(int)' with a call to 'int.ToString(IFormatProvider)'. (https://learn.microsoft.com/dotnet/fundamentals/code-analysis/quality-rules/ca1305) [/app/TWL.Server/TWL.Server.csproj]
/app/TWL.Server/Simulation/Networking/Components/PlayerQuestComponent.cs(193,32): warning CA1305: The behavior of 'int.ToString()' could vary based on the current user's locale settings. Replace this call in 'PlayerQuestComponent.HandleMapChanged(int)' with a call to 'int.ToString(IFormatProvider)'. (https://learn.microsoft.com/dotnet/fundamentals/code-analysis/quality-rules/ca1305) [/app/TWL.Server/TWL.Server.csproj]
/app/TWL.Server/Simulation/Networking/Components/PlayerQuestComponent.cs(194,30): warning CA1305: The behavior of 'int.ToString()' could vary based on the current user's locale settings. Replace this call in 'PlayerQuestComponent.HandleMapChanged(int)' with a call to 'int.ToString(IFormatProvider)'. (https://learn.microsoft.com/dotnet/fundamentals/code-analysis/quality-rules/ca1305) [/app/TWL.Server/TWL.Server.csproj]
/app/TWL.Server/Simulation/Managers/CompoundManager.cs(73,13): warning CA1873: Evaluation of this argument may be expensive and unnecessary if logging is disabled (https://learn.microsoft.com/dotnet/fundamentals/code-analysis/quality-rules/ca1873) [/app/TWL.Server/TWL.Server.csproj]
/app/TWL.Server/Simulation/Managers/CompoundManager.cs(32,9): warning CA1848: For improved performance, use the LoggerMessage delegates instead of calling 'LoggerExtensions.LogInformation(ILogger, string?, params object?[])' (https://learn.microsoft.com/dotnet/fundamentals/code-analysis/quality-rules/ca1848) [/app/TWL.Server/TWL.Server.csproj]
/app/TWL.Server/Simulation/Managers/CompoundManager.cs(41,13): warning CA1848: For improved performance, use the LoggerMessage delegates instead of calling 'LoggerExtensions.LogWarning(ILogger, string?, params object?[])' (https://learn.microsoft.com/dotnet/fundamentals/code-analysis/quality-rules/ca1848) [/app/TWL.Server/TWL.Server.csproj]
/app/TWL.Server/Simulation/Managers/CompoundManager.cs(47,9): warning CA1848: For improved performance, use the LoggerMessage delegates instead of calling 'LoggerExtensions.LogInformation(ILogger, string?, params object?[])' (https://learn.microsoft.com/dotnet/fundamentals/code-analysis/quality-rules/ca1848) [/app/TWL.Server/TWL.Server.csproj]
/app/TWL.Server/Simulation/Managers/CompoundManager.cs(54,13): warning CA1848: For improved performance, use the LoggerMessage delegates instead of calling 'LoggerExtensions.LogError(ILogger, string?, params object?[])' (https://learn.microsoft.com/dotnet/fundamentals/code-analysis/quality-rules/ca1848) [/app/TWL.Server/TWL.Server.csproj]
/app/TWL.Server/Simulation/Managers/CompoundManager.cs(63,17): warning CA1848: For improved performance, use the LoggerMessage delegates instead of calling 'LoggerExtensions.LogError(ILogger, string?, params object?[])' (https://learn.microsoft.com/dotnet/fundamentals/code-analysis/quality-rules/ca1848) [/app/TWL.Server/TWL.Server.csproj]
/app/TWL.Server/Simulation/Managers/CompoundManager.cs(73,13): warning CA1848: For improved performance, use the LoggerMessage delegates instead of calling 'LoggerExtensions.LogInformation(ILogger, string?, params object?[])' (https://learn.microsoft.com/dotnet/fundamentals/code-analysis/quality-rules/ca1848) [/app/TWL.Server/TWL.Server.csproj]
/app/TWL.Server/Simulation/Managers/CompoundManager.cs(89,13): warning CA1848: For improved performance, use the LoggerMessage delegates instead of calling 'LoggerExtensions.LogWarning(ILogger, string?, params object?[])' (https://learn.microsoft.com/dotnet/fundamentals/code-analysis/quality-rules/ca1848) [/app/TWL.Server/TWL.Server.csproj]
/app/TWL.Server/Simulation/Managers/EconomyManager.cs(107,17): warning CA1816: Change EconomyManager.Dispose() to call GC.SuppressFinalize(object). This will prevent derived types that introduce a finalizer from needing to re-implement 'IDisposable' to call it. (https://learn.microsoft.com/dotnet/fundamentals/code-analysis/quality-rules/ca1816) [/app/TWL.Server/TWL.Server.csproj]
/app/TWL.Server/Simulation/Networking/ServerCombatant.cs(133,39): warning CA1725: In member float ServerCombatant.GetResistance(string resistanceTag), change parameter name resistanceTag to tag in order to match the identifier as it has been declared in float ICombatant.GetResistance(string tag) (https://learn.microsoft.com/dotnet/fundamentals/code-analysis/quality-rules/ca1725) [/app/TWL.Server/TWL.Server.csproj]
/app/TWL.Server/Simulation/Managers/GuildRosterService.cs(153,82): warning CA1869: Avoid creating a new 'JsonSerializerOptions' instance for every serialization operation. Cache and reuse instances instead. (https://learn.microsoft.com/dotnet/fundamentals/code-analysis/quality-rules/ca1869) [/app/TWL.Server/TWL.Server.csproj]
/app/TWL.Server/Simulation/Managers/GuildManager.cs(171,86): warning CA1725: In member Task<(bool Success, string Message)> GuildManager.AcceptInvite(int targetId, int guildId), change parameter name guildId to inviterId in order to match the identifier as it has been declared in Task<(bool Success, string Message)> IGuildService.AcceptInvite(int targetId, int inviterId) (https://learn.microsoft.com/dotnet/fundamentals/code-analysis/quality-rules/ca1725) [/app/TWL.Server/TWL.Server.csproj]
/app/TWL.Server/Simulation/Managers/GuildManager.cs(219,49): warning CA1725: In member bool GuildManager.DeclineInvite(int targetId, int guildId), change parameter name guildId to inviterId in order to match the identifier as it has been declared in bool IGuildService.DeclineInvite(int targetId, int inviterId) (https://learn.microsoft.com/dotnet/fundamentals/code-analysis/quality-rules/ca1725) [/app/TWL.Server/TWL.Server.csproj]
/app/TWL.Server/Simulation/Networking/Components/PlayerQuestComponent.cs(393,34): warning CA1311: Specify a culture or use an invariant version to avoid implicit dependency on current culture (https://learn.microsoft.com/dotnet/fundamentals/code-analysis/quality-rules/ca1311) [/app/TWL.Server/TWL.Server.csproj]
/app/TWL.Server/Simulation/Networking/Components/PlayerQuestComponent.cs(393,25): warning CA1304: The behavior of 'string.ToLower()' could vary based on the current user's locale settings. Replace this call in 'PlayerQuestComponent.CheckGating(QuestDefinition)' with a call to 'string.ToLower(CultureInfo)'. (https://learn.microsoft.com/dotnet/fundamentals/code-analysis/quality-rules/ca1304) [/app/TWL.Server/TWL.Server.csproj]
/app/TWL.Server/Simulation/Networking/Components/PlayerQuestComponent.cs(488,17): warning CA1854: Prefer a 'TryGetValue' call over a Dictionary indexer access guarded by a 'ContainsKey' check to avoid double lookup (https://learn.microsoft.com/dotnet/fundamentals/code-analysis/quality-rules/ca1854) [/app/TWL.Server/TWL.Server.csproj]
/app/TWL.Server/Simulation/Networking/Components/PlayerQuestComponent.cs(544,22): warning CA1854: Prefer a 'TryGetValue' call over a Dictionary indexer access guarded by a 'ContainsKey' check to avoid double lookup (https://learn.microsoft.com/dotnet/fundamentals/code-analysis/quality-rules/ca1854) [/app/TWL.Server/TWL.Server.csproj]
/app/TWL.Server/Simulation/Managers/EconomyManager.cs(545,55): warning CA1869: Avoid creating a new 'JsonSerializerOptions' instance for every serialization operation. Cache and reuse instances instead. (https://learn.microsoft.com/dotnet/fundamentals/code-analysis/quality-rules/ca1869) [/app/TWL.Server/TWL.Server.csproj]
/app/TWL.Server/Simulation/Managers/EconomyManager.cs(579,56): warning CA1310: The behavior of 'string.StartsWith(string)' could vary based on the current user's locale settings. Replace this call in 'TWL.Server.Simulation.Managers.EconomyManager.ReplayLedger(System.DateTime?)' with a call to 'string.StartsWith(string, System.StringComparison)'. (https://learn.microsoft.com/dotnet/fundamentals/code-analysis/quality-rules/ca1310) [/app/TWL.Server/TWL.Server.csproj]
/app/TWL.Server/Simulation/Managers/EconomyManager.cs(624,29): warning CA1310: The behavior of 'string.StartsWith(string)' could vary based on the current user's locale settings. Replace this call in 'TWL.Server.Simulation.Managers.EconomyManager.ReplayLedger(System.DateTime?)' with a call to 'string.StartsWith(string, System.StringComparison)'. (https://learn.microsoft.com/dotnet/fundamentals/code-analysis/quality-rules/ca1310) [/app/TWL.Server/TWL.Server.csproj]
/app/TWL.Server/Simulation/Networking/Components/PlayerQuestComponent.cs(699,17): warning CA1854: Prefer a 'TryGetValue' call over a Dictionary indexer access guarded by a 'ContainsKey' check to avoid double lookup (https://learn.microsoft.com/dotnet/fundamentals/code-analysis/quality-rules/ca1854) [/app/TWL.Server/TWL.Server.csproj]
/app/TWL.Server/Simulation/Networking/Components/PlayerQuestComponent.cs(754,22): warning CA1854: Prefer a 'TryGetValue' call over a Dictionary indexer access guarded by a 'ContainsKey' check to avoid double lookup (https://learn.microsoft.com/dotnet/fundamentals/code-analysis/quality-rules/ca1854) [/app/TWL.Server/TWL.Server.csproj]
/app/TWL.Server/Simulation/Managers/EconomyManager.cs(710,56): warning CA1310: The behavior of 'string.StartsWith(string)' could vary based on the current user's locale settings. Replace this call in 'TWL.Server.Simulation.Managers.EconomyManager.VerifyLedgerIntegrity(out string)' with a call to 'string.StartsWith(string, System.StringComparison)'. (https://learn.microsoft.com/dotnet/fundamentals/code-analysis/quality-rules/ca1310) [/app/TWL.Server/TWL.Server.csproj]
/app/TWL.Server/Simulation/Networking/Components/PlayerQuestComponent.cs(824,14): warning CA1854: Prefer a 'TryGetValue' call over a Dictionary indexer access guarded by a 'ContainsKey' check to avoid double lookup (https://learn.microsoft.com/dotnet/fundamentals/code-analysis/quality-rules/ca1854) [/app/TWL.Server/TWL.Server.csproj]
/app/TWL.Server/Simulation/Networking/Components/PlayerQuestComponent.cs(884,18): warning CA1854: Prefer a 'TryGetValue' call over a Dictionary indexer access guarded by a 'ContainsKey' check to avoid double lookup (https://learn.microsoft.com/dotnet/fundamentals/code-analysis/quality-rules/ca1854) [/app/TWL.Server/TWL.Server.csproj]
/app/TWL.Server/Simulation/Managers/MarketManager.cs(367,28): warning CA1311: Specify a culture or use an invariant version to avoid implicit dependency on current culture (https://learn.microsoft.com/dotnet/fundamentals/code-analysis/quality-rules/ca1311) [/app/TWL.Server/TWL.Server.csproj]
/app/TWL.Server/Simulation/Managers/MarketManager.cs(367,21): warning CA1304: The behavior of 'string.ToLower()' could vary based on the current user's locale settings. Replace this call in 'MarketManager.GetPriceHistory(int, [string])' with a call to 'string.ToLower(CultureInfo)'. (https://learn.microsoft.com/dotnet/fundamentals/code-analysis/quality-rules/ca1304) [/app/TWL.Server/TWL.Server.csproj]
/app/TWL.Server/Simulation/Networking/Components/PlayerQuestComponent.cs(952,18): warning CA1854: Prefer a 'TryGetValue' call over a Dictionary indexer access guarded by a 'ContainsKey' check to avoid double lookup (https://learn.microsoft.com/dotnet/fundamentals/code-analysis/quality-rules/ca1854) [/app/TWL.Server/TWL.Server.csproj]
/app/TWL.Server/Simulation/Managers/CombatManager.cs(423,18): warning CA1822: Member 'CheckSkillEvolution' does not access instance data and can be marked as static (https://learn.microsoft.com/dotnet/fundamentals/code-analysis/quality-rules/ca1822) [/app/TWL.Server/TWL.Server.csproj]
/app/TWL.Server/Simulation/Managers/CombatManager.cs(471,17): warning CA1822: Member 'GetStatValue' does not access instance data and can be marked as static (https://learn.microsoft.com/dotnet/fundamentals/code-analysis/quality-rules/ca1822) [/app/TWL.Server/TWL.Server.csproj]
/app/TWL.Server/Services/WorldScheduler.cs(296,19): warning CA1852: Type 'ScheduledTask' can be sealed because it has no subtypes in its containing assembly and is not externally visible (https://learn.microsoft.com/dotnet/fundamentals/code-analysis/quality-rules/ca1852) [/app/TWL.Server/TWL.Server.csproj]
/app/TWL.Server/Simulation/Managers/SpawnManager.cs(715,19): warning CA1852: Type 'MobState' can be sealed because it has no subtypes in its containing assembly and is not externally visible (https://learn.microsoft.com/dotnet/fundamentals/code-analysis/quality-rules/ca1852) [/app/TWL.Server/TWL.Server.csproj]
/app/TWL.Server/Security/RateLimiter.cs(49,19): warning CA1852: Type 'Bucket' can be sealed because it has no subtypes in its containing assembly and is not externally visible (https://learn.microsoft.com/dotnet/fundamentals/code-analysis/quality-rules/ca1852) [/app/TWL.Server/TWL.Server.csproj]
/app/TWL.Server/Simulation/Managers/PartyManager.cs(240,19): warning CA1852: Type 'PartyInvite' can be sealed because it has no subtypes in its containing assembly and is not externally visible (https://learn.microsoft.com/dotnet/fundamentals/code-analysis/quality-rules/ca1852) [/app/TWL.Server/TWL.Server.csproj]
/app/TWL.Server/Security/ReplayGuard.cs(92,19): warning CA1852: Type 'SessionNonceCache' can be sealed because it has no subtypes in its containing assembly and is not externally visible (https://learn.microsoft.com/dotnet/fundamentals/code-analysis/quality-rules/ca1852) [/app/TWL.Server/TWL.Server.csproj]
/app/TWL.Server/Simulation/Managers/MarketManager.cs(31,19): warning CA1852: Type 'SaleRecord' can be sealed because it has no subtypes in its containing assembly and is not externally visible (https://learn.microsoft.com/dotnet/fundamentals/code-analysis/quality-rules/ca1852) [/app/TWL.Server/TWL.Server.csproj]
/app/TWL.Server/Simulation/Managers/EconomyManager.cs(874,19): warning CA1852: Type 'SnapshotData' can be sealed because it has no subtypes in its containing assembly and is not externally visible (https://learn.microsoft.com/dotnet/fundamentals/code-analysis/quality-rules/ca1852) [/app/TWL.Server/TWL.Server.csproj]
/app/TWL.Server/Simulation/Managers/GuildManager.cs(346,19): warning CA1852: Type 'GuildInvite' can be sealed because it has no subtypes in its containing assembly and is not externally visible (https://learn.microsoft.com/dotnet/fundamentals/code-analysis/quality-rules/ca1852) [/app/TWL.Server/TWL.Server.csproj]
/app/TWL.Server/Simulation/Managers/EconomyManager.cs(868,19): warning CA1852: Type 'RateLimitTracker' can be sealed because it has no subtypes in its containing assembly and is not externally visible (https://learn.microsoft.com/dotnet/fundamentals/code-analysis/quality-rules/ca1852) [/app/TWL.Server/TWL.Server.csproj]
/app/TWL.Server/Simulation/Managers/EconomyManager.cs(859,19): warning CA1852: Type 'Transaction' can be sealed because it has no subtypes in its containing assembly and is not externally visible (https://learn.microsoft.com/dotnet/fundamentals/code-analysis/quality-rules/ca1852) [/app/TWL.Server/TWL.Server.csproj]
/usr/lib/dotnet/sdk/10.0.103/Microsoft.Common.CurrentVersion.targets(2437,5): warning MSB3277: Found conflicts between different versions of "Microsoft.EntityFrameworkCore" that could not be resolved. [/app/TWL.Client/TWL.Client.csproj]
/usr/lib/dotnet/sdk/10.0.103/Microsoft.Common.CurrentVersion.targets(2437,5): warning MSB3277: There was a conflict between "Microsoft.EntityFrameworkCore, Version=9.0.1.0, Culture=neutral, PublicKeyToken=adb9793829ddae60" and "Microsoft.EntityFrameworkCore, Version=9.0.3.0, Culture=neutral, PublicKeyToken=adb9793829ddae60". [/app/TWL.Client/TWL.Client.csproj]
/usr/lib/dotnet/sdk/10.0.103/Microsoft.Common.CurrentVersion.targets(2437,5): warning MSB3277:     "Microsoft.EntityFrameworkCore, Version=9.0.1.0, Culture=neutral, PublicKeyToken=adb9793829ddae60" was chosen because it was primary and "Microsoft.EntityFrameworkCore, Version=9.0.3.0, Culture=neutral, PublicKeyToken=adb9793829ddae60" was not. [/app/TWL.Client/TWL.Client.csproj]
/usr/lib/dotnet/sdk/10.0.103/Microsoft.Common.CurrentVersion.targets(2437,5): warning MSB3277:     References which depend on "Microsoft.EntityFrameworkCore, Version=9.0.1.0, Culture=neutral, PublicKeyToken=adb9793829ddae60" [/home/jules/.nuget/packages/microsoft.entityframeworkcore/9.0.1/lib/net8.0/Microsoft.EntityFrameworkCore.dll]. [/app/TWL.Client/TWL.Client.csproj]
/usr/lib/dotnet/sdk/10.0.103/Microsoft.Common.CurrentVersion.targets(2437,5): warning MSB3277:         /home/jules/.nuget/packages/microsoft.entityframeworkcore/9.0.1/lib/net8.0/Microsoft.EntityFrameworkCore.dll [/app/TWL.Client/TWL.Client.csproj]
/usr/lib/dotnet/sdk/10.0.103/Microsoft.Common.CurrentVersion.targets(2437,5): warning MSB3277:           Project file item includes which caused reference "/home/jules/.nuget/packages/microsoft.entityframeworkcore/9.0.1/lib/net8.0/Microsoft.EntityFrameworkCore.dll". [/app/TWL.Client/TWL.Client.csproj]
/usr/lib/dotnet/sdk/10.0.103/Microsoft.Common.CurrentVersion.targets(2437,5): warning MSB3277:             /home/jules/.nuget/packages/microsoft.entityframeworkcore/9.0.1/lib/net8.0/Microsoft.EntityFrameworkCore.dll [/app/TWL.Client/TWL.Client.csproj]
/usr/lib/dotnet/sdk/10.0.103/Microsoft.Common.CurrentVersion.targets(2437,5): warning MSB3277:     References which depend on or have been unified to "Microsoft.EntityFrameworkCore, Version=9.0.3.0, Culture=neutral, PublicKeyToken=adb9793829ddae60" []. [/app/TWL.Client/TWL.Client.csproj]
/usr/lib/dotnet/sdk/10.0.103/Microsoft.Common.CurrentVersion.targets(2437,5): warning MSB3277:         /app/TWL.Server/bin/Release/net10.0/TWL.Server.dll [/app/TWL.Client/TWL.Client.csproj]
/usr/lib/dotnet/sdk/10.0.103/Microsoft.Common.CurrentVersion.targets(2437,5): warning MSB3277:           Project file item includes which caused reference "/app/TWL.Server/bin/Release/net10.0/TWL.Server.dll". [/app/TWL.Client/TWL.Client.csproj]
/usr/lib/dotnet/sdk/10.0.103/Microsoft.Common.CurrentVersion.targets(2437,5): warning MSB3277:             /app/TWL.Server/bin/Release/net10.0/TWL.Server.dll [/app/TWL.Client/TWL.Client.csproj]
/usr/lib/dotnet/sdk/10.0.103/Microsoft.Common.CurrentVersion.targets(2437,5): warning MSB3277: Found conflicts between different versions of "Microsoft.EntityFrameworkCore.Relational" that could not be resolved. [/app/TWL.Client/TWL.Client.csproj]
/usr/lib/dotnet/sdk/10.0.103/Microsoft.Common.CurrentVersion.targets(2437,5): warning MSB3277: There was a conflict between "Microsoft.EntityFrameworkCore.Relational, Version=9.0.1.0, Culture=neutral, PublicKeyToken=adb9793829ddae60" and "Microsoft.EntityFrameworkCore.Relational, Version=9.0.3.0, Culture=neutral, PublicKeyToken=adb9793829ddae60". [/app/TWL.Client/TWL.Client.csproj]
/usr/lib/dotnet/sdk/10.0.103/Microsoft.Common.CurrentVersion.targets(2437,5): warning MSB3277:     "Microsoft.EntityFrameworkCore.Relational, Version=9.0.1.0, Culture=neutral, PublicKeyToken=adb9793829ddae60" was chosen because it was primary and "Microsoft.EntityFrameworkCore.Relational, Version=9.0.3.0, Culture=neutral, PublicKeyToken=adb9793829ddae60" was not. [/app/TWL.Client/TWL.Client.csproj]
/usr/lib/dotnet/sdk/10.0.103/Microsoft.Common.CurrentVersion.targets(2437,5): warning MSB3277:     References which depend on "Microsoft.EntityFrameworkCore.Relational, Version=9.0.1.0, Culture=neutral, PublicKeyToken=adb9793829ddae60" [/home/jules/.nuget/packages/microsoft.entityframeworkcore.relational/9.0.1/lib/net8.0/Microsoft.EntityFrameworkCore.Relational.dll]. [/app/TWL.Client/TWL.Client.csproj]
/usr/lib/dotnet/sdk/10.0.103/Microsoft.Common.CurrentVersion.targets(2437,5): warning MSB3277:         /home/jules/.nuget/packages/microsoft.entityframeworkcore.relational/9.0.1/lib/net8.0/Microsoft.EntityFrameworkCore.Relational.dll [/app/TWL.Client/TWL.Client.csproj]
/usr/lib/dotnet/sdk/10.0.103/Microsoft.Common.CurrentVersion.targets(2437,5): warning MSB3277:           Project file item includes which caused reference "/home/jules/.nuget/packages/microsoft.entityframeworkcore.relational/9.0.1/lib/net8.0/Microsoft.EntityFrameworkCore.Relational.dll". [/app/TWL.Client/TWL.Client.csproj]
/usr/lib/dotnet/sdk/10.0.103/Microsoft.Common.CurrentVersion.targets(2437,5): warning MSB3277:             /home/jules/.nuget/packages/microsoft.entityframeworkcore.relational/9.0.1/lib/net8.0/Microsoft.EntityFrameworkCore.Relational.dll [/app/TWL.Client/TWL.Client.csproj]
/usr/lib/dotnet/sdk/10.0.103/Microsoft.Common.CurrentVersion.targets(2437,5): warning MSB3277:     References which depend on or have been unified to "Microsoft.EntityFrameworkCore.Relational, Version=9.0.3.0, Culture=neutral, PublicKeyToken=adb9793829ddae60" []. [/app/TWL.Client/TWL.Client.csproj]
/usr/lib/dotnet/sdk/10.0.103/Microsoft.Common.CurrentVersion.targets(2437,5): warning MSB3277:         /app/TWL.Server/bin/Release/net10.0/TWL.Server.dll [/app/TWL.Client/TWL.Client.csproj]
/usr/lib/dotnet/sdk/10.0.103/Microsoft.Common.CurrentVersion.targets(2437,5): warning MSB3277:           Project file item includes which caused reference "/app/TWL.Server/bin/Release/net10.0/TWL.Server.dll". [/app/TWL.Client/TWL.Client.csproj]
/usr/lib/dotnet/sdk/10.0.103/Microsoft.Common.CurrentVersion.targets(2437,5): warning MSB3277:             /app/TWL.Server/bin/Release/net10.0/TWL.Server.dll [/app/TWL.Client/TWL.Client.csproj]
/usr/lib/dotnet/sdk/10.0.103/Microsoft.Common.CurrentVersion.targets(2437,5): warning MSB3277: Found conflicts between different versions of "Microsoft.EntityFrameworkCore.Abstractions" that could not be resolved. [/app/TWL.Client/TWL.Client.csproj]
/usr/lib/dotnet/sdk/10.0.103/Microsoft.Common.CurrentVersion.targets(2437,5): warning MSB3277: There was a conflict between "Microsoft.EntityFrameworkCore.Abstractions, Version=9.0.1.0, Culture=neutral, PublicKeyToken=adb9793829ddae60" and "Microsoft.EntityFrameworkCore.Abstractions, Version=9.0.3.0, Culture=neutral, PublicKeyToken=adb9793829ddae60". [/app/TWL.Client/TWL.Client.csproj]
/usr/lib/dotnet/sdk/10.0.103/Microsoft.Common.CurrentVersion.targets(2437,5): warning MSB3277:     "Microsoft.EntityFrameworkCore.Abstractions, Version=9.0.1.0, Culture=neutral, PublicKeyToken=adb9793829ddae60" was chosen because it was primary and "Microsoft.EntityFrameworkCore.Abstractions, Version=9.0.3.0, Culture=neutral, PublicKeyToken=adb9793829ddae60" was not. [/app/TWL.Client/TWL.Client.csproj]
/usr/lib/dotnet/sdk/10.0.103/Microsoft.Common.CurrentVersion.targets(2437,5): warning MSB3277:     References which depend on "Microsoft.EntityFrameworkCore.Abstractions, Version=9.0.1.0, Culture=neutral, PublicKeyToken=adb9793829ddae60" [/home/jules/.nuget/packages/microsoft.entityframeworkcore.abstractions/9.0.1/lib/net8.0/Microsoft.EntityFrameworkCore.Abstractions.dll]. [/app/TWL.Client/TWL.Client.csproj]
/usr/lib/dotnet/sdk/10.0.103/Microsoft.Common.CurrentVersion.targets(2437,5): warning MSB3277:         /home/jules/.nuget/packages/microsoft.entityframeworkcore.abstractions/9.0.1/lib/net8.0/Microsoft.EntityFrameworkCore.Abstractions.dll [/app/TWL.Client/TWL.Client.csproj]
/usr/lib/dotnet/sdk/10.0.103/Microsoft.Common.CurrentVersion.targets(2437,5): warning MSB3277:           Project file item includes which caused reference "/home/jules/.nuget/packages/microsoft.entityframeworkcore.abstractions/9.0.1/lib/net8.0/Microsoft.EntityFrameworkCore.Abstractions.dll". [/app/TWL.Client/TWL.Client.csproj]
/usr/lib/dotnet/sdk/10.0.103/Microsoft.Common.CurrentVersion.targets(2437,5): warning MSB3277:             /home/jules/.nuget/packages/microsoft.entityframeworkcore.abstractions/9.0.1/lib/net8.0/Microsoft.EntityFrameworkCore.Abstractions.dll [/app/TWL.Client/TWL.Client.csproj]
/usr/lib/dotnet/sdk/10.0.103/Microsoft.Common.CurrentVersion.targets(2437,5): warning MSB3277:     References which depend on or have been unified to "Microsoft.EntityFrameworkCore.Abstractions, Version=9.0.3.0, Culture=neutral, PublicKeyToken=adb9793829ddae60" []. [/app/TWL.Client/TWL.Client.csproj]
/usr/lib/dotnet/sdk/10.0.103/Microsoft.Common.CurrentVersion.targets(2437,5): warning MSB3277:         /app/TWL.Server/bin/Release/net10.0/TWL.Server.dll [/app/TWL.Client/TWL.Client.csproj]
/usr/lib/dotnet/sdk/10.0.103/Microsoft.Common.CurrentVersion.targets(2437,5): warning MSB3277:           Project file item includes which caused reference "/app/TWL.Server/bin/Release/net10.0/TWL.Server.dll". [/app/TWL.Client/TWL.Client.csproj]
/usr/lib/dotnet/sdk/10.0.103/Microsoft.Common.CurrentVersion.targets(2437,5): warning MSB3277:             /app/TWL.Server/bin/Release/net10.0/TWL.Server.dll [/app/TWL.Client/TWL.Client.csproj]
/app/TWL.Client/Presentation/Networking/NetworkClient.cs(8,7): warning CS0105: The using directive for 'TWL.Shared.Constants' appeared previously in this namespace [/app/TWL.Client/TWL.Client.csproj]
/app/TWL.Client/Presentation/UI/UiGameplay.cs(90,17): warning CS0108: 'UiGameplay.Update(GameTime, MouseState, KeyboardState)' hides inherited member 'UiManager.Update(GameTime, MouseState, KeyboardState)'. Use the new keyword if hiding was intended. [/app/TWL.Client/TWL.Client.csproj]
/app/TWL.Client/Presentation/UI/UiGameplay.cs(98,17): warning CS0108: 'UiGameplay.Draw(SpriteBatch)' hides inherited member 'UiManager.Draw(SpriteBatch)'. Use the new keyword if hiding was intended. [/app/TWL.Client/TWL.Client.csproj]
/app/TWL.Client/Presentation/Views/PlayerView.cs(46,12): warning CS8618: Non-nullable field '_bodyBaseDown' must contain a non-null value when exiting constructor. Consider adding the 'required' modifier or declaring the field as nullable. [/app/TWL.Client/TWL.Client.csproj]
/app/TWL.Client/Presentation/Views/PlayerView.cs(46,12): warning CS8618: Non-nullable field '_bodyMapDown' must contain a non-null value when exiting constructor. Consider adding the 'required' modifier or declaring the field as nullable. [/app/TWL.Client/TWL.Client.csproj]
/app/TWL.Client/Presentation/Views/PlayerView.cs(46,12): warning CS8618: Non-nullable field '_bodyBaseUp' must contain a non-null value when exiting constructor. Consider adding the 'required' modifier or declaring the field as nullable. [/app/TWL.Client/TWL.Client.csproj]
/app/TWL.Client/Presentation/Views/PlayerView.cs(46,12): warning CS8618: Non-nullable field '_bodyMapUp' must contain a non-null value when exiting constructor. Consider adding the 'required' modifier or declaring the field as nullable. [/app/TWL.Client/TWL.Client.csproj]
/app/TWL.Client/Presentation/Views/PlayerView.cs(46,12): warning CS8618: Non-nullable field '_bodyBaseSide' must contain a non-null value when exiting constructor. Consider adding the 'required' modifier or declaring the field as nullable. [/app/TWL.Client/TWL.Client.csproj]
/app/TWL.Client/Presentation/Views/PlayerView.cs(46,12): warning CS8618: Non-nullable field '_bodyMapSide' must contain a non-null value when exiting constructor. Consider adding the 'required' modifier or declaring the field as nullable. [/app/TWL.Client/TWL.Client.csproj]
/app/TWL.Client/Presentation/Views/PlayerView.cs(46,12): warning CS8618: Non-nullable field '_hairBaseDown' must contain a non-null value when exiting constructor. Consider adding the 'required' modifier or declaring the field as nullable. [/app/TWL.Client/TWL.Client.csproj]
/app/TWL.Client/Presentation/Views/PlayerView.cs(46,12): warning CS8618: Non-nullable field '_hairMapDown' must contain a non-null value when exiting constructor. Consider adding the 'required' modifier or declaring the field as nullable. [/app/TWL.Client/TWL.Client.csproj]
/app/TWL.Client/Presentation/Views/PlayerView.cs(46,12): warning CS8618: Non-nullable field '_hairBaseUp' must contain a non-null value when exiting constructor. Consider adding the 'required' modifier or declaring the field as nullable. [/app/TWL.Client/TWL.Client.csproj]
/app/TWL.Client/Presentation/Views/PlayerView.cs(46,12): warning CS8618: Non-nullable field '_hairMapUp' must contain a non-null value when exiting constructor. Consider adding the 'required' modifier or declaring the field as nullable. [/app/TWL.Client/TWL.Client.csproj]
/app/TWL.Client/Presentation/Views/PlayerView.cs(46,12): warning CS8618: Non-nullable field '_hairBaseSide' must contain a non-null value when exiting constructor. Consider adding the 'required' modifier or declaring the field as nullable. [/app/TWL.Client/TWL.Client.csproj]
/app/TWL.Client/Presentation/Views/PlayerView.cs(46,12): warning CS8618: Non-nullable field '_hairMapSide' must contain a non-null value when exiting constructor. Consider adding the 'required' modifier or declaring the field as nullable. [/app/TWL.Client/TWL.Client.csproj]
/app/TWL.Client/Presentation/Views/PlayerView.cs(46,12): warning CS8618: Non-nullable field '_down' must contain a non-null value when exiting constructor. Consider adding the 'required' modifier or declaring the field as nullable. [/app/TWL.Client/TWL.Client.csproj]
/app/TWL.Client/Presentation/Views/PlayerView.cs(46,12): warning CS8618: Non-nullable field '_up' must contain a non-null value when exiting constructor. Consider adding the 'required' modifier or declaring the field as nullable. [/app/TWL.Client/TWL.Client.csproj]
/app/TWL.Client/Presentation/Views/PlayerView.cs(46,12): warning CS8618: Non-nullable field '_left' must contain a non-null value when exiting constructor. Consider adding the 'required' modifier or declaring the field as nullable. [/app/TWL.Client/TWL.Client.csproj]
/app/TWL.Client/Presentation/Views/PlayerView.cs(46,12): warning CS8618: Non-nullable field '_right' must contain a non-null value when exiting constructor. Consider adding the 'required' modifier or declaring the field as nullable. [/app/TWL.Client/TWL.Client.csproj]
/app/TWL.Client/Presentation/Views/PlayerView.cs(46,12): warning CS8618: Non-nullable field '_paletteEffect' must contain a non-null value when exiting constructor. Consider adding the 'required' modifier or declaring the field as nullable. [/app/TWL.Client/TWL.Client.csproj]
/app/TWL.Client/Presentation/Views/PlayerView.cs(55,40): warning CS8625: Cannot convert null literal to non-nullable reference type. [/app/TWL.Client/TWL.Client.csproj]
/app/TWL.Client/Presentation/Views/PlayerView.cs(55,31): warning CS8601: Possible null reference assignment. [/app/TWL.Client/TWL.Client.csproj]
/app/TWL.Client/Presentation/Views/PlayerView.cs(55,23): warning CS8601: Possible null reference assignment. [/app/TWL.Client/TWL.Client.csproj]
/app/TWL.Client/Presentation/Views/PlayerView.cs(55,17): warning CS8601: Possible null reference assignment. [/app/TWL.Client/TWL.Client.csproj]
/app/TWL.Client/Presentation/Views/PlayerView.cs(56,98): warning CS8625: Cannot convert null literal to non-nullable reference type. [/app/TWL.Client/TWL.Client.csproj]
/app/TWL.Client/Presentation/Views/PlayerView.cs(56,83): warning CS8601: Possible null reference assignment. [/app/TWL.Client/TWL.Client.csproj]
/app/TWL.Client/Presentation/Views/PlayerView.cs(56,67): warning CS8601: Possible null reference assignment. [/app/TWL.Client/TWL.Client.csproj]
/app/TWL.Client/Presentation/Views/PlayerView.cs(56,54): warning CS8601: Possible null reference assignment. [/app/TWL.Client/TWL.Client.csproj]
/app/TWL.Client/Presentation/Views/PlayerView.cs(56,40): warning CS8601: Possible null reference assignment. [/app/TWL.Client/TWL.Client.csproj]
/app/TWL.Client/Presentation/Views/PlayerView.cs(56,25): warning CS8601: Possible null reference assignment. [/app/TWL.Client/TWL.Client.csproj]
/app/TWL.Client/Presentation/Views/PlayerView.cs(57,98): warning CS8625: Cannot convert null literal to non-nullable reference type. [/app/TWL.Client/TWL.Client.csproj]
/app/TWL.Client/Presentation/Views/PlayerView.cs(57,83): warning CS8601: Possible null reference assignment. [/app/TWL.Client/TWL.Client.csproj]
/app/TWL.Client/Presentation/Views/PlayerView.cs(57,67): warning CS8601: Possible null reference assignment. [/app/TWL.Client/TWL.Client.csproj]
/app/TWL.Client/Presentation/Views/PlayerView.cs(57,54): warning CS8601: Possible null reference assignment. [/app/TWL.Client/TWL.Client.csproj]
/app/TWL.Client/Presentation/Views/PlayerView.cs(57,40): warning CS8601: Possible null reference assignment. [/app/TWL.Client/TWL.Client.csproj]
/app/TWL.Client/Presentation/Views/PlayerView.cs(57,25): warning CS8601: Possible null reference assignment. [/app/TWL.Client/TWL.Client.csproj]
/app/TWL.Client/Presentation/Views/PlayerView.cs(60,26): warning CS8625: Cannot convert null literal to non-nullable reference type. [/app/TWL.Client/TWL.Client.csproj]
/app/TWL.Client/Presentation/Views/PlayerView.cs(84,40): warning CS8625: Cannot convert null literal to non-nullable reference type. [/app/TWL.Client/TWL.Client.csproj]
/app/TWL.Client/Presentation/Views/PlayerView.cs(84,31): warning CS8601: Possible null reference assignment. [/app/TWL.Client/TWL.Client.csproj]
/app/TWL.Client/Presentation/Views/PlayerView.cs(84,23): warning CS8601: Possible null reference assignment. [/app/TWL.Client/TWL.Client.csproj]
/app/TWL.Client/Presentation/Views/PlayerView.cs(84,17): warning CS8601: Possible null reference assignment. [/app/TWL.Client/TWL.Client.csproj]
/app/TWL.Client/Presentation/Views/PlayerView.cs(115,102): warning CS8625: Cannot convert null literal to non-nullable reference type. [/app/TWL.Client/TWL.Client.csproj]
/app/TWL.Client/Presentation/Views/PlayerView.cs(115,87): warning CS8601: Possible null reference assignment. [/app/TWL.Client/TWL.Client.csproj]
/app/TWL.Client/Presentation/Views/PlayerView.cs(115,71): warning CS8601: Possible null reference assignment. [/app/TWL.Client/TWL.Client.csproj]
/app/TWL.Client/Presentation/Views/PlayerView.cs(115,58): warning CS8601: Possible null reference assignment. [/app/TWL.Client/TWL.Client.csproj]
/app/TWL.Client/Presentation/Views/PlayerView.cs(115,44): warning CS8601: Possible null reference assignment. [/app/TWL.Client/TWL.Client.csproj]
/app/TWL.Client/Presentation/Views/PlayerView.cs(115,29): warning CS8601: Possible null reference assignment. [/app/TWL.Client/TWL.Client.csproj]
/app/TWL.Client/Presentation/Views/PlayerView.cs(116,102): warning CS8625: Cannot convert null literal to non-nullable reference type. [/app/TWL.Client/TWL.Client.csproj]
/app/TWL.Client/Presentation/Views/PlayerView.cs(116,87): warning CS8601: Possible null reference assignment. [/app/TWL.Client/TWL.Client.csproj]
/app/TWL.Client/Presentation/Views/PlayerView.cs(116,71): warning CS8601: Possible null reference assignment. [/app/TWL.Client/TWL.Client.csproj]
/app/TWL.Client/Presentation/Views/PlayerView.cs(116,58): warning CS8601: Possible null reference assignment. [/app/TWL.Client/TWL.Client.csproj]
/app/TWL.Client/Presentation/Views/PlayerView.cs(116,44): warning CS8601: Possible null reference assignment. [/app/TWL.Client/TWL.Client.csproj]
/app/TWL.Client/Presentation/Views/PlayerView.cs(116,29): warning CS8601: Possible null reference assignment. [/app/TWL.Client/TWL.Client.csproj]
/app/TWL.Client/Presentation/Views/PlayerView.cs(119,30): warning CS8625: Cannot convert null literal to non-nullable reference type. [/app/TWL.Client/TWL.Client.csproj]
/app/TWL.Client/Presentation/Managers/CraftManager.cs(96,51): warning CS8603: Possible null reference return. [/app/TWL.Client/TWL.Client.csproj]
/app/TWL.Client/Presentation/Crafting/EquipmentData.cs(7,19): warning CS8618: Non-nullable field 'Name' must contain a non-null value when exiting constructor. Consider adding the 'required' modifier or declaring the field as nullable. [/app/TWL.Client/TWL.Client.csproj]
/app/TWL.Client/Presentation/Managers/QuestDataManager.cs(36,16): warning CS8603: Possible null reference return. [/app/TWL.Client/TWL.Client.csproj]
/app/TWL.Client/Presentation/Managers/PortalManager.cs(91,16): warning CS8603: Possible null reference return. [/app/TWL.Client/TWL.Client.csproj]
/app/TWL.Client/Presentation/Managers/PortalManager.cs(10,19): warning CS8618: Non-nullable field 'TargetMap' must contain a non-null value when exiting constructor. Consider adding the 'required' modifier or declaring the field as nullable. [/app/TWL.Client/TWL.Client.csproj]
/app/TWL.Client/Presentation/Managers/PetDefinitionManager.cs(28,29): warning CS8602: Dereference of a possibly null reference. [/app/TWL.Client/TWL.Client.csproj]
/app/TWL.Client/Presentation/Managers/AssetLoader.cs(33,45): warning CS8603: Possible null reference return. [/app/TWL.Client/TWL.Client.csproj]
/app/TWL.Client/Presentation/Managers/PetDefinitionManager.cs(41,16): warning CS8603: Possible null reference return. [/app/TWL.Client/TWL.Client.csproj]
/app/TWL.Client/Presentation/UI/UiPartyWindow.cs(26,12): warning CS8618: Non-nullable field '_font' must contain a non-null value when exiting constructor. Consider adding the 'required' modifier or declaring the field as nullable. [/app/TWL.Client/TWL.Client.csproj]
/app/TWL.Client/Presentation/UI/UiPartyWindow.cs(26,12): warning CS8618: Non-nullable field '_pixel' must contain a non-null value when exiting constructor. Consider adding the 'required' modifier or declaring the field as nullable. [/app/TWL.Client/TWL.Client.csproj]
/app/TWL.Client/Presentation/Managers/GameClientManager.cs(24,12): warning CS8618: Non-nullable field '_allies' must contain a non-null value when exiting constructor. Consider adding the 'required' modifier or declaring the field as nullable. [/app/TWL.Client/TWL.Client.csproj]
/app/TWL.Client/Presentation/Managers/GameClientManager.cs(24,12): warning CS8618: Non-nullable field '_enemies' must contain a non-null value when exiting constructor. Consider adding the 'required' modifier or declaring the field as nullable. [/app/TWL.Client/TWL.Client.csproj]
/app/TWL.Client/Presentation/Networking/NetworkClient.cs(269,20): warning CS8625: Cannot convert null literal to non-nullable reference type. [/app/TWL.Client/TWL.Client.csproj]
/app/TWL.Client/Presentation/Scenes/SceneBattle.cs(52,12): warning CS8618: Non-nullable field '_assets' must contain a non-null value when exiting constructor. Consider adding the 'required' modifier or declaring the field as nullable. [/app/TWL.Client/TWL.Client.csproj]
/app/TWL.Client/Presentation/Networking/ClientBootstrap.cs(11,35): warning CS8618: Non-nullable property 'Services' must contain a non-null value when exiting constructor. Consider adding the 'required' modifier or declaring the property as nullable. [/app/TWL.Client/TWL.Client.csproj]
/app/TWL.Client/Presentation/Scenes/SceneGameplay.cs(51,12): warning CS8618: Non-nullable field '_map' must contain a non-null value when exiting constructor. Consider adding the 'required' modifier or declaring the field as nullable. [/app/TWL.Client/TWL.Client.csproj]
/app/TWL.Client/Presentation/Scenes/SceneGameplay.cs(51,12): warning CS8618: Non-nullable field '_mapRenderer' must contain a non-null value when exiting constructor. Consider adding the 'required' modifier or declaring the field as nullable. [/app/TWL.Client/TWL.Client.csproj]
/app/TWL.Client/Presentation/Managers/ClientQuestManager.cs(26,22): warning CS8618: Non-nullable field 'CurrentCounts' must contain a non-null value when exiting constructor. Consider adding the 'required' modifier or declaring the field as nullable. [/app/TWL.Client/TWL.Client.csproj]
/app/TWL.Client/Presentation/UI/UiGuildWindow.cs(26,12): warning CS8618: Non-nullable field '_font' must contain a non-null value when exiting constructor. Consider adding the 'required' modifier or declaring the field as nullable. [/app/TWL.Client/TWL.Client.csproj]
/app/TWL.Client/Presentation/UI/UiGuildWindow.cs(26,12): warning CS8618: Non-nullable field '_pixel' must contain a non-null value when exiting constructor. Consider adding the 'required' modifier or declaring the field as nullable. [/app/TWL.Client/TWL.Client.csproj]
/app/TWL.Client/Presentation/UI/UiInventoryWindow.cs(48,23): warning CS8600: Converting null literal or possible null value to non-nullable type. [/app/TWL.Client/TWL.Client.csproj]
/app/TWL.Client/Presentation/UI/UiInventoryWindow.cs(48,23): warning CS8602: Dereference of a possibly null reference. [/app/TWL.Client/TWL.Client.csproj]
/app/TWL.Client/Presentation/Scenes/SceneGameplay.cs(28,21): warning CS0169: The field 'SceneGameplay._clickTarget' is never used [/app/TWL.Client/TWL.Client.csproj]
/app/TWL.Client/Presentation/Managers/GameClientManager.cs(22,29): warning CS0649: Field 'GameClientManager._enemies' is never assigned to, and will always have its default value null [/app/TWL.Client/TWL.Client.csproj]
/app/TWL.Client/Presentation/Managers/GameClientManager.cs(21,29): warning CS0649: Field 'GameClientManager._allies' is never assigned to, and will always have its default value null [/app/TWL.Client/TWL.Client.csproj]
/app/TWL.Client/Presentation/Scenes/SceneBattle.cs(25,35): warning CS0169: The field 'SceneBattle._assets' is never used [/app/TWL.Client/TWL.Client.csproj]
/app/TWL.Client/Presentation/Scenes/SceneGameplay.cs(29,26): warning CS0414: The field 'SceneGameplay._colors' is assigned but its value is never used [/app/TWL.Client/TWL.Client.csproj]
/app/TWL.Client/Presentation/Core/Singleton.cs(6,21): warning CA1000: Do not declare static members on generic types (https://learn.microsoft.com/dotnet/fundamentals/code-analysis/quality-rules/ca1000) [/app/TWL.Client/TWL.Client.csproj]
/app/TWL.Client/Presentation/Managers/ClientQuestManager.cs(12,22): warning CA1051: Do not declare visible instance fields (https://learn.microsoft.com/dotnet/fundamentals/code-analysis/quality-rules/ca1051) [/app/TWL.Client/TWL.Client.csproj]
/app/TWL.Client/Presentation/Managers/ClientQuestManager.cs(13,16): warning CA1051: Do not declare visible instance fields (https://learn.microsoft.com/dotnet/fundamentals/code-analysis/quality-rules/ca1051) [/app/TWL.Client/TWL.Client.csproj]
/app/TWL.Client/Presentation/Managers/ClientQuestManager.cs(14,23): warning CA1051: Do not declare visible instance fields (https://learn.microsoft.com/dotnet/fundamentals/code-analysis/quality-rules/ca1051) [/app/TWL.Client/TWL.Client.csproj]
/app/TWL.Client/Presentation/Managers/ClientQuestManager.cs(26,22): warning CA1051: Do not declare visible instance fields (https://learn.microsoft.com/dotnet/fundamentals/code-analysis/quality-rules/ca1051) [/app/TWL.Client/TWL.Client.csproj]
/app/TWL.Client/Presentation/Managers/ClientQuestManager.cs(27,16): warning CA1051: Do not declare visible instance fields (https://learn.microsoft.com/dotnet/fundamentals/code-analysis/quality-rules/ca1051) [/app/TWL.Client/TWL.Client.csproj]
/app/TWL.Client/Presentation/Managers/ClientQuestManager.cs(28,23): warning CA1051: Do not declare visible instance fields (https://learn.microsoft.com/dotnet/fundamentals/code-analysis/quality-rules/ca1051) [/app/TWL.Client/TWL.Client.csproj]
/app/TWL.Client/Presentation/Managers/MarketplaceManager.cs(8,16): warning CA1051: Do not declare visible instance fields (https://learn.microsoft.com/dotnet/fundamentals/code-analysis/quality-rules/ca1051) [/app/TWL.Client/TWL.Client.csproj]
/app/TWL.Client/Presentation/Managers/MarketplaceManager.cs(9,16): warning CA1051: Do not declare visible instance fields (https://learn.microsoft.com/dotnet/fundamentals/code-analysis/quality-rules/ca1051) [/app/TWL.Client/TWL.Client.csproj]
/app/TWL.Client/Presentation/Managers/MarketplaceManager.cs(10,16): warning CA1051: Do not declare visible instance fields (https://learn.microsoft.com/dotnet/fundamentals/code-analysis/quality-rules/ca1051) [/app/TWL.Client/TWL.Client.csproj]
/app/TWL.Client/Presentation/Managers/MarketplaceManager.cs(11,16): warning CA1051: Do not declare visible instance fields (https://learn.microsoft.com/dotnet/fundamentals/code-analysis/quality-rules/ca1051) [/app/TWL.Client/TWL.Client.csproj]
/app/TWL.Client/Presentation/Managers/MarketplaceManager.cs(12,16): warning CA1051: Do not declare visible instance fields (https://learn.microsoft.com/dotnet/fundamentals/code-analysis/quality-rules/ca1051) [/app/TWL.Client/TWL.Client.csproj]
/app/TWL.Client/Presentation/Models/GameSaveData.cs(17,16): warning CA1720: Identifier 'Int' contains type name (https://learn.microsoft.com/dotnet/fundamentals/code-analysis/quality-rules/ca1720) [/app/TWL.Client/TWL.Client.csproj]
/app/TWL.Client/Presentation/Crafting/EquipmentData.cs(6,16): warning CA1051: Do not declare visible instance fields (https://learn.microsoft.com/dotnet/fundamentals/code-analysis/quality-rules/ca1051) [/app/TWL.Client/TWL.Client.csproj]
/app/TWL.Client/Presentation/Crafting/EquipmentData.cs(7,19): warning CA1051: Do not declare visible instance fields (https://learn.microsoft.com/dotnet/fundamentals/code-analysis/quality-rules/ca1051) [/app/TWL.Client/TWL.Client.csproj]
/app/TWL.Client/Presentation/Crafting/EquipmentData.cs(8,16): warning CA1051: Do not declare visible instance fields (https://learn.microsoft.com/dotnet/fundamentals/code-analysis/quality-rules/ca1051) [/app/TWL.Client/TWL.Client.csproj]
/app/TWL.Client/Presentation/Crafting/EquipmentItem.cs(9,16): warning CA1051: Do not declare visible instance fields (https://learn.microsoft.com/dotnet/fundamentals/code-analysis/quality-rules/ca1051) [/app/TWL.Client/TWL.Client.csproj]
/app/TWL.Client/Presentation/Crafting/EquipmentItem.cs(10,16): warning CA1051: Do not declare visible instance fields (https://learn.microsoft.com/dotnet/fundamentals/code-analysis/quality-rules/ca1051) [/app/TWL.Client/TWL.Client.csproj]
/app/TWL.Client/Presentation/Crafting/EquipmentItem.cs(11,16): warning CA1051: Do not declare visible instance fields (https://learn.microsoft.com/dotnet/fundamentals/code-analysis/quality-rules/ca1051) [/app/TWL.Client/TWL.Client.csproj]
/app/TWL.Client/Presentation/Crafting/EquipmentItem.cs(12,16): warning CA1051: Do not declare visible instance fields (https://learn.microsoft.com/dotnet/fundamentals/code-analysis/quality-rules/ca1051) [/app/TWL.Client/TWL.Client.csproj]
/app/TWL.Client/Presentation/Crafting/EquipmentItem.cs(13,19): warning CA1051: Do not declare visible instance fields (https://learn.microsoft.com/dotnet/fundamentals/code-analysis/quality-rules/ca1051) [/app/TWL.Client/TWL.Client.csproj]
/app/TWL.Client/Presentation/Crafting/EquipmentData.cs(5,16): warning CA1051: Do not declare visible instance fields (https://learn.microsoft.com/dotnet/fundamentals/code-analysis/quality-rules/ca1051) [/app/TWL.Client/TWL.Client.csproj]
/app/TWL.Client/Presentation/Quests/Quest.cs(7,19): warning CA1051: Do not declare visible instance fields (https://learn.microsoft.com/dotnet/fundamentals/code-analysis/quality-rules/ca1051) [/app/TWL.Client/TWL.Client.csproj]
/app/TWL.Client/Presentation/Quests/Quest.cs(8,33): warning CA1051: Do not declare visible instance fields (https://learn.microsoft.com/dotnet/fundamentals/code-analysis/quality-rules/ca1051) [/app/TWL.Client/TWL.Client.csproj]
/app/TWL.Client/Presentation/Quests/Quest.cs(9,16): warning CA1051: Do not declare visible instance fields (https://learn.microsoft.com/dotnet/fundamentals/code-analysis/quality-rules/ca1051) [/app/TWL.Client/TWL.Client.csproj]
/app/TWL.Client/Presentation/Quests/Quest.cs(10,16): warning CA1051: Do not declare visible instance fields (https://learn.microsoft.com/dotnet/fundamentals/code-analysis/quality-rules/ca1051) [/app/TWL.Client/TWL.Client.csproj]
/app/TWL.Client/Presentation/Quests/Quest.cs(11,16): warning CA1051: Do not declare visible instance fields (https://learn.microsoft.com/dotnet/fundamentals/code-analysis/quality-rules/ca1051) [/app/TWL.Client/TWL.Client.csproj]
/app/TWL.Client/Presentation/Quests/Quest.cs(12,23): warning CA1051: Do not declare visible instance fields (https://learn.microsoft.com/dotnet/fundamentals/code-analysis/quality-rules/ca1051) [/app/TWL.Client/TWL.Client.csproj]
/app/TWL.Client/Presentation/Quests/Quest.cs(13,19): warning CA1051: Do not declare visible instance fields (https://learn.microsoft.com/dotnet/fundamentals/code-analysis/quality-rules/ca1051) [/app/TWL.Client/TWL.Client.csproj]
/app/TWL.Client/Presentation/Quests/QuestObjective.cs(8,26): warning CA1051: Do not declare visible instance fields (https://learn.microsoft.com/dotnet/fundamentals/code-analysis/quality-rules/ca1051) [/app/TWL.Client/TWL.Client.csproj]
/app/TWL.Client/Presentation/Quests/QuestObjective.cs(9,16): warning CA1051: Do not declare visible instance fields (https://learn.microsoft.com/dotnet/fundamentals/code-analysis/quality-rules/ca1051) [/app/TWL.Client/TWL.Client.csproj]
/app/TWL.Client/Presentation/Quests/QuestObjective.cs(10,19): warning CA1051: Do not declare visible instance fields (https://learn.microsoft.com/dotnet/fundamentals/code-analysis/quality-rules/ca1051) [/app/TWL.Client/TWL.Client.csproj]
/app/TWL.Client/Presentation/Quests/QuestObjective.cs(5,16): warning CA1051: Do not declare visible instance fields (https://learn.microsoft.com/dotnet/fundamentals/code-analysis/quality-rules/ca1051) [/app/TWL.Client/TWL.Client.csproj]
/app/TWL.Client/Presentation/Scenes/SceneBase.cs(18,37): warning CA1051: Do not declare visible instance fields (https://learn.microsoft.com/dotnet/fundamentals/code-analysis/quality-rules/ca1051) [/app/TWL.Client/TWL.Client.csproj]
/app/TWL.Client/Presentation/Scenes/SceneBase.cs(19,33): warning CA1051: Do not declare visible instance fields (https://learn.microsoft.com/dotnet/fundamentals/code-analysis/quality-rules/ca1051) [/app/TWL.Client/TWL.Client.csproj]
/app/TWL.Client/Presentation/Scenes/SceneBase.cs(20,39): warning CA1051: Do not declare visible instance fields (https://learn.microsoft.com/dotnet/fundamentals/code-analysis/quality-rules/ca1051) [/app/TWL.Client/TWL.Client.csproj]
/app/TWL.Client/Presentation/Quests/QuestObjective.cs(6,17): warning CA1051: Do not declare visible instance fields (https://learn.microsoft.com/dotnet/fundamentals/code-analysis/quality-rules/ca1051) [/app/TWL.Client/TWL.Client.csproj]
/app/TWL.Client/Presentation/Scenes/SceneBase.cs(21,39): warning CA1051: Do not declare visible instance fields (https://learn.microsoft.com/dotnet/fundamentals/code-analysis/quality-rules/ca1051) [/app/TWL.Client/TWL.Client.csproj]
/app/TWL.Client/Presentation/Scenes/SceneBase.cs(22,38): warning CA1051: Do not declare visible instance fields (https://learn.microsoft.com/dotnet/fundamentals/code-analysis/quality-rules/ca1051) [/app/TWL.Client/TWL.Client.csproj]
/app/TWL.Client/Presentation/Quests/QuestObjective.cs(7,19): warning CA1051: Do not declare visible instance fields (https://learn.microsoft.com/dotnet/fundamentals/code-analysis/quality-rules/ca1051) [/app/TWL.Client/TWL.Client.csproj]
/app/TWL.Client/Presentation/UI/UiMainMenu.cs(23,46): warning CA1805: Member '_loginSelectedIndex' is explicitly initialized to its default value (https://learn.microsoft.com/dotnet/fundamentals/code-analysis/quality-rules/ca1805) [/app/TWL.Client/TWL.Client.csproj]
/app/TWL.Client/Presentation/UI/UiPartyWindow.cs(20,28): warning CA1805: Member '_isTyping' is explicitly initialized to its default value (https://learn.microsoft.com/dotnet/fundamentals/code-analysis/quality-rules/ca1805) [/app/TWL.Client/TWL.Client.csproj]
/app/TWL.Client/Presentation/UI/UiWindow.cs(10,25): warning CA1051: Do not declare visible instance fields (https://learn.microsoft.com/dotnet/fundamentals/code-analysis/quality-rules/ca1051) [/app/TWL.Client/TWL.Client.csproj]
/app/TWL.Client/Presentation/UI/UiGuildWindow.cs(19,28): warning CA1805: Member '_isTyping' is explicitly initialized to its default value (https://learn.microsoft.com/dotnet/fundamentals/code-analysis/quality-rules/ca1805) [/app/TWL.Client/TWL.Client.csproj]
/app/TWL.Client/Presentation/UI/UiGuildWindow.cs(24,30): warning CA1805: Member '_showWindow' is explicitly initialized to its default value (https://learn.microsoft.com/dotnet/fundamentals/code-analysis/quality-rules/ca1805) [/app/TWL.Client/TWL.Client.csproj]
/app/TWL.Client/Presentation/Managers/PortalManager.cs(8,22): warning CA1051: Do not declare visible instance fields (https://learn.microsoft.com/dotnet/fundamentals/code-analysis/quality-rules/ca1051) [/app/TWL.Client/TWL.Client.csproj]
/app/TWL.Client/Presentation/Managers/PortalManager.cs(9,20): warning CA1051: Do not declare visible instance fields (https://learn.microsoft.com/dotnet/fundamentals/code-analysis/quality-rules/ca1051) [/app/TWL.Client/TWL.Client.csproj]
/app/TWL.Client/Presentation/Managers/PortalManager.cs(10,19): warning CA1051: Do not declare visible instance fields (https://learn.microsoft.com/dotnet/fundamentals/code-analysis/quality-rules/ca1051) [/app/TWL.Client/TWL.Client.csproj]
/app/TWL.Client/Presentation/Map/Camera2D.cs(23,41): warning CA1805: Member 'Rotation' is explicitly initialized to its default value (https://learn.microsoft.com/dotnet/fundamentals/code-analysis/quality-rules/ca1805) [/app/TWL.Client/TWL.Client.csproj]
/app/TWL.Client/Presentation/Views/PlayerView.cs(51,17): warning CA1816: Change PlayerView.Dispose() to call GC.SuppressFinalize(object). This will prevent derived types that introduce a finalizer from needing to re-implement 'IDisposable' to call it. (https://learn.microsoft.com/dotnet/fundamentals/code-analysis/quality-rules/ca1816) [/app/TWL.Client/TWL.Client.csproj]
/app/TWL.Client/Presentation/Managers/EncounterManager.cs(43,18): warning CA1822: Member 'StartBattle' does not access instance data and can be marked as static (https://learn.microsoft.com/dotnet/fundamentals/code-analysis/quality-rules/ca1822) [/app/TWL.Client/TWL.Client.csproj]
/app/TWL.Client/Presentation/Crafting/ForgeSystem.cs(8,18): warning CA1822: Member 'GetSuccessRate' does not access instance data and can be marked as static (https://learn.microsoft.com/dotnet/fundamentals/code-analysis/quality-rules/ca1822) [/app/TWL.Client/TWL.Client.csproj]
/app/TWL.Client/Presentation/Managers/SceneManager.cs(14,36): warning CA1860: Prefer comparing 'Count' to 0 rather than using 'Any()', both for clarity and for performance (https://learn.microsoft.com/dotnet/fundamentals/code-analysis/quality-rules/ca1860) [/app/TWL.Client/TWL.Client.csproj]
/app/TWL.Client/Presentation/Helpers/ColorHelper.cs(11,27): warning CA1866: Use 'string.StartsWith(char)' instead of 'string.StartsWith(string)' when you have a string with a single char (https://learn.microsoft.com/dotnet/fundamentals/code-analysis/quality-rules/ca1866) [/app/TWL.Client/TWL.Client.csproj]
/app/TWL.Client/Presentation/Helpers/ColorHelper.cs(11,13): warning CA1310: The behavior of 'string.StartsWith(string)' could vary based on the current user's locale settings. Replace this call in 'TWL.Client.Presentation.Helpers.ColorHelper.FromHex(string)' with a call to 'string.StartsWith(string, System.StringComparison)'. (https://learn.microsoft.com/dotnet/fundamentals/code-analysis/quality-rules/ca1310) [/app/TWL.Client/TWL.Client.csproj]
/app/TWL.Client/Presentation/Managers/ResourceManager.cs(6,21): warning CA1001: Type 'ResourceManager' owns disposable field(s) '_content' but is not disposable (https://learn.microsoft.com/dotnet/fundamentals/code-analysis/quality-rules/ca1001) [/app/TWL.Client/TWL.Client.csproj]
/app/TWL.Client/Presentation/Helpers/CryptographyHelper.cs(17,32): warning CA1305: The behavior of 'byte.ToString(string)' could vary based on the current user's locale settings. Replace this call in 'CryptographyHelper.HashPassword(string)' with a call to 'byte.ToString(string, IFormatProvider)'. (https://learn.microsoft.com/dotnet/fundamentals/code-analysis/quality-rules/ca1305) [/app/TWL.Client/TWL.Client.csproj]
/app/TWL.Client/Presentation/Helpers/CryptographyHelper.cs(12,25): warning CA1850: Prefer static 'System.Security.Cryptography.SHA256.HashData' method over 'ComputeHash' (https://learn.microsoft.com/dotnet/fundamentals/code-analysis/quality-rules/ca1850) [/app/TWL.Client/TWL.Client.csproj]
/app/TWL.Client/Presentation/Views/PlayerView.cs(149,23): warning CA1822: Member 'GetSwappedTexture' does not access instance data and can be marked as static (https://learn.microsoft.com/dotnet/fundamentals/code-analysis/quality-rules/ca1822) [/app/TWL.Client/TWL.Client.csproj]
/app/TWL.Client/Presentation/Managers/QuestDataManager.cs(31,13): warning CA1854: Prefer a 'TryGetValue' call over a Dictionary indexer access guarded by a 'ContainsKey' check to avoid double lookup (https://learn.microsoft.com/dotnet/fundamentals/code-analysis/quality-rules/ca1854) [/app/TWL.Client/TWL.Client.csproj]
/app/TWL.Client/Presentation/Managers/PortalManager.cs(51,17): warning CA1854: Prefer a 'TryGetValue' call over a Dictionary indexer access guarded by a 'ContainsKey' check to avoid double lookup (https://learn.microsoft.com/dotnet/fundamentals/code-analysis/quality-rules/ca1854) [/app/TWL.Client/TWL.Client.csproj]
/app/TWL.Client/Presentation/Managers/PortalManager.cs(56,17): warning CA1854: Prefer a 'TryGetValue' call over a Dictionary indexer access guarded by a 'ContainsKey' check to avoid double lookup (https://learn.microsoft.com/dotnet/fundamentals/code-analysis/quality-rules/ca1854) [/app/TWL.Client/TWL.Client.csproj]
/app/TWL.Client/Presentation/Managers/PortalManager.cs(61,17): warning CA1854: Prefer a 'TryGetValue' call over a Dictionary indexer access guarded by a 'ContainsKey' check to avoid double lookup (https://learn.microsoft.com/dotnet/fundamentals/code-analysis/quality-rules/ca1854) [/app/TWL.Client/TWL.Client.csproj]
/app/TWL.Client/Presentation/Managers/PortalManager.cs(58,27): warning CA1305: The behavior of 'float.Parse(string)' could vary based on the current user's locale settings. Replace this call in 'PortalManager.LoadPortalsFromMap(TiledMap, [string])' with a call to 'float.Parse(string, IFormatProvider)'. (https://learn.microsoft.com/dotnet/fundamentals/code-analysis/quality-rules/ca1305) [/app/TWL.Client/TWL.Client.csproj]
/app/TWL.Client/Presentation/Managers/PortalManager.cs(63,27): warning CA1305: The behavior of 'float.Parse(string)' could vary based on the current user's locale settings. Replace this call in 'PortalManager.LoadPortalsFromMap(TiledMap, [string])' with a call to 'float.Parse(string, IFormatProvider)'. (https://learn.microsoft.com/dotnet/fundamentals/code-analysis/quality-rules/ca1305) [/app/TWL.Client/TWL.Client.csproj]
/app/TWL.Client/Presentation/Managers/AssetLoader.cs(38,21): warning CA1848: For improved performance, use the LoggerMessage delegates instead of calling 'LoggerExtensions.LogError(ILogger, Exception?, string?, params object?[])' (https://learn.microsoft.com/dotnet/fundamentals/code-analysis/quality-rules/ca1848) [/app/TWL.Client/TWL.Client.csproj]
/app/TWL.Client/Presentation/Managers/AssetLoader.cs(45,17): warning CA1848: For improved performance, use the LoggerMessage delegates instead of calling 'LoggerExtensions.LogInformation(ILogger, string?, params object?[])' (https://learn.microsoft.com/dotnet/fundamentals/code-analysis/quality-rules/ca1848) [/app/TWL.Client/TWL.Client.csproj]
/app/TWL.Client/Presentation/Managers/AssetLoader.cs(64,21): warning CA1848: For improved performance, use the LoggerMessage delegates instead of calling 'LoggerExtensions.LogWarning(ILogger, string?, params object?[])' (https://learn.microsoft.com/dotnet/fundamentals/code-analysis/quality-rules/ca1848) [/app/TWL.Client/TWL.Client.csproj]
/app/TWL.Client/Presentation/Managers/PersistenceManager.cs(52,51): warning CA1869: Avoid creating a new 'JsonSerializerOptions' instance for every serialization operation. Cache and reuse instances instead. (https://learn.microsoft.com/dotnet/fundamentals/code-analysis/quality-rules/ca1869) [/app/TWL.Client/TWL.Client.csproj]
/app/TWL.Client/Presentation/Managers/CaptureSystem.cs(32,17): warning CA1822: Member 'CapturePet' does not access instance data and can be marked as static (https://learn.microsoft.com/dotnet/fundamentals/code-analysis/quality-rules/ca1822) [/app/TWL.Client/TWL.Client.csproj]
/app/TWL.Client/Presentation/Managers/MarketplaceManager.cs(43,14): warning CA1854: Prefer a 'TryGetValue' call over a Dictionary indexer access guarded by a 'ContainsKey' check to avoid double lookup (https://learn.microsoft.com/dotnet/fundamentals/code-analysis/quality-rules/ca1854) [/app/TWL.Client/TWL.Client.csproj]
/app/TWL.Client/Presentation/Networking/NetworkClient.cs(96,34): warning CA1835: Change the 'ReadAsync' method call to use the 'Stream.ReadAsync(Memory<byte>, CancellationToken)' overload (https://learn.microsoft.com/dotnet/fundamentals/code-analysis/quality-rules/ca1835) [/app/TWL.Client/TWL.Client.csproj]
/app/TWL.Client/Presentation/Scenes/SceneOptions.cs(35,18): warning CA1725: In member void SceneOptions.Update(GameTime gameTime, MouseState mouseState, KeyboardState keyboardState), change parameter name gameTime to time in order to match the identifier as it has been declared in void SceneBase.Update(GameTime time, MouseState mouse, KeyboardState keys) (https://learn.microsoft.com/dotnet/fundamentals/code-analysis/quality-rules/ca1725) [/app/TWL.Client/TWL.Client.csproj]
/app/TWL.Client/Presentation/Scenes/SceneOptions.cs(36,20): warning CA1725: In member void SceneOptions.Update(GameTime gameTime, MouseState mouseState, KeyboardState keyboardState), change parameter name mouseState to mouse in order to match the identifier as it has been declared in void SceneBase.Update(GameTime time, MouseState mouse, KeyboardState keys) (https://learn.microsoft.com/dotnet/fundamentals/code-analysis/quality-rules/ca1725) [/app/TWL.Client/TWL.Client.csproj]
/app/TWL.Client/Presentation/Scenes/SceneOptions.cs(37,23): warning CA1725: In member void SceneOptions.Update(GameTime gameTime, MouseState mouseState, KeyboardState keyboardState), change parameter name keyboardState to keys in order to match the identifier as it has been declared in void SceneBase.Update(GameTime time, MouseState mouse, KeyboardState keys) (https://learn.microsoft.com/dotnet/fundamentals/code-analysis/quality-rules/ca1725) [/app/TWL.Client/TWL.Client.csproj]
/app/TWL.Client/Presentation/Services/Loc.cs(11,43): warning CA1304: The behavior of 'ResourceManager.GetString(string)' could vary based on the current user's locale settings. Replace this call in 'Loc.T(string)' with a call to 'ResourceManager.GetString(string, CultureInfo)'. (https://learn.microsoft.com/dotnet/fundamentals/code-analysis/quality-rules/ca1304) [/app/TWL.Client/TWL.Client.csproj]
/app/TWL.Client/Presentation/Services/Loc.cs(18,20): warning CA1305: The behavior of 'string.Format(string, params object[])' could vary based on the current user's locale settings. Replace this call in 'Loc.TF(string, params object[])' with a call to 'string.Format(IFormatProvider, string, params object[])'. (https://learn.microsoft.com/dotnet/fundamentals/code-analysis/quality-rules/ca1305) [/app/TWL.Client/TWL.Client.csproj]
/app/TWL.Client/Presentation/Managers/CashShop.cs(7,17): warning CA1822: Member 'BuyCashPoints' does not access instance data and can be marked as static (https://learn.microsoft.com/dotnet/fundamentals/code-analysis/quality-rules/ca1822) [/app/TWL.Client/TWL.Client.csproj]
/app/TWL.Client/Presentation/Managers/CashShop.cs(14,17): warning CA1822: Member 'SpendCashPoints' does not access instance data and can be marked as static (https://learn.microsoft.com/dotnet/fundamentals/code-analysis/quality-rules/ca1822) [/app/TWL.Client/TWL.Client.csproj]
/app/TWL.Client/Presentation/Networking/NetworkClient.cs(235,31): warning CA1835: Change the 'WriteAsync' method call to use the 'Stream.WriteAsync(ReadOnlyMemory<byte>, CancellationToken)' overload (https://learn.microsoft.com/dotnet/fundamentals/code-analysis/quality-rules/ca1835) [/app/TWL.Client/TWL.Client.csproj]
/app/TWL.Client/Presentation/Scenes/SceneBase.cs(49,79): warning CA1725: In member void SceneBase.Update(GameTime time, MouseState mouse, KeyboardState keys), change parameter name keys to keyboard in order to match the identifier as it has been declared in void IScene.Update(GameTime time, MouseState mouse, KeyboardState keyboard) (https://learn.microsoft.com/dotnet/fundamentals/code-analysis/quality-rules/ca1725) [/app/TWL.Client/TWL.Client.csproj]
/app/TWL.Client/Presentation/Networking/NetworkClient.cs(15,14): warning CA1001: Type 'NetworkClient' owns disposable field(s) '_cts', '_tcp' but is not disposable (https://learn.microsoft.com/dotnet/fundamentals/code-analysis/quality-rules/ca1001) [/app/TWL.Client/TWL.Client.csproj]
/app/TWL.Client/Presentation/Managers/ClientInventoryManager.cs(9,17): warning CA1822: Member 'OnInventoryUpdate' does not access instance data and can be marked as static (https://learn.microsoft.com/dotnet/fundamentals/code-analysis/quality-rules/ca1822) [/app/TWL.Client/TWL.Client.csproj]
/app/TWL.Client/Presentation/Managers/ClientQuestManager.cs(61,18): warning CA1854: Prefer a 'TryGetValue' call over a Dictionary indexer access guarded by a 'ContainsKey' check to avoid double lookup (https://learn.microsoft.com/dotnet/fundamentals/code-analysis/quality-rules/ca1854) [/app/TWL.Client/TWL.Client.csproj]
/app/TWL.Client/Presentation/Scenes/SceneMarketplace.cs(40,42): warning CA1725: In member void SceneMarketplace.Update(GameTime t, MouseState m, KeyboardState k), change parameter name t to time in order to match the identifier as it has been declared in void SceneBase.Update(GameTime time, MouseState mouse, KeyboardState keys) (https://learn.microsoft.com/dotnet/fundamentals/code-analysis/quality-rules/ca1725) [/app/TWL.Client/TWL.Client.csproj]
/app/TWL.Client/Presentation/Scenes/SceneMarketplace.cs(41,20): warning CA1725: In member void SceneMarketplace.Update(GameTime t, MouseState m, KeyboardState k), change parameter name m to mouse in order to match the identifier as it has been declared in void SceneBase.Update(GameTime time, MouseState mouse, KeyboardState keys) (https://learn.microsoft.com/dotnet/fundamentals/code-analysis/quality-rules/ca1725) [/app/TWL.Client/TWL.Client.csproj]
/app/TWL.Client/Presentation/Scenes/SceneMarketplace.cs(42,23): warning CA1725: In member void SceneMarketplace.Update(GameTime t, MouseState m, KeyboardState k), change parameter name k to keys in order to match the identifier as it has been declared in void SceneBase.Update(GameTime time, MouseState mouse, KeyboardState keys) (https://learn.microsoft.com/dotnet/fundamentals/code-analysis/quality-rules/ca1725) [/app/TWL.Client/TWL.Client.csproj]
/app/TWL.Client/Presentation/Managers/ClientQuestManager.cs(94,13): warning CA1854: Prefer a 'TryGetValue' call over a Dictionary indexer access guarded by a 'ContainsKey' check to avoid double lookup (https://learn.microsoft.com/dotnet/fundamentals/code-analysis/quality-rules/ca1854) [/app/TWL.Client/TWL.Client.csproj]
/app/TWL.Client/Presentation/Scenes/SceneMarketplace.cs(45,43): warning CA1725: In member void SceneMarketplace.Draw(SpriteBatch sb), change parameter name sb to spriteBatch in order to match the identifier as it has been declared in void SceneBase.Draw(SpriteBatch spriteBatch) (https://learn.microsoft.com/dotnet/fundamentals/code-analysis/quality-rules/ca1725) [/app/TWL.Client/TWL.Client.csproj]
/app/TWL.Client/Presentation/Managers/ClientQuestManager.cs(105,14): warning CA1854: Prefer a 'TryGetValue' call over a Dictionary indexer access guarded by a 'ContainsKey' check to avoid double lookup (https://learn.microsoft.com/dotnet/fundamentals/code-analysis/quality-rules/ca1854) [/app/TWL.Client/TWL.Client.csproj]
/app/TWL.Client/Presentation/Managers/ClientQuestManager.cs(157,14): warning CA1854: Prefer a 'TryGetValue' call over a Dictionary indexer access guarded by a 'ContainsKey' check to avoid double lookup (https://learn.microsoft.com/dotnet/fundamentals/code-analysis/quality-rules/ca1854) [/app/TWL.Client/TWL.Client.csproj]
/app/TWL.Client/Presentation/Managers/ClientQuestManager.cs(207,13): warning CA1854: Prefer a 'TryGetValue' call over a Dictionary indexer access guarded by a 'ContainsKey' check to avoid double lookup (https://learn.microsoft.com/dotnet/fundamentals/code-analysis/quality-rules/ca1854) [/app/TWL.Client/TWL.Client.csproj]
/app/TWL.Client/Presentation/Managers/ClientCombatManager.cs(48,17): warning CA1822: Member 'RequestUseSkill' does not access instance data and can be marked as static (https://learn.microsoft.com/dotnet/fundamentals/code-analysis/quality-rules/ca1822) [/app/TWL.Client/TWL.Client.csproj]
/app/TWL.Client/Presentation/Services/IPlayerColorsService.cs(7,22): warning CA1716: Rename virtual/interface member IPlayerColorsService.Get(Guid) so that it no longer conflicts with the reserved language keyword 'Get'. Using a reserved keyword as the name of a virtual/interface member makes it harder for consumers in other languages to override/implement the member. (https://learn.microsoft.com/dotnet/fundamentals/code-analysis/quality-rules/ca1716) [/app/TWL.Client/TWL.Client.csproj]
/app/TWL.Client/Presentation/Managers/ClientQuestManager.cs(141,18): warning CA1822: Member 'AllObjectivesCompleted' does not access instance data and can be marked as static (https://learn.microsoft.com/dotnet/fundamentals/code-analysis/quality-rules/ca1822) [/app/TWL.Client/TWL.Client.csproj]
/app/TWL.Client/Presentation/Scenes/SceneMainMenu.cs(43,18): warning CA1725: In member void SceneMainMenu.Update(GameTime gameTime, MouseState mouseState, KeyboardState keyboardState), change parameter name gameTime to time in order to match the identifier as it has been declared in void SceneBase.Update(GameTime time, MouseState mouse, KeyboardState keys) (https://learn.microsoft.com/dotnet/fundamentals/code-analysis/quality-rules/ca1725) [/app/TWL.Client/TWL.Client.csproj]
/app/TWL.Client/Presentation/Scenes/SceneMainMenu.cs(44,20): warning CA1725: In member void SceneMainMenu.Update(GameTime gameTime, MouseState mouseState, KeyboardState keyboardState), change parameter name mouseState to mouse in order to match the identifier as it has been declared in void SceneBase.Update(GameTime time, MouseState mouse, KeyboardState keys) (https://learn.microsoft.com/dotnet/fundamentals/code-analysis/quality-rules/ca1725) [/app/TWL.Client/TWL.Client.csproj]
/app/TWL.Client/Presentation/Scenes/SceneMainMenu.cs(45,23): warning CA1725: In member void SceneMainMenu.Update(GameTime gameTime, MouseState mouseState, KeyboardState keyboardState), change parameter name keyboardState to keys in order to match the identifier as it has been declared in void SceneBase.Update(GameTime time, MouseState mouse, KeyboardState keys) (https://learn.microsoft.com/dotnet/fundamentals/code-analysis/quality-rules/ca1725) [/app/TWL.Client/TWL.Client.csproj]
/app/TWL.Client/Presentation/UI/UiMarketplace.cs(28,63): warning CA1725: In member void UiMarketplace.Update(GameTime gameTime, MouseState mouseState, KeyboardState keyboardState), change parameter name mouseState to mouse in order to match the identifier as it has been declared in void UiWindow.Update(GameTime gameTime, MouseState mouse, KeyboardState keyboard) (https://learn.microsoft.com/dotnet/fundamentals/code-analysis/quality-rules/ca1725) [/app/TWL.Client/TWL.Client.csproj]
/app/TWL.Client/Presentation/UI/UiMarketplace.cs(28,89): warning CA1725: In member void UiMarketplace.Update(GameTime gameTime, MouseState mouseState, KeyboardState keyboardState), change parameter name keyboardState to keyboard in order to match the identifier as it has been declared in void UiWindow.Update(GameTime gameTime, MouseState mouse, KeyboardState keyboard) (https://learn.microsoft.com/dotnet/fundamentals/code-analysis/quality-rules/ca1725) [/app/TWL.Client/TWL.Client.csproj]
/app/TWL.Client/Presentation/UI/UiInventoryWindow.cs(78,42): warning CA1725: In member void UiInventoryWindow.Update(GameTime gt, MouseState ms, KeyboardState ks), change parameter name gt to gameTime in order to match the identifier as it has been declared in void UiWindow.Update(GameTime gameTime, MouseState mouse, KeyboardState keyboard) (https://learn.microsoft.com/dotnet/fundamentals/code-analysis/quality-rules/ca1725) [/app/TWL.Client/TWL.Client.csproj]
/app/TWL.Client/Presentation/UI/UiInventoryWindow.cs(78,57): warning CA1725: In member void UiInventoryWindow.Update(GameTime gt, MouseState ms, KeyboardState ks), change parameter name ms to mouse in order to match the identifier as it has been declared in void UiWindow.Update(GameTime gameTime, MouseState mouse, KeyboardState keyboard) (https://learn.microsoft.com/dotnet/fundamentals/code-analysis/quality-rules/ca1725) [/app/TWL.Client/TWL.Client.csproj]
/app/TWL.Client/Presentation/UI/UiInventoryWindow.cs(78,75): warning CA1725: In member void UiInventoryWindow.Update(GameTime gt, MouseState ms, KeyboardState ks), change parameter name ks to keyboard in order to match the identifier as it has been declared in void UiWindow.Update(GameTime gameTime, MouseState mouse, KeyboardState keyboard) (https://learn.microsoft.com/dotnet/fundamentals/code-analysis/quality-rules/ca1725) [/app/TWL.Client/TWL.Client.csproj]
/app/TWL.Client/Presentation/UI/UiPartyWindow.cs(111,43): warning CA1725: In member void UiPartyWindow.Draw(SpriteBatch sb), change parameter name sb to spriteBatch in order to match the identifier as it has been declared in void UiWindow.Draw(SpriteBatch spriteBatch) (https://learn.microsoft.com/dotnet/fundamentals/code-analysis/quality-rules/ca1725) [/app/TWL.Client/TWL.Client.csproj]
/app/TWL.Client/Presentation/UI/UiInventoryWindow.cs(99,43): warning CA1725: In member void UiInventoryWindow.Draw(SpriteBatch sb), change parameter name sb to spriteBatch in order to match the identifier as it has been declared in void UiWindow.Draw(SpriteBatch spriteBatch) (https://learn.microsoft.com/dotnet/fundamentals/code-analysis/quality-rules/ca1725) [/app/TWL.Client/TWL.Client.csproj]
/app/TWL.Client/Presentation/UI/UiInventoryWindow.cs(120,31): warning CA1305: The behavior of 'int.ToString()' could vary based on the current user's locale settings. Replace this call in 'UiInventoryWindow.Draw(SpriteBatch)' with a call to 'int.ToString(IFormatProvider)'. (https://learn.microsoft.com/dotnet/fundamentals/code-analysis/quality-rules/ca1305) [/app/TWL.Client/TWL.Client.csproj]
/app/TWL.Client/Presentation/UI/UiPartyWindow.cs(12,14): warning CA1001: Type 'UiPartyWindow' owns disposable field(s) '_pixel' but is not disposable (https://learn.microsoft.com/dotnet/fundamentals/code-analysis/quality-rules/ca1001) [/app/TWL.Client/TWL.Client.csproj]
/app/TWL.Client/Presentation/UI/UiGuildWindow.cs(124,43): warning CA1725: In member void UiGuildWindow.Draw(SpriteBatch sb), change parameter name sb to spriteBatch in order to match the identifier as it has been declared in void UiWindow.Draw(SpriteBatch spriteBatch) (https://learn.microsoft.com/dotnet/fundamentals/code-analysis/quality-rules/ca1725) [/app/TWL.Client/TWL.Client.csproj]
/app/TWL.Client/Presentation/Scenes/SceneGameplay.cs(196,42): warning CA1725: In member void SceneGameplay.Update(GameTime gt, MouseState ms, KeyboardState ks), change parameter name gt to time in order to match the identifier as it has been declared in void SceneBase.Update(GameTime time, MouseState mouse, KeyboardState keys) (https://learn.microsoft.com/dotnet/fundamentals/code-analysis/quality-rules/ca1725) [/app/TWL.Client/TWL.Client.csproj]
/app/TWL.Client/Presentation/Scenes/SceneGameplay.cs(197,20): warning CA1725: In member void SceneGameplay.Update(GameTime gt, MouseState ms, KeyboardState ks), change parameter name ms to mouse in order to match the identifier as it has been declared in void SceneBase.Update(GameTime time, MouseState mouse, KeyboardState keys) (https://learn.microsoft.com/dotnet/fundamentals/code-analysis/quality-rules/ca1725) [/app/TWL.Client/TWL.Client.csproj]
/app/TWL.Client/Presentation/Scenes/SceneGameplay.cs(198,23): warning CA1725: In member void SceneGameplay.Update(GameTime gt, MouseState ms, KeyboardState ks), change parameter name ks to keys in order to match the identifier as it has been declared in void SceneBase.Update(GameTime time, MouseState mouse, KeyboardState keys) (https://learn.microsoft.com/dotnet/fundamentals/code-analysis/quality-rules/ca1725) [/app/TWL.Client/TWL.Client.csproj]
/app/TWL.Client/Presentation/UI/UiGuildWindow.cs(11,14): warning CA1001: Type 'UiGuildWindow' owns disposable field(s) '_pixel' but is not disposable (https://learn.microsoft.com/dotnet/fundamentals/code-analysis/quality-rules/ca1001) [/app/TWL.Client/TWL.Client.csproj]
/app/TWL.Client/Presentation/UI/UiGameplay.cs(22,14): warning CA1001: Type 'UiGameplay' owns disposable field(s) '_miniMapBg', '_panelBg' but is not disposable (https://learn.microsoft.com/dotnet/fundamentals/code-analysis/quality-rules/ca1001) [/app/TWL.Client/TWL.Client.csproj]
/app/TWL.Client/Presentation/Scenes/SceneGameplay.cs(259,43): warning CA1725: In member void SceneGameplay.Draw(SpriteBatch sb), change parameter name sb to spriteBatch in order to match the identifier as it has been declared in void SceneBase.Draw(SpriteBatch spriteBatch) (https://learn.microsoft.com/dotnet/fundamentals/code-analysis/quality-rules/ca1725) [/app/TWL.Client/TWL.Client.csproj]
/app/TWL.Client/Presentation/Scenes/SceneBattle.cs(136,42): warning CA1725: In member void SceneBattle.Update(GameTime gt, MouseState ms, KeyboardState ks), change parameter name gt to time in order to match the identifier as it has been declared in void SceneBase.Update(GameTime time, MouseState mouse, KeyboardState keys) (https://learn.microsoft.com/dotnet/fundamentals/code-analysis/quality-rules/ca1725) [/app/TWL.Client/TWL.Client.csproj]
/app/TWL.Client/Presentation/Scenes/SceneBattle.cs(137,20): warning CA1725: In member void SceneBattle.Update(GameTime gt, MouseState ms, KeyboardState ks), change parameter name ms to mouse in order to match the identifier as it has been declared in void SceneBase.Update(GameTime time, MouseState mouse, KeyboardState keys) (https://learn.microsoft.com/dotnet/fundamentals/code-analysis/quality-rules/ca1725) [/app/TWL.Client/TWL.Client.csproj]
/app/TWL.Client/Presentation/Scenes/SceneBattle.cs(138,23): warning CA1725: In member void SceneBattle.Update(GameTime gt, MouseState ms, KeyboardState ks), change parameter name ks to keys in order to match the identifier as it has been declared in void SceneBase.Update(GameTime time, MouseState mouse, KeyboardState keys) (https://learn.microsoft.com/dotnet/fundamentals/code-analysis/quality-rules/ca1725) [/app/TWL.Client/TWL.Client.csproj]
/app/TWL.Client/Presentation/Scenes/SceneGameplay.cs(22,21): warning CA1001: Type 'SceneGameplay' owns disposable field(s) '_mapRenderer', '_playerView' but is not disposable (https://learn.microsoft.com/dotnet/fundamentals/code-analysis/quality-rules/ca1001) [/app/TWL.Client/TWL.Client.csproj]
/app/TWL.Client/Presentation/UI/UiOptions.cs(221,20): warning CA1822: Member 'GetTextSpeedLabel' does not access instance data and can be marked as static (https://learn.microsoft.com/dotnet/fundamentals/code-analysis/quality-rules/ca1822) [/app/TWL.Client/TWL.Client.csproj]
/app/TWL.Client/Presentation/Scenes/SceneBattle.cs(342,43): warning CA1725: In member void SceneBattle.Draw(SpriteBatch sb), change parameter name sb to spriteBatch in order to match the identifier as it has been declared in void SceneBase.Draw(SpriteBatch spriteBatch) (https://learn.microsoft.com/dotnet/fundamentals/code-analysis/quality-rules/ca1725) [/app/TWL.Client/TWL.Client.csproj]
/app/TWL.Client/Presentation/UI/UiMainMenu.cs(266,18): warning CA1822: Member 'GetShiftedNumberChar' does not access instance data and can be marked as static (https://learn.microsoft.com/dotnet/fundamentals/code-analysis/quality-rules/ca1822) [/app/TWL.Client/TWL.Client.csproj]
/app/TWL.Client/Presentation/Scenes/SceneBattle.cs(23,21): warning CA1001: Type 'SceneBattle' owns disposable field(s) '_whiteTexture' but is not disposable (https://learn.microsoft.com/dotnet/fundamentals/code-analysis/quality-rules/ca1001) [/app/TWL.Client/TWL.Client.csproj]
/app/TWL.Client/Presentation/Scenes/SceneBattle.cs(88,20): warning CA1822: Member 'GetSkillName' does not access instance data and can be marked as static (https://learn.microsoft.com/dotnet/fundamentals/code-analysis/quality-rules/ca1822) [/app/TWL.Client/TWL.Client.csproj]
/app/TWL.Tests/Server/Combat/CombatFlowIntegrationTests.cs(186,82): error CS1513: } expected [/app/TWL.Tests/TWL.Tests.csproj]
/app/TWL.Tests/Server/Combat/CombatFlowIntegrationTests.cs(192,16): error CS1519: Invalid token '=' in a member declaration [/app/TWL.Tests/TWL.Tests.csproj]
/app/TWL.Tests/Server/Combat/CombatFlowIntegrationTests.cs(192,39): error CS1519: Invalid token '(' in a member declaration [/app/TWL.Tests/TWL.Tests.csproj]
/app/TWL.Tests/Server/Combat/CombatFlowIntegrationTests.cs(192,40): error CS1031: Type expected [/app/TWL.Tests/TWL.Tests.csproj]
/app/TWL.Tests/Server/Combat/CombatFlowIntegrationTests.cs(192,40): error CS8124: Tuple must contain at least two elements. [/app/TWL.Tests/TWL.Tests.csproj]
/app/TWL.Tests/Server/Combat/CombatFlowIntegrationTests.cs(192,40): error CS1026: ) expected [/app/TWL.Tests/TWL.Tests.csproj]
/app/TWL.Tests/Server/Combat/CombatFlowIntegrationTests.cs(192,40): error CS1519: Invalid token '1' in a member declaration [/app/TWL.Tests/TWL.Tests.csproj]
/app/TWL.Tests/Server/Combat/CombatFlowIntegrationTests.cs(192,72): error CS1519: Invalid token ',' in a member declaration [/app/TWL.Tests/TWL.Tests.csproj]
/app/TWL.Tests/Server/Combat/CombatFlowIntegrationTests.cs(193,21): error CS1519: Invalid token '(' in a member declaration [/app/TWL.Tests/TWL.Tests.csproj]
/app/TWL.Tests/Server/Combat/CombatFlowIntegrationTests.cs(193,30): error CS1031: Type expected [/app/TWL.Tests/TWL.Tests.csproj]
/app/TWL.Tests/Server/Combat/CombatFlowIntegrationTests.cs(193,30): error CS1026: ) expected [/app/TWL.Tests/TWL.Tests.csproj]
/app/TWL.Tests/Server/Combat/CombatFlowIntegrationTests.cs(193,30): error CS1519: Invalid token '"In-combat player should not be able to use PetUtility"' in a member declaration [/app/TWL.Tests/TWL.Tests.csproj]
/app/TWL.Tests/Server/Combat/CombatFlowIntegrationTests.cs(203,33): error CS1001: Identifier expected [/app/TWL.Tests/TWL.Tests.csproj]
/app/TWL.Tests/Server/Combat/CombatFlowIntegrationTests.cs(203,38): error CS1001: Identifier expected [/app/TWL.Tests/TWL.Tests.csproj]
/app/TWL.Tests/Server/Combat/CombatFlowIntegrationTests.cs(204,24): error CS1519: Invalid token '(' in a member declaration [/app/TWL.Tests/TWL.Tests.csproj]
/app/TWL.Tests/Server/Combat/CombatFlowIntegrationTests.cs(204,47): error CS1031: Type expected [/app/TWL.Tests/TWL.Tests.csproj]
/app/TWL.Tests/Server/Combat/CombatFlowIntegrationTests.cs(204,47): error CS1026: ) expected [/app/TWL.Tests/TWL.Tests.csproj]
/app/TWL.Tests/Server/Combat/CombatFlowIntegrationTests.cs(204,47): error CS1519: Invalid token '0.5f' in a member declaration [/app/TWL.Tests/TWL.Tests.csproj]
/app/TWL.Tests/Server/Combat/CombatFlowIntegrationTests.cs(207,16): error CS1519: Invalid token '=' in a member declaration [/app/TWL.Tests/TWL.Tests.csproj]
/app/TWL.Tests/Server/Combat/CombatFlowIntegrationTests.cs(207,39): error CS1519: Invalid token '(' in a member declaration [/app/TWL.Tests/TWL.Tests.csproj]
/app/TWL.Tests/Server/Combat/CombatFlowIntegrationTests.cs(207,40): error CS1031: Type expected [/app/TWL.Tests/TWL.Tests.csproj]
/app/TWL.Tests/Server/Combat/CombatFlowIntegrationTests.cs(207,40): error CS8124: Tuple must contain at least two elements. [/app/TWL.Tests/TWL.Tests.csproj]
/app/TWL.Tests/Server/Combat/CombatFlowIntegrationTests.cs(207,40): error CS1026: ) expected [/app/TWL.Tests/TWL.Tests.csproj]
/app/TWL.Tests/Server/Combat/CombatFlowIntegrationTests.cs(207,40): error CS1519: Invalid token '1' in a member declaration [/app/TWL.Tests/TWL.Tests.csproj]
/app/TWL.Tests/Server/Combat/CombatFlowIntegrationTests.cs(207,72): error CS1519: Invalid token ',' in a member declaration [/app/TWL.Tests/TWL.Tests.csproj]
/app/TWL.Tests/Server/Combat/CombatFlowIntegrationTests.cs(208,20): error CS1519: Invalid token '(' in a member declaration [/app/TWL.Tests/TWL.Tests.csproj]
/app/TWL.Tests/Server/Combat/CombatFlowIntegrationTests.cs(208,29): error CS1031: Type expected [/app/TWL.Tests/TWL.Tests.csproj]
/app/TWL.Tests/Server/Combat/CombatFlowIntegrationTests.cs(208,29): error CS1026: ) expected [/app/TWL.Tests/TWL.Tests.csproj]
/app/TWL.Tests/Server/Combat/CombatFlowIntegrationTests.cs(208,29): error CS1519: Invalid token '"Alive and out-of-combat player should be able to use PetUtility"' in a member declaration [/app/TWL.Tests/TWL.Tests.csproj]
    663 Warning(s)
    29 Error(s)

Time Elapsed 00:00:34.34
