/app/TWL.Tests/Server/Combat/CombatFlowIntegrationTests.cs(186,82): error CS1513: } expected [/app/TWL.Tests/TWL.Tests.csproj]
/app/TWL.Tests/Server/Combat/CombatFlowIntegrationTests.cs(192,16): error CS1519: Invalid token '=' in a member declaration [/app/TWL.Tests/TWL.Tests.csproj]
/app/TWL.Tests/Server/Combat/CombatFlowIntegrationTests.cs(192,39): error CS1519: Invalid token '(' in a member declaration [/app/TWL.Tests/TWL.Tests.csproj]
/app/TWL.Tests/Server/Combat/CombatFlowIntegrationTests.cs(192,40): error CS1031: Type expected [/app/TWL.Tests/TWL.Tests.csproj]
/app/TWL.Tests/Server/Combat/CombatFlowIntegrationTests.cs(192,40): error CS8124: Tuple must contain at least two elements. [/app/TWL.Tests/TWL.Tests.csproj]
/app/TWL.Tests/Server/Combat/CombatFlowIntegrationTests.cs(192,40): error CS1026: ) expected [/app/TWL.Tests/TWL.Tests.csproj]
/app/TWL.Tests/Server/Combat/CombatFlowIntegrationTests.cs(192,40): error CS1519: Invalid token '1' in a member declaration [/app/TWL.Tests/TWL.Tests.csproj]
/app/TWL.Tests/Server/Combat/CombatFlowIntegrationTests.cs(192,72): error CS1519: Invalid token ',' in a member declaration [/app/TWL.Tests/TWL.Tests.csproj]
/app/TWL.Tests/Server/Combat/CombatFlowIntegrationTests.cs(193,21): error CS1519: Invalid token '(' in a member declaration [/app/TWL.Tests/TWL.Tests.csproj]
/app/TWL.Tests/Server/Combat/CombatFlowIntegrationTests.cs(193,30): error CS1031: Type expected [/app/TWL.Tests/TWL.Tests.csproj]
/app/TWL.Tests/Server/Combat/CombatFlowIntegrationTests.cs(193,30): error CS1026: ) expected [/app/TWL.Tests/TWL.Tests.csproj]
/app/TWL.Tests/Server/Combat/CombatFlowIntegrationTests.cs(193,30): error CS1519: Invalid token '"In-combat player should not be able to use PetUtility"' in a member declaration [/app/TWL.Tests/TWL.Tests.csproj]
/app/TWL.Tests/Server/Combat/CombatFlowIntegrationTests.cs(203,33): error CS1001: Identifier expected [/app/TWL.Tests/TWL.Tests.csproj]
/app/TWL.Tests/Server/Combat/CombatFlowIntegrationTests.cs(203,38): error CS1001: Identifier expected [/app/TWL.Tests/TWL.Tests.csproj]
/app/TWL.Tests/Server/Combat/CombatFlowIntegrationTests.cs(204,24): error CS1519: Invalid token '(' in a member declaration [/app/TWL.Tests/TWL.Tests.csproj]
/app/TWL.Tests/Server/Combat/CombatFlowIntegrationTests.cs(204,47): error CS1031: Type expected [/app/TWL.Tests/TWL.Tests.csproj]
/app/TWL.Tests/Server/Combat/CombatFlowIntegrationTests.cs(204,47): error CS1026: ) expected [/app/TWL.Tests/TWL.Tests.csproj]
/app/TWL.Tests/Server/Combat/CombatFlowIntegrationTests.cs(204,47): error CS1519: Invalid token '0.5f' in a member declaration [/app/TWL.Tests/TWL.Tests.csproj]
/app/TWL.Tests/Server/Combat/CombatFlowIntegrationTests.cs(207,16): error CS1519: Invalid token '=' in a member declaration [/app/TWL.Tests/TWL.Tests.csproj]
/app/TWL.Tests/Server/Combat/CombatFlowIntegrationTests.cs(207,39): error CS1519: Invalid token '(' in a member declaration [/app/TWL.Tests/TWL.Tests.csproj]
/app/TWL.Tests/Server/Combat/CombatFlowIntegrationTests.cs(207,40): error CS1031: Type expected [/app/TWL.Tests/TWL.Tests.csproj]
/app/TWL.Tests/Server/Combat/CombatFlowIntegrationTests.cs(207,40): error CS8124: Tuple must contain at least two elements. [/app/TWL.Tests/TWL.Tests.csproj]
/app/TWL.Tests/Server/Combat/CombatFlowIntegrationTests.cs(207,40): error CS1026: ) expected [/app/TWL.Tests/TWL.Tests.csproj]
/app/TWL.Tests/Server/Combat/CombatFlowIntegrationTests.cs(207,40): error CS1519: Invalid token '1' in a member declaration [/app/TWL.Tests/TWL.Tests.csproj]
/app/TWL.Tests/Server/Combat/CombatFlowIntegrationTests.cs(207,72): error CS1519: Invalid token ',' in a member declaration [/app/TWL.Tests/TWL.Tests.csproj]
/app/TWL.Tests/Server/Combat/CombatFlowIntegrationTests.cs(208,20): error CS1519: Invalid token '(' in a member declaration [/app/TWL.Tests/TWL.Tests.csproj]
/app/TWL.Tests/Server/Combat/CombatFlowIntegrationTests.cs(208,29): error CS1031: Type expected [/app/TWL.Tests/TWL.Tests.csproj]
/app/TWL.Tests/Server/Combat/CombatFlowIntegrationTests.cs(208,29): error CS1026: ) expected [/app/TWL.Tests/TWL.Tests.csproj]
/app/TWL.Tests/Server/Combat/CombatFlowIntegrationTests.cs(208,29): error CS1519: Invalid token '"Alive and out-of-combat player should be able to use PetUtility"' in a member declaration [/app/TWL.Tests/TWL.Tests.csproj]
/app/TWL.Tests/Server/Combat/CombatFlowIntegrationTests.cs(186,82): error CS1513: } expected [/app/TWL.Tests/TWL.Tests.csproj]
/app/TWL.Tests/Server/Combat/CombatFlowIntegrationTests.cs(192,16): error CS1519: Invalid token '=' in a member declaration [/app/TWL.Tests/TWL.Tests.csproj]
/app/TWL.Tests/Server/Combat/CombatFlowIntegrationTests.cs(192,39): error CS1519: Invalid token '(' in a member declaration [/app/TWL.Tests/TWL.Tests.csproj]
/app/TWL.Tests/Server/Combat/CombatFlowIntegrationTests.cs(192,40): error CS1031: Type expected [/app/TWL.Tests/TWL.Tests.csproj]
/app/TWL.Tests/Server/Combat/CombatFlowIntegrationTests.cs(192,40): error CS8124: Tuple must contain at least two elements. [/app/TWL.Tests/TWL.Tests.csproj]
/app/TWL.Tests/Server/Combat/CombatFlowIntegrationTests.cs(192,40): error CS1026: ) expected [/app/TWL.Tests/TWL.Tests.csproj]
/app/TWL.Tests/Server/Combat/CombatFlowIntegrationTests.cs(192,40): error CS1519: Invalid token '1' in a member declaration [/app/TWL.Tests/TWL.Tests.csproj]
/app/TWL.Tests/Server/Combat/CombatFlowIntegrationTests.cs(192,72): error CS1519: Invalid token ',' in a member declaration [/app/TWL.Tests/TWL.Tests.csproj]
/app/TWL.Tests/Server/Combat/CombatFlowIntegrationTests.cs(193,21): error CS1519: Invalid token '(' in a member declaration [/app/TWL.Tests/TWL.Tests.csproj]
/app/TWL.Tests/Server/Combat/CombatFlowIntegrationTests.cs(193,30): error CS1031: Type expected [/app/TWL.Tests/TWL.Tests.csproj]
/app/TWL.Tests/Server/Combat/CombatFlowIntegrationTests.cs(193,30): error CS1026: ) expected [/app/TWL.Tests/TWL.Tests.csproj]
/app/TWL.Tests/Server/Combat/CombatFlowIntegrationTests.cs(193,30): error CS1519: Invalid token '"In-combat player should not be able to use PetUtility"' in a member declaration [/app/TWL.Tests/TWL.Tests.csproj]
/app/TWL.Tests/Server/Combat/CombatFlowIntegrationTests.cs(203,33): error CS1001: Identifier expected [/app/TWL.Tests/TWL.Tests.csproj]
/app/TWL.Tests/Server/Combat/CombatFlowIntegrationTests.cs(203,38): error CS1001: Identifier expected [/app/TWL.Tests/TWL.Tests.csproj]
/app/TWL.Tests/Server/Combat/CombatFlowIntegrationTests.cs(204,24): error CS1519: Invalid token '(' in a member declaration [/app/TWL.Tests/TWL.Tests.csproj]
/app/TWL.Tests/Server/Combat/CombatFlowIntegrationTests.cs(204,47): error CS1031: Type expected [/app/TWL.Tests/TWL.Tests.csproj]
/app/TWL.Tests/Server/Combat/CombatFlowIntegrationTests.cs(204,47): error CS1026: ) expected [/app/TWL.Tests/TWL.Tests.csproj]
/app/TWL.Tests/Server/Combat/CombatFlowIntegrationTests.cs(204,47): error CS1519: Invalid token '0.5f' in a member declaration [/app/TWL.Tests/TWL.Tests.csproj]
/app/TWL.Tests/Server/Combat/CombatFlowIntegrationTests.cs(207,16): error CS1519: Invalid token '=' in a member declaration [/app/TWL.Tests/TWL.Tests.csproj]
/app/TWL.Tests/Server/Combat/CombatFlowIntegrationTests.cs(207,39): error CS1519: Invalid token '(' in a member declaration [/app/TWL.Tests/TWL.Tests.csproj]
/app/TWL.Tests/Server/Combat/CombatFlowIntegrationTests.cs(207,40): error CS1031: Type expected [/app/TWL.Tests/TWL.Tests.csproj]
/app/TWL.Tests/Server/Combat/CombatFlowIntegrationTests.cs(207,40): error CS8124: Tuple must contain at least two elements. [/app/TWL.Tests/TWL.Tests.csproj]
/app/TWL.Tests/Server/Combat/CombatFlowIntegrationTests.cs(207,40): error CS1026: ) expected [/app/TWL.Tests/TWL.Tests.csproj]
/app/TWL.Tests/Server/Combat/CombatFlowIntegrationTests.cs(207,40): error CS1519: Invalid token '1' in a member declaration [/app/TWL.Tests/TWL.Tests.csproj]
/app/TWL.Tests/Server/Combat/CombatFlowIntegrationTests.cs(207,72): error CS1519: Invalid token ',' in a member declaration [/app/TWL.Tests/TWL.Tests.csproj]
/app/TWL.Tests/Server/Combat/CombatFlowIntegrationTests.cs(208,20): error CS1519: Invalid token '(' in a member declaration [/app/TWL.Tests/TWL.Tests.csproj]
/app/TWL.Tests/Server/Combat/CombatFlowIntegrationTests.cs(208,29): error CS1031: Type expected [/app/TWL.Tests/TWL.Tests.csproj]
/app/TWL.Tests/Server/Combat/CombatFlowIntegrationTests.cs(208,29): error CS1026: ) expected [/app/TWL.Tests/TWL.Tests.csproj]
/app/TWL.Tests/Server/Combat/CombatFlowIntegrationTests.cs(208,29): error CS1519: Invalid token '"Alive and out-of-combat player should be able to use PetUtility"' in a member declaration [/app/TWL.Tests/TWL.Tests.csproj]
