
  Failed TWL.Tests.Server.Services.World.Handlers.GenericTriggerHandlerTests.ExecuteEnter_Heal_UpdatesCharacterHp [1 ms]
  Failed TWL.Tests.Server.SpawnManagerValidationTests.StartEncounter_Rejects_ElementNone_Mob_Without_QuestOnly_Tag [1 ms]
  Failed TWL.Tests.Server.MonsterEncountersTests.StartEncounter_ShouldFail_WhenPlayerHasElementNone [33 ms]
  Failed TWL.Tests.Server.SpawnManagerValidationTests.StartEncounter_Accepts_ElementNone_Mob_With_QuestOnly_Tag [1 ms]
  Failed TWL.Tests.Server.Services.World.Handlers.GenericTriggerHandlerTests.ExecuteEnter_GiveItem_AddsItem [1 ms]
  Failed TWL.Tests.Server.MonsterEncountersTests.StartEncounter_ShouldBeIdempotent [3 ms]
  Failed TWL.Tests.Server.Services.World.Handlers.GenericTriggerHandlerTests.CanHandle_ReturnsTrue_ForSupportedTypes [1 ms]
  Failed TWL.Tests.Server.Services.World.Handlers.GenericTriggerHandlerTests.ExecuteEnter_Spawn_CallsStartScriptedEncounter [1 ms]
  Failed TWL.Tests.Server.SpawnManagerValidationTests.StartEncounter_Rejects_ElementNone_Player [1 ms]
  Failed TWL.Tests.Server.Services.World.Handlers.GenericTriggerHandlerTests.ExecuteEnter_Teleport_SameMap_InvokesMapChanged [1 ms]
  Failed TWL.Tests.Server.Services.World.Handlers.GenericTriggerHandlerTests.ExecuteEnter_Damage_UpdatesCharacterHp [1 ms]
  Failed TWL.Tests.Server.Services.World.Handlers.GenericTriggerHandlerTests.ExecuteEnter_Teleport_UpdatesCharacterPosition [1 ms]
  Failed TWL.Tests.Server.MonsterEncountersTests.StartEncounter_ShouldSucceed_WhenParticipantsAreValid [1 ms]
  Failed TWL.Tests.Server.Simulation.GracefulShutdownTests.StopAsync_ShouldDisconnectPlayersAndStopServices [57 ms]
  Failed TWL.Tests.World.TriggerActionTests.SpawnAction_ShouldStartScriptedEncounter [11 ms]
  Failed TWL.Tests.Server.Services.SpawnManagerTests.StartEncounter_IsIdempotent [1 ms]
  Failed TWL.Tests.Simulation.SpawnManagerTests.OnPlayerMoved_ShouldNOTTriggerEncounter_WhenOutsideRegion [1 ms]
  Failed TWL.Tests.Server.Services.SpawnManagerTests.StartEncounter_IncludesActivePet [1 ms]
  Failed TWL.Tests.Server.Services.SpawnManagerTests.StartEncounter_AbortsIfElementNone_Player [1 ms]
  Failed TWL.Tests.Server.Services.SpawnManagerTests.StartEncounter_AbortsIfElementNone_MonsterWithoutTag [1 ms]
  Failed TWL.Tests.Server.Services.SpawnManagerTests.OnPlayerMoved_AccumulatesSteps_AndTriggersEncounter [1 ms]
  Failed TWL.Tests.Server.Services.SpawnManagerTests.StartEncounter_AllowsElementNone_MonsterWithQuestOnlyTag [1 ms]
  Failed TWL.Tests.Simulation.SpawnManagerTests.UpdateRoamingMobs_ShouldStartEncounter_WhenPlayerCollides [4 ms]
  Failed TWL.Tests.Simulation.SpawnManagerTests.SelectMonsters_ShouldIncludeAllowedFamilyIds [2 ms]
  Failed TWL.Tests.Simulation.SpawnManagerTests.OnPlayerMoved_ShouldNOTTriggerEncounter_WhenAlreadyInCombat [7 ms]
  Failed TWL.Tests.Simulation.SpawnManagerTests.StartEncounter_ShouldReturnExistingId_AndResendPacket_WhenAlreadyInCombat [1 ms]
  Failed TWL.Tests.Simulation.SpawnManagerTests.StartEncounter_ShouldFail_WhenPlayerHasElementNone [< 1 ms]
  Failed TWL.Tests.Simulation.SpawnManagerTests.OnPlayerMoved_ShouldTriggerEncounter_WhenChanceIsHigh_AndPositionValid [6 ms]
  Failed TWL.Tests.Simulation.SpawnManagerTests.StartEncounter_ShouldFail_WhenMapIdMismatch [< 1 ms]
  Failed TWL.Tests.Simulation.SpawnManagerTests.StartEncounter_ShouldSucceed_WhenMobHasElementNone [< 1 ms]
  Failed TWL.Tests.Simulation.SpawnManagerTests.OnPlayerMoved_ShouldAccumulateDistance_AndTriggerOnlyOnFullStep [5 ms]
  Failed TWL.Tests.Simulation.SpawnManagerTests.Load_ShouldLoadConfigs [1 ms]
  Failed TWL.Tests.Simulation.SpawnManagerTests.StartEncounter_ShouldBeDeterministic_WithSameSeed [8 ms]
  Failed TWL.Tests.Localization.LocalizationArcCoverageTests.Phase3Arcs_HaveCompleteLocalization(baseKey: "QUEST_1401", description: "Ruins Expansion Intro") [5 ms]
  Failed TWL.Tests.Localization.LocalizationArcCoverageTests.Phase3Arcs_HaveCompleteLocalization(baseKey: "QUEST_1305", description: "Hidden Ruins Riddle") [1 ms]
  Failed TWL.Tests.Localization.LocalizationArcCoverageTests.Phase3Arcs_HaveCompleteLocalization(baseKey: "QUEST_1404", description: "Ruins Expansion Return") [1 ms]
  Failed TWL.Tests.Localization.LocalizationArcCoverageTests.Phase3Arcs_HaveCompleteLocalization(baseKey: "QUEST_1306", description: "Hidden Ruins Guardian") [5 ms]
  Failed TWL.Tests.Localization.LocalizationArcCoverageTests.Phase3Arcs_HaveCompleteLocalization(baseKey: "QUEST_1307", description: "Hidden Ruins Completion") [4 ms]
  Failed TWL.Tests.Localization.LocalizationArcCoverageTests.Phase3Arcs_HaveCompleteLocalization(baseKey: "QUEST_1304", description: "Hidden Ruins Artifact") [1 ms]
  Failed TWL.Tests.Localization.LocalizationArcCoverageTests.Phase3Arcs_HaveCompleteLocalization(baseKey: "QUEST_1403", description: "Ruins Expansion Threat") [4 ms]
  Failed TWL.Tests.Localization.LocalizationArcCoverageTests.Phase3Arcs_HaveCompleteLocalization(baseKey: "QUEST_1302", description: "Hidden Ruins Core") [1 ms]
  Failed TWL.Tests.Localization.LocalizationArcCoverageTests.Phase3Arcs_HaveCompleteLocalization(baseKey: "QUEST_2401", description: "Hidden Cove Discovery") [5 ms]
  Failed TWL.Tests.Localization.LocalizationArcCoverageTests.Phase3Arcs_HaveCompleteLocalization(baseKey: "QUEST_1301", description: "Hidden Ruins Intro") [4 ms]
  Failed TWL.Tests.Localization.LocalizationArcCoverageTests.Phase3Arcs_HaveCompleteLocalization(baseKey: "QUEST_1303", description: "Hidden Ruins Depth") [5 ms]
  Failed TWL.Tests.Localization.LocalizationArcCoverageTests.Phase3Arcs_HaveCompleteLocalization(baseKey: "QUEST_1402", description: "Ruins Expansion Mapping") [1 ms]
  Failed TWL.Tests.Quests.HousingQuestTests.HousingChain_Should_Progress_Correctly [6 ms]
  Failed TWL.Tests.Services.WorldSchedulerTests.Schedule_OneOffTask_ExecutesOnce [1 s]

