  Determining projects to restore...
  All projects are up-to-date for restore.
  TWL.Shared -> /app/TWL.Shared/bin/Debug/net10.0/TWL.Shared.dll
/app/TWL.Server/Simulation/Networking/ServerPet.cs(15,12): warning CS8618: Non-nullable field '_definition' must contain a non-null value when exiting constructor. Consider adding the 'required' modifier or declaring the field as nullable. [/app/TWL.Server/TWL.Server.csproj]
/app/TWL.Server/Simulation/Networking/ServerPet.cs(19,12): warning CS8618: Non-nullable field '_definition' must contain a non-null value when exiting constructor. Consider adding the 'required' modifier or declaring the field as nullable. [/app/TWL.Server/TWL.Server.csproj]
/app/TWL.Server/Simulation/Program.cs(64,34): warning CS8604: Possible null reference argument for parameter 'connString' in 'DbService.DbService(string connString, IServiceProvider serviceProvider)'. [/app/TWL.Server/TWL.Server.csproj]
/app/TWL.Server/Simulation/Networking/ServerCharacter.cs(43,12): warning CS8618: Non-nullable property 'ActivePetInstanceId' must contain a non-null value when exiting constructor. Consider adding the 'required' modifier or declaring the property as nullable. [/app/TWL.Server/TWL.Server.csproj]
/app/TWL.Server/Persistence/PlayerSaveData.cs(19,19): warning CS8618: Non-nullable property 'Name' must contain a non-null value when exiting constructor. Consider adding the 'required' modifier or declaring the property as nullable. [/app/TWL.Server/TWL.Server.csproj]
/app/TWL.Server/Persistence/PlayerSaveData.cs(46,19): warning CS8618: Non-nullable property 'ActivePetInstanceId' must contain a non-null value when exiting constructor. Consider adding the 'required' modifier or declaring the property as nullable. [/app/TWL.Server/TWL.Server.csproj]
/app/TWL.Server/Persistence/PlayerSaveData.cs(72,19): warning CS8618: Non-nullable property 'InstanceId' must contain a non-null value when exiting constructor. Consider adding the 'required' modifier or declaring the property as nullable. [/app/TWL.Server/TWL.Server.csproj]
/app/TWL.Server/Persistence/PlayerSaveData.cs(74,19): warning CS8618: Non-nullable property 'Name' must contain a non-null value when exiting constructor. Consider adding the 'required' modifier or declaring the property as nullable. [/app/TWL.Server/TWL.Server.csproj]
/app/TWL.Server/Simulation/Networking/ClientSession.cs(69,15): warning CS8618: Non-nullable field '_client' must contain a non-null value when exiting constructor. Consider adding the 'required' modifier or declaring the field as nullable. [/app/TWL.Server/TWL.Server.csproj]
/app/TWL.Server/Simulation/Networking/ClientSession.cs(69,15): warning CS8618: Non-nullable field '_combatManager' must contain a non-null value when exiting constructor. Consider adding the 'required' modifier or declaring the field as nullable. [/app/TWL.Server/TWL.Server.csproj]
/app/TWL.Server/Simulation/Networking/ClientSession.cs(69,15): warning CS8618: Non-nullable field '_dbService' must contain a non-null value when exiting constructor. Consider adding the 'required' modifier or declaring the field as nullable. [/app/TWL.Server/TWL.Server.csproj]
/app/TWL.Server/Simulation/Networking/ClientSession.cs(69,15): warning CS8618: Non-nullable field '_economyManager' must contain a non-null value when exiting constructor. Consider adding the 'required' modifier or declaring the field as nullable. [/app/TWL.Server/TWL.Server.csproj]
/app/TWL.Server/Simulation/Networking/ClientSession.cs(69,15): warning CS8618: Non-nullable field '_interactionManager' must contain a non-null value when exiting constructor. Consider adding the 'required' modifier or declaring the field as nullable. [/app/TWL.Server/TWL.Server.csproj]
/app/TWL.Server/Simulation/Networking/ClientSession.cs(69,15): warning CS8618: Non-nullable field '_mediator' must contain a non-null value when exiting constructor. Consider adding the 'required' modifier or declaring the field as nullable. [/app/TWL.Server/TWL.Server.csproj]
/app/TWL.Server/Simulation/Networking/ClientSession.cs(69,15): warning CS8618: Non-nullable field '_metrics' must contain a non-null value when exiting constructor. Consider adding the 'required' modifier or declaring the field as nullable. [/app/TWL.Server/TWL.Server.csproj]
/app/TWL.Server/Simulation/Networking/ClientSession.cs(69,15): warning CS8618: Non-nullable field '_petManager' must contain a non-null value when exiting constructor. Consider adding the 'required' modifier or declaring the field as nullable. [/app/TWL.Server/TWL.Server.csproj]
/app/TWL.Server/Simulation/Networking/ClientSession.cs(69,15): warning CS8618: Non-nullable field '_petService' must contain a non-null value when exiting constructor. Consider adding the 'required' modifier or declaring the field as nullable. [/app/TWL.Server/TWL.Server.csproj]
/app/TWL.Server/Simulation/Networking/ClientSession.cs(69,15): warning CS8618: Non-nullable field '_playerService' must contain a non-null value when exiting constructor. Consider adding the 'required' modifier or declaring the field as nullable. [/app/TWL.Server/TWL.Server.csproj]
/app/TWL.Server/Simulation/Networking/ClientSession.cs(69,15): warning CS8618: Non-nullable field '_questManager' must contain a non-null value when exiting constructor. Consider adding the 'required' modifier or declaring the field as nullable. [/app/TWL.Server/TWL.Server.csproj]
/app/TWL.Server/Simulation/Networking/ClientSession.cs(69,15): warning CS8618: Non-nullable field '_rateLimiter' must contain a non-null value when exiting constructor. Consider adding the 'required' modifier or declaring the field as nullable. [/app/TWL.Server/TWL.Server.csproj]
/app/TWL.Server/Simulation/Networking/ClientSession.cs(69,15): warning CS8618: Non-nullable field '_replayGuard' must contain a non-null value when exiting constructor. Consider adding the 'required' modifier or declaring the field as nullable. [/app/TWL.Server/TWL.Server.csproj]
/app/TWL.Server/Simulation/Networking/ClientSession.cs(69,15): warning CS8618: Non-nullable field '_movementValidator' must contain a non-null value when exiting constructor. Consider adding the 'required' modifier or declaring the field as nullable. [/app/TWL.Server/TWL.Server.csproj]
/app/TWL.Server/Simulation/Networking/ClientSession.cs(69,15): warning CS8618: Non-nullable field '_partyService' must contain a non-null value when exiting constructor. Consider adding the 'required' modifier or declaring the field as nullable. [/app/TWL.Server/TWL.Server.csproj]
/app/TWL.Server/Simulation/Networking/ClientSession.cs(69,15): warning CS8618: Non-nullable field '_partyChatService' must contain a non-null value when exiting constructor. Consider adding the 'required' modifier or declaring the field as nullable. [/app/TWL.Server/TWL.Server.csproj]
/app/TWL.Server/Simulation/Networking/ClientSession.cs(69,15): warning CS8618: Non-nullable field '_guildService' must contain a non-null value when exiting constructor. Consider adding the 'required' modifier or declaring the field as nullable. [/app/TWL.Server/TWL.Server.csproj]
/app/TWL.Server/Simulation/Networking/ClientSession.cs(69,15): warning CS8618: Non-nullable field '_guildChatService' must contain a non-null value when exiting constructor. Consider adding the 'required' modifier or declaring the field as nullable. [/app/TWL.Server/TWL.Server.csproj]
/app/TWL.Server/Simulation/Networking/ClientSession.cs(69,15): warning CS8618: Non-nullable field '_guildRosterService' must contain a non-null value when exiting constructor. Consider adding the 'required' modifier or declaring the field as nullable. [/app/TWL.Server/TWL.Server.csproj]
/app/TWL.Server/Simulation/Networking/ClientSession.cs(69,15): warning CS8618: Non-nullable field '_guildStorageService' must contain a non-null value when exiting constructor. Consider adding the 'required' modifier or declaring the field as nullable. [/app/TWL.Server/TWL.Server.csproj]
/app/TWL.Server/Simulation/Networking/ClientSession.cs(69,15): warning CS8618: Non-nullable field '_rebirthService' must contain a non-null value when exiting constructor. Consider adding the 'required' modifier or declaring the field as nullable. [/app/TWL.Server/TWL.Server.csproj]
/app/TWL.Server/Simulation/Networking/ClientSession.cs(69,15): warning CS8618: Non-nullable field '_marketService' must contain a non-null value when exiting constructor. Consider adding the 'required' modifier or declaring the field as nullable. [/app/TWL.Server/TWL.Server.csproj]
/app/TWL.Server/Simulation/Networking/ClientSession.cs(69,15): warning CS8618: Non-nullable field '_marketQueryService' must contain a non-null value when exiting constructor. Consider adding the 'required' modifier or declaring the field as nullable. [/app/TWL.Server/TWL.Server.csproj]
/app/TWL.Server/Simulation/Networking/ClientSession.cs(69,15): warning CS8618: Non-nullable field '_compoundService' must contain a non-null value when exiting constructor. Consider adding the 'required' modifier or declaring the field as nullable. [/app/TWL.Server/TWL.Server.csproj]
/app/TWL.Server/Simulation/Networking/ClientSession.cs(69,15): warning CS8618: Non-nullable field '_tradeSessionManager' must contain a non-null value when exiting constructor. Consider adding the 'required' modifier or declaring the field as nullable. [/app/TWL.Server/TWL.Server.csproj]
/app/TWL.Server/Simulation/Networking/ClientSession.cs(69,15): warning CS8618: Non-nullable field '_spawnManager' must contain a non-null value when exiting constructor. Consider adding the 'required' modifier or declaring the field as nullable. [/app/TWL.Server/TWL.Server.csproj]
/app/TWL.Server/Simulation/Networking/ClientSession.cs(69,15): warning CS8618: Non-nullable field '_stream' must contain a non-null value when exiting constructor. Consider adding the 'required' modifier or declaring the field as nullable. [/app/TWL.Server/TWL.Server.csproj]
/app/TWL.Server/Simulation/Networking/ClientSession.cs(69,15): warning CS8618: Non-nullable field '_worldTriggerService' must contain a non-null value when exiting constructor. Consider adding the 'required' modifier or declaring the field as nullable. [/app/TWL.Server/TWL.Server.csproj]
/app/TWL.Server/Simulation/Networking/ClientSession.cs(69,15): warning CS8618: Non-nullable property 'QuestComponent' must contain a non-null value when exiting constructor. Consider adding the 'required' modifier or declaring the property as nullable. [/app/TWL.Server/TWL.Server.csproj]
/app/TWL.Server/Simulation/Networking/ClientSession.cs(73,12): warning CS8618: Non-nullable field '_combatManager' must contain a non-null value when exiting constructor. Consider adding the 'required' modifier or declaring the field as nullable. [/app/TWL.Server/TWL.Server.csproj]
/app/TWL.Server/Persistence/Repositories/DbPlayerRepository.cs(198,35): warning CS8601: Possible null reference assignment. [/app/TWL.Server/TWL.Server.csproj]
/app/TWL.Server/Simulation/Networking/Components/PlayerQuestComponent.cs(23,23): warning CS8601: Possible null reference assignment. [/app/TWL.Server/TWL.Server.csproj]
/app/TWL.Server/Simulation/Networking/Components/PlayerQuestComponent.cs(20,12): warning CS8618: Non-nullable field '_petManager' must contain a non-null value when exiting constructor. Consider adding the 'required' modifier or declaring the field as nullable. [/app/TWL.Server/TWL.Server.csproj]
/app/TWL.Server/Simulation/Networking/NetworkServer.cs(48,12): warning CS8618: Non-nullable field '_cts' must contain a non-null value when exiting constructor. Consider adding the 'required' modifier or declaring the field as nullable. [/app/TWL.Server/TWL.Server.csproj]
/app/TWL.Server/Simulation/Networking/ServerCharacter.cs(494,39): warning CS8625: Cannot convert null literal to non-nullable reference type. [/app/TWL.Server/TWL.Server.csproj]
/app/TWL.Server/Simulation/Networking/ServerCharacter.cs(583,39): warning CS8625: Cannot convert null literal to non-nullable reference type. [/app/TWL.Server/TWL.Server.csproj]
/app/TWL.Server/Simulation/Managers/AutoBattleManager.cs(73,95): warning CS8604: Possible null reference argument for parameter 'item' in 'bool List<string>.Contains(string item)'. [/app/TWL.Server/TWL.Server.csproj]
/app/TWL.Server/Simulation/Managers/AutoBattleManager.cs(102,94): warning CS8604: Possible null reference argument for parameter 'item' in 'bool List<string>.Contains(string item)'. [/app/TWL.Server/TWL.Server.csproj]
/app/TWL.Server/Services/HealthCheckService.cs(46,15): warning CS8618: Non-nullable field '_db' must contain a non-null value when exiting constructor. Consider adding the 'required' modifier or declaring the field as nullable. [/app/TWL.Server/TWL.Server.csproj]
/app/TWL.Server/Services/HealthCheckService.cs(46,15): warning CS8618: Non-nullable field '_playerService' must contain a non-null value when exiting constructor. Consider adding the 'required' modifier or declaring the field as nullable. [/app/TWL.Server/TWL.Server.csproj]
/app/TWL.Server/Services/HealthCheckService.cs(46,15): warning CS8618: Non-nullable field '_serverMetrics' must contain a non-null value when exiting constructor. Consider adding the 'required' modifier or declaring the field as nullable. [/app/TWL.Server/TWL.Server.csproj]
/app/TWL.Server/Services/HealthCheckService.cs(46,15): warning CS8618: Non-nullable field '_logger' must contain a non-null value when exiting constructor. Consider adding the 'required' modifier or declaring the field as nullable. [/app/TWL.Server/TWL.Server.csproj]
/app/TWL.Server/Services/PetService.cs(37,20): warning CS8603: Possible null reference return. [/app/TWL.Server/TWL.Server.csproj]
/app/TWL.Server/Services/PetService.cs(43,20): warning CS8603: Possible null reference return. [/app/TWL.Server/TWL.Server.csproj]
/app/TWL.Server/Services/PetService.cs(48,20): warning CS8603: Possible null reference return. [/app/TWL.Server/TWL.Server.csproj]
/app/TWL.Server/Services/HealthCheckService.cs(21,19): warning CS8618: Non-nullable property 'AppVersion' must contain a non-null value when exiting constructor. Consider adding the 'required' modifier or declaring the property as nullable. [/app/TWL.Server/TWL.Server.csproj]
/app/TWL.Server/Services/PetService.cs(61,20): warning CS8603: Possible null reference return. [/app/TWL.Server/TWL.Server.csproj]
/app/TWL.Server/Services/PetService.cs(68,20): warning CS8603: Possible null reference return. [/app/TWL.Server/TWL.Server.csproj]
/app/TWL.Server/Services/PetService.cs(75,20): warning CS8603: Possible null reference return. [/app/TWL.Server/TWL.Server.csproj]
/app/TWL.Server/Services/PetService.cs(81,20): warning CS8603: Possible null reference return. [/app/TWL.Server/TWL.Server.csproj]
/app/TWL.Server/Services/PetService.cs(88,20): warning CS8603: Possible null reference return. [/app/TWL.Server/TWL.Server.csproj]
/app/TWL.Server/Services/PetService.cs(93,20): warning CS8603: Possible null reference return. [/app/TWL.Server/TWL.Server.csproj]
/app/TWL.Server/Services/PetService.cs(100,20): warning CS8603: Possible null reference return. [/app/TWL.Server/TWL.Server.csproj]
/app/TWL.Server/Services/PetService.cs(107,20): warning CS8603: Possible null reference return. [/app/TWL.Server/TWL.Server.csproj]
/app/TWL.Server/Services/PetService.cs(113,20): warning CS8603: Possible null reference return. [/app/TWL.Server/TWL.Server.csproj]
/app/TWL.Server/Services/PetService.cs(121,24): warning CS8603: Possible null reference return. [/app/TWL.Server/TWL.Server.csproj]
/app/TWL.Server/Services/PetService.cs(130,24): warning CS8603: Possible null reference return. [/app/TWL.Server/TWL.Server.csproj]
/app/TWL.Server/Services/PetService.cs(142,20): warning CS8603: Possible null reference return. [/app/TWL.Server/TWL.Server.csproj]
/app/TWL.Server/Services/PetService.cs(233,44): warning CS8625: Cannot convert null literal to non-nullable reference type. [/app/TWL.Server/TWL.Server.csproj]
/app/TWL.Server/Services/PetService.cs(342,31): error CS0103: The name 'chara' does not exist in the current context [/app/TWL.Server/TWL.Server.csproj]
/app/TWL.Server/Services/PetService.cs(353,22): error CS0103: The name 'chara' does not exist in the current context [/app/TWL.Server/TWL.Server.csproj]
/app/TWL.Server/Services/PetService.cs(363,23): error CS0103: The name 'chara' does not exist in the current context [/app/TWL.Server/TWL.Server.csproj]
/app/TWL.Server/Services/PetService.cs(369,9): error CS0103: The name 'chara' does not exist in the current context [/app/TWL.Server/TWL.Server.csproj]
/app/TWL.Server/Services/PetService.cs(371,22): error CS0103: The name 'chara' does not exist in the current context [/app/TWL.Server/TWL.Server.csproj]
/app/TWL.Server/Simulation/Managers/ServerMetrics.cs(313,30): warning CS8618: Non-nullable property 'ValidateHistogram' must contain a non-null value when exiting constructor. Consider adding the 'required' modifier or declaring the property as nullable. [/app/TWL.Server/TWL.Server.csproj]
/app/TWL.Server/Simulation/Managers/ServerMetrics.cs(314,30): warning CS8618: Non-nullable property 'ResolveHistogram' must contain a non-null value when exiting constructor. Consider adding the 'required' modifier or declaring the property as nullable. [/app/TWL.Server/TWL.Server.csproj]
/app/TWL.Server/Simulation/Managers/ServerMetrics.cs(315,30): warning CS8618: Non-nullable property 'PersistHistogram' must contain a non-null value when exiting constructor. Consider adding the 'required' modifier or declaring the property as nullable. [/app/TWL.Server/TWL.Server.csproj]
/app/TWL.Server/Simulation/Managers/EconomyManager.cs(136,20): warning CS8603: Possible null reference return. [/app/TWL.Server/TWL.Server.csproj]
/app/TWL.Server/Simulation/Managers/EconomyManager.cs(141,20): warning CS8603: Possible null reference return. [/app/TWL.Server/TWL.Server.csproj]
/app/TWL.Server/Simulation/Managers/EconomyManager.cs(271,39): warning CS8601: Possible null reference assignment. [/app/TWL.Server/TWL.Server.csproj]
/app/TWL.Server/Simulation/Managers/EconomyManager.cs(362,23): warning CS8601: Possible null reference assignment. [/app/TWL.Server/TWL.Server.csproj]
/app/TWL.Server/Simulation/Managers/SpawnManager.cs(327,43): warning CS8604: Possible null reference argument for parameter 'player' in 'List<MonsterDefinition> SpawnManager.SelectMonsters(ZoneSpawnConfig config, ServerCharacter player)'. [/app/TWL.Server/TWL.Server.csproj]
/app/TWL.Server/Simulation/Managers/SpawnManager.cs(501,42): warning CS8602: Dereference of a possibly null reference. [/app/TWL.Server/TWL.Server.csproj]
/app/TWL.Server/Simulation/Managers/SpawnManager.cs(505,29): warning CS8602: Dereference of a possibly null reference. [/app/TWL.Server/TWL.Server.csproj]
/app/TWL.Server/Simulation/Managers/EconomyManager.cs(861,23): warning CS8618: Non-nullable property 'OrderId' must contain a non-null value when exiting constructor. Consider adding the 'required' modifier or declaring the property as nullable. [/app/TWL.Server/TWL.Server.csproj]
/app/TWL.Server/Simulation/Managers/EconomyManager.cs(863,23): warning CS8618: Non-nullable property 'ProductId' must contain a non-null value when exiting constructor. Consider adding the 'required' modifier or declaring the property as nullable. [/app/TWL.Server/TWL.Server.csproj]
/app/TWL.Server/Persistence/PlayerSaveData.cs(29,16): warning CA1720: Identifier 'Int' contains type name (https://learn.microsoft.com/dotnet/fundamentals/code-analysis/quality-rules/ca1720) [/app/TWL.Server/TWL.Server.csproj]
/app/TWL.Server/Security/ReplayGuardOptions.cs(34,42): warning CA1805: Member 'StrictMode' is explicitly initialized to its default value (https://learn.microsoft.com/dotnet/fundamentals/code-analysis/quality-rules/ca1805) [/app/TWL.Server/TWL.Server.csproj]
/app/TWL.Server/Security/MovementValidationOptions.cs(21,50): warning CA1805: Member 'AllowDiagonalBoost' is explicitly initialized to its default value (https://learn.microsoft.com/dotnet/fundamentals/code-analysis/quality-rules/ca1805) [/app/TWL.Server/TWL.Server.csproj]
/app/TWL.Server/Persistence/Database/Entities/PlayerEntity.cs(30,16): warning CA1720: Identifier 'Int' contains type name (https://learn.microsoft.com/dotnet/fundamentals/code-analysis/quality-rules/ca1720) [/app/TWL.Server/TWL.Server.csproj]
/app/TWL.Server/Persistence/Repositories/Queries/PlayerQueries.cs(103,16): warning CA1720: Identifier 'Int' contains type name (https://learn.microsoft.com/dotnet/fundamentals/code-analysis/quality-rules/ca1720) [/app/TWL.Server/TWL.Server.csproj]
/app/TWL.Server/Simulation/Networking/ServerCombatant.cs(21,51): warning CA1051: Do not declare visible instance fields (https://learn.microsoft.com/dotnet/fundamentals/code-analysis/quality-rules/ca1051) [/app/TWL.Server/TWL.Server.csproj]
/app/TWL.Server/Simulation/Networking/ServerCombatant.cs(22,31): warning CA1051: Do not declare visible instance fields (https://learn.microsoft.com/dotnet/fundamentals/code-analysis/quality-rules/ca1051) [/app/TWL.Server/TWL.Server.csproj]
/app/TWL.Server/Simulation/Networking/ServerCombatant.cs(25,19): warning CA1051: Do not declare visible instance fields (https://learn.microsoft.com/dotnet/fundamentals/code-analysis/quality-rules/ca1051) [/app/TWL.Server/TWL.Server.csproj]
/app/TWL.Server/Simulation/Networking/ServerCombatant.cs(26,19): warning CA1051: Do not declare visible instance fields (https://learn.microsoft.com/dotnet/fundamentals/code-analysis/quality-rules/ca1051) [/app/TWL.Server/TWL.Server.csproj]
/app/TWL.Server/Simulation/Networking/ServerCombatant.cs(48,16): warning CA1720: Identifier 'Int' contains type name (https://learn.microsoft.com/dotnet/fundamentals/code-analysis/quality-rules/ca1720) [/app/TWL.Server/TWL.Server.csproj]
/app/TWL.Server/Simulation/ServerWorker.cs(74,52): warning CA1725: In member Task ServerWorker.StartAsync(CancellationToken ct), change parameter name ct to cancellationToken in order to match the identifier as it has been declared in Task IHostedService.StartAsync(CancellationToken cancellationToken) (https://learn.microsoft.com/dotnet/fundamentals/code-analysis/quality-rules/ca1725) [/app/TWL.Server/TWL.Server.csproj]
/app/TWL.Server/Simulation/ServerWorker.cs(194,51): warning CA1725: In member Task ServerWorker.StopAsync(CancellationToken ct), change parameter name ct to cancellationToken in order to match the identifier as it has been declared in Task IHostedService.StopAsync(CancellationToken cancellationToken) (https://learn.microsoft.com/dotnet/fundamentals/code-analysis/quality-rules/ca1725) [/app/TWL.Server/TWL.Server.csproj]
/app/TWL.Server/Simulation/ServerWorker.cs(222,9): warning CA1873: Evaluation of this argument may be expensive and unnecessary if logging is disabled (https://learn.microsoft.com/dotnet/fundamentals/code-analysis/quality-rules/ca1873) [/app/TWL.Server/TWL.Server.csproj]
/app/TWL.Server/Simulation/ServerWorker.cs(197,9): warning CA1848: For improved performance, use the LoggerMessage delegates instead of calling 'LoggerExtensions.LogInformation(ILogger, string?, params object?[])' (https://learn.microsoft.com/dotnet/fundamentals/code-analysis/quality-rules/ca1848) [/app/TWL.Server/TWL.Server.csproj]
/app/TWL.Server/Simulation/ServerWorker.cs(201,9): warning CA1848: For improved performance, use the LoggerMessage delegates instead of calling 'LoggerExtensions.LogInformation(ILogger, string?, params object?[])' (https://learn.microsoft.com/dotnet/fundamentals/code-analysis/quality-rules/ca1848) [/app/TWL.Server/TWL.Server.csproj]
/app/TWL.Server/Simulation/ServerWorker.cs(210,9): warning CA1848: For improved performance, use the LoggerMessage delegates instead of calling 'LoggerExtensions.LogInformation(ILogger, string?, params object?[])' (https://learn.microsoft.com/dotnet/fundamentals/code-analysis/quality-rules/ca1848) [/app/TWL.Server/TWL.Server.csproj]
/app/TWL.Server/Simulation/ServerWorker.cs(222,9): warning CA1848: For improved performance, use the LoggerMessage delegates instead of calling 'LoggerExtensions.LogInformation(ILogger, string?, params object?[])' (https://learn.microsoft.com/dotnet/fundamentals/code-analysis/quality-rules/ca1848) [/app/TWL.Server/TWL.Server.csproj]
/app/TWL.Server/Simulation/ServerWorker.cs(90,37): warning CA1873: Evaluation of this argument may be expensive and unnecessary if logging is disabled (https://learn.microsoft.com/dotnet/fundamentals/code-analysis/quality-rules/ca1873) [/app/TWL.Server/TWL.Server.csproj]
/app/TWL.Server/Simulation/ServerWorker.cs(77,9): warning CA1848: For improved performance, use the LoggerMessage delegates instead of calling 'LoggerExtensions.LogInformation(ILogger, string?, params object?[])' (https://learn.microsoft.com/dotnet/fundamentals/code-analysis/quality-rules/ca1848) [/app/TWL.Server/TWL.Server.csproj]
/app/TWL.Server/Simulation/ServerWorker.cs(81,9): warning CA1848: For improved performance, use the LoggerMessage delegates instead of calling 'LoggerExtensions.LogInformation(ILogger, string?, params object?[])' (https://learn.microsoft.com/dotnet/fundamentals/code-analysis/quality-rules/ca1848) [/app/TWL.Server/TWL.Server.csproj]
/app/TWL.Server/Simulation/ServerWorker.cs(90,17): warning CA1848: For improved performance, use the LoggerMessage delegates instead of calling 'LoggerExtensions.LogInformation(ILogger, string?, params object?[])' (https://learn.microsoft.com/dotnet/fundamentals/code-analysis/quality-rules/ca1848) [/app/TWL.Server/TWL.Server.csproj]
/app/TWL.Server/Simulation/ServerWorker.cs(90,37): warning CA2254: The logging message template should not vary between calls to 'LoggerExtensions.LogInformation(ILogger, string?, params object?[])' (https://learn.microsoft.com/dotnet/fundamentals/code-analysis/quality-rules/ca2254) [/app/TWL.Server/TWL.Server.csproj]
/app/TWL.Server/Simulation/ServerWorker.cs(94,9): warning CA1848: For improved performance, use the LoggerMessage delegates instead of calling 'LoggerExtensions.LogInformation(ILogger, string?, params object?[])' (https://learn.microsoft.com/dotnet/fundamentals/code-analysis/quality-rules/ca1848) [/app/TWL.Server/TWL.Server.csproj]
/app/TWL.Server/Simulation/ServerWorker.cs(99,9): warning CA1848: For improved performance, use the LoggerMessage delegates instead of calling 'LoggerExtensions.LogInformation(ILogger, string?, params object?[])' (https://learn.microsoft.com/dotnet/fundamentals/code-analysis/quality-rules/ca1848) [/app/TWL.Server/TWL.Server.csproj]
/app/TWL.Server/Simulation/ServerWorker.cs(157,9): warning CA1848: For improved performance, use the LoggerMessage delegates instead of calling 'LoggerExtensions.LogInformation(ILogger, string?, params object?[])' (https://learn.microsoft.com/dotnet/fundamentals/code-analysis/quality-rules/ca1848) [/app/TWL.Server/TWL.Server.csproj]
/app/TWL.Server/Simulation/ServerWorker.cs(183,13): warning CA1848: For improved performance, use the LoggerMessage delegates instead of calling 'LoggerExtensions.LogWarning(ILogger, string?, params object?[])' (https://learn.microsoft.com/dotnet/fundamentals/code-analysis/quality-rules/ca1848) [/app/TWL.Server/TWL.Server.csproj]
/app/TWL.Server/Simulation/ServerWorker.cs(188,9): warning CA1848: For improved performance, use the LoggerMessage delegates instead of calling 'LoggerExtensions.LogInformation(ILogger, string?, params object?[])' (https://learn.microsoft.com/dotnet/fundamentals/code-analysis/quality-rules/ca1848) [/app/TWL.Server/TWL.Server.csproj]
/app/TWL.Server/Architecture/Pipeline/Mediator.cs(11,9): warning CA1510: Use 'ArgumentNullException.ThrowIfNull' instead of explicitly throwing a new exception instance (https://learn.microsoft.com/dotnet/fundamentals/code-analysis/quality-rules/ca1510) [/app/TWL.Server/TWL.Server.csproj]
/app/TWL.Server/Simulation/Networking/ServerPet.cs(413,13): warning CA1868: Do not guard 'List.Remove(int)' with 'List.Contains(int)' (https://learn.microsoft.com/dotnet/fundamentals/code-analysis/quality-rules/ca1868) [/app/TWL.Server/TWL.Server.csproj]
/app/TWL.Server/Simulation/Networking/ServerCombatant.cs(133,39): warning CA1725: In member float ServerCombatant.GetResistance(string resistanceTag), change parameter name resistanceTag to tag in order to match the identifier as it has been declared in float ICombatant.GetResistance(string tag) (https://learn.microsoft.com/dotnet/fundamentals/code-analysis/quality-rules/ca1725) [/app/TWL.Server/TWL.Server.csproj]
/app/TWL.Server/Persistence/Services/PlayerService.cs(18,14): warning CA1001: Type 'PlayerService' owns disposable field(s) '_cts' but is not disposable (https://learn.microsoft.com/dotnet/fundamentals/code-analysis/quality-rules/ca1001) [/app/TWL.Server/TWL.Server.csproj]
/app/TWL.Server/Persistence/Repositories/DbPlayerRepository.cs(135,13): warning CA1848: For improved performance, use the LoggerMessage delegates instead of calling 'LoggerExtensions.LogError(ILogger, Exception?, string?, params object?[])' (https://learn.microsoft.com/dotnet/fundamentals/code-analysis/quality-rules/ca1848) [/app/TWL.Server/TWL.Server.csproj]
/app/TWL.Server/Persistence/Repositories/DbPlayerRepository.cs(112,13): warning CA1848: For improved performance, use the LoggerMessage delegates instead of calling 'LoggerExtensions.LogError(ILogger, Exception?, string?, params object?[])' (https://learn.microsoft.com/dotnet/fundamentals/code-analysis/quality-rules/ca1848) [/app/TWL.Server/TWL.Server.csproj]
/app/TWL.Server/Services/WorldScheduler.cs(31,17): warning CA1816: Change WorldScheduler.Dispose() to call GC.SuppressFinalize(object). This will prevent derived types that introduce a finalizer from needing to re-implement 'IDisposable' to call it. (https://learn.microsoft.com/dotnet/fundamentals/code-analysis/quality-rules/ca1816) [/app/TWL.Server/TWL.Server.csproj]
/app/TWL.Server/Persistence/Repositories/DbGuildRepository.cs(46,13): warning CA1848: For improved performance, use the LoggerMessage delegates instead of calling 'LoggerExtensions.LogError(ILogger, Exception?, string?, params object?[])' (https://learn.microsoft.com/dotnet/fundamentals/code-analysis/quality-rules/ca1848) [/app/TWL.Server/TWL.Server.csproj]
/app/TWL.Server/Persistence/Repositories/DbPlayerRepository.cs(146,14): warning CA1860: Prefer comparing 'Count' to 0 rather than using 'Any()', both for clarity and for performance (https://learn.microsoft.com/dotnet/fundamentals/code-analysis/quality-rules/ca1860) [/app/TWL.Server/TWL.Server.csproj]
/app/TWL.Server/Persistence/Repositories/DbPlayerRepository.cs(158,13): warning CA1848: For improved performance, use the LoggerMessage delegates instead of calling 'LoggerExtensions.LogError(ILogger, Exception?, string?, params object?[])' (https://learn.microsoft.com/dotnet/fundamentals/code-analysis/quality-rules/ca1848) [/app/TWL.Server/TWL.Server.csproj]
/app/TWL.Server/Services/WorldScheduler.cs(76,13): warning CA1848: For improved performance, use the LoggerMessage delegates instead of calling 'LoggerExtensions.LogWarning(ILogger, Exception?, string?, params object?[])' (https://learn.microsoft.com/dotnet/fundamentals/code-analysis/quality-rules/ca1848) [/app/TWL.Server/TWL.Server.csproj]
/app/TWL.Server/Services/WorldScheduler.cs(80,9): warning CA1848: For improved performance, use the LoggerMessage delegates instead of calling 'LoggerExtensions.LogInformation(ILogger, string?, params object?[])' (https://learn.microsoft.com/dotnet/fundamentals/code-analysis/quality-rules/ca1848) [/app/TWL.Server/TWL.Server.csproj]
/app/TWL.Server/Services/WorldScheduler.cs(58,9): warning CA1848: For improved performance, use the LoggerMessage delegates instead of calling 'LoggerExtensions.LogInformation(ILogger, string?, params object?[])' (https://learn.microsoft.com/dotnet/fundamentals/code-analysis/quality-rules/ca1848) [/app/TWL.Server/TWL.Server.csproj]
/app/TWL.Server/Persistence/Repositories/DbGuildRepository.cs(62,13): warning CA1848: For improved performance, use the LoggerMessage delegates instead of calling 'LoggerExtensions.LogError(ILogger, Exception?, string?, params object?[])' (https://learn.microsoft.com/dotnet/fundamentals/code-analysis/quality-rules/ca1848) [/app/TWL.Server/TWL.Server.csproj]
/app/TWL.Server/Services/WorldScheduler.cs(162,21): warning CA1848: For improved performance, use the LoggerMessage delegates instead of calling 'LoggerExtensions.LogError(ILogger, Exception?, string?, params object?[])' (https://learn.microsoft.com/dotnet/fundamentals/code-analysis/quality-rules/ca1848) [/app/TWL.Server/TWL.Server.csproj]
/app/TWL.Server/Services/WorldScheduler.cs(172,17): warning CA1848: For improved performance, use the LoggerMessage delegates instead of calling 'LoggerExtensions.LogWarning(ILogger, string?, params object?[])' (https://learn.microsoft.com/dotnet/fundamentals/code-analysis/quality-rules/ca1848) [/app/TWL.Server/TWL.Server.csproj]
/app/TWL.Server/Services/WorldScheduler.cs(218,13): warning CA1848: For improved performance, use the LoggerMessage delegates instead of calling 'LoggerExtensions.LogError(ILogger, Exception?, string?, params object?[])' (https://learn.microsoft.com/dotnet/fundamentals/code-analysis/quality-rules/ca1848) [/app/TWL.Server/TWL.Server.csproj]
/app/TWL.Server/Services/WorldScheduler.cs(231,13): warning CA1848: For improved performance, use the LoggerMessage delegates instead of calling 'LoggerExtensions.LogWarning(ILogger, string?, params object?[])' (https://learn.microsoft.com/dotnet/fundamentals/code-analysis/quality-rules/ca1848) [/app/TWL.Server/TWL.Server.csproj]
/app/TWL.Server/Simulation/Networking/INetworkServer.cs(7,10): warning CA1716: Rename virtual/interface member INetworkServer.Stop() so that it no longer conflicts with the reserved language keyword 'Stop'. Using a reserved keyword as the name of a virtual/interface member makes it harder for consumers in other languages to override/implement the member. (https://learn.microsoft.com/dotnet/fundamentals/code-analysis/quality-rules/ca1716) [/app/TWL.Server/TWL.Server.csproj]
/app/TWL.Server/Persistence/Repositories/DbGuildRepository.cs(78,13): warning CA1848: For improved performance, use the LoggerMessage delegates instead of calling 'LoggerExtensions.LogError(ILogger, Exception?, string?, params object?[])' (https://learn.microsoft.com/dotnet/fundamentals/code-analysis/quality-rules/ca1848) [/app/TWL.Server/TWL.Server.csproj]
/app/TWL.Server/Simulation/Networking/NetworkServer.cs(14,14): warning CA1001: Type 'NetworkServer' owns disposable field(s) '_cts', '_listener' but is not disposable (https://learn.microsoft.com/dotnet/fundamentals/code-analysis/quality-rules/ca1001) [/app/TWL.Server/TWL.Server.csproj]
/app/TWL.Server/Services/WorldScheduler.cs(281,17): warning CA1848: For improved performance, use the LoggerMessage delegates instead of calling 'LoggerExtensions.LogError(ILogger, Exception?, string?, params object?[])' (https://learn.microsoft.com/dotnet/fundamentals/code-analysis/quality-rules/ca1848) [/app/TWL.Server/TWL.Server.csproj]
/app/TWL.Server/Services/WorldScheduler.cs(288,17): warning CA1848: For improved performance, use the LoggerMessage delegates instead of calling 'LoggerExtensions.LogWarning(ILogger, string?, params object?[])' (https://learn.microsoft.com/dotnet/fundamentals/code-analysis/quality-rules/ca1848) [/app/TWL.Server/TWL.Server.csproj]
/app/TWL.Server/Simulation/Networking/Components/PlayerQuestComponent.cs(178,47): warning CA1305: The behavior of 'int.ToString()' could vary based on the current user's locale settings. Replace this call in 'PlayerQuestComponent.HandleMapChanged(int)' with a call to 'int.ToString(IFormatProvider)'. (https://learn.microsoft.com/dotnet/fundamentals/code-analysis/quality-rules/ca1305) [/app/TWL.Server/TWL.Server.csproj]
/app/TWL.Server/Simulation/Networking/Components/PlayerQuestComponent.cs(193,32): warning CA1305: The behavior of 'int.ToString()' could vary based on the current user's locale settings. Replace this call in 'PlayerQuestComponent.HandleMapChanged(int)' with a call to 'int.ToString(IFormatProvider)'. (https://learn.microsoft.com/dotnet/fundamentals/code-analysis/quality-rules/ca1305) [/app/TWL.Server/TWL.Server.csproj]
/app/TWL.Server/Simulation/Networking/Components/PlayerQuestComponent.cs(194,30): warning CA1305: The behavior of 'int.ToString()' could vary based on the current user's locale settings. Replace this call in 'PlayerQuestComponent.HandleMapChanged(int)' with a call to 'int.ToString(IFormatProvider)'. (https://learn.microsoft.com/dotnet/fundamentals/code-analysis/quality-rules/ca1305) [/app/TWL.Server/TWL.Server.csproj]
/app/TWL.Server/Persistence/Repositories/DbGuildRepository.cs(110,13): warning CA1848: For improved performance, use the LoggerMessage delegates instead of calling 'LoggerExtensions.LogWarning(ILogger, Exception?, string?, params object?[])' (https://learn.microsoft.com/dotnet/fundamentals/code-analysis/quality-rules/ca1848) [/app/TWL.Server/TWL.Server.csproj]
/app/TWL.Server/Persistence/Repositories/DbGuildRepository.cs(115,13): warning CA1848: For improved performance, use the LoggerMessage delegates instead of calling 'LoggerExtensions.LogError(ILogger, Exception?, string?, params object?[])' (https://learn.microsoft.com/dotnet/fundamentals/code-analysis/quality-rules/ca1848) [/app/TWL.Server/TWL.Server.csproj]
/app/TWL.Server/Persistence/Repositories/DbGuildRepository.cs(134,13): warning CA1848: For improved performance, use the LoggerMessage delegates instead of calling 'LoggerExtensions.LogError(ILogger, Exception?, string?, params object?[])' (https://learn.microsoft.com/dotnet/fundamentals/code-analysis/quality-rules/ca1848) [/app/TWL.Server/TWL.Server.csproj]
/app/TWL.Server/Simulation/Networking/ClientSession.cs(201,34): warning CA1835: Change the 'ReadAsync' method call to use the 'Stream.ReadAsync(Memory<byte>, CancellationToken)' overload (https://learn.microsoft.com/dotnet/fundamentals/code-analysis/quality-rules/ca1835) [/app/TWL.Server/TWL.Server.csproj]
/app/TWL.Server/Simulation/Networking/Components/PlayerQuestComponent.cs(393,34): warning CA1311: Specify a culture or use an invariant version to avoid implicit dependency on current culture (https://learn.microsoft.com/dotnet/fundamentals/code-analysis/quality-rules/ca1311) [/app/TWL.Server/TWL.Server.csproj]
/app/TWL.Server/Simulation/Networking/Components/PlayerQuestComponent.cs(393,25): warning CA1304: The behavior of 'string.ToLower()' could vary based on the current user's locale settings. Replace this call in 'PlayerQuestComponent.CheckGating(QuestDefinition)' with a call to 'string.ToLower(CultureInfo)'. (https://learn.microsoft.com/dotnet/fundamentals/code-analysis/quality-rules/ca1304) [/app/TWL.Server/TWL.Server.csproj]
/app/TWL.Server/Simulation/Networking/Components/PlayerQuestComponent.cs(488,17): warning CA1854: Prefer a 'TryGetValue' call over a Dictionary indexer access guarded by a 'ContainsKey' check to avoid double lookup (https://learn.microsoft.com/dotnet/fundamentals/code-analysis/quality-rules/ca1854) [/app/TWL.Server/TWL.Server.csproj]
/app/TWL.Server/Simulation/Networking/Components/PlayerQuestComponent.cs(544,22): warning CA1854: Prefer a 'TryGetValue' call over a Dictionary indexer access guarded by a 'ContainsKey' check to avoid double lookup (https://learn.microsoft.com/dotnet/fundamentals/code-analysis/quality-rules/ca1854) [/app/TWL.Server/TWL.Server.csproj]
/app/TWL.Server/Simulation/Managers/TradeSessionManager.cs(63,20): warning CA1822: Member 'GetSessionKey' does not access instance data and can be marked as static (https://learn.microsoft.com/dotnet/fundamentals/code-analysis/quality-rules/ca1822) [/app/TWL.Server/TWL.Server.csproj]
/app/TWL.Server/Simulation/Networking/Components/PlayerQuestComponent.cs(699,17): warning CA1854: Prefer a 'TryGetValue' call over a Dictionary indexer access guarded by a 'ContainsKey' check to avoid double lookup (https://learn.microsoft.com/dotnet/fundamentals/code-analysis/quality-rules/ca1854) [/app/TWL.Server/TWL.Server.csproj]
/app/TWL.Server/Simulation/Networking/Components/PlayerQuestComponent.cs(754,22): warning CA1854: Prefer a 'TryGetValue' call over a Dictionary indexer access guarded by a 'ContainsKey' check to avoid double lookup (https://learn.microsoft.com/dotnet/fundamentals/code-analysis/quality-rules/ca1854) [/app/TWL.Server/TWL.Server.csproj]
/app/TWL.Server/Simulation/Managers/AutoBattleManager.cs(173,25): warning CA1860: Prefer comparing 'Count' to 0 rather than using 'Any()', both for clarity and for performance (https://learn.microsoft.com/dotnet/fundamentals/code-analysis/quality-rules/ca1860) [/app/TWL.Server/TWL.Server.csproj]
/app/TWL.Server/Simulation/Networking/Components/PlayerQuestComponent.cs(824,14): warning CA1854: Prefer a 'TryGetValue' call over a Dictionary indexer access guarded by a 'ContainsKey' check to avoid double lookup (https://learn.microsoft.com/dotnet/fundamentals/code-analysis/quality-rules/ca1854) [/app/TWL.Server/TWL.Server.csproj]
/app/TWL.Server/Simulation/Networking/Components/PlayerQuestComponent.cs(884,18): warning CA1854: Prefer a 'TryGetValue' call over a Dictionary indexer access guarded by a 'ContainsKey' check to avoid double lookup (https://learn.microsoft.com/dotnet/fundamentals/code-analysis/quality-rules/ca1854) [/app/TWL.Server/TWL.Server.csproj]
/app/TWL.Server/Simulation/Networking/Components/PlayerQuestComponent.cs(952,18): warning CA1854: Prefer a 'TryGetValue' call over a Dictionary indexer access guarded by a 'ContainsKey' check to avoid double lookup (https://learn.microsoft.com/dotnet/fundamentals/code-analysis/quality-rules/ca1854) [/app/TWL.Server/TWL.Server.csproj]
/app/TWL.Server/Simulation/Managers/AutoBattleManager.cs(252,19): warning CA1822: Member 'GetElementAdvantage' does not access instance data and can be marked as static (https://learn.microsoft.com/dotnet/fundamentals/code-analysis/quality-rules/ca1822) [/app/TWL.Server/TWL.Server.csproj]
/app/TWL.Server/Simulation/Managers/AutoBattleManager.cs(341,18): warning CA1822: Member 'HasConflictingBuff' does not access instance data and can be marked as static (https://learn.microsoft.com/dotnet/fundamentals/code-analysis/quality-rules/ca1822) [/app/TWL.Server/TWL.Server.csproj]
/app/TWL.Server/Simulation/Networking/ClientSession.cs(569,47): warning CA1310: The behavior of 'string.StartsWith(string)' could vary based on the current user's locale settings. Replace this call in 'TWL.Server.Simulation.Networking.ClientSession.HandlePurchaseGemsIntentAsync(string, string)' with a call to 'string.StartsWith(string, System.StringComparison)'. (https://learn.microsoft.com/dotnet/fundamentals/code-analysis/quality-rules/ca1310) [/app/TWL.Server/TWL.Server.csproj]
/app/TWL.Server/Simulation/Networking/ClientSession.cs(1154,15): warning CA1835: Change the 'WriteAsync' method call to use the 'Stream.WriteAsync(ReadOnlyMemory<byte>, CancellationToken)' overload (https://learn.microsoft.com/dotnet/fundamentals/code-analysis/quality-rules/ca1835) [/app/TWL.Server/TWL.Server.csproj]
/app/TWL.Server/Simulation/Managers/CombatManager.cs(423,18): warning CA1822: Member 'CheckSkillEvolution' does not access instance data and can be marked as static (https://learn.microsoft.com/dotnet/fundamentals/code-analysis/quality-rules/ca1822) [/app/TWL.Server/TWL.Server.csproj]
/app/TWL.Server/Simulation/Managers/CombatManager.cs(471,17): warning CA1822: Member 'GetStatValue' does not access instance data and can be marked as static (https://learn.microsoft.com/dotnet/fundamentals/code-analysis/quality-rules/ca1822) [/app/TWL.Server/TWL.Server.csproj]
/app/TWL.Server/Services/World/WorldTriggerService.cs(38,9): warning CA1848: For improved performance, use the LoggerMessage delegates instead of calling 'LoggerExtensions.LogInformation(ILogger, string?, params object?[])' (https://learn.microsoft.com/dotnet/fundamentals/code-analysis/quality-rules/ca1848) [/app/TWL.Server/TWL.Server.csproj]
/app/TWL.Server/Services/World/WorldTriggerService.cs(73,33): warning CA1848: For improved performance, use the LoggerMessage delegates instead of calling 'LoggerExtensions.LogError(ILogger, Exception?, string?, params object?[])' (https://learn.microsoft.com/dotnet/fundamentals/code-analysis/quality-rules/ca1848) [/app/TWL.Server/TWL.Server.csproj]
/app/TWL.Server/Services/World/WorldTriggerService.cs(122,21): warning CA1873: Evaluation of this argument may be expensive and unnecessary if logging is disabled (https://learn.microsoft.com/dotnet/fundamentals/code-analysis/quality-rules/ca1873) [/app/TWL.Server/TWL.Server.csproj]
/app/TWL.Server/Services/World/WorldTriggerService.cs(122,21): warning CA1848: For improved performance, use the LoggerMessage delegates instead of calling 'LoggerExtensions.LogDebug(ILogger, string?, params object?[])' (https://learn.microsoft.com/dotnet/fundamentals/code-analysis/quality-rules/ca1848) [/app/TWL.Server/TWL.Server.csproj]
/app/TWL.Server/Services/World/WorldTriggerService.cs(159,13): warning CA1873: Evaluation of this argument may be expensive and unnecessary if logging is disabled (https://learn.microsoft.com/dotnet/fundamentals/code-analysis/quality-rules/ca1873) [/app/TWL.Server/TWL.Server.csproj]
/app/TWL.Server/Services/World/WorldTriggerService.cs(159,13): warning CA1848: For improved performance, use the LoggerMessage delegates instead of calling 'LoggerExtensions.LogDebug(ILogger, string?, params object?[])' (https://learn.microsoft.com/dotnet/fundamentals/code-analysis/quality-rules/ca1848) [/app/TWL.Server/TWL.Server.csproj]
/app/TWL.Server/Services/World/WorldTriggerService.cs(195,13): warning CA1873: Evaluation of this argument may be expensive and unnecessary if logging is disabled (https://learn.microsoft.com/dotnet/fundamentals/code-analysis/quality-rules/ca1873) [/app/TWL.Server/TWL.Server.csproj]
/app/TWL.Server/Services/World/WorldTriggerService.cs(195,13): warning CA1848: For improved performance, use the LoggerMessage delegates instead of calling 'LoggerExtensions.LogDebug(ILogger, string?, params object?[])' (https://learn.microsoft.com/dotnet/fundamentals/code-analysis/quality-rules/ca1848) [/app/TWL.Server/TWL.Server.csproj]
/app/TWL.Server/Services/SeedableRandomService.cs(22,13): warning CA1873: Evaluation of this argument may be expensive and unnecessary if logging is disabled (https://learn.microsoft.com/dotnet/fundamentals/code-analysis/quality-rules/ca1873) [/app/TWL.Server/TWL.Server.csproj]
/app/TWL.Server/Services/SeedableRandomService.cs(22,13): warning CA1848: For improved performance, use the LoggerMessage delegates instead of calling 'LoggerExtensions.LogInformation(ILogger, string?, params object?[])' (https://learn.microsoft.com/dotnet/fundamentals/code-analysis/quality-rules/ca1848) [/app/TWL.Server/TWL.Server.csproj]
/app/TWL.Server/Services/SeedableRandomService.cs(27,13): warning CA1848: For improved performance, use the LoggerMessage delegates instead of calling 'LoggerExtensions.LogInformation(ILogger, string?, params object?[])' (https://learn.microsoft.com/dotnet/fundamentals/code-analysis/quality-rules/ca1848) [/app/TWL.Server/TWL.Server.csproj]
/app/TWL.Server/Services/SeedableRandomService.cs(85,13): warning CA1873: Evaluation of this argument may be expensive and unnecessary if logging is disabled (https://learn.microsoft.com/dotnet/fundamentals/code-analysis/quality-rules/ca1873) [/app/TWL.Server/TWL.Server.csproj]
/app/TWL.Server/Services/SeedableRandomService.cs(85,13): warning CA1848: For improved performance, use the LoggerMessage delegates instead of calling 'LoggerExtensions.LogInformation(ILogger, string?, params object?[])' (https://learn.microsoft.com/dotnet/fundamentals/code-analysis/quality-rules/ca1848) [/app/TWL.Server/TWL.Server.csproj]
/app/TWL.Server/Services/SeedableRandomService.cs(89,13): warning CA1848: For improved performance, use the LoggerMessage delegates instead of calling 'LoggerExtensions.LogTrace(ILogger, string?, params object?[])' (https://learn.microsoft.com/dotnet/fundamentals/code-analysis/quality-rules/ca1848) [/app/TWL.Server/TWL.Server.csproj]
/app/TWL.Server/Services/HealthCheckService.cs(61,9): warning CA1873: Evaluation of this argument may be expensive and unnecessary if logging is disabled (https://learn.microsoft.com/dotnet/fundamentals/code-analysis/quality-rules/ca1873) [/app/TWL.Server/TWL.Server.csproj]
/app/TWL.Server/Services/HealthCheckService.cs(61,9): warning CA1848: For improved performance, use the LoggerMessage delegates instead of calling 'LoggerExtensions.LogInformation(ILogger, string?, params object?[])' (https://learn.microsoft.com/dotnet/fundamentals/code-analysis/quality-rules/ca1848) [/app/TWL.Server/TWL.Server.csproj]
/app/TWL.Server/Services/InstanceService.cs(33,14): warning CA1854: Prefer a 'TryGetValue' call over a Dictionary indexer access guarded by a 'ContainsKey' check to avoid double lookup (https://learn.microsoft.com/dotnet/fundamentals/code-analysis/quality-rules/ca1854) [/app/TWL.Server/TWL.Server.csproj]
/app/TWL.Server/Services/World/MapRegistry.cs(92,9): warning CA1873: Evaluation of this argument may be expensive and unnecessary if logging is disabled (https://learn.microsoft.com/dotnet/fundamentals/code-analysis/quality-rules/ca1873) [/app/TWL.Server/TWL.Server.csproj]
/app/TWL.Server/Services/InstanceService.cs(53,17): warning CA1822: Member 'StartInstance' does not access instance data and can be marked as static (https://learn.microsoft.com/dotnet/fundamentals/code-analysis/quality-rules/ca1822) [/app/TWL.Server/TWL.Server.csproj]
/app/TWL.Server/Services/World/MapRegistry.cs(67,13): warning CA1848: For improved performance, use the LoggerMessage delegates instead of calling 'LoggerExtensions.LogWarning(ILogger, string?, params object?[])' (https://learn.microsoft.com/dotnet/fundamentals/code-analysis/quality-rules/ca1848) [/app/TWL.Server/TWL.Server.csproj]
/app/TWL.Server/Services/World/MapRegistry.cs(81,21): warning CA1848: For improved performance, use the LoggerMessage delegates instead of calling 'LoggerExtensions.LogWarning(ILogger, string?, params object?[])' (https://learn.microsoft.com/dotnet/fundamentals/code-analysis/quality-rules/ca1848) [/app/TWL.Server/TWL.Server.csproj]
/app/TWL.Server/Services/World/MapRegistry.cs(88,17): warning CA1848: For improved performance, use the LoggerMessage delegates instead of calling 'LoggerExtensions.LogError(ILogger, Exception?, string?, params object?[])' (https://learn.microsoft.com/dotnet/fundamentals/code-analysis/quality-rules/ca1848) [/app/TWL.Server/TWL.Server.csproj]
/app/TWL.Server/Services/World/MapRegistry.cs(92,9): warning CA1848: For improved performance, use the LoggerMessage delegates instead of calling 'LoggerExtensions.LogInformation(ILogger, string?, params object?[])' (https://learn.microsoft.com/dotnet/fundamentals/code-analysis/quality-rules/ca1848) [/app/TWL.Server/TWL.Server.csproj]
/app/TWL.Server/Services/InstanceService.cs(61,17): warning CA1822: Member 'CompleteInstance' does not access instance data and can be marked as static (https://learn.microsoft.com/dotnet/fundamentals/code-analysis/quality-rules/ca1822) [/app/TWL.Server/TWL.Server.csproj]
/app/TWL.Server/Services/PetService.cs(150,9): warning CA1873: Evaluation of this argument may be expensive and unnecessary if logging is disabled (https://learn.microsoft.com/dotnet/fundamentals/code-analysis/quality-rules/ca1873) [/app/TWL.Server/TWL.Server.csproj]
/app/TWL.Server/Services/PetService.cs(67,13): warning CA1848: For improved performance, use the LoggerMessage delegates instead of calling 'LoggerExtensions.LogWarning(ILogger, string?, params object?[])' (https://learn.microsoft.com/dotnet/fundamentals/code-analysis/quality-rules/ca1848) [/app/TWL.Server/TWL.Server.csproj]
/app/TWL.Server/Services/PetService.cs(150,9): warning CA1848: For improved performance, use the LoggerMessage delegates instead of calling 'LoggerExtensions.LogInformation(ILogger, string?, params object?[])' (https://learn.microsoft.com/dotnet/fundamentals/code-analysis/quality-rules/ca1848) [/app/TWL.Server/TWL.Server.csproj]
/app/TWL.Server/Services/InstanceService.cs(42,18): warning CA1822: Member 'CheckAndResetDailyLimits' does not access instance data and can be marked as static (https://learn.microsoft.com/dotnet/fundamentals/code-analysis/quality-rules/ca1822) [/app/TWL.Server/TWL.Server.csproj]
/app/TWL.Server/Services/PetService.cs(199,13): warning CA1873: Evaluation of this argument may be expensive and unnecessary if logging is disabled (https://learn.microsoft.com/dotnet/fundamentals/code-analysis/quality-rules/ca1873) [/app/TWL.Server/TWL.Server.csproj]
/app/TWL.Server/Services/PetService.cs(206,13): warning CA1873: Evaluation of this argument may be expensive and unnecessary if logging is disabled (https://learn.microsoft.com/dotnet/fundamentals/code-analysis/quality-rules/ca1873) [/app/TWL.Server/TWL.Server.csproj]
/app/TWL.Server/Services/PetService.cs(213,13): warning CA1873: Evaluation of this argument may be expensive and unnecessary if logging is disabled (https://learn.microsoft.com/dotnet/fundamentals/code-analysis/quality-rules/ca1873) [/app/TWL.Server/TWL.Server.csproj]
/app/TWL.Server/Services/PetService.cs(199,13): warning CA1848: For improved performance, use the LoggerMessage delegates instead of calling 'LoggerExtensions.LogInformation(ILogger, string?, params object?[])' (https://learn.microsoft.com/dotnet/fundamentals/code-analysis/quality-rules/ca1848) [/app/TWL.Server/TWL.Server.csproj]
/app/TWL.Server/Services/PetService.cs(206,13): warning CA1848: For improved performance, use the LoggerMessage delegates instead of calling 'LoggerExtensions.LogInformation(ILogger, string?, params object?[])' (https://learn.microsoft.com/dotnet/fundamentals/code-analysis/quality-rules/ca1848) [/app/TWL.Server/TWL.Server.csproj]
/app/TWL.Server/Services/PetService.cs(213,13): warning CA1848: For improved performance, use the LoggerMessage delegates instead of calling 'LoggerExtensions.LogInformation(ILogger, string?, params object?[])' (https://learn.microsoft.com/dotnet/fundamentals/code-analysis/quality-rules/ca1848) [/app/TWL.Server/TWL.Server.csproj]
/app/TWL.Server/Services/HealthCheckService.cs(110,61): warning CA1869: Avoid creating a new 'JsonSerializerOptions' instance for every serialization operation. Cache and reuse instances instead. (https://learn.microsoft.com/dotnet/fundamentals/code-analysis/quality-rules/ca1869) [/app/TWL.Server/TWL.Server.csproj]
/app/TWL.Server/Services/HealthCheckService.cs(72,9): warning CA1848: For improved performance, use the LoggerMessage delegates instead of calling 'LoggerExtensions.LogInformation(ILogger, string?, params object?[])' (https://learn.microsoft.com/dotnet/fundamentals/code-analysis/quality-rules/ca1848) [/app/TWL.Server/TWL.Server.csproj]
/app/TWL.Server/Services/HealthCheckService.cs(107,21): warning CA1848: For improved performance, use the LoggerMessage delegates instead of calling 'LoggerExtensions.LogWarning(ILogger, string?, params object?[])' (https://learn.microsoft.com/dotnet/fundamentals/code-analysis/quality-rules/ca1848) [/app/TWL.Server/TWL.Server.csproj]
/app/TWL.Server/Services/HealthCheckService.cs(115,17): warning CA1848: For improved performance, use the LoggerMessage delegates instead of calling 'LoggerExtensions.LogError(ILogger, Exception?, string?, params object?[])' (https://learn.microsoft.com/dotnet/fundamentals/code-analysis/quality-rules/ca1848) [/app/TWL.Server/TWL.Server.csproj]
/app/TWL.Server/Services/PetService.cs(236,9): warning CA1873: Evaluation of this argument may be expensive and unnecessary if logging is disabled (https://learn.microsoft.com/dotnet/fundamentals/code-analysis/quality-rules/ca1873) [/app/TWL.Server/TWL.Server.csproj]
/app/TWL.Server/Services/PetService.cs(236,9): warning CA1848: For improved performance, use the LoggerMessage delegates instead of calling 'LoggerExtensions.LogInformation(ILogger, string?, params object?[])' (https://learn.microsoft.com/dotnet/fundamentals/code-analysis/quality-rules/ca1848) [/app/TWL.Server/TWL.Server.csproj]
/app/TWL.Server/Simulation/Managers/TradeManager.cs(11,17): warning CA1822: Member 'ValidateTransfer' does not access instance data and can be marked as static (https://learn.microsoft.com/dotnet/fundamentals/code-analysis/quality-rules/ca1822) [/app/TWL.Server/TWL.Server.csproj]
/app/TWL.Server/Services/PetService.cs(266,9): warning CA1873: Evaluation of this argument may be expensive and unnecessary if logging is disabled (https://learn.microsoft.com/dotnet/fundamentals/code-analysis/quality-rules/ca1873) [/app/TWL.Server/TWL.Server.csproj]
/app/TWL.Server/Services/PetService.cs(266,9): warning CA1848: For improved performance, use the LoggerMessage delegates instead of calling 'LoggerExtensions.LogInformation(ILogger, string?, params object?[])' (https://learn.microsoft.com/dotnet/fundamentals/code-analysis/quality-rules/ca1848) [/app/TWL.Server/TWL.Server.csproj]
/app/TWL.Server/Services/PetService.cs(293,14): warning CA1873: Evaluation of this argument may be expensive and unnecessary if logging is disabled (https://learn.microsoft.com/dotnet/fundamentals/code-analysis/quality-rules/ca1873) [/app/TWL.Server/TWL.Server.csproj]
/app/TWL.Server/Services/PetService.cs(287,13): warning CA1848: For improved performance, use the LoggerMessage delegates instead of calling 'LoggerExtensions.LogWarning(ILogger, string?, params object?[])' (https://learn.microsoft.com/dotnet/fundamentals/code-analysis/quality-rules/ca1848) [/app/TWL.Server/TWL.Server.csproj]
/app/TWL.Server/Services/PetService.cs(293,14): warning CA1848: For improved performance, use the LoggerMessage delegates instead of calling 'LoggerExtensions.LogInformation(ILogger, string?, params object?[])' (https://learn.microsoft.com/dotnet/fundamentals/code-analysis/quality-rules/ca1848) [/app/TWL.Server/TWL.Server.csproj]
/app/TWL.Server/Services/PetService.cs(327,13): warning CA1873: Evaluation of this argument may be expensive and unnecessary if logging is disabled (https://learn.microsoft.com/dotnet/fundamentals/code-analysis/quality-rules/ca1873) [/app/TWL.Server/TWL.Server.csproj]
/app/TWL.Server/Services/PetService.cs(310,13): warning CA1848: For improved performance, use the LoggerMessage delegates instead of calling 'LoggerExtensions.LogWarning(ILogger, string?, params object?[])' (https://learn.microsoft.com/dotnet/fundamentals/code-analysis/quality-rules/ca1848) [/app/TWL.Server/TWL.Server.csproj]
/app/TWL.Server/Services/PetService.cs(327,13): warning CA1848: For improved performance, use the LoggerMessage delegates instead of calling 'LoggerExtensions.LogInformation(ILogger, string?, params object?[])' (https://learn.microsoft.com/dotnet/fundamentals/code-analysis/quality-rules/ca1848) [/app/TWL.Server/TWL.Server.csproj]
/app/TWL.Server/Services/PetService.cs(401,14): warning CA1873: Evaluation of this argument may be expensive and unnecessary if logging is disabled (https://learn.microsoft.com/dotnet/fundamentals/code-analysis/quality-rules/ca1873) [/app/TWL.Server/TWL.Server.csproj]
/app/TWL.Server/Services/PetService.cs(401,14): warning CA1848: For improved performance, use the LoggerMessage delegates instead of calling 'LoggerExtensions.LogInformation(ILogger, string?, params object?[])' (https://learn.microsoft.com/dotnet/fundamentals/code-analysis/quality-rules/ca1848) [/app/TWL.Server/TWL.Server.csproj]
/app/TWL.Server/Persistence/Database/DbService.cs(150,16): warning CA1305: The behavior of 'Convert.ToInt32(object)' could vary based on the current user's locale settings. Replace this call in 'DbService.CheckLoginAsync(string, string)' with a call to 'Convert.ToInt32(object, IFormatProvider)'. (https://learn.microsoft.com/dotnet/fundamentals/code-analysis/quality-rules/ca1305) [/app/TWL.Server/TWL.Server.csproj]
/app/TWL.Server/Services/World/MapLoader.cs(32,19): warning CA2201: Exception type System.Exception is not sufficiently specific (https://learn.microsoft.com/dotnet/fundamentals/code-analysis/quality-rules/ca2201) [/app/TWL.Server/TWL.Server.csproj]
/app/TWL.Server/Services/World/MapLoader.cs(38,19): warning CA2201: Exception type System.Exception is not sufficiently specific (https://learn.microsoft.com/dotnet/fundamentals/code-analysis/quality-rules/ca2201) [/app/TWL.Server/TWL.Server.csproj]
/app/TWL.Server/Services/World/MapLoader.cs(84,17): warning CA1848: For improved performance, use the LoggerMessage delegates instead of calling 'LoggerExtensions.LogWarning(ILogger, Exception?, string?, params object?[])' (https://learn.microsoft.com/dotnet/fundamentals/code-analysis/quality-rules/ca1848) [/app/TWL.Server/TWL.Server.csproj]
/app/TWL.Server/Services/World/MapLoader.cs(89,13): warning CA1848: For improved performance, use the LoggerMessage delegates instead of calling 'LoggerExtensions.LogWarning(ILogger, string?, params object?[])' (https://learn.microsoft.com/dotnet/fundamentals/code-analysis/quality-rules/ca1848) [/app/TWL.Server/TWL.Server.csproj]
/app/TWL.Server/Services/PetService.cs(512,21): warning CA1873: Evaluation of this argument may be expensive and unnecessary if logging is disabled (https://learn.microsoft.com/dotnet/fundamentals/code-analysis/quality-rules/ca1873) [/app/TWL.Server/TWL.Server.csproj]
/app/TWL.Server/Services/PetService.cs(526,9): warning CA1873: Evaluation of this argument may be expensive and unnecessary if logging is disabled (https://learn.microsoft.com/dotnet/fundamentals/code-analysis/quality-rules/ca1873) [/app/TWL.Server/TWL.Server.csproj]
/app/TWL.Server/Services/PetService.cs(512,21): warning CA1848: For improved performance, use the LoggerMessage delegates instead of calling 'LoggerExtensions.LogInformation(ILogger, string?, params object?[])' (https://learn.microsoft.com/dotnet/fundamentals/code-analysis/quality-rules/ca1848) [/app/TWL.Server/TWL.Server.csproj]
/app/TWL.Server/Services/PetService.cs(526,9): warning CA1848: For improved performance, use the LoggerMessage delegates instead of calling 'LoggerExtensions.LogInformation(ILogger, string?, params object?[])' (https://learn.microsoft.com/dotnet/fundamentals/code-analysis/quality-rules/ca1848) [/app/TWL.Server/TWL.Server.csproj]
/app/TWL.Server/Simulation/Managers/PetBattlePolicy.cs(32,13): warning CA1873: Evaluation of this argument may be expensive and unnecessary if logging is disabled (https://learn.microsoft.com/dotnet/fundamentals/code-analysis/quality-rules/ca1873) [/app/TWL.Server/TWL.Server.csproj]
/app/TWL.Server/Simulation/Managers/PetBattlePolicy.cs(32,13): warning CA1848: For improved performance, use the LoggerMessage delegates instead of calling 'LoggerExtensions.LogDebug(ILogger, string?, params object?[])' (https://learn.microsoft.com/dotnet/fundamentals/code-analysis/quality-rules/ca1848) [/app/TWL.Server/TWL.Server.csproj]
/app/TWL.Server/Simulation/Managers/PetBattlePolicy.cs(37,13): warning CA1848: For improved performance, use the LoggerMessage delegates instead of calling 'LoggerExtensions.LogWarning(ILogger, string?, params object?[])' (https://learn.microsoft.com/dotnet/fundamentals/code-analysis/quality-rules/ca1848) [/app/TWL.Server/TWL.Server.csproj]
/app/TWL.Server/Simulation/Managers/PetGrowthCalculator.cs(10,30): warning CA1707: In member TWL.Server.Simulation.Managers.PetGrowthCalculator.CalculateStats(TWL.Shared.Domain.Characters.PetDefinition, int, out int, out int, out int, out int, out int, out int, out int), remove the underscores from parameter name int_ (https://learn.microsoft.com/dotnet/fundamentals/code-analysis/quality-rules/ca1707) [/app/TWL.Server/TWL.Server.csproj]
/app/TWL.Server/Simulation/Managers/PetGrowthCalculator.cs(12,9): warning CA1510: Use 'ArgumentNullException.ThrowIfNull' instead of explicitly throwing a new exception instance (https://learn.microsoft.com/dotnet/fundamentals/code-analysis/quality-rules/ca1510) [/app/TWL.Server/TWL.Server.csproj]
/app/TWL.Server/Simulation/Managers/RebirthManager.cs(38,17): warning CA1873: Evaluation of this argument may be expensive and unnecessary if logging is disabled (https://learn.microsoft.com/dotnet/fundamentals/code-analysis/quality-rules/ca1873) [/app/TWL.Server/TWL.Server.csproj]
/app/TWL.Server/Simulation/Managers/RebirthManager.cs(34,87): warning CA1869: Avoid creating a new 'JsonSerializerOptions' instance for every serialization operation. Cache and reuse instances instead. (https://learn.microsoft.com/dotnet/fundamentals/code-analysis/quality-rules/ca1869) [/app/TWL.Server/TWL.Server.csproj]
/app/TWL.Server/Simulation/Managers/RebirthManager.cs(38,17): warning CA1848: For improved performance, use the LoggerMessage delegates instead of calling 'LoggerExtensions.LogInformation(ILogger, string?, params object?[])' (https://learn.microsoft.com/dotnet/fundamentals/code-analysis/quality-rules/ca1848) [/app/TWL.Server/TWL.Server.csproj]
/app/TWL.Server/Simulation/Managers/RebirthManager.cs(43,13): warning CA1848: For improved performance, use the LoggerMessage delegates instead of calling 'LoggerExtensions.LogError(ILogger, Exception?, string?, params object?[])' (https://learn.microsoft.com/dotnet/fundamentals/code-analysis/quality-rules/ca1848) [/app/TWL.Server/TWL.Server.csproj]
/app/TWL.Server/Simulation/Managers/PartyChatService.cs(41,13): warning CA1848: For improved performance, use the LoggerMessage delegates instead of calling 'LoggerExtensions.LogWarning(ILogger, string?, params object?[])' (https://learn.microsoft.com/dotnet/fundamentals/code-analysis/quality-rules/ca1848) [/app/TWL.Server/TWL.Server.csproj]
/app/TWL.Server/Simulation/Managers/PartyChatService.cs(41,32): warning CA2254: The logging message template should not vary between calls to 'LoggerExtensions.LogWarning(ILogger, string?, params object?[])' (https://learn.microsoft.com/dotnet/fundamentals/code-analysis/quality-rules/ca2254) [/app/TWL.Server/TWL.Server.csproj]
/app/TWL.Server/Simulation/Managers/StandardCombatResolver.cs(87,19): warning CA1822: Member 'GetStatValue' does not access instance data and can be marked as static (https://learn.microsoft.com/dotnet/fundamentals/code-analysis/quality-rules/ca1822) [/app/TWL.Server/TWL.Server.csproj]
/app/TWL.Server/Simulation/Managers/StandardCombatResolver.cs(105,19): warning CA1822: Member 'GetElementalMultiplier' does not access instance data and can be marked as static (https://learn.microsoft.com/dotnet/fundamentals/code-analysis/quality-rules/ca1822) [/app/TWL.Server/TWL.Server.csproj]
/app/TWL.Server/Simulation/Managers/ServerMetrics.cs(197,23): warning CA1311: Specify a culture or use an invariant version to avoid implicit dependency on current culture (https://learn.microsoft.com/dotnet/fundamentals/code-analysis/quality-rules/ca1311) [/app/TWL.Server/TWL.Server.csproj]
/app/TWL.Server/Simulation/Managers/ServerMetrics.cs(197,17): warning CA1304: The behavior of 'string.ToLower()' could vary based on the current user's locale settings. Replace this call in 'ServerMetrics.RecordPipelineStageLatency(string, long)' with a call to 'string.ToLower(CultureInfo)'. (https://learn.microsoft.com/dotnet/fundamentals/code-analysis/quality-rules/ca1304) [/app/TWL.Server/TWL.Server.csproj]
/app/TWL.Server/Simulation/Managers/PartyRewardDistributor.cs(141,29): warning CA1822: Member 'GetNextLootRecipient' does not access instance data and can be marked as static (https://learn.microsoft.com/dotnet/fundamentals/code-analysis/quality-rules/ca1822) [/app/TWL.Server/TWL.Server.csproj]
/app/TWL.Server/Simulation/Managers/PartyRewardDistributor.cs(172,18): warning CA1822: Member 'IsWithinRange' does not access instance data and can be marked as static (https://learn.microsoft.com/dotnet/fundamentals/code-analysis/quality-rules/ca1822) [/app/TWL.Server/TWL.Server.csproj]
/app/TWL.Server/Services/World/MapLoader.cs(204,35): warning CA1866: Use 'string.StartsWith(char)' instead of 'string.StartsWith(string)' when you have a string with a single char (https://learn.microsoft.com/dotnet/fundamentals/code-analysis/quality-rules/ca1866) [/app/TWL.Server/TWL.Server.csproj]
/app/TWL.Server/Simulation/Managers/MarketListingScheduler.cs(26,9): warning CA1848: For improved performance, use the LoggerMessage delegates instead of calling 'LoggerExtensions.LogInformation(ILogger, string?, params object?[])' (https://learn.microsoft.com/dotnet/fundamentals/code-analysis/quality-rules/ca1848) [/app/TWL.Server/TWL.Server.csproj]
/app/TWL.Server/Simulation/Managers/MarketListingScheduler.cs(37,21): warning CA1848: For improved performance, use the LoggerMessage delegates instead of calling 'LoggerExtensions.LogDebug(ILogger, string?, params object?[])' (https://learn.microsoft.com/dotnet/fundamentals/code-analysis/quality-rules/ca1848) [/app/TWL.Server/TWL.Server.csproj]
/app/TWL.Server/Simulation/Managers/MarketListingScheduler.cs(43,17): warning CA1848: For improved performance, use the LoggerMessage delegates instead of calling 'LoggerExtensions.LogError(ILogger, Exception?, string?, params object?[])' (https://learn.microsoft.com/dotnet/fundamentals/code-analysis/quality-rules/ca1848) [/app/TWL.Server/TWL.Server.csproj]
/app/TWL.Server/Simulation/Managers/MarketListingScheduler.cs(50,9): warning CA1848: For improved performance, use the LoggerMessage delegates instead of calling 'LoggerExtensions.LogInformation(ILogger, string?, params object?[])' (https://learn.microsoft.com/dotnet/fundamentals/code-analysis/quality-rules/ca1848) [/app/TWL.Server/TWL.Server.csproj]
/app/TWL.Server/Services/World/MapLoader.cs(204,17): warning CA1310: The behavior of 'string.StartsWith(string)' could vary based on the current user's locale settings. Replace this call in 'TWL.Server.Services.World.MapLoader.ParseTrigger(System.Xml.Linq.XElement)' with a call to 'string.StartsWith(string, System.StringComparison)'. (https://learn.microsoft.com/dotnet/fundamentals/code-analysis/quality-rules/ca1310) [/app/TWL.Server/TWL.Server.csproj]
/app/TWL.Server/Services/PetService.cs(582,13): warning CA1873: Evaluation of this argument may be expensive and unnecessary if logging is disabled (https://learn.microsoft.com/dotnet/fundamentals/code-analysis/quality-rules/ca1873) [/app/TWL.Server/TWL.Server.csproj]
/app/TWL.Server/Services/PetService.cs(582,13): warning CA1848: For improved performance, use the LoggerMessage delegates instead of calling 'LoggerExtensions.LogInformation(ILogger, string?, params object?[])' (https://learn.microsoft.com/dotnet/fundamentals/code-analysis/quality-rules/ca1848) [/app/TWL.Server/TWL.Server.csproj]
/app/TWL.Server/Simulation/Managers/InteractionManager.cs(29,22): warning CA1854: Prefer a 'TryGetValue' call over a Dictionary indexer access guarded by a 'ContainsKey' check to avoid double lookup (https://learn.microsoft.com/dotnet/fundamentals/code-analysis/quality-rules/ca1854) [/app/TWL.Server/TWL.Server.csproj]
/app/TWL.Server/Services/World/MapLoader.cs(294,40): warning CA1822: Member 'ParseProperties' does not access instance data and can be marked as static (https://learn.microsoft.com/dotnet/fundamentals/code-analysis/quality-rules/ca1822) [/app/TWL.Server/TWL.Server.csproj]
/app/TWL.Server/Simulation/Managers/MarketQueryService.cs(27,9): warning CA1510: Use 'ArgumentNullException.ThrowIfNull' instead of explicitly throwing a new exception instance (https://learn.microsoft.com/dotnet/fundamentals/code-analysis/quality-rules/ca1510) [/app/TWL.Server/TWL.Server.csproj]
/app/TWL.Server/Simulation/Managers/GuildRosterService.cs(99,80): warning CA1869: Avoid creating a new 'JsonSerializerOptions' instance for every serialization operation. Cache and reuse instances instead. (https://learn.microsoft.com/dotnet/fundamentals/code-analysis/quality-rules/ca1869) [/app/TWL.Server/TWL.Server.csproj]
/app/TWL.Server/Simulation/Managers/RebirthManager.cs(194,17): warning CA1873: Evaluation of this argument may be expensive and unnecessary if logging is disabled (https://learn.microsoft.com/dotnet/fundamentals/code-analysis/quality-rules/ca1873) [/app/TWL.Server/TWL.Server.csproj]
/app/TWL.Server/Simulation/Managers/RebirthManager.cs(194,17): warning CA1848: For improved performance, use the LoggerMessage delegates instead of calling 'LoggerExtensions.LogInformation(ILogger, string?, params object?[])' (https://learn.microsoft.com/dotnet/fundamentals/code-analysis/quality-rules/ca1848) [/app/TWL.Server/TWL.Server.csproj]
/app/TWL.Server/Simulation/Managers/RebirthManager.cs(212,17): warning CA1848: For improved performance, use the LoggerMessage delegates instead of calling 'LoggerExtensions.LogError(ILogger, Exception?, string?, params object?[])' (https://learn.microsoft.com/dotnet/fundamentals/code-analysis/quality-rules/ca1848) [/app/TWL.Server/TWL.Server.csproj]
/app/TWL.Server/Simulation/Managers/GuildChatService.cs(65,91): warning CA1869: Avoid creating a new 'JsonSerializerOptions' instance for every serialization operation. Cache and reuse instances instead. (https://learn.microsoft.com/dotnet/fundamentals/code-analysis/quality-rules/ca1869) [/app/TWL.Server/TWL.Server.csproj]
/app/TWL.Server/Simulation/Managers/RebirthManager.cs(222,9): warning CA1848: For improved performance, use the LoggerMessage delegates instead of calling 'LoggerExtensions.LogWarning(ILogger, string?, params object?[])' (https://learn.microsoft.com/dotnet/fundamentals/code-analysis/quality-rules/ca1848) [/app/TWL.Server/TWL.Server.csproj]
/app/TWL.Server/Simulation/Managers/EconomyManager.cs(107,17): warning CA1816: Change EconomyManager.Dispose() to call GC.SuppressFinalize(object). This will prevent derived types that introduce a finalizer from needing to re-implement 'IDisposable' to call it. (https://learn.microsoft.com/dotnet/fundamentals/code-analysis/quality-rules/ca1816) [/app/TWL.Server/TWL.Server.csproj]
/app/TWL.Server/Simulation/Managers/GuildChatService.cs(94,86): warning CA1869: Avoid creating a new 'JsonSerializerOptions' instance for every serialization operation. Cache and reuse instances instead. (https://learn.microsoft.com/dotnet/fundamentals/code-analysis/quality-rules/ca1869) [/app/TWL.Server/TWL.Server.csproj]
/app/TWL.Server/Services/World/Handlers/DamageTriggerHandler.cs(51,17): warning CA1873: Evaluation of this argument may be expensive and unnecessary if logging is disabled (https://learn.microsoft.com/dotnet/fundamentals/code-analysis/quality-rules/ca1873) [/app/TWL.Server/TWL.Server.csproj]
/app/TWL.Server/Services/World/Handlers/DamageTriggerHandler.cs(51,17): warning CA1848: For improved performance, use the LoggerMessage delegates instead of calling 'LoggerExtensions.LogDebug(ILogger, string?, params object?[])' (https://learn.microsoft.com/dotnet/fundamentals/code-analysis/quality-rules/ca1848) [/app/TWL.Server/TWL.Server.csproj]
/app/TWL.Server/Simulation/Managers/GuildRosterService.cs(153,82): warning CA1869: Avoid creating a new 'JsonSerializerOptions' instance for every serialization operation. Cache and reuse instances instead. (https://learn.microsoft.com/dotnet/fundamentals/code-analysis/quality-rules/ca1869) [/app/TWL.Server/TWL.Server.csproj]
/app/TWL.Server/Services/World/Actions/Handlers/EnterInstanceActionHandler.cs(40,115): warning CA1869: Avoid creating a new 'JsonSerializerOptions' instance for every serialization operation. Cache and reuse instances instead. (https://learn.microsoft.com/dotnet/fundamentals/code-analysis/quality-rules/ca1869) [/app/TWL.Server/TWL.Server.csproj]
/app/TWL.Server/Simulation/Managers/CompoundManager.cs(32,9): warning CA1873: Evaluation of this argument may be expensive and unnecessary if logging is disabled (https://learn.microsoft.com/dotnet/fundamentals/code-analysis/quality-rules/ca1873) [/app/TWL.Server/TWL.Server.csproj]
/app/TWL.Server/Simulation/Managers/CompoundManager.cs(47,9): warning CA1873: Evaluation of this argument may be expensive and unnecessary if logging is disabled (https://learn.microsoft.com/dotnet/fundamentals/code-analysis/quality-rules/ca1873) [/app/TWL.Server/TWL.Server.csproj]
/app/TWL.Server/Simulation/Managers/CompoundManager.cs(73,13): warning CA1873: Evaluation of this argument may be expensive and unnecessary if logging is disabled (https://learn.microsoft.com/dotnet/fundamentals/code-analysis/quality-rules/ca1873) [/app/TWL.Server/TWL.Server.csproj]
/app/TWL.Server/Simulation/Managers/CompoundManager.cs(32,9): warning CA1848: For improved performance, use the LoggerMessage delegates instead of calling 'LoggerExtensions.LogInformation(ILogger, string?, params object?[])' (https://learn.microsoft.com/dotnet/fundamentals/code-analysis/quality-rules/ca1848) [/app/TWL.Server/TWL.Server.csproj]
/app/TWL.Server/Simulation/Managers/CompoundManager.cs(41,13): warning CA1848: For improved performance, use the LoggerMessage delegates instead of calling 'LoggerExtensions.LogWarning(ILogger, string?, params object?[])' (https://learn.microsoft.com/dotnet/fundamentals/code-analysis/quality-rules/ca1848) [/app/TWL.Server/TWL.Server.csproj]
/app/TWL.Server/Simulation/Managers/CompoundManager.cs(47,9): warning CA1848: For improved performance, use the LoggerMessage delegates instead of calling 'LoggerExtensions.LogInformation(ILogger, string?, params object?[])' (https://learn.microsoft.com/dotnet/fundamentals/code-analysis/quality-rules/ca1848) [/app/TWL.Server/TWL.Server.csproj]
/app/TWL.Server/Simulation/Managers/CompoundManager.cs(54,13): warning CA1848: For improved performance, use the LoggerMessage delegates instead of calling 'LoggerExtensions.LogError(ILogger, string?, params object?[])' (https://learn.microsoft.com/dotnet/fundamentals/code-analysis/quality-rules/ca1848) [/app/TWL.Server/TWL.Server.csproj]
/app/TWL.Server/Simulation/Managers/CompoundManager.cs(63,17): warning CA1848: For improved performance, use the LoggerMessage delegates instead of calling 'LoggerExtensions.LogError(ILogger, string?, params object?[])' (https://learn.microsoft.com/dotnet/fundamentals/code-analysis/quality-rules/ca1848) [/app/TWL.Server/TWL.Server.csproj]
/app/TWL.Server/Simulation/Managers/CompoundManager.cs(73,13): warning CA1848: For improved performance, use the LoggerMessage delegates instead of calling 'LoggerExtensions.LogInformation(ILogger, string?, params object?[])' (https://learn.microsoft.com/dotnet/fundamentals/code-analysis/quality-rules/ca1848) [/app/TWL.Server/TWL.Server.csproj]
/app/TWL.Server/Simulation/Managers/CompoundManager.cs(89,13): warning CA1848: For improved performance, use the LoggerMessage delegates instead of calling 'LoggerExtensions.LogWarning(ILogger, string?, params object?[])' (https://learn.microsoft.com/dotnet/fundamentals/code-analysis/quality-rules/ca1848) [/app/TWL.Server/TWL.Server.csproj]
/app/TWL.Server/Simulation/Managers/GuildManager.cs(171,86): warning CA1725: In member Task<(bool Success, string Message)> GuildManager.AcceptInvite(int targetId, int guildId), change parameter name guildId to inviterId in order to match the identifier as it has been declared in Task<(bool Success, string Message)> IGuildService.AcceptInvite(int targetId, int inviterId) (https://learn.microsoft.com/dotnet/fundamentals/code-analysis/quality-rules/ca1725) [/app/TWL.Server/TWL.Server.csproj]
/app/TWL.Server/Simulation/Managers/GuildManager.cs(219,49): warning CA1725: In member bool GuildManager.DeclineInvite(int targetId, int guildId), change parameter name guildId to inviterId in order to match the identifier as it has been declared in bool IGuildService.DeclineInvite(int targetId, int inviterId) (https://learn.microsoft.com/dotnet/fundamentals/code-analysis/quality-rules/ca1725) [/app/TWL.Server/TWL.Server.csproj]
/app/TWL.Server/Simulation/Managers/MarketManager.cs(367,28): warning CA1311: Specify a culture or use an invariant version to avoid implicit dependency on current culture (https://learn.microsoft.com/dotnet/fundamentals/code-analysis/quality-rules/ca1311) [/app/TWL.Server/TWL.Server.csproj]
/app/TWL.Server/Simulation/Managers/MarketManager.cs(367,21): warning CA1304: The behavior of 'string.ToLower()' could vary based on the current user's locale settings. Replace this call in 'MarketManager.GetPriceHistory(int, [string])' with a call to 'string.ToLower(CultureInfo)'. (https://learn.microsoft.com/dotnet/fundamentals/code-analysis/quality-rules/ca1304) [/app/TWL.Server/TWL.Server.csproj]
/app/TWL.Server/Simulation/Managers/EconomyManager.cs(545,55): warning CA1869: Avoid creating a new 'JsonSerializerOptions' instance for every serialization operation. Cache and reuse instances instead. (https://learn.microsoft.com/dotnet/fundamentals/code-analysis/quality-rules/ca1869) [/app/TWL.Server/TWL.Server.csproj]
/app/TWL.Server/Simulation/Managers/EconomyManager.cs(579,56): warning CA1310: The behavior of 'string.StartsWith(string)' could vary based on the current user's locale settings. Replace this call in 'TWL.Server.Simulation.Managers.EconomyManager.ReplayLedger(System.DateTime?)' with a call to 'string.StartsWith(string, System.StringComparison)'. (https://learn.microsoft.com/dotnet/fundamentals/code-analysis/quality-rules/ca1310) [/app/TWL.Server/TWL.Server.csproj]
/app/TWL.Server/Simulation/Managers/EconomyManager.cs(624,29): warning CA1310: The behavior of 'string.StartsWith(string)' could vary based on the current user's locale settings. Replace this call in 'TWL.Server.Simulation.Managers.EconomyManager.ReplayLedger(System.DateTime?)' with a call to 'string.StartsWith(string, System.StringComparison)'. (https://learn.microsoft.com/dotnet/fundamentals/code-analysis/quality-rules/ca1310) [/app/TWL.Server/TWL.Server.csproj]
/app/TWL.Server/Simulation/Managers/EconomyManager.cs(710,56): warning CA1310: The behavior of 'string.StartsWith(string)' could vary based on the current user's locale settings. Replace this call in 'TWL.Server.Simulation.Managers.EconomyManager.VerifyLedgerIntegrity(out string)' with a call to 'string.StartsWith(string, System.StringComparison)'. (https://learn.microsoft.com/dotnet/fundamentals/code-analysis/quality-rules/ca1310) [/app/TWL.Server/TWL.Server.csproj]
/app/TWL.Server/Simulation/Managers/SpawnManager.cs(609,18): warning CA1822: Member 'MoveTowards' does not access instance data and can be marked as static (https://learn.microsoft.com/dotnet/fundamentals/code-analysis/quality-rules/ca1822) [/app/TWL.Server/TWL.Server.csproj]
/app/TWL.Server/Simulation/Managers/GuildManager.cs(346,19): warning CA1852: Type 'GuildInvite' can be sealed because it has no subtypes in its containing assembly and is not externally visible (https://learn.microsoft.com/dotnet/fundamentals/code-analysis/quality-rules/ca1852) [/app/TWL.Server/TWL.Server.csproj]
/app/TWL.Server/Security/ReplayGuard.cs(92,19): warning CA1852: Type 'SessionNonceCache' can be sealed because it has no subtypes in its containing assembly and is not externally visible (https://learn.microsoft.com/dotnet/fundamentals/code-analysis/quality-rules/ca1852) [/app/TWL.Server/TWL.Server.csproj]
/app/TWL.Server/Simulation/Managers/MarketManager.cs(31,19): warning CA1852: Type 'SaleRecord' can be sealed because it has no subtypes in its containing assembly and is not externally visible (https://learn.microsoft.com/dotnet/fundamentals/code-analysis/quality-rules/ca1852) [/app/TWL.Server/TWL.Server.csproj]
/app/TWL.Server/Simulation/Managers/PartyManager.cs(240,19): warning CA1852: Type 'PartyInvite' can be sealed because it has no subtypes in its containing assembly and is not externally visible (https://learn.microsoft.com/dotnet/fundamentals/code-analysis/quality-rules/ca1852) [/app/TWL.Server/TWL.Server.csproj]
/app/TWL.Server/Simulation/Managers/EconomyManager.cs(874,19): warning CA1852: Type 'SnapshotData' can be sealed because it has no subtypes in its containing assembly and is not externally visible (https://learn.microsoft.com/dotnet/fundamentals/code-analysis/quality-rules/ca1852) [/app/TWL.Server/TWL.Server.csproj]
/app/TWL.Server/Simulation/Managers/EconomyManager.cs(859,19): warning CA1852: Type 'Transaction' can be sealed because it has no subtypes in its containing assembly and is not externally visible (https://learn.microsoft.com/dotnet/fundamentals/code-analysis/quality-rules/ca1852) [/app/TWL.Server/TWL.Server.csproj]
/app/TWL.Server/Simulation/Managers/EconomyManager.cs(868,19): warning CA1852: Type 'RateLimitTracker' can be sealed because it has no subtypes in its containing assembly and is not externally visible (https://learn.microsoft.com/dotnet/fundamentals/code-analysis/quality-rules/ca1852) [/app/TWL.Server/TWL.Server.csproj]
/app/TWL.Server/Services/WorldScheduler.cs(296,19): warning CA1852: Type 'ScheduledTask' can be sealed because it has no subtypes in its containing assembly and is not externally visible (https://learn.microsoft.com/dotnet/fundamentals/code-analysis/quality-rules/ca1852) [/app/TWL.Server/TWL.Server.csproj]
/app/TWL.Server/Security/RateLimiter.cs(49,19): warning CA1852: Type 'Bucket' can be sealed because it has no subtypes in its containing assembly and is not externally visible (https://learn.microsoft.com/dotnet/fundamentals/code-analysis/quality-rules/ca1852) [/app/TWL.Server/TWL.Server.csproj]
/app/TWL.Server/Simulation/Managers/SpawnManager.cs(715,19): warning CA1852: Type 'MobState' can be sealed because it has no subtypes in its containing assembly and is not externally visible (https://learn.microsoft.com/dotnet/fundamentals/code-analysis/quality-rules/ca1852) [/app/TWL.Server/TWL.Server.csproj]
